
RAxML-NG v. 1.2.2 released on 11.04.2024 by The Exelixis Lab.
Developed by: Alexey M. Kozlov and Alexandros Stamatakis.
Contributors: Diego Darriba, Tomas Flouri, Benoit Morel, Sarah Lutteropp, Ben Bettisworth, Julia Haag, Anastasis Togkousidis.
Latest version: https://github.com/amkozlov/raxml-ng
Questions/problems/suggestions? Please visit: https://groups.google.com/forum/#!forum/raxml

System: AMD EPYC 7742 64-Core Processor, 128 cores, 2015 GB RAM

RAxML-NG was called at 05-May-2026 11:17:30 as follows:

raxml-ng --search --msa /raid/home/hatang/final_thesis/data/dna/test/456/data.phy --tree /raid/home/hatang/final_thesis/data/dna/test/456/start.newick --model GTR{0.9528/1.0583/0.9609/1.1216/1.0448/1.0000}+I{9.68e-07}+G{0.9803}+F{0.2324/0.2125/0.3361/0.2191} --prefix precompute/456/456_infer --threads auto --seed 42 --force perf_threads

Analysis options:
  run mode: ML tree search
  start tree(s): user
  random seed: 42
  tip-inner: OFF
  pattern compression: ON
  per-rate scalers: OFF
  site repeats: ON
  logLH epsilon: general: 10.000000, brlen-triplet: 1000.000000
  fast spr radius: AUTO
  spr subtree cutoff: 1.000000
  fast CLV updates: ON
  branch lengths: proportional (ML estimate, algorithm: NR-FAST)
  SIMD kernels: AVX2
  parallelization: coarse-grained (auto), PTHREADS (auto)

WARNING: Running in FORCE mode: some safety checks are disabled!

[00:00:00] Reading alignment from file: /raid/home/hatang/final_thesis/data/dna/test/456/data.phy
[00:00:00] Loaded alignment with 15 taxa and 5147 sites

WARNING: Fully undetermined columns found: 41

NOTE: Reduced alignment (with duplicates and gap-only sites/taxa removed) 
NOTE: was saved to: /raid/home/hatang/final_thesis/precompute/456/456_infer.raxml.reduced.phy

Alignment comprises 1 partitions and 2957 patterns

Partition 0: noname
Model: GTR{0.9528/1.0583/0.9609/1.1216/1.0448/1}+FU{0.2324/0.2125/0.3361/0.2191}+IU{9.68e-07}+G4m{0.9803}
Alignment sites / patterns: 5106 / 2957
Gaps: 26.88 %
Invariant sites: 43.40 %


NOTE: Binary MSA file created: precompute/456/456_infer.raxml.rba

Parallelization scheme autoconfig: 1 worker(s) x 7 thread(s)

[00:00:00] Loading user starting tree(s) from: /raid/home/hatang/final_thesis/data/dna/test/456/start.newick
Parallel reduction/worker buffer size: 1 KB  / 0 KB

[00:00:00] Data distribution: max. partitions/sites/weight per thread: 1 / 423 / 6768
[00:00:00] Data distribution: max. searches per worker: 1

Starting ML tree search with 1 distinct starting trees

[00:00:00 -34994.879036] Initial branch length optimization
[00:00:00 -34994.879034] Model parameter optimization (eps = 10.000000)
[00:00:00 -34994.879034] AUTODETECT spr round 1 (radius: 5)
[00:00:00 -34994.879034] SPR radius for FAST iterations: 5 (autodetect)
[00:00:00 -34994.879034] Model parameter optimization (eps = 3.000000)
[00:00:00 -34994.879034] FAST spr round 1 (radius: 5)
[00:00:00 -34994.879034] Model parameter optimization (eps = 1.000000)
[00:00:00 -34994.879034] SLOW spr round 1 (radius: 5)
[00:00:00 -34994.879034] SLOW spr round 2 (radius: 10)
[00:00:00 -34994.879034] SLOW spr round 3 (radius: 15)
[00:00:00 -34994.879034] Model parameter optimization (eps = 0.100000)

[00:00:00] ML tree search #1, logLikelihood: -34994.879034


Optimized model parameters:

   Partition 0: noname
   Rate heterogeneity: GAMMA (4 cats, mean),  alpha: 0.980300 (user),  weights&rates: (0.250000,0.133007) (0.250000,0.470749) (0.250000,0.996658) (0.250000,2.399587) 
   P-inv (user): 0.000001
   Base frequencies (user): 0.232377 0.212479 0.336066 0.219078 
   Substitution rates (user): 0.952800 1.058300 0.960900 1.121600 1.044800 1.000000 


Final LogLikelihood: -34994.879034

AIC score: 70043.758069 / AICc score: 70044.055824 / BIC score: 70220.288702
Free parameters (model + branch lengths): 27

Best ML tree saved to: /raid/home/hatang/final_thesis/precompute/456/456_infer.raxml.bestTree
Optimized model saved to: /raid/home/hatang/final_thesis/precompute/456/456_infer.raxml.bestModel

Execution log saved to: /raid/home/hatang/final_thesis/precompute/456/456_infer.raxml.log

Analysis started: 05-May-2026 11:17:30 / finished: 05-May-2026 11:17:31

Elapsed time: 0.267 seconds

