IQ-TREE version 3.1.1 for Linux x86 64-bit built Apr  8 2026
Developed by Bui Quang Minh, Thomas Wong, Nhan Ly-Trong, Huaiyan Ren
Contributed by Lam-Tung Nguyen, Dominik Schrempf, Chris Bielow,
Olga Chernomor, Michael Woodhams, Diep Thi Hoang, Heiko Schmidt

Host:    ha-ThinkPad-E14-Gen-5 (AVX2, FMA3, 31 GB RAM)
Command: iqtree3 -s /home/ha/Code/data/dna/test/456/data.phy -t /home/ha/Code/data/dna/test/456/start.newick -m GTR{0.9528,1.0583,0.9609,1.1216,1.0448}+F{0.2324,0.2125,0.3361,0.2191}+I{9.68e-07}+G4{0.9803} --prefix /home/ha/Code/data/precompute/456/456_infer -T 1 --redo
Seed:    429984 (Using SPRNG - Scalable Parallel Random Number Generator)
Time:    Sat May 16 12:13:04 2026
Kernel:  AVX+FMA - 1 threads (16 CPU cores detected)

HINT: Use -nt option to specify number of threads because your CPU has 16 cores!
HINT: -nt AUTO will automatically determine the best number of threads to use.

Reading alignment file /home/ha/Code/data/dna/test/456/data.phy ... Phylip format detected
Alignment most likely contains DNA/RNA sequences
Constructing alignment: done in 0.00223309 secs using 67.48% CPU
WARNING: 41 sites contain only gaps or ambiguous characters.
Alignment has 15 sequences with 5147 columns, 2958 distinct patterns
1948 parsimony-informative, 942 singleton sites, 2257 constant sites
     Gap/Ambiguity  Composition  p-value
Analyzing sequences: done in 0.000147894 secs using 96.69% CPU
   1  T1    26.13%    passed     85.05%
   2  T2    28.68%    passed     80.78%
   3  T12   31.24%    passed     96.39%
   4  T11   30.37%    passed     89.26%
   5  T7    27.69%    passed     82.38%
   6  T3    23.80%    passed     97.90%
   7  T4    28.07%    passed     18.07%
   8  T15   29.12%    passed     50.80%
   9  T13   27.28%    passed     79.31%
  10  T6    28.00%    passed     99.38%
  11  T10   28.42%    passed     83.53%
  12  T9    31.80%    passed     15.84%
  13  T5    22.81%    passed     86.60%
  14  T14   26.02%    passed     79.33%
  15  T8    22.50%    passed     87.40%
****  TOTAL   27.46%  0 sequences failed composition chi2 test (p-value<5%; df=3)
Checking for duplicate sequences: done in 0.000185144 secs using 99.38% CPU
Reading input tree file /home/ha/Code/data/dna/test/456/start.newick ...
WARNING: Normalizing State frequencies so that sum of them equals to 1

NOTE: 5 MB RAM (0 GB) is required!
Estimate model parameters (epsilon = 0.100)
1. Initial log-likelihood: -34994.879
Optimal log-likelihood: -34994.879
Rate parameters:  A-C: 0.95280  A-G: 1.05830  A-T: 0.96090  C-G: 1.12160  C-T: 1.04480  G-T: 1.00000
Base frequencies:  A: 0.232  C: 0.212  G: 0.336  T: 0.219
Proportion of invariable sites: 0.000
Gamma shape alpha: 0.980
Parameters optimization took 1 rounds (0.018 sec)
Wrote distance file to... 

Do NNI search on 1 best initial trees
Finish initializing candidate tree set (1)
Current best tree score: -34994.879 / CPU time: 0.052
Number of iterations: 1
--------------------------------------------------------------------
|               OPTIMIZING CANDIDATE TREE SET                      |
--------------------------------------------------------------------
Iteration 10 / LogL: -34995.210 / Time: 0h:0m:0s
Iteration 20 / LogL: -34996.023 / Time: 0h:0m:1s
Iteration 30 / LogL: -34999.619 / Time: 0h:0m:2s (0h:0m:6s left)
Iteration 40 / LogL: -34998.282 / Time: 0h:0m:3s (0h:0m:5s left)
Iteration 50 / LogL: -34994.920 / Time: 0h:0m:4s (0h:0m:4s left)
Iteration 60 / LogL: -34995.069 / Time: 0h:0m:5s (0h:0m:3s left)
Iteration 70 / LogL: -34995.060 / Time: 0h:0m:6s (0h:0m:2s left)
Iteration 80 / LogL: -34995.222 / Time: 0h:0m:7s (0h:0m:1s left)
Iteration 90 / LogL: -34996.117 / Time: 0h:0m:8s (0h:0m:0s left)
Iteration 100 / LogL: -34994.990 / Time: 0h:0m:9s (0h:0m:0s left)
TREE SEARCH COMPLETED AFTER 101 ITERATIONS / Time: 0h:0m:9s

--------------------------------------------------------------------
|                    FINALIZING TREE SEARCH                        |
--------------------------------------------------------------------
Performs final model parameters optimization
Estimate model parameters (epsilon = 0.010)
1. Initial log-likelihood: -34994.879
Optimal log-likelihood: -34994.879
Rate parameters:  A-C: 0.95280  A-G: 1.05830  A-T: 0.96090  C-G: 1.12160  C-T: 1.04480  G-T: 1.00000
Base frequencies:  A: 0.232  C: 0.212  G: 0.336  T: 0.219
Proportion of invariable sites: 0.000
Gamma shape alpha: 0.980
Parameters optimization took 1 rounds (0.006 sec)
BEST SCORE FOUND : -34994.879
Total tree length: 2.477

Total number of iterations: 101
CPU time used for tree search: 9.831 sec (0h:0m:9s)
Wall-clock time used for tree search: 9.870 sec (0h:0m:9s)
Total CPU time used: 9.862 sec (0h:0m:9s)
Total wall-clock time used: 9.903 sec (0h:0m:9s)

Analysis results written to: 
  IQ-TREE report:                /home/ha/Code/data/precompute/456/456_infer.iqtree
  Maximum-likelihood tree:       /home/ha/Code/data/precompute/456/456_infer.treefile
  Screen log file:               /home/ha/Code/data/precompute/456/456_infer.log

Date and Time: Sat May 16 12:13:14 2026
