
RAxML-NG v. 1.2.2 released on 11.04.2024 by The Exelixis Lab.
Developed by: Alexey M. Kozlov and Alexandros Stamatakis.
Contributors: Diego Darriba, Tomas Flouri, Benoit Morel, Sarah Lutteropp, Ben Bettisworth, Julia Haag, Anastasis Togkousidis.
Latest version: https://github.com/amkozlov/raxml-ng
Questions/problems/suggestions? Please visit: https://groups.google.com/forum/#!forum/raxml

System: 13th Gen Intel(R) Core(TM) i5-13500H, 12 cores, 31 GB RAM (allocated: 8 physical cores)

RAxML-NG was called at 16-May-2026 12:07:40 as follows:

raxml-ng --search --msa /home/ha/Code/data/dna/test/268/data.phy --tree /home/ha/Code/data/dna/test/268/start.newick --model GTR{1.0069/0.9146/0.9338/0.9698/1.0298/1.0000}+I{0.08461}+G{1.394}+F{0.3792/0.2156/0.2459/0.1594} --prefix /home/ha/Code/data/precompute/268/268_infer --threads 1 --seed 42 --force perf_threads --redo

Analysis options:
  run mode: ML tree search
  start tree(s): user
  random seed: 42
  tip-inner: OFF
  pattern compression: ON
  per-rate scalers: OFF
  site repeats: ON
  logLH epsilon: general: 10.000000, brlen-triplet: 1000.000000
  fast spr radius: AUTO
  spr subtree cutoff: 1.000000
  fast CLV updates: ON
  branch lengths: proportional (ML estimate, algorithm: NR-FAST)
  SIMD kernels: AVX2
  parallelization: coarse-grained (auto), NONE/sequential

WARNING: Running in REDO mode: existing checkpoints are ignored, and all result files will be overwritten!

WARNING: Running in FORCE mode: some safety checks are disabled!

[00:00:00] Reading alignment from file: /home/ha/Code/data/dna/test/268/data.phy
[00:00:00] Loaded alignment with 20 taxa and 737 sites

WARNING: Fully undetermined columns found: 13

NOTE: Reduced alignment (with duplicates and gap-only sites/taxa removed) 
NOTE: was saved to: /home/ha/Code/data/precompute/268/268_infer.raxml.reduced.phy

Alignment comprises 1 partitions and 525 patterns

Partition 0: noname
Model: GTR{1.0069/0.9146/0.9338/0.9698/1.0298/1}+FU{0.3792/0.2156/0.2459/0.1594}+IU{0.08461}+G4m{1.394}
Alignment sites / patterns: 724 / 525
Gaps: 40.06 %
Invariant sites: 44.48 %


NOTE: Binary MSA file created: /home/ha/Code/data/precompute/268/268_infer.raxml.rba

Parallelization scheme autoconfig: 1 worker(s) x 1 thread(s)

[00:00:00] Loading user starting tree(s) from: /home/ha/Code/data/dna/test/268/start.newick
Parallel reduction/worker buffer size: 1 KB  / 0 KB

[00:00:00] Data distribution: max. partitions/sites/weight per thread: 1 / 525 / 8400
[00:00:00] Data distribution: max. searches per worker: 1

Starting ML tree search with 1 distinct starting trees

[00:00:00 -6047.530034] Initial branch length optimization
[00:00:00 -6047.529903] Model parameter optimization (eps = 10.000000)
[00:00:00 -6047.529898] AUTODETECT spr round 1 (radius: 5)
[00:00:00 -6047.529897] SPR radius for FAST iterations: 5 (autodetect)
[00:00:00 -6047.529897] Model parameter optimization (eps = 3.000000)
[00:00:00 -6047.529897] FAST spr round 1 (radius: 5)
[00:00:00 -6047.529897] Model parameter optimization (eps = 1.000000)
[00:00:00 -6047.529897] SLOW spr round 1 (radius: 5)
[00:00:00 -6047.529897] SLOW spr round 2 (radius: 10)
[00:00:00 -6047.529897] SLOW spr round 3 (radius: 15)
[00:00:00 -6047.529897] SLOW spr round 4 (radius: 20)
[00:00:00 -6047.529897] Model parameter optimization (eps = 0.100000)

[00:00:00] ML tree search #1, logLikelihood: -6047.529897


Optimized model parameters:

   Partition 0: noname
   Rate heterogeneity: GAMMA (4 cats, mean),  alpha: 1.394000 (user),  weights&rates: (0.250000,0.208473) (0.250000,0.569906) (0.250000,1.043539) (0.250000,2.178082) 
   P-inv (user): 0.084610
   Base frequencies (user): 0.379162 0.215578 0.245875 0.159384 
   Substitution rates (user): 1.006900 0.914600 0.933800 0.969800 1.029800 1.000000 


Final LogLikelihood: -6047.529897

AIC score: 12169.059795 / AICc score: 12173.158920 / BIC score: 12338.697076
Free parameters (model + branch lengths): 37

WARNING: Best ML tree contains 1 near-zero branches!

Best ML tree with collapsed near-zero branches saved to: /home/ha/Code/data/precompute/268/268_infer.raxml.bestTreeCollapsed
Best ML tree saved to: /home/ha/Code/data/precompute/268/268_infer.raxml.bestTree
Optimized model saved to: /home/ha/Code/data/precompute/268/268_infer.raxml.bestModel

Execution log saved to: /home/ha/Code/data/precompute/268/268_infer.raxml.log

Analysis started: 16-May-2026 12:07:40 / finished: 16-May-2026 12:07:40

Elapsed time: 0.338 seconds

