IQ-TREE version 3.1.1 for Linux x86 64-bit built Apr  8 2026
Developed by Bui Quang Minh, Thomas Wong, Nhan Ly-Trong, Huaiyan Ren
Contributed by Lam-Tung Nguyen, Dominik Schrempf, Chris Bielow,
Olga Chernomor, Michael Woodhams, Diep Thi Hoang, Heiko Schmidt

Host:    IAD1-C632678DGX041 (AVX2, FMA3, 2015 GB RAM)
Command: iqtree3 -s /raid/home/hatang/final_thesis/data/dna/test/491/data.phy -t /raid/home/hatang/final_thesis/data/dna/test/491/start.newick -m GTR{1.1161,1.1257,1.0359,1.1266,1.0398}+F{0.2597,0.2716,0.2198,0.2489}+I{0.1052}+G4{1.403} --prefix precompute/491/491_infer --threads auto --redo
Seed:    557230 (Using SPRNG - Scalable Parallel Random Number Generator)
Time:    Tue May  5 06:34:40 2026
Kernel:  AVX+FMA - auto-detect threads (256 CPU cores detected)

Reading alignment file /raid/home/hatang/final_thesis/data/dna/test/491/data.phy ... Phylip format detected
Alignment most likely contains DNA/RNA sequences
Constructing alignment: done in 0.0330008 secs using 1198% CPU
WARNING: 38 sites contain only gaps or ambiguous characters.
Alignment has 15 sequences with 3610 columns, 1830 distinct patterns
1389 parsimony-informative, 460 singleton sites, 1761 constant sites
     Gap/Ambiguity  Composition  p-value
Analyzing sequences: done in 0.0382466 secs using 7498% CPU
   1  T1    17.56%    passed     91.46%
   2  T2    28.39%    passed     78.72%
   3  T8    27.76%    passed     89.41%
   4  T15   26.54%    passed     91.10%
   5  T6    24.18%    passed     99.83%
   6  T5    24.52%    passed     99.50%
   7  T10   27.42%    passed     68.46%
   8  T11   29.14%    passed     96.49%
   9  T13   30.33%    passed     58.57%
  10  T7    22.71%    passed     91.60%
  11  T12   30.11%    passed     89.96%
  12  T14   26.23%    passed     82.97%
  13  T9    23.02%    passed     96.71%
  14  T4    20.83%    passed     96.19%
  15  T3    16.90%    passed     97.85%
****  TOTAL   25.04%  0 sequences failed composition chi2 test (p-value<5%; df=3)
Checking for duplicate sequences: done in 0.030303 secs using 9387% CPU
Reading input tree file /raid/home/hatang/final_thesis/data/dna/test/491/start.newick ...

NOTE: 3 MB RAM (0 GB) is required!
Measuring multi-threading efficiency up to 256 CPU cores
Increase to 10 rounds for branch lengths
7980 trees examined
Threads: 1 / Time: 256.005 sec / Speedup: 1.000 / Efficiency: 100% / LogL: -28644
Threads: 2 / Time: 201.171 sec / Speedup: 1.273 / Efficiency: 64% / LogL: -28644
Threads: 3 / Time: 194.914 sec / Speedup: 1.313 / Efficiency: 44% / LogL: -28644
Determining AUTO threadcount: done in 652.09 secs using 189.4% CPU
BEST NUMBER OF THREADS: 2

Estimate model parameters (epsilon = 0.100)
1. Initial log-likelihood: -21651.708
Optimal log-likelihood: -21651.708
Rate parameters:  A-C: 1.11610  A-G: 1.12570  A-T: 1.03590  C-G: 1.12660  C-T: 1.03980  G-T: 1.00000
Base frequencies:  A: 0.260  C: 0.272  G: 0.220  T: 0.249
Proportion of invariable sites: 0.105
Gamma shape alpha: 1.403
Parameters optimization took 1 rounds (0.005 sec)
Wrote distance file to... 

Do NNI search on 1 best initial trees
Finish initializing candidate tree set (1)
Current best tree score: -21651.708 / CPU time: 0.016
Number of iterations: 1
--------------------------------------------------------------------
|               OPTIMIZING CANDIDATE TREE SET                      |
--------------------------------------------------------------------
Iteration 10 / LogL: -21671.505 / Time: 0h:10m:52s
Iteration 20 / LogL: -21651.933 / Time: 0h:10m:53s
Iteration 30 / LogL: -21652.005 / Time: 0h:10m:53s (0h:26m:18s left)
Iteration 40 / LogL: -21651.745 / Time: 0h:10m:54s (0h:16m:46s left)
UPDATE BEST LOG-LIKELIHOOD: -21651.708
Iteration 50 / LogL: -21652.835 / Time: 0h:10m:54s (0h:11m:8s left)
Iteration 60 / LogL: -21658.004 / Time: 0h:10m:55s (0h:7m:24s left)
Iteration 70 / LogL: -21651.736 / Time: 0h:10m:56s (0h:4m:45s left)
Iteration 80 / LogL: -21652.741 / Time: 0h:10m:56s (0h:2m:46s left)
Iteration 90 / LogL: -21652.047 / Time: 0h:10m:57s (0h:1m:13s left)
Iteration 100 / LogL: -21651.825 / Time: 0h:10m:57s (0h:0m:0s left)
TREE SEARCH COMPLETED AFTER 101 ITERATIONS / Time: 0h:10m:58s

--------------------------------------------------------------------
|                    FINALIZING TREE SEARCH                        |
--------------------------------------------------------------------
Performs final model parameters optimization
Estimate model parameters (epsilon = 0.010)
1. Initial log-likelihood: -21651.708
Optimal log-likelihood: -21651.708
Rate parameters:  A-C: 1.11610  A-G: 1.12570  A-T: 1.03590  C-G: 1.12660  C-T: 1.03980  G-T: 1.00000
Base frequencies:  A: 0.260  C: 0.272  G: 0.220  T: 0.249
Proportion of invariable sites: 0.105
Gamma shape alpha: 1.403
Parameters optimization took 1 rounds (0.007 sec)
BEST SCORE FOUND : -21651.708
Total tree length: 1.837

Total number of iterations: 101
CPU time used for tree search: 11.785 sec (0h:0m:11s)
Wall-clock time used for tree search: 5.941 sec (0h:0m:5s)
Total CPU time used: 1250.447 sec (0h:20m:50s)
Total wall-clock time used: 658.065 sec (0h:10m:58s)

Analysis results written to: 
  IQ-TREE report:                precompute/491/491_infer.iqtree
  Maximum-likelihood tree:       precompute/491/491_infer.treefile
  Screen log file:               precompute/491/491_infer.log

Date and Time: Tue May  5 06:45:39 2026
