
RAxML-NG v. 1.2.2 released on 11.04.2024 by The Exelixis Lab.
Developed by: Alexey M. Kozlov and Alexandros Stamatakis.
Contributors: Diego Darriba, Tomas Flouri, Benoit Morel, Sarah Lutteropp, Ben Bettisworth, Julia Haag, Anastasis Togkousidis.
Latest version: https://github.com/amkozlov/raxml-ng
Questions/problems/suggestions? Please visit: https://groups.google.com/forum/#!forum/raxml

System: 13th Gen Intel(R) Core(TM) i5-13500H, 12 cores, 31 GB RAM (allocated: 8 physical cores)

RAxML-NG was called at 16-May-2026 12:14:21 as follows:

raxml-ng --search --msa /home/ha/Code/data/dna/test/491/data.phy --tree /home/ha/Code/data/dna/test/491/start.newick --model GTR{1.1161/1.1257/1.0359/1.1266/1.0398/1.0000}+I{0.1052}+G{1.403}+F{0.2597/0.2716/0.2198/0.2489} --prefix /home/ha/Code/data/precompute/491/491_infer --threads 1 --seed 42 --force perf_threads --redo

Analysis options:
  run mode: ML tree search
  start tree(s): user
  random seed: 42
  tip-inner: OFF
  pattern compression: ON
  per-rate scalers: OFF
  site repeats: ON
  logLH epsilon: general: 10.000000, brlen-triplet: 1000.000000
  fast spr radius: AUTO
  spr subtree cutoff: 1.000000
  fast CLV updates: ON
  branch lengths: proportional (ML estimate, algorithm: NR-FAST)
  SIMD kernels: AVX2
  parallelization: coarse-grained (auto), NONE/sequential

WARNING: Running in REDO mode: existing checkpoints are ignored, and all result files will be overwritten!

WARNING: Running in FORCE mode: some safety checks are disabled!

[00:00:00] Reading alignment from file: /home/ha/Code/data/dna/test/491/data.phy
[00:00:00] Loaded alignment with 15 taxa and 3610 sites

WARNING: Fully undetermined columns found: 38

NOTE: Reduced alignment (with duplicates and gap-only sites/taxa removed) 
NOTE: was saved to: /home/ha/Code/data/precompute/491/491_infer.raxml.reduced.phy

Alignment comprises 1 partitions and 1829 patterns

Partition 0: noname
Model: GTR{1.1161/1.1257/1.0359/1.1266/1.0398/1}+FU{0.2597/0.2716/0.2198/0.2489}+IU{0.1052}+G4m{1.403}
Alignment sites / patterns: 3572 / 1829
Gaps: 24.25 %
Invariant sites: 48.24 %


NOTE: Binary MSA file created: /home/ha/Code/data/precompute/491/491_infer.raxml.rba

Parallelization scheme autoconfig: 1 worker(s) x 1 thread(s)

[00:00:00] Loading user starting tree(s) from: /home/ha/Code/data/dna/test/491/start.newick
Parallel reduction/worker buffer size: 1 KB  / 0 KB

[00:00:00] Data distribution: max. partitions/sites/weight per thread: 1 / 1829 / 29264
[00:00:00] Data distribution: max. searches per worker: 1

Starting ML tree search with 1 distinct starting trees

[00:00:00 -21651.707807] Initial branch length optimization
[00:00:00 -21651.707801] Model parameter optimization (eps = 10.000000)
[00:00:00 -21651.707800] AUTODETECT spr round 1 (radius: 5)
[00:00:00 -21651.707800] SPR radius for FAST iterations: 5 (autodetect)
[00:00:00 -21651.707800] Model parameter optimization (eps = 3.000000)
[00:00:00 -21651.707800] FAST spr round 1 (radius: 5)
[00:00:00 -21651.707800] Model parameter optimization (eps = 1.000000)
[00:00:00 -21651.707800] SLOW spr round 1 (radius: 5)
[00:00:00 -21651.707800] SLOW spr round 2 (radius: 10)
[00:00:00 -21651.707800] SLOW spr round 3 (radius: 15)
[00:00:00 -21651.707800] Model parameter optimization (eps = 0.100000)

[00:00:00] ML tree search #1, logLikelihood: -21651.707800


Optimized model parameters:

   Partition 0: noname
   Rate heterogeneity: GAMMA (4 cats, mean),  alpha: 1.403000 (user),  weights&rates: (0.250000,0.209942) (0.250000,0.571572) (0.250000,1.044178) (0.250000,2.174308) 
   P-inv (user): 0.105200
   Base frequencies (user): 0.259700 0.271600 0.219800 0.248900 
   Substitution rates (user): 1.116100 1.125700 1.035900 1.126600 1.039800 1.000000 


Final LogLikelihood: -21651.707800

AIC score: 43357.415600 / AICc score: 43357.842237 / BIC score: 43524.299386
Free parameters (model + branch lengths): 27

Best ML tree saved to: /home/ha/Code/data/precompute/491/491_infer.raxml.bestTree
Optimized model saved to: /home/ha/Code/data/precompute/491/491_infer.raxml.bestModel

Execution log saved to: /home/ha/Code/data/precompute/491/491_infer.raxml.log

Analysis started: 16-May-2026 12:14:21 / finished: 16-May-2026 12:14:22

Elapsed time: 0.766 seconds

