IQ-TREE version 3.1.1 for Linux x86 64-bit built Apr  8 2026
Developed by Bui Quang Minh, Thomas Wong, Nhan Ly-Trong, Huaiyan Ren
Contributed by Lam-Tung Nguyen, Dominik Schrempf, Chris Bielow,
Olga Chernomor, Michael Woodhams, Diep Thi Hoang, Heiko Schmidt

Host:    IAD1-C632678DGX041 (AVX2, FMA3, 2015 GB RAM)
Command: iqtree3 -s /raid/home/hatang/final_thesis/data/dna/test/139/data.phy -t /raid/home/hatang/final_thesis/data/dna/test/139/start.newick -m GTR{1.0293,1.1626,1.1089,1.1554,1.1201}+F{0.2732,0.1591,0.2771,0.2907}+I{1e-06}+G4{0.9937} --prefix precompute/139/139_infer --threads auto --redo
Seed:    821663 (Using SPRNG - Scalable Parallel Random Number Generator)
Time:    Tue May  5 07:19:23 2026
Kernel:  AVX+FMA - auto-detect threads (256 CPU cores detected)

Reading alignment file /raid/home/hatang/final_thesis/data/dna/test/139/data.phy ... Phylip format detected
Alignment most likely contains DNA/RNA sequences
Constructing alignment: done in 0.0574616 secs using 2801% CPU
WARNING: 46 sites contain only gaps or ambiguous characters.
Alignment has 7 sequences with 5746 columns, 1796 distinct patterns
1489 parsimony-informative, 1298 singleton sites, 2959 constant sites
    Gap/Ambiguity  Composition  p-value
Analyzing sequences: done in 0.0242801 secs using 1.069e+04% CPU
   1  T1   22.54%    passed     29.77%
   2  T2   22.59%    passed     91.69%
   3  T6   23.95%    passed     86.73%
   4  T3   16.83%    passed     83.97%
   5  T5   24.16%    passed     80.61%
   6  T4   13.35%    passed     84.00%
   7  T7   17.16%    passed     61.29%
****  TOTAL   20.08%  0 sequences failed composition chi2 test (p-value<5%; df=3)
Checking for duplicate sequences: done in 0.0241783 secs using 1.096e+04% CPU
Reading input tree file /raid/home/hatang/final_thesis/data/dna/test/139/start.newick ...
WARNING: Normalizing State frequencies so that sum of them equals to 1

NOTE: 1 MB RAM (0 GB) is required!
Measuring multi-threading efficiency up to 256 CPU cores
Increase to 10 rounds for branch lengths
23862 trees examined
Threads: 1 / Time: 256.004 sec / Speedup: 1.000 / Efficiency: 100% / LogL: -26770
Threads: 2 / Time: 193.739 sec / Speedup: 1.321 / Efficiency: 66% / LogL: -26770
Threads: 3 / Time: 190.061 sec / Speedup: 1.347 / Efficiency: 45% / LogL: -26770
Determining AUTO threadcount: done in 639.804 secs using 188.3% CPU
BEST NUMBER OF THREADS: 2

Estimate model parameters (epsilon = 0.100)
1. Initial log-likelihood: -25737.289
Optimal log-likelihood: -25737.289
Rate parameters:  A-C: 1.02930  A-G: 1.16260  A-T: 1.10890  C-G: 1.15540  C-T: 1.12010  G-T: 1.00000
Base frequencies:  A: 0.273  C: 0.159  G: 0.277  T: 0.291
Proportion of invariable sites: 0.000
Gamma shape alpha: 0.994
Parameters optimization took 1 rounds (0.002 sec)
Wrote distance file to... 

Do NNI search on 1 best initial trees
Finish initializing candidate tree set (1)
Current best tree score: -25737.289 / CPU time: 0.005
Number of iterations: 1
--------------------------------------------------------------------
|               OPTIMIZING CANDIDATE TREE SET                      |
--------------------------------------------------------------------
Iteration 10 / LogL: -25740.707 / Time: 0h:10m:39s
UPDATE BEST LOG-LIKELIHOOD: -25737.289
Iteration 20 / LogL: -25740.405 / Time: 0h:10m:40s
Iteration 30 / LogL: -25737.614 / Time: 0h:10m:40s (0h:25m:45s left)
Iteration 40 / LogL: -25738.756 / Time: 0h:10m:40s (0h:16m:25s left)
Iteration 50 / LogL: -25738.494 / Time: 0h:10m:40s (0h:10m:53s left)
Iteration 60 / LogL: -25738.947 / Time: 0h:10m:40s (0h:7m:14s left)
Iteration 70 / LogL: -25743.417 / Time: 0h:10m:40s (0h:4m:38s left)
Iteration 80 / LogL: -25740.707 / Time: 0h:10m:40s (0h:2m:42s left)
Iteration 90 / LogL: -25738.756 / Time: 0h:10m:41s (0h:1m:12s left)
Iteration 100 / LogL: -25743.578 / Time: 0h:10m:41s (0h:0m:0s left)
TREE SEARCH COMPLETED AFTER 101 ITERATIONS / Time: 0h:10m:41s

--------------------------------------------------------------------
|                    FINALIZING TREE SEARCH                        |
--------------------------------------------------------------------
Performs final model parameters optimization
Estimate model parameters (epsilon = 0.010)
1. Initial log-likelihood: -25737.289
Optimal log-likelihood: -25737.289
Rate parameters:  A-C: 1.02930  A-G: 1.16260  A-T: 1.10890  C-G: 1.15540  C-T: 1.12010  G-T: 1.00000
Base frequencies:  A: 0.273  C: 0.159  G: 0.277  T: 0.291
Proportion of invariable sites: 0.000
Gamma shape alpha: 0.994
Parameters optimization took 1 rounds (0.002 sec)
BEST SCORE FOUND : -25737.289
Total tree length: 1.380

Total number of iterations: 101
CPU time used for tree search: 2.753 sec (0h:0m:2s)
Wall-clock time used for tree search: 1.385 sec (0h:0m:1s)
Total CPU time used: 1211.664 sec (0h:20m:11s)
Total wall-clock time used: 641.233 sec (0h:10m:41s)

Analysis results written to: 
  IQ-TREE report:                precompute/139/139_infer.iqtree
  Maximum-likelihood tree:       precompute/139/139_infer.treefile
  Screen log file:               precompute/139/139_infer.log

Date and Time: Tue May  5 07:30:05 2026
