
RAxML-NG v. 1.2.2 released on 11.04.2024 by The Exelixis Lab.
Developed by: Alexey M. Kozlov and Alexandros Stamatakis.
Contributors: Diego Darriba, Tomas Flouri, Benoit Morel, Sarah Lutteropp, Ben Bettisworth, Julia Haag, Anastasis Togkousidis.
Latest version: https://github.com/amkozlov/raxml-ng
Questions/problems/suggestions? Please visit: https://groups.google.com/forum/#!forum/raxml

System: 13th Gen Intel(R) Core(TM) i5-13500H, 12 cores, 31 GB RAM (allocated: 8 physical cores)

RAxML-NG was called at 16-May-2026 12:06:28 as follows:

raxml-ng --search --msa /home/ha/Code/data/dna/test/139/data.phy --tree /home/ha/Code/data/dna/test/139/start.newick --model GTR{1.0293/1.1626/1.1089/1.1554/1.1201/1.0000}+I{1e-06}+G{0.9937}+F{0.2732/0.1591/0.2771/0.2907} --prefix /home/ha/Code/data/precompute/139/139_infer --threads 1 --seed 42 --force perf_threads --redo

Analysis options:
  run mode: ML tree search
  start tree(s): user
  random seed: 42
  tip-inner: OFF
  pattern compression: ON
  per-rate scalers: OFF
  site repeats: ON
  logLH epsilon: general: 10.000000, brlen-triplet: 1000.000000
  fast spr radius: AUTO
  spr subtree cutoff: 1.000000
  fast CLV updates: ON
  branch lengths: proportional (ML estimate, algorithm: NR-FAST)
  SIMD kernels: AVX2
  parallelization: coarse-grained (auto), NONE/sequential

WARNING: Running in REDO mode: existing checkpoints are ignored, and all result files will be overwritten!

WARNING: Running in FORCE mode: some safety checks are disabled!

[00:00:00] Reading alignment from file: /home/ha/Code/data/dna/test/139/data.phy
[00:00:00] Loaded alignment with 7 taxa and 5746 sites

WARNING: Fully undetermined columns found: 46

NOTE: Reduced alignment (with duplicates and gap-only sites/taxa removed) 
NOTE: was saved to: /home/ha/Code/data/precompute/139/139_infer.raxml.reduced.phy

Alignment comprises 1 partitions and 1795 patterns

Partition 0: noname
Model: GTR{1.0293/1.1626/1.1089/1.1554/1.1201/1}+FU{0.2732/0.1591/0.2771/0.2907}+IU{1e-06}+G4m{0.9937}
Alignment sites / patterns: 5700 / 1795
Gaps: 19.44 %
Invariant sites: 51.11 %


NOTE: Binary MSA file created: /home/ha/Code/data/precompute/139/139_infer.raxml.rba

Parallelization scheme autoconfig: 1 worker(s) x 1 thread(s)

[00:00:00] Loading user starting tree(s) from: /home/ha/Code/data/dna/test/139/start.newick
Parallel reduction/worker buffer size: 1 KB  / 0 KB

[00:00:00] Data distribution: max. partitions/sites/weight per thread: 1 / 1795 / 28720
[00:00:00] Data distribution: max. searches per worker: 1

Starting ML tree search with 1 distinct starting trees

[00:00:00 -25737.289312] Initial branch length optimization
[00:00:00 -25737.289312] Model parameter optimization (eps = 10.000000)
[00:00:00 -25737.289312] AUTODETECT spr round 1 (radius: 5)
[00:00:00 -25737.289312] SPR radius for FAST iterations: 5 (autodetect)
[00:00:00 -25737.289312] Model parameter optimization (eps = 3.000000)
[00:00:00 -25737.289312] FAST spr round 1 (radius: 5)
[00:00:00 -25737.289312] Model parameter optimization (eps = 1.000000)
[00:00:00 -25737.289312] SLOW spr round 1 (radius: 5)
[00:00:00 -25737.289312] Model parameter optimization (eps = 0.100000)

[00:00:00] ML tree search #1, logLikelihood: -25737.289312


Optimized model parameters:

   Partition 0: noname
   Rate heterogeneity: GAMMA (4 cats, mean),  alpha: 0.993700 (user),  weights&rates: (0.250000,0.135695) (0.250000,0.474850) (0.250000,0.998948) (0.250000,2.390507) 
   P-inv (user): 0.000001
   Base frequencies (user): 0.273173 0.159084 0.277072 0.290671 
   Substitution rates (user): 1.029300 1.162600 1.108900 1.155400 1.120100 1.000000 


Final LogLikelihood: -25737.289312

AIC score: 51496.578624 / AICc score: 51496.625037 / BIC score: 51569.709060
Free parameters (model + branch lengths): 11

Best ML tree saved to: /home/ha/Code/data/precompute/139/139_infer.raxml.bestTree
Optimized model saved to: /home/ha/Code/data/precompute/139/139_infer.raxml.bestModel

Execution log saved to: /home/ha/Code/data/precompute/139/139_infer.raxml.log

Analysis started: 16-May-2026 12:06:28 / finished: 16-May-2026 12:06:28

Elapsed time: 0.322 seconds

