
RAxML-NG v. 1.2.2 released on 11.04.2024 by The Exelixis Lab.
Developed by: Alexey M. Kozlov and Alexandros Stamatakis.
Contributors: Diego Darriba, Tomas Flouri, Benoit Morel, Sarah Lutteropp, Ben Bettisworth, Julia Haag, Anastasis Togkousidis.
Latest version: https://github.com/amkozlov/raxml-ng
Questions/problems/suggestions? Please visit: https://groups.google.com/forum/#!forum/raxml

System: AMD EPYC 7742 64-Core Processor, 128 cores, 2015 GB RAM

RAxML-NG was called at 05-May-2026 10:03:28 as follows:

raxml-ng --search --msa /raid/home/hatang/final_thesis/data/dna/test/70/data.phy --tree /raid/home/hatang/final_thesis/data/dna/test/70/start.newick --model GTR{1.2061/1.1269/1.0509/1.1363/1.0925/1.0000}+I{9.918e-07}+G{0.93}+F{0.235/0.2599/0.314/0.1911} --prefix precompute/70/70_infer --threads auto --seed 42 --force perf_threads

Analysis options:
  run mode: ML tree search
  start tree(s): user
  random seed: 42
  tip-inner: OFF
  pattern compression: ON
  per-rate scalers: OFF
  site repeats: ON
  logLH epsilon: general: 10.000000, brlen-triplet: 1000.000000
  fast spr radius: AUTO
  spr subtree cutoff: 1.000000
  fast CLV updates: ON
  branch lengths: proportional (ML estimate, algorithm: NR-FAST)
  SIMD kernels: AVX2
  parallelization: coarse-grained (auto), PTHREADS (auto)

WARNING: Running in FORCE mode: some safety checks are disabled!

[00:00:00] Reading alignment from file: /raid/home/hatang/final_thesis/data/dna/test/70/data.phy
[00:00:00] Loaded alignment with 7 taxa and 2200 sites

WARNING: Fully undetermined columns found: 2

NOTE: Reduced alignment (with duplicates and gap-only sites/taxa removed) 
NOTE: was saved to: /raid/home/hatang/final_thesis/precompute/70/70_infer.raxml.reduced.phy

Alignment comprises 1 partitions and 680 patterns

Partition 0: noname
Model: GTR{1.2061/1.1269/1.0509/1.1363/1.0925/1}+FU{0.235/0.2599/0.314/0.1911}+IU{9.918e-07}+G4m{0.93}
Alignment sites / patterns: 2198 / 680
Gaps: 14.44 %
Invariant sites: 57.51 %


NOTE: Binary MSA file created: precompute/70/70_infer.raxml.rba

Parallelization scheme autoconfig: 1 worker(s) x 7 thread(s)

[00:00:00] Loading user starting tree(s) from: /raid/home/hatang/final_thesis/data/dna/test/70/start.newick
Parallel reduction/worker buffer size: 1 KB  / 0 KB

[00:00:00] Data distribution: max. partitions/sites/weight per thread: 1 / 98 / 1568
[00:00:00] Data distribution: max. searches per worker: 1

Starting ML tree search with 1 distinct starting trees

[00:00:00 -9076.799125] Initial branch length optimization
[00:00:00 -9076.799125] Model parameter optimization (eps = 10.000000)
[00:00:00 -9076.799125] AUTODETECT spr round 1 (radius: 5)
[00:00:00 -9076.799125] SPR radius for FAST iterations: 5 (autodetect)
[00:00:00 -9076.799125] Model parameter optimization (eps = 3.000000)
[00:00:00 -9076.799125] FAST spr round 1 (radius: 5)
[00:00:00 -9076.799125] Model parameter optimization (eps = 1.000000)
[00:00:00 -9076.799125] SLOW spr round 1 (radius: 5)
[00:00:00 -9076.799125] Model parameter optimization (eps = 0.100000)

[00:00:00] ML tree search #1, logLikelihood: -9076.799125


Optimized model parameters:

   Partition 0: noname
   Rate heterogeneity: GAMMA (4 cats, mean),  alpha: 0.930000 (user),  weights&rates: (0.250000,0.122784) (0.250000,0.454651) (0.250000,0.987358) (0.250000,2.435207) 
   P-inv (user): 0.000001
   Base frequencies (user): 0.235000 0.259900 0.314000 0.191100 
   Substitution rates (user): 1.206100 1.126900 1.050900 1.136300 1.092500 1.000000 


Final LogLikelihood: -9076.799125

AIC score: 18175.598250 / AICc score: 18175.719018 / BIC score: 18238.246584
Free parameters (model + branch lengths): 11

Best ML tree saved to: /raid/home/hatang/final_thesis/precompute/70/70_infer.raxml.bestTree
Optimized model saved to: /raid/home/hatang/final_thesis/precompute/70/70_infer.raxml.bestModel

Execution log saved to: /raid/home/hatang/final_thesis/precompute/70/70_infer.raxml.log

Analysis started: 05-May-2026 10:03:28 / finished: 05-May-2026 10:03:28

Elapsed time: 0.064 seconds

