IQ-TREE version 3.1.1 for Linux x86 64-bit built Apr  8 2026
Developed by Bui Quang Minh, Thomas Wong, Nhan Ly-Trong, Huaiyan Ren
Contributed by Lam-Tung Nguyen, Dominik Schrempf, Chris Bielow,
Olga Chernomor, Michael Woodhams, Diep Thi Hoang, Heiko Schmidt

Host:    IAD1-C632678DGX041 (AVX2, FMA3, 2015 GB RAM)
Command: iqtree3 -s /raid/home/hatang/final_thesis/data/dna/test/103/data.phy -t /raid/home/hatang/final_thesis/data/dna/test/103/start.newick -m GTR{0.8714,0.9537,0.9101,1.0637,1.0615}+F{0.3198,0.2362,0.2283,0.2157}+I{0.3058}+G4{26.58} --prefix precompute/103/103_infer --threads auto --redo
Seed:    343126 (Using SPRNG - Scalable Parallel Random Number Generator)
Time:    Tue May  5 13:29:19 2026
Kernel:  AVX+FMA - auto-detect threads (256 CPU cores detected)

Reading alignment file /raid/home/hatang/final_thesis/data/dna/test/103/data.phy ... Phylip format detected
Alignment most likely contains DNA/RNA sequences
Constructing alignment: done in 0.0350384 secs using 4473% CPU
WARNING: 5 sites contain only gaps or ambiguous characters.
Alignment has 7 sequences with 4241 columns, 611 distinct patterns
526 parsimony-informative, 817 singleton sites, 2898 constant sites
    Gap/Ambiguity  Composition  p-value
Analyzing sequences: done in 0.0156059 secs using 1.414e+04% CPU
   1  T2    7.92%    passed     95.80%
   2  T4    7.33%    passed     98.71%
   3  T5    6.91%    passed     98.04%
   4  T3    7.92%    passed     90.81%
   5  T7    9.53%    passed     95.05%
   6  T1    7.33%    passed     91.08%
   7  T6    6.89%    passed     83.22%
****  TOTAL    7.69%  0 sequences failed composition chi2 test (p-value<5%; df=3)
Checking for duplicate sequences: done in 0.0142278 secs using 1.414e+04% CPU
Reading input tree file /raid/home/hatang/final_thesis/data/dna/test/103/start.newick ...

NOTE: 0 MB RAM (0 GB) is required!
Measuring multi-threading efficiency up to 256 CPU cores
Increase to 10 rounds for branch lengths
104345 trees examined
Threads: 1 / Time: 256.000 sec / Speedup: 1.000 / Efficiency: 100% / LogL: -15127
Threads: 2 / Time: 267.864 sec / Speedup: 0.956 / Efficiency: 48% / LogL: -15127
Determining AUTO threadcount: done in 523.865 secs using 148.6% CPU
BEST NUMBER OF THREADS: 1

Estimate model parameters (epsilon = 0.100)
1. Initial log-likelihood: -14286.724
Optimal log-likelihood: -14286.724
Rate parameters:  A-C: 0.87140  A-G: 0.95370  A-T: 0.91010  C-G: 1.06370  C-T: 1.06150  G-T: 1.00000
Base frequencies:  A: 0.320  C: 0.236  G: 0.228  T: 0.216
Proportion of invariable sites: 0.306
Gamma shape alpha: 26.580
Parameters optimization took 1 rounds (0.001 sec)
Wrote distance file to... 

Do NNI search on 1 best initial trees
Finish initializing candidate tree set (1)
Current best tree score: -14286.724 / CPU time: 0.002
Number of iterations: 1
--------------------------------------------------------------------
|               OPTIMIZING CANDIDATE TREE SET                      |
--------------------------------------------------------------------
Iteration 10 / LogL: -14287.952 / Time: 0h:8m:43s
Iteration 20 / LogL: -14287.952 / Time: 0h:8m:44s
Iteration 30 / LogL: -14286.724 / Time: 0h:8m:44s (0h:21m:4s left)
UPDATE BEST LOG-LIKELIHOOD: -14286.724
Iteration 40 / LogL: -14286.763 / Time: 0h:8m:44s (0h:13m:26s left)
Iteration 50 / LogL: -14288.276 / Time: 0h:8m:44s (0h:8m:54s left)
Iteration 60 / LogL: -14286.754 / Time: 0h:8m:44s (0h:5m:55s left)
Iteration 70 / LogL: -14286.724 / Time: 0h:8m:44s (0h:3m:47s left)
Iteration 80 / LogL: -14286.962 / Time: 0h:8m:44s (0h:2m:12s left)
Iteration 90 / LogL: -14287.483 / Time: 0h:8m:44s (0h:0m:58s left)
Iteration 100 / LogL: -14287.283 / Time: 0h:8m:44s (0h:0m:0s left)
TREE SEARCH COMPLETED AFTER 101 ITERATIONS / Time: 0h:8m:44s

--------------------------------------------------------------------
|                    FINALIZING TREE SEARCH                        |
--------------------------------------------------------------------
Performs final model parameters optimization
Estimate model parameters (epsilon = 0.010)
1. Initial log-likelihood: -14286.724
Optimal log-likelihood: -14286.724
Rate parameters:  A-C: 0.87140  A-G: 0.95370  A-T: 0.91010  C-G: 1.06370  C-T: 1.06150  G-T: 1.00000
Base frequencies:  A: 0.320  C: 0.236  G: 0.228  T: 0.216
Proportion of invariable sites: 0.306
Gamma shape alpha: 26.580
Parameters optimization took 1 rounds (0.001 sec)
BEST SCORE FOUND : -14286.724
Total tree length: 0.492

Total number of iterations: 101
CPU time used for tree search: 0.561 sec (0h:0m:0s)
Wall-clock time used for tree search: 0.561 sec (0h:0m:0s)
Total CPU time used: 781.821 sec (0h:13m:1s)
Total wall-clock time used: 524.458 sec (0h:8m:44s)

Analysis results written to: 
  IQ-TREE report:                precompute/103/103_infer.iqtree
  Maximum-likelihood tree:       precompute/103/103_infer.treefile
  Screen log file:               precompute/103/103_infer.log

Date and Time: Tue May  5 13:38:03 2026
