IQ-TREE version 3.1.1 for Linux x86 64-bit built Apr  8 2026
Developed by Bui Quang Minh, Thomas Wong, Nhan Ly-Trong, Huaiyan Ren
Contributed by Lam-Tung Nguyen, Dominik Schrempf, Chris Bielow,
Olga Chernomor, Michael Woodhams, Diep Thi Hoang, Heiko Schmidt

Host:    IAD1-C632678DGX041 (AVX2, FMA3, 2015 GB RAM)
Command: iqtree3 -s /raid/home/hatang/final_thesis/data/dna/test/232/data.phy -t /raid/home/hatang/final_thesis/data/dna/test/232/start.newick -m GTR{1.0231,0.9533,1.0330,1.0194,1.1270}+F{0.3474,0.2113,0.211,0.2303}+I{0.0512}+G4{1.173} --prefix precompute/232/232_infer --threads auto --redo
Seed:    186181 (Using SPRNG - Scalable Parallel Random Number Generator)
Time:    Tue May  5 04:49:44 2026
Kernel:  AVX+FMA - auto-detect threads (256 CPU cores detected)

Reading alignment file /raid/home/hatang/final_thesis/data/dna/test/232/data.phy ... Phylip format detected
Alignment most likely contains DNA/RNA sequences
Constructing alignment: done in 0.0315716 secs using 5355% CPU
WARNING: 34 sites contain only gaps or ambiguous characters.
Alignment has 12 sequences with 3810 columns, 1998 distinct patterns
1470 parsimony-informative, 549 singleton sites, 1791 constant sites
     Gap/Ambiguity  Composition  p-value
Analyzing sequences: done in 0.0119519 secs using 2.206e+04% CPU
   1  T2    29.76%    passed     85.43%
   2  T5    35.14%    passed     63.83%
   3  T4    32.02%    passed     99.23%
   4  T8    38.14%    passed     93.09%
   5  T6    35.91%    passed     21.97%
   6  T3    28.32%    passed     99.36%
   7  T1    28.48%    passed     83.43%
   8  T7    28.19%    passed     81.28%
   9  T11   29.21%    passed     93.48%
  10  T9    25.98%    passed     94.69%
  11  T10   22.36%    passed     95.77%
  12  T12   21.26%    passed     96.96%
****  TOTAL   29.56%  0 sequences failed composition chi2 test (p-value<5%; df=3)
Checking for duplicate sequences: done in 0.0117152 secs using 2.325e+04% CPU
Reading input tree file /raid/home/hatang/final_thesis/data/dna/test/232/start.newick ...

NOTE: 3 MB RAM (0 GB) is required!
Measuring multi-threading efficiency up to 256 CPU cores
Increase to 10 rounds for branch lengths
9829 trees examined
Threads: 1 / Time: 256.021 sec / Speedup: 1.000 / Efficiency: 100% / LogL: -26962
Threads: 2 / Time: 242.091 sec / Speedup: 1.058 / Efficiency: 53% / LogL: -26962
Threads: 3 / Time: 242.814 sec / Speedup: 1.054 / Efficiency: 35% / LogL: -26962
Determining AUTO threadcount: done in 740.927 secs using 196.8% CPU
BEST NUMBER OF THREADS: 2

Estimate model parameters (epsilon = 0.100)
1. Initial log-likelihood: -22835.958
Optimal log-likelihood: -22835.958
Rate parameters:  A-C: 1.02310  A-G: 0.95330  A-T: 1.03300  C-G: 1.01940  C-T: 1.12700  G-T: 1.00000
Base frequencies:  A: 0.347  C: 0.211  G: 0.211  T: 0.230
Proportion of invariable sites: 0.051
Gamma shape alpha: 1.173
Parameters optimization took 1 rounds (0.004 sec)
Wrote distance file to... 

Do NNI search on 1 best initial trees
Finish initializing candidate tree set (1)
Current best tree score: -22835.958 / CPU time: 0.014
Number of iterations: 1
--------------------------------------------------------------------
|               OPTIMIZING CANDIDATE TREE SET                      |
--------------------------------------------------------------------
Iteration 10 / LogL: -22835.973 / Time: 0h:12m:21s
Iteration 20 / LogL: -22836.822 / Time: 0h:12m:21s
Iteration 30 / LogL: -22841.451 / Time: 0h:12m:22s (0h:29m:51s left)
Iteration 40 / LogL: -22837.160 / Time: 0h:12m:22s (0h:19m:2s left)
Iteration 50 / LogL: -22837.113 / Time: 0h:12m:23s (0h:12m:38s left)
Iteration 60 / LogL: -22836.051 / Time: 0h:12m:23s (0h:8m:24s left)
Iteration 70 / LogL: -22840.007 / Time: 0h:12m:23s (0h:5m:23s left)
Iteration 80 / LogL: -22837.374 / Time: 0h:12m:24s (0h:3m:8s left)
Iteration 90 / LogL: -22836.846 / Time: 0h:12m:24s (0h:1m:23s left)
Iteration 100 / LogL: -22837.018 / Time: 0h:12m:25s (0h:0m:0s left)
TREE SEARCH COMPLETED AFTER 101 ITERATIONS / Time: 0h:12m:25s

--------------------------------------------------------------------
|                    FINALIZING TREE SEARCH                        |
--------------------------------------------------------------------
Performs final model parameters optimization
Estimate model parameters (epsilon = 0.010)
1. Initial log-likelihood: -22835.958
Optimal log-likelihood: -22835.958
Rate parameters:  A-C: 1.02310  A-G: 0.95330  A-T: 1.03300  C-G: 1.01940  C-T: 1.12700  G-T: 1.00000
Base frequencies:  A: 0.347  C: 0.211  G: 0.211  T: 0.230
Proportion of invariable sites: 0.051
Gamma shape alpha: 1.173
Parameters optimization took 1 rounds (0.003 sec)
BEST SCORE FOUND : -22835.958
Total tree length: 2.355

Total number of iterations: 101
CPU time used for tree search: 8.371 sec (0h:0m:8s)
Wall-clock time used for tree search: 4.233 sec (0h:0m:4s)
Total CPU time used: 1469.660 sec (0h:24m:29s)
Total wall-clock time used: 745.184 sec (0h:12m:25s)

Analysis results written to: 
  IQ-TREE report:                precompute/232/232_infer.iqtree
  Maximum-likelihood tree:       precompute/232/232_infer.treefile
  Screen log file:               precompute/232/232_infer.log

Date and Time: Tue May  5 05:02:09 2026
