
RAxML-NG v. 1.2.2 released on 11.04.2024 by The Exelixis Lab.
Developed by: Alexey M. Kozlov and Alexandros Stamatakis.
Contributors: Diego Darriba, Tomas Flouri, Benoit Morel, Sarah Lutteropp, Ben Bettisworth, Julia Haag, Anastasis Togkousidis.
Latest version: https://github.com/amkozlov/raxml-ng
Questions/problems/suggestions? Please visit: https://groups.google.com/forum/#!forum/raxml

System: 13th Gen Intel(R) Core(TM) i5-13500H, 12 cores, 31 GB RAM (allocated: 8 physical cores)

RAxML-NG was called at 16-May-2026 12:14:49 as follows:

raxml-ng --search --msa /home/ha/Code/data/dna/test/503/data.phy --tree /home/ha/Code/data/dna/test/503/start.newick --model GTR{1.0953/1.0910/1.0783/1.0625/1.0357/1.0000}+I{9.643e-07}+G{0.9791}+F{0.2956/0.2684/0.2008/0.2353} --prefix /home/ha/Code/data/precompute/503/503_infer --threads 1 --seed 42 --force perf_threads --redo

Analysis options:
  run mode: ML tree search
  start tree(s): user
  random seed: 42
  tip-inner: OFF
  pattern compression: ON
  per-rate scalers: OFF
  site repeats: ON
  logLH epsilon: general: 10.000000, brlen-triplet: 1000.000000
  fast spr radius: AUTO
  spr subtree cutoff: 1.000000
  fast CLV updates: ON
  branch lengths: proportional (ML estimate, algorithm: NR-FAST)
  SIMD kernels: AVX2
  parallelization: coarse-grained (auto), NONE/sequential

WARNING: Running in REDO mode: existing checkpoints are ignored, and all result files will be overwritten!

WARNING: Running in FORCE mode: some safety checks are disabled!

[00:00:00] Reading alignment from file: /home/ha/Code/data/dna/test/503/data.phy
[00:00:00] Loaded alignment with 20 taxa and 3922 sites

WARNING: Fully undetermined columns found: 24

NOTE: Reduced alignment (with duplicates and gap-only sites/taxa removed) 
NOTE: was saved to: /home/ha/Code/data/precompute/503/503_infer.raxml.reduced.phy

Alignment comprises 1 partitions and 2686 patterns

Partition 0: noname
Model: GTR{1.0953/1.091/1.0783/1.0625/1.0357/1}+FU{0.2956/0.2684/0.2008/0.2353}+IU{9.643e-07}+G4m{0.9791}
Alignment sites / patterns: 3898 / 2686
Gaps: 30.22 %
Invariant sites: 40.35 %


NOTE: Binary MSA file created: /home/ha/Code/data/precompute/503/503_infer.raxml.rba

Parallelization scheme autoconfig: 1 worker(s) x 1 thread(s)

[00:00:00] Loading user starting tree(s) from: /home/ha/Code/data/dna/test/503/start.newick
Parallel reduction/worker buffer size: 1 KB  / 0 KB

[00:00:00] Data distribution: max. partitions/sites/weight per thread: 1 / 2686 / 42976
[00:00:00] Data distribution: max. searches per worker: 1

Starting ML tree search with 1 distinct starting trees

[00:00:00 -32973.417227] Initial branch length optimization
[00:00:00 -32973.417225] Model parameter optimization (eps = 10.000000)
[00:00:00 -32973.417225] AUTODETECT spr round 1 (radius: 5)
[00:00:00 -32973.417225] SPR radius for FAST iterations: 5 (autodetect)
[00:00:00 -32973.417225] Model parameter optimization (eps = 3.000000)
[00:00:00 -32973.417225] FAST spr round 1 (radius: 5)
[00:00:00 -32973.417225] Model parameter optimization (eps = 1.000000)
[00:00:00 -32973.417225] SLOW spr round 1 (radius: 5)
[00:00:00 -32973.417225] SLOW spr round 2 (radius: 10)
[00:00:01 -32973.417225] SLOW spr round 3 (radius: 15)
[00:00:01 -32973.417225] SLOW spr round 4 (radius: 20)
[00:00:01 -32973.417225] Model parameter optimization (eps = 0.100000)

[00:00:01] ML tree search #1, logLikelihood: -32973.417225


Optimized model parameters:

   Partition 0: noname
   Rate heterogeneity: GAMMA (4 cats, mean),  alpha: 0.979100 (user),  weights&rates: (0.250000,0.132765) (0.250000,0.470378) (0.250000,0.996449) (0.250000,2.400408) 
   P-inv (user): 0.000001
   Base frequencies (user): 0.295570 0.268373 0.200780 0.235276 
   Substitution rates (user): 1.095300 1.091000 1.078300 1.062500 1.035700 1.000000 


Final LogLikelihood: -32973.417225

AIC score: 66020.834450 / AICc score: 66021.562947 / BIC score: 66252.758548
Free parameters (model + branch lengths): 37

Best ML tree saved to: /home/ha/Code/data/precompute/503/503_infer.raxml.bestTree
Optimized model saved to: /home/ha/Code/data/precompute/503/503_infer.raxml.bestModel

Execution log saved to: /home/ha/Code/data/precompute/503/503_infer.raxml.log

Analysis started: 16-May-2026 12:14:49 / finished: 16-May-2026 12:14:50

Elapsed time: 1.389 seconds

