
RAxML-NG v. 1.2.2 released on 11.04.2024 by The Exelixis Lab.
Developed by: Alexey M. Kozlov and Alexandros Stamatakis.
Contributors: Diego Darriba, Tomas Flouri, Benoit Morel, Sarah Lutteropp, Ben Bettisworth, Julia Haag, Anastasis Togkousidis.
Latest version: https://github.com/amkozlov/raxml-ng
Questions/problems/suggestions? Please visit: https://groups.google.com/forum/#!forum/raxml

System: AMD EPYC 7742 64-Core Processor, 128 cores, 2015 GB RAM

RAxML-NG was called at 05-May-2026 01:15:57 as follows:

raxml-ng --search --msa /raid/home/hatang/final_thesis/data/dna/test/89/data.phy --tree /raid/home/hatang/final_thesis/data/dna/test/89/start.newick --model GTR{1.1456/1.0775/1.3000/1.0563/0.9675/1.0000}+I{0.2607}+G{4.565}+F{0.1894/0.2153/0.2762/0.3192} --prefix precompute/89/89_infer --threads auto --seed 42 --force perf_threads

Analysis options:
  run mode: ML tree search
  start tree(s): user
  random seed: 42
  tip-inner: OFF
  pattern compression: ON
  per-rate scalers: OFF
  site repeats: ON
  logLH epsilon: general: 10.000000, brlen-triplet: 1000.000000
  fast spr radius: AUTO
  spr subtree cutoff: 1.000000
  fast CLV updates: ON
  branch lengths: proportional (ML estimate, algorithm: NR-FAST)
  SIMD kernels: AVX2
  parallelization: coarse-grained (auto), PTHREADS (auto)

WARNING: Running in FORCE mode: some safety checks are disabled!

[00:00:00] Reading alignment from file: /raid/home/hatang/final_thesis/data/dna/test/89/data.phy
[00:00:00] Loaded alignment with 7 taxa and 3337 sites

WARNING: Fully undetermined columns found: 2

NOTE: Reduced alignment (with duplicates and gap-only sites/taxa removed) 
NOTE: was saved to: /raid/home/hatang/final_thesis/precompute/89/89_infer.raxml.reduced.phy

Alignment comprises 1 partitions and 881 patterns

Partition 0: noname
Model: GTR{1.1456/1.0775/1.3/1.0563/0.9675/1}+FU{0.1894/0.2153/0.2762/0.3192}+IU{0.2607}+G4m{4.565}
Alignment sites / patterns: 3335 / 881
Gaps: 17.19 %
Invariant sites: 58.59 %


NOTE: Binary MSA file created: precompute/89/89_infer.raxml.rba

Parallelization scheme autoconfig: 1 worker(s) x 7 thread(s)

[00:00:00] Loading user starting tree(s) from: /raid/home/hatang/final_thesis/data/dna/test/89/start.newick
Parallel reduction/worker buffer size: 1 KB  / 0 KB

[00:00:00] Data distribution: max. partitions/sites/weight per thread: 1 / 126 / 2016
[00:00:00] Data distribution: max. searches per worker: 1

Starting ML tree search with 1 distinct starting trees

[00:00:00 -13374.376790] Initial branch length optimization
[00:00:00 -13374.376789] Model parameter optimization (eps = 10.000000)
[00:00:00 -13374.376789] AUTODETECT spr round 1 (radius: 5)
[00:00:00 -13374.376789] SPR radius for FAST iterations: 5 (autodetect)
[00:00:00 -13374.376789] Model parameter optimization (eps = 3.000000)
[00:00:00 -13374.376789] FAST spr round 1 (radius: 5)
[00:00:00 -13374.376789] Model parameter optimization (eps = 1.000000)
[00:00:00 -13374.376789] SLOW spr round 1 (radius: 5)
[00:00:00 -13374.376789] Model parameter optimization (eps = 0.100000)

[00:00:00] ML tree search #1, logLikelihood: -13374.376789


Optimized model parameters:

   Partition 0: noname
   Rate heterogeneity: GAMMA (4 cats, mean),  alpha: 4.565000 (user),  weights&rates: (0.250000,0.482942) (0.250000,0.792730) (0.250000,1.083966) (0.250000,1.640363) 
   P-inv (user): 0.260700
   Base frequencies (user): 0.189381 0.215278 0.276172 0.319168 
   Substitution rates (user): 1.145600 1.077500 1.300000 1.056300 0.967500 1.000000 


Final LogLikelihood: -13374.376789

AIC score: 26770.753578 / AICc score: 26770.833024 / BIC score: 26837.988085
Free parameters (model + branch lengths): 11

Best ML tree saved to: /raid/home/hatang/final_thesis/precompute/89/89_infer.raxml.bestTree
Optimized model saved to: /raid/home/hatang/final_thesis/precompute/89/89_infer.raxml.bestModel

Execution log saved to: /raid/home/hatang/final_thesis/precompute/89/89_infer.raxml.log

Analysis started: 05-May-2026 01:15:57 / finished: 05-May-2026 01:15:57

Elapsed time: 0.045 seconds

