IQ-TREE version 3.1.1 for Linux x86 64-bit built Apr  8 2026
Developed by Bui Quang Minh, Thomas Wong, Nhan Ly-Trong, Huaiyan Ren
Contributed by Lam-Tung Nguyen, Dominik Schrempf, Chris Bielow,
Olga Chernomor, Michael Woodhams, Diep Thi Hoang, Heiko Schmidt

Host:    ha-ThinkPad-E14-Gen-5 (AVX2, FMA3, 31 GB RAM)
Command: iqtree3 -s /home/ha/Code/data/dna/test/89/data.phy -t /home/ha/Code/data/dna/test/89/start.newick -m GTR{1.1456,1.0775,1.3000,1.0563,0.9675}+F{0.1894,0.2153,0.2762,0.3192}+I{0.2607}+G4{4.565} --prefix /home/ha/Code/data/precompute/89/89_infer -T 1 --redo
Seed:    64805 (Using SPRNG - Scalable Parallel Random Number Generator)
Time:    Sat May 16 12:06:20 2026
Kernel:  AVX+FMA - 1 threads (16 CPU cores detected)

HINT: Use -nt option to specify number of threads because your CPU has 16 cores!
HINT: -nt AUTO will automatically determine the best number of threads to use.

Reading alignment file /home/ha/Code/data/dna/test/89/data.phy ... Phylip format detected
Alignment most likely contains DNA/RNA sequences
Constructing alignment: done in 0.00321352 secs using 71.76% CPU
WARNING: 2 sites contain only gaps or ambiguous characters.
Alignment has 7 sequences with 3337 columns, 882 distinct patterns
743 parsimony-informative, 638 singleton sites, 1956 constant sites
    Gap/Ambiguity  Composition  p-value
Analyzing sequences: done in 3.0497e-05 secs
   1  T2   22.92%    passed     97.15%
   2  T5   21.55%    passed     93.81%
   3  T3   24.69%    passed     19.00%
   4  T1   18.40%    passed     60.44%
   5  T4    9.74%    passed     96.38%
   6  T6   11.39%    passed     88.22%
   7  T7   11.99%    passed     99.66%
****  TOTAL   17.24%  0 sequences failed composition chi2 test (p-value<5%; df=3)
Checking for duplicate sequences: done in 4.7122e-05 secs
Reading input tree file /home/ha/Code/data/dna/test/89/start.newick ...
WARNING: Normalizing State frequencies so that sum of them equals to 1

NOTE: 0 MB RAM (0 GB) is required!
Estimate model parameters (epsilon = 0.100)
1. Initial log-likelihood: -13374.377
Optimal log-likelihood: -13374.377
Rate parameters:  A-C: 1.14560  A-G: 1.07750  A-T: 1.30000  C-G: 1.05630  C-T: 0.96750  G-T: 1.00000
Base frequencies:  A: 0.189  C: 0.215  G: 0.276  T: 0.319
Proportion of invariable sites: 0.261
Gamma shape alpha: 4.565
Parameters optimization took 1 rounds (0.004 sec)
Wrote distance file to... 

Do NNI search on 1 best initial trees
Finish initializing candidate tree set (1)
Current best tree score: -13374.377 / CPU time: 0.015
Number of iterations: 1
--------------------------------------------------------------------
|               OPTIMIZING CANDIDATE TREE SET                      |
--------------------------------------------------------------------
UPDATE BEST LOG-LIKELIHOOD: -13374.377
UPDATE BEST LOG-LIKELIHOOD: -13374.377
Iteration 10 / LogL: -13379.163 / Time: 0h:0m:0s
Iteration 20 / LogL: -13375.482 / Time: 0h:0m:0s
Iteration 30 / LogL: -13374.906 / Time: 0h:0m:0s (0h:0m:0s left)
Iteration 40 / LogL: -13374.766 / Time: 0h:0m:0s (0h:0m:0s left)
Iteration 50 / LogL: -13374.759 / Time: 0h:0m:0s (0h:0m:0s left)
Iteration 60 / LogL: -13374.415 / Time: 0h:0m:0s (0h:0m:0s left)
Iteration 70 / LogL: -13374.427 / Time: 0h:0m:0s (0h:0m:0s left)
Iteration 80 / LogL: -13374.766 / Time: 0h:0m:0s (0h:0m:0s left)
Iteration 90 / LogL: -13374.377 / Time: 0h:0m:0s (0h:0m:0s left)
Iteration 100 / LogL: -13374.754 / Time: 0h:0m:0s (0h:0m:0s left)
TREE SEARCH COMPLETED AFTER 101 ITERATIONS / Time: 0h:0m:0s

--------------------------------------------------------------------
|                    FINALIZING TREE SEARCH                        |
--------------------------------------------------------------------
Performs final model parameters optimization
Estimate model parameters (epsilon = 0.010)
1. Initial log-likelihood: -13374.377
Optimal log-likelihood: -13374.377
Rate parameters:  A-C: 1.14560  A-G: 1.07750  A-T: 1.30000  C-G: 1.05630  C-T: 0.96750  G-T: 1.00000
Base frequencies:  A: 0.189  C: 0.215  G: 0.276  T: 0.319
Proportion of invariable sites: 0.261
Gamma shape alpha: 4.565
Parameters optimization took 1 rounds (0.001 sec)
BEST SCORE FOUND : -13374.377
Total tree length: 0.951

Total number of iterations: 101
CPU time used for tree search: 0.738 sec (0h:0m:0s)
Wall-clock time used for tree search: 0.750 sec (0h:0m:0s)
Total CPU time used: 0.755 sec (0h:0m:0s)
Total wall-clock time used: 0.770 sec (0h:0m:0s)

Analysis results written to: 
  IQ-TREE report:                /home/ha/Code/data/precompute/89/89_infer.iqtree
  Maximum-likelihood tree:       /home/ha/Code/data/precompute/89/89_infer.treefile
  Screen log file:               /home/ha/Code/data/precompute/89/89_infer.log

Date and Time: Sat May 16 12:06:20 2026
