IQ-TREE version 3.1.1 for Linux x86 64-bit built Apr  8 2026
Developed by Bui Quang Minh, Thomas Wong, Nhan Ly-Trong, Huaiyan Ren
Contributed by Lam-Tung Nguyen, Dominik Schrempf, Chris Bielow,
Olga Chernomor, Michael Woodhams, Diep Thi Hoang, Heiko Schmidt

Host:    ha-ThinkPad-E14-Gen-5 (AVX2, FMA3, 31 GB RAM)
Command: iqtree3 -s /home/ha/Code/data/dna/test/375/data.phy -t /home/ha/Code/data/dna/test/375/start.newick -m GTR{0.9095,0.8575,0.9790,0.9975,0.9484}+F{0.3146,0.2368,0.1952,0.2534}+I{9.389e-07}+G4{0.9506} --prefix /home/ha/Code/data/precompute/375/375_infer -T 1 --redo
Seed:    125776 (Using SPRNG - Scalable Parallel Random Number Generator)
Time:    Sat May 16 12:09:03 2026
Kernel:  AVX+FMA - 1 threads (16 CPU cores detected)

HINT: Use -nt option to specify number of threads because your CPU has 16 cores!
HINT: -nt AUTO will automatically determine the best number of threads to use.

Reading alignment file /home/ha/Code/data/dna/test/375/data.phy ... Phylip format detected
Alignment most likely contains DNA/RNA sequences
Constructing alignment: done in 0.00154571 secs using 63.98% CPU
WARNING: 2 sites contain only gaps or ambiguous characters.
Alignment has 15 sequences with 2342 columns, 1460 distinct patterns
988 parsimony-informative, 340 singleton sites, 1014 constant sites
     Gap/Ambiguity  Composition  p-value
Analyzing sequences: done in 5.487e-05 secs using 98.41% CPU
   1  T2    31.17%    passed     94.15%
   2  T7    29.33%    passed     75.03%
   3  T3    37.28%    passed     85.30%
   4  T4    34.59%    passed     90.02%
   5  T5    36.25%    passed     87.86%
   6  T10   40.35%    passed     63.06%
   7  T12   39.11%    passed     10.87%
   8  T6    25.92%    passed     95.79%
   9  T15   24.25%    passed     97.95%
  10  T8    19.68%    passed     97.23%
  11  T9    23.48%    passed     38.60%
  12  T13   23.61%    passed     55.45%
  13  T11   23.01%    passed     97.89%
  14  T1    14.30%    passed     88.91%
  15  T14   15.97%    passed     80.03%
****  TOTAL   27.89%  0 sequences failed composition chi2 test (p-value<5%; df=3)
Checking for duplicate sequences: done in 7.5338e-05 secs using 99.55% CPU
Reading input tree file /home/ha/Code/data/dna/test/375/start.newick ...

NOTE: 2 MB RAM (0 GB) is required!
Estimate model parameters (epsilon = 0.100)
1. Initial log-likelihood: -16300.006
Optimal log-likelihood: -16300.006
Rate parameters:  A-C: 0.90950  A-G: 0.85750  A-T: 0.97900  C-G: 0.99750  C-T: 0.94840  G-T: 1.00000
Base frequencies:  A: 0.315  C: 0.237  G: 0.195  T: 0.253
Proportion of invariable sites: 0.000
Gamma shape alpha: 0.951
Parameters optimization took 1 rounds (0.007 sec)
Wrote distance file to... 

Do NNI search on 1 best initial trees
Finish initializing candidate tree set (1)
Current best tree score: -16300.006 / CPU time: 0.042
Number of iterations: 1
--------------------------------------------------------------------
|               OPTIMIZING CANDIDATE TREE SET                      |
--------------------------------------------------------------------
Iteration 10 / LogL: -16307.715 / Time: 0h:0m:0s
Iteration 20 / LogL: -16301.195 / Time: 0h:0m:1s
Iteration 30 / LogL: -16300.006 / Time: 0h:0m:1s (0h:0m:4s left)
Iteration 40 / LogL: -16300.006 / Time: 0h:0m:2s (0h:0m:3s left)
Iteration 50 / LogL: -16300.006 / Time: 0h:0m:2s (0h:0m:2s left)
Iteration 60 / LogL: -16303.145 / Time: 0h:0m:3s (0h:0m:2s left)
Iteration 70 / LogL: -16300.009 / Time: 0h:0m:4s (0h:0m:1s left)
Iteration 80 / LogL: -16300.025 / Time: 0h:0m:4s (0h:0m:1s left)
Iteration 90 / LogL: -16300.106 / Time: 0h:0m:5s (0h:0m:0s left)
Iteration 100 / LogL: -16300.008 / Time: 0h:0m:6s (0h:0m:0s left)
TREE SEARCH COMPLETED AFTER 101 ITERATIONS / Time: 0h:0m:6s

--------------------------------------------------------------------
|                    FINALIZING TREE SEARCH                        |
--------------------------------------------------------------------
Performs final model parameters optimization
Estimate model parameters (epsilon = 0.010)
1. Initial log-likelihood: -16300.006
Optimal log-likelihood: -16300.006
Rate parameters:  A-C: 0.90950  A-G: 0.85750  A-T: 0.97900  C-G: 0.99750  C-T: 0.94840  G-T: 1.00000
Base frequencies:  A: 0.315  C: 0.237  G: 0.195  T: 0.253
Proportion of invariable sites: 0.000
Gamma shape alpha: 0.951
Parameters optimization took 1 rounds (0.003 sec)
BEST SCORE FOUND : -16300.006
Total tree length: 2.634

Total number of iterations: 101
CPU time used for tree search: 6.128 sec (0h:0m:6s)
Wall-clock time used for tree search: 6.166 sec (0h:0m:6s)
Total CPU time used: 6.148 sec (0h:0m:6s)
Total wall-clock time used: 6.186 sec (0h:0m:6s)

Analysis results written to: 
  IQ-TREE report:                /home/ha/Code/data/precompute/375/375_infer.iqtree
  Maximum-likelihood tree:       /home/ha/Code/data/precompute/375/375_infer.treefile
  Screen log file:               /home/ha/Code/data/precompute/375/375_infer.log

Date and Time: Sat May 16 12:09:09 2026
