
RAxML-NG v. 1.2.2 released on 11.04.2024 by The Exelixis Lab.
Developed by: Alexey M. Kozlov and Alexandros Stamatakis.
Contributors: Diego Darriba, Tomas Flouri, Benoit Morel, Sarah Lutteropp, Ben Bettisworth, Julia Haag, Anastasis Togkousidis.
Latest version: https://github.com/amkozlov/raxml-ng
Questions/problems/suggestions? Please visit: https://groups.google.com/forum/#!forum/raxml

System: AMD EPYC 7742 64-Core Processor, 128 cores, 2015 GB RAM

RAxML-NG was called at 05-May-2026 14:57:00 as follows:

raxml-ng --search --msa /raid/home/hatang/final_thesis/data/dna/test/375/data.phy --tree /raid/home/hatang/final_thesis/data/dna/test/375/start.newick --model GTR{0.9095/0.8575/0.9790/0.9975/0.9484/1.0000}+I{9.389e-07}+G{0.9506}+F{0.3146/0.2368/0.1952/0.2534} --prefix precompute/375/375_infer --threads auto --seed 42 --force perf_threads

Analysis options:
  run mode: ML tree search
  start tree(s): user
  random seed: 42
  tip-inner: OFF
  pattern compression: ON
  per-rate scalers: OFF
  site repeats: ON
  logLH epsilon: general: 10.000000, brlen-triplet: 1000.000000
  fast spr radius: AUTO
  spr subtree cutoff: 1.000000
  fast CLV updates: ON
  branch lengths: proportional (ML estimate, algorithm: NR-FAST)
  SIMD kernels: AVX2
  parallelization: coarse-grained (auto), PTHREADS (auto)

WARNING: Running in FORCE mode: some safety checks are disabled!

[00:00:00] Reading alignment from file: /raid/home/hatang/final_thesis/data/dna/test/375/data.phy
[00:00:00] Loaded alignment with 15 taxa and 2342 sites

WARNING: Fully undetermined columns found: 2

NOTE: Reduced alignment (with duplicates and gap-only sites/taxa removed) 
NOTE: was saved to: /raid/home/hatang/final_thesis/precompute/375/375_infer.raxml.reduced.phy

Alignment comprises 1 partitions and 1459 patterns

Partition 0: noname
Model: GTR{0.9095/0.8575/0.979/0.9975/0.9484/1}+FU{0.3146/0.2368/0.1952/0.2534}+IU{9.389e-07}+G4m{0.9506}
Alignment sites / patterns: 2340 / 1459
Gaps: 27.83 %
Invariant sites: 43.25 %


NOTE: Binary MSA file created: precompute/375/375_infer.raxml.rba

Parallelization scheme autoconfig: 1 worker(s) x 8 thread(s)

[00:00:00] Loading user starting tree(s) from: /raid/home/hatang/final_thesis/data/dna/test/375/start.newick
Parallel reduction/worker buffer size: 1 KB  / 0 KB

[00:00:00] Data distribution: max. partitions/sites/weight per thread: 1 / 183 / 2928
[00:00:00] Data distribution: max. searches per worker: 1

Starting ML tree search with 1 distinct starting trees

[00:00:00 -16300.005664] Initial branch length optimization
[00:00:00 -16300.005662] Model parameter optimization (eps = 10.000000)
[00:00:00 -16300.005662] AUTODETECT spr round 1 (radius: 5)
[00:00:00 -16300.005662] SPR radius for FAST iterations: 5 (autodetect)
[00:00:00 -16300.005662] Model parameter optimization (eps = 3.000000)
[00:00:00 -16300.005662] FAST spr round 1 (radius: 5)
[00:00:00 -16300.005662] Model parameter optimization (eps = 1.000000)
[00:00:00 -16300.005662] SLOW spr round 1 (radius: 5)
[00:00:00 -16300.005662] SLOW spr round 2 (radius: 10)
[00:00:00 -16300.005662] SLOW spr round 3 (radius: 15)
[00:00:00 -16300.005662] Model parameter optimization (eps = 0.100000)

[00:00:00] ML tree search #1, logLikelihood: -16300.005662


Optimized model parameters:

   Partition 0: noname
   Rate heterogeneity: GAMMA (4 cats, mean),  alpha: 0.950600 (user),  weights&rates: (0.250000,0.126995) (0.250000,0.461383) (0.250000,0.991307) (0.250000,2.420316) 
   P-inv (user): 0.000001
   Base frequencies (user): 0.314600 0.236800 0.195200 0.253400 
   Substitution rates (user): 0.909500 0.857500 0.979000 0.997500 0.948400 1.000000 


Final LogLikelihood: -16300.005662

AIC score: 32654.011324 / AICc score: 32654.665304 / BIC score: 32809.474792
Free parameters (model + branch lengths): 27

Best ML tree saved to: /raid/home/hatang/final_thesis/precompute/375/375_infer.raxml.bestTree
Optimized model saved to: /raid/home/hatang/final_thesis/precompute/375/375_infer.raxml.bestModel

Execution log saved to: /raid/home/hatang/final_thesis/precompute/375/375_infer.raxml.log

Analysis started: 05-May-2026 14:57:00 / finished: 05-May-2026 14:57:00

Elapsed time: 0.160 seconds

