
RAxML-NG v. 1.2.2 released on 11.04.2024 by The Exelixis Lab.
Developed by: Alexey M. Kozlov and Alexandros Stamatakis.
Contributors: Diego Darriba, Tomas Flouri, Benoit Morel, Sarah Lutteropp, Ben Bettisworth, Julia Haag, Anastasis Togkousidis.
Latest version: https://github.com/amkozlov/raxml-ng
Questions/problems/suggestions? Please visit: https://groups.google.com/forum/#!forum/raxml

System: AMD EPYC 7742 64-Core Processor, 128 cores, 2015 GB RAM

RAxML-NG was called at 05-May-2026 02:30:08 as follows:

raxml-ng --search --msa /raid/home/hatang/final_thesis/data/dna/test/148/data.phy --tree /raid/home/hatang/final_thesis/data/dna/test/148/start.newick --model GTR{0.9878/0.9752/1.1063/1.0822/0.9884/1.0000}+I{0.2085}+G{2.664}+F{0.2837/0.1598/0.2764/0.2801} --prefix precompute/148/148_infer --threads auto --seed 42 --force perf_threads

Analysis options:
  run mode: ML tree search
  start tree(s): user
  random seed: 42
  tip-inner: OFF
  pattern compression: ON
  per-rate scalers: OFF
  site repeats: ON
  logLH epsilon: general: 10.000000, brlen-triplet: 1000.000000
  fast spr radius: AUTO
  spr subtree cutoff: 1.000000
  fast CLV updates: ON
  branch lengths: proportional (ML estimate, algorithm: NR-FAST)
  SIMD kernels: AVX2
  parallelization: coarse-grained (auto), PTHREADS (auto)

WARNING: Running in FORCE mode: some safety checks are disabled!

[00:00:00] Reading alignment from file: /raid/home/hatang/final_thesis/data/dna/test/148/data.phy
[00:00:00] Loaded alignment with 7 taxa and 5450 sites

WARNING: Fully undetermined columns found: 3

NOTE: Reduced alignment (with duplicates and gap-only sites/taxa removed) 
NOTE: was saved to: /raid/home/hatang/final_thesis/precompute/148/148_infer.raxml.reduced.phy

Alignment comprises 1 partitions and 1112 patterns

Partition 0: noname
Model: GTR{0.9878/0.9752/1.1063/1.0822/0.9884/1}+FU{0.2837/0.1598/0.2764/0.2801}+IU{0.2085}+G4m{2.664}
Alignment sites / patterns: 5447 / 1112
Gaps: 12.59 %
Invariant sites: 62.49 %


NOTE: Binary MSA file created: precompute/148/148_infer.raxml.rba

Parallelization scheme autoconfig: 1 worker(s) x 9 thread(s)

[00:00:00] Loading user starting tree(s) from: /raid/home/hatang/final_thesis/data/dna/test/148/start.newick
Parallel reduction/worker buffer size: 1 KB  / 0 KB

[00:00:00] Data distribution: max. partitions/sites/weight per thread: 1 / 124 / 1984
[00:00:00] Data distribution: max. searches per worker: 1

Starting ML tree search with 1 distinct starting trees

[00:00:00 -20680.025681] Initial branch length optimization
[00:00:00 -20680.025681] Model parameter optimization (eps = 10.000000)
[00:00:00 -20680.025681] AUTODETECT spr round 1 (radius: 5)
[00:00:00 -20680.025681] SPR radius for FAST iterations: 5 (autodetect)
[00:00:00 -20680.025681] Model parameter optimization (eps = 3.000000)
[00:00:00 -20680.025681] FAST spr round 1 (radius: 5)
[00:00:00 -20680.025681] Model parameter optimization (eps = 1.000000)
[00:00:00 -20680.025681] SLOW spr round 1 (radius: 5)
[00:00:00 -20680.025681] Model parameter optimization (eps = 0.100000)

[00:00:00] ML tree search #1, logLikelihood: -20680.025681


Optimized model parameters:

   Partition 0: noname
   Rate heterogeneity: GAMMA (4 cats, mean),  alpha: 2.664000 (user),  weights&rates: (0.250000,0.361474) (0.250000,0.711046) (0.250000,1.080267) (0.250000,1.847213) 
   P-inv (user): 0.208500
   Base frequencies (user): 0.283700 0.159800 0.276400 0.280100 
   Substitution rates (user): 0.987800 0.975200 1.106300 1.082200 0.988400 1.000000 


Final LogLikelihood: -20680.025681

AIC score: 41382.051362 / AICc score: 41382.099936 / BIC score: 41454.682385
Free parameters (model + branch lengths): 11

Best ML tree saved to: /raid/home/hatang/final_thesis/precompute/148/148_infer.raxml.bestTree
Optimized model saved to: /raid/home/hatang/final_thesis/precompute/148/148_infer.raxml.bestModel

Execution log saved to: /raid/home/hatang/final_thesis/precompute/148/148_infer.raxml.log

Analysis started: 05-May-2026 02:30:08 / finished: 05-May-2026 02:30:08

Elapsed time: 0.050 seconds

