IQ-TREE version 3.1.1 for Linux x86 64-bit built Apr  8 2026
Developed by Bui Quang Minh, Thomas Wong, Nhan Ly-Trong, Huaiyan Ren
Contributed by Lam-Tung Nguyen, Dominik Schrempf, Chris Bielow,
Olga Chernomor, Michael Woodhams, Diep Thi Hoang, Heiko Schmidt

Host:    IAD1-C632678DGX041 (AVX2, FMA3, 2015 GB RAM)
Command: iqtree3 -s /raid/home/hatang/final_thesis/data/dna/test/97/data.phy -t /raid/home/hatang/final_thesis/data/dna/test/97/start.newick -m GTR{0.9538,0.8703,0.8879,1.1148,0.9640}+F{0.2313,0.1167,0.3377,0.3143}+I{9.992e-07}+G4{0.9764} --prefix precompute/97/97_infer --threads auto --redo
Seed:    257916 (Using SPRNG - Scalable Parallel Random Number Generator)
Time:    Tue May  5 01:39:47 2026
Kernel:  AVX+FMA - auto-detect threads (256 CPU cores detected)

Reading alignment file /raid/home/hatang/final_thesis/data/dna/test/97/data.phy ... Phylip format detected
Alignment most likely contains DNA/RNA sequences
Constructing alignment: done in 0.0273692 secs using 5918% CPU
WARNING: 9 sites contain only gaps or ambiguous characters.
Alignment has 7 sequences with 3219 columns, 514 distinct patterns
459 parsimony-informative, 539 singleton sites, 2221 constant sites
    Gap/Ambiguity  Composition  p-value
Analyzing sequences: done in 0.0123634 secs using 2.034e+04% CPU
   1  T2    8.51%    passed     98.21%
   2  T3   13.17%    passed     87.64%
   3  T5   13.02%    passed     59.98%
   4  T4   13.23%    passed     73.31%
   5  T6    8.76%    passed     98.89%
   6  T1    7.18%    passed     68.31%
   7  T7    7.80%    passed     90.50%
****  TOTAL   10.24%  0 sequences failed composition chi2 test (p-value<5%; df=3)
Checking for duplicate sequences: done in 0.0120667 secs using 2.195e+04% CPU
Reading input tree file /raid/home/hatang/final_thesis/data/dna/test/97/start.newick ...

NOTE: 0 MB RAM (0 GB) is required!
Measuring multi-threading efficiency up to 256 CPU cores
Increase to 10 rounds for branch lengths
117989 trees examined
Threads: 1 / Time: 256.001 sec / Speedup: 1.000 / Efficiency: 100% / LogL: -10952
Threads: 2 / Time: 273.421 sec / Speedup: 0.936 / Efficiency: 47% / LogL: -10952
Determining AUTO threadcount: done in 529.423 secs using 149.5% CPU
BEST NUMBER OF THREADS: 1

Estimate model parameters (epsilon = 0.100)
1. Initial log-likelihood: -10352.567
Optimal log-likelihood: -10352.567
Rate parameters:  A-C: 0.95380  A-G: 0.87030  A-T: 0.88790  C-G: 1.11480  C-T: 0.96400  G-T: 1.00000
Base frequencies:  A: 0.231  C: 0.117  G: 0.338  T: 0.314
Proportion of invariable sites: 0.000
Gamma shape alpha: 0.976
Parameters optimization took 1 rounds (0.001 sec)
Wrote distance file to... 

Do NNI search on 1 best initial trees
Finish initializing candidate tree set (1)
Current best tree score: -10352.567 / CPU time: 0.002
Number of iterations: 1
--------------------------------------------------------------------
|               OPTIMIZING CANDIDATE TREE SET                      |
--------------------------------------------------------------------
Iteration 10 / LogL: -10352.605 / Time: 0h:8m:49s
Iteration 20 / LogL: -10352.567 / Time: 0h:8m:49s
Iteration 30 / LogL: -10352.877 / Time: 0h:8m:49s (0h:21m:18s left)
Iteration 40 / LogL: -10352.607 / Time: 0h:8m:49s (0h:13m:34s left)
UPDATE BEST LOG-LIKELIHOOD: -10352.567
Iteration 50 / LogL: -10353.002 / Time: 0h:8m:49s (0h:9m:0s left)
Iteration 60 / LogL: -10352.589 / Time: 0h:8m:49s (0h:5m:59s left)
Iteration 70 / LogL: -10352.567 / Time: 0h:8m:49s (0h:3m:50s left)
Iteration 80 / LogL: -10352.891 / Time: 0h:8m:49s (0h:2m:14s left)
Iteration 90 / LogL: -10352.567 / Time: 0h:8m:49s (0h:0m:59s left)
Iteration 100 / LogL: -10358.376 / Time: 0h:8m:49s (0h:0m:0s left)
TREE SEARCH COMPLETED AFTER 101 ITERATIONS / Time: 0h:8m:49s

--------------------------------------------------------------------
|                    FINALIZING TREE SEARCH                        |
--------------------------------------------------------------------
Performs final model parameters optimization
Estimate model parameters (epsilon = 0.010)
1. Initial log-likelihood: -10352.567
Optimal log-likelihood: -10352.567
Rate parameters:  A-C: 0.95380  A-G: 0.87030  A-T: 0.88790  C-G: 1.11480  C-T: 0.96400  G-T: 1.00000
Base frequencies:  A: 0.231  C: 0.117  G: 0.338  T: 0.314
Proportion of invariable sites: 0.000
Gamma shape alpha: 0.976
Parameters optimization took 1 rounds (0.001 sec)
BEST SCORE FOUND : -10352.567
Total tree length: 0.534

Total number of iterations: 101
CPU time used for tree search: 0.476 sec (0h:0m:0s)
Wall-clock time used for tree search: 0.484 sec (0h:0m:0s)
Total CPU time used: 796.085 sec (0h:13m:16s)
Total wall-clock time used: 529.936 sec (0h:8m:49s)

Analysis results written to: 
  IQ-TREE report:                precompute/97/97_infer.iqtree
  Maximum-likelihood tree:       precompute/97/97_infer.treefile
  Screen log file:               precompute/97/97_infer.log

Date and Time: Tue May  5 01:48:37 2026
