
RAxML-NG v. 1.2.2 released on 11.04.2024 by The Exelixis Lab.
Developed by: Alexey M. Kozlov and Alexandros Stamatakis.
Contributors: Diego Darriba, Tomas Flouri, Benoit Morel, Sarah Lutteropp, Ben Bettisworth, Julia Haag, Anastasis Togkousidis.
Latest version: https://github.com/amkozlov/raxml-ng
Questions/problems/suggestions? Please visit: https://groups.google.com/forum/#!forum/raxml

System: AMD EPYC 7742 64-Core Processor, 128 cores, 2015 GB RAM

RAxML-NG was called at 05-May-2026 01:48:37 as follows:

raxml-ng --search --msa /raid/home/hatang/final_thesis/data/dna/test/97/data.phy --tree /raid/home/hatang/final_thesis/data/dna/test/97/start.newick --model GTR{0.9538/0.8703/0.8879/1.1148/0.9640/1.0000}+I{9.992e-07}+G{0.9764}+F{0.2313/0.1167/0.3377/0.3143} --prefix precompute/97/97_infer --threads auto --seed 42 --force perf_threads

Analysis options:
  run mode: ML tree search
  start tree(s): user
  random seed: 42
  tip-inner: OFF
  pattern compression: ON
  per-rate scalers: OFF
  site repeats: ON
  logLH epsilon: general: 10.000000, brlen-triplet: 1000.000000
  fast spr radius: AUTO
  spr subtree cutoff: 1.000000
  fast CLV updates: ON
  branch lengths: proportional (ML estimate, algorithm: NR-FAST)
  SIMD kernels: AVX2
  parallelization: coarse-grained (auto), PTHREADS (auto)

WARNING: Running in FORCE mode: some safety checks are disabled!

[00:00:00] Reading alignment from file: /raid/home/hatang/final_thesis/data/dna/test/97/data.phy
[00:00:00] Loaded alignment with 7 taxa and 3219 sites

WARNING: Fully undetermined columns found: 9

NOTE: Reduced alignment (with duplicates and gap-only sites/taxa removed) 
NOTE: was saved to: /raid/home/hatang/final_thesis/precompute/97/97_infer.raxml.reduced.phy

Alignment comprises 1 partitions and 513 patterns

Partition 0: noname
Model: GTR{0.9538/0.8703/0.8879/1.1148/0.964/1}+FU{0.2313/0.1167/0.3377/0.3143}+IU{9.992e-07}+G4m{0.9764}
Alignment sites / patterns: 3210 / 513
Gaps: 9.99 %
Invariant sites: 68.91 %


NOTE: Binary MSA file created: precompute/97/97_infer.raxml.rba

Parallelization scheme autoconfig: 1 worker(s) x 6 thread(s)

[00:00:00] Loading user starting tree(s) from: /raid/home/hatang/final_thesis/data/dna/test/97/start.newick
Parallel reduction/worker buffer size: 1 KB  / 0 KB

[00:00:00] Data distribution: max. partitions/sites/weight per thread: 1 / 86 / 1376
[00:00:00] Data distribution: max. searches per worker: 1

Starting ML tree search with 1 distinct starting trees

[00:00:00 -10352.566812] Initial branch length optimization
[00:00:00 -10352.566812] Model parameter optimization (eps = 10.000000)
[00:00:00 -10352.566812] AUTODETECT spr round 1 (radius: 5)
[00:00:00 -10352.566812] SPR radius for FAST iterations: 5 (autodetect)
[00:00:00 -10352.566812] Model parameter optimization (eps = 3.000000)
[00:00:00 -10352.566812] FAST spr round 1 (radius: 5)
[00:00:00 -10352.566812] Model parameter optimization (eps = 1.000000)
[00:00:00 -10352.566812] SLOW spr round 1 (radius: 5)
[00:00:00 -10352.566812] Model parameter optimization (eps = 0.100000)

[00:00:00] ML tree search #1, logLikelihood: -10352.566812


Optimized model parameters:

   Partition 0: noname
   Rate heterogeneity: GAMMA (4 cats, mean),  alpha: 0.976400 (user),  weights&rates: (0.250000,0.132221) (0.250000,0.469541) (0.250000,0.995977) (0.250000,2.402260) 
   P-inv (user): 0.000001
   Base frequencies (user): 0.231300 0.116700 0.337700 0.314300 
   Substitution rates (user): 0.953800 0.870300 0.887900 1.114800 0.964000 1.000000 


Final LogLikelihood: -10352.566812

AIC score: 20727.133624 / AICc score: 20727.216176 / BIC score: 20793.947913
Free parameters (model + branch lengths): 11

Best ML tree saved to: /raid/home/hatang/final_thesis/precompute/97/97_infer.raxml.bestTree
Optimized model saved to: /raid/home/hatang/final_thesis/precompute/97/97_infer.raxml.bestModel

Execution log saved to: /raid/home/hatang/final_thesis/precompute/97/97_infer.raxml.log

Analysis started: 05-May-2026 01:48:37 / finished: 05-May-2026 01:48:37

Elapsed time: 0.039 seconds

