
RAxML-NG v. 1.2.2 released on 11.04.2024 by The Exelixis Lab.
Developed by: Alexey M. Kozlov and Alexandros Stamatakis.
Contributors: Diego Darriba, Tomas Flouri, Benoit Morel, Sarah Lutteropp, Ben Bettisworth, Julia Haag, Anastasis Togkousidis.
Latest version: https://github.com/amkozlov/raxml-ng
Questions/problems/suggestions? Please visit: https://groups.google.com/forum/#!forum/raxml

System: AMD EPYC 7742 64-Core Processor, 128 cores, 2015 GB RAM

RAxML-NG was called at 05-May-2026 03:14:28 as follows:

raxml-ng --search --msa /raid/home/hatang/final_thesis/data/dna/test/403/data.phy --tree /raid/home/hatang/final_thesis/data/dna/test/403/start.newick --model GTR{1.0739/1.0353/1.0640/0.9273/1.0455/1.0000}+I{0.05107}+G{1.234}+F{0.3302/0.1506/0.287/0.2322} --prefix precompute/403/403_infer --threads auto --seed 42 --force perf_threads

Analysis options:
  run mode: ML tree search
  start tree(s): user
  random seed: 42
  tip-inner: OFF
  pattern compression: ON
  per-rate scalers: OFF
  site repeats: ON
  logLH epsilon: general: 10.000000, brlen-triplet: 1000.000000
  fast spr radius: AUTO
  spr subtree cutoff: 1.000000
  fast CLV updates: ON
  branch lengths: proportional (ML estimate, algorithm: NR-FAST)
  SIMD kernels: AVX2
  parallelization: coarse-grained (auto), PTHREADS (auto)

WARNING: Running in FORCE mode: some safety checks are disabled!

[00:00:00] Reading alignment from file: /raid/home/hatang/final_thesis/data/dna/test/403/data.phy
[00:00:00] Loaded alignment with 15 taxa and 6205 sites

WARNING: Fully undetermined columns found: 80

NOTE: Reduced alignment (with duplicates and gap-only sites/taxa removed) 
NOTE: was saved to: /raid/home/hatang/final_thesis/precompute/403/403_infer.raxml.reduced.phy

Alignment comprises 1 partitions and 2871 patterns

Partition 0: noname
Model: GTR{1.0739/1.0353/1.064/0.9273/1.0455/1}+FU{0.3302/0.1506/0.287/0.2322}+IU{0.05107}+G4m{1.234}
Alignment sites / patterns: 6125 / 2871
Gaps: 22.60 %
Invariant sites: 47.05 %


NOTE: Binary MSA file created: precompute/403/403_infer.raxml.rba

Parallelization scheme autoconfig: 1 worker(s) x 8 thread(s)

[00:00:00] Loading user starting tree(s) from: /raid/home/hatang/final_thesis/data/dna/test/403/start.newick
Parallel reduction/worker buffer size: 1 KB  / 0 KB

[00:00:00] Data distribution: max. partitions/sites/weight per thread: 1 / 359 / 5744
[00:00:00] Data distribution: max. searches per worker: 1

Starting ML tree search with 1 distinct starting trees

[00:00:00 -36946.107806] Initial branch length optimization
[00:00:00 -36946.107799] Model parameter optimization (eps = 10.000000)
[00:00:00 -36946.107798] AUTODETECT spr round 1 (radius: 5)
[00:00:00 -36946.107798] SPR radius for FAST iterations: 5 (autodetect)
[00:00:00 -36946.107798] Model parameter optimization (eps = 3.000000)
[00:00:00 -36946.107798] FAST spr round 1 (radius: 5)
[00:00:00 -36946.107798] Model parameter optimization (eps = 1.000000)
[00:00:00 -36946.107798] SLOW spr round 1 (radius: 5)
[00:00:00 -36946.107798] SLOW spr round 2 (radius: 10)
[00:00:00 -36946.107798] SLOW spr round 3 (radius: 15)
[00:00:00 -36946.107798] Model parameter optimization (eps = 0.100000)

[00:00:00] ML tree search #1, logLikelihood: -36946.107798


Optimized model parameters:

   Partition 0: noname
   Rate heterogeneity: GAMMA (4 cats, mean),  alpha: 1.234000 (user),  weights&rates: (0.250000,0.181160) (0.250000,0.537328) (0.250000,1.030061) (0.250000,2.251451) 
   P-inv (user): 0.051070
   Base frequencies (user): 0.330200 0.150600 0.287000 0.232200 
   Substitution rates (user): 1.073900 1.035300 1.064000 0.927300 1.045500 1.000000 


Final LogLikelihood: -36946.107798

AIC score: 73946.215596 / AICc score: 73946.463587 / BIC score: 74127.659215
Free parameters (model + branch lengths): 27

Best ML tree saved to: /raid/home/hatang/final_thesis/precompute/403/403_infer.raxml.bestTree
Optimized model saved to: /raid/home/hatang/final_thesis/precompute/403/403_infer.raxml.bestModel

Execution log saved to: /raid/home/hatang/final_thesis/precompute/403/403_infer.raxml.log

Analysis started: 05-May-2026 03:14:28 / finished: 05-May-2026 03:14:28

Elapsed time: 0.251 seconds

