
RAxML-NG v. 1.2.2 released on 11.04.2024 by The Exelixis Lab.
Developed by: Alexey M. Kozlov and Alexandros Stamatakis.
Contributors: Diego Darriba, Tomas Flouri, Benoit Morel, Sarah Lutteropp, Ben Bettisworth, Julia Haag, Anastasis Togkousidis.
Latest version: https://github.com/amkozlov/raxml-ng
Questions/problems/suggestions? Please visit: https://groups.google.com/forum/#!forum/raxml

System: 13th Gen Intel(R) Core(TM) i5-13500H, 12 cores, 31 GB RAM (allocated: 8 physical cores)

RAxML-NG was called at 16-May-2026 12:12:52 as follows:

raxml-ng --search --msa /home/ha/Code/data/dna/test/449/data.phy --tree /home/ha/Code/data/dna/test/449/start.newick --model GTR{1.0222/1.0326/0.9540/0.9642/1.0309/1.0000}+I{0.038}+G{1.195}+F{0.2685/0.2383/0.3164/0.1769} --prefix /home/ha/Code/data/precompute/449/449_infer --threads 1 --seed 42 --force perf_threads --redo

Analysis options:
  run mode: ML tree search
  start tree(s): user
  random seed: 42
  tip-inner: OFF
  pattern compression: ON
  per-rate scalers: OFF
  site repeats: ON
  logLH epsilon: general: 10.000000, brlen-triplet: 1000.000000
  fast spr radius: AUTO
  spr subtree cutoff: 1.000000
  fast CLV updates: ON
  branch lengths: proportional (ML estimate, algorithm: NR-FAST)
  SIMD kernels: AVX2
  parallelization: coarse-grained (auto), NONE/sequential

WARNING: Running in REDO mode: existing checkpoints are ignored, and all result files will be overwritten!

WARNING: Running in FORCE mode: some safety checks are disabled!

[00:00:00] Reading alignment from file: /home/ha/Code/data/dna/test/449/data.phy
[00:00:00] Loaded alignment with 15 taxa and 5261 sites

WARNING: Fully undetermined columns found: 74

NOTE: Reduced alignment (with duplicates and gap-only sites/taxa removed) 
NOTE: was saved to: /home/ha/Code/data/precompute/449/449_infer.raxml.reduced.phy

Alignment comprises 1 partitions and 3185 patterns

Partition 0: noname
Model: GTR{1.0222/1.0326/0.954/0.9642/1.0309/1}+FU{0.2685/0.2383/0.3164/0.1769}+IU{0.038}+G4m{1.195}
Alignment sites / patterns: 5187 / 3185
Gaps: 36.21 %
Invariant sites: 42.82 %


NOTE: Binary MSA file created: /home/ha/Code/data/precompute/449/449_infer.raxml.rba

Parallelization scheme autoconfig: 1 worker(s) x 1 thread(s)

[00:00:00] Loading user starting tree(s) from: /home/ha/Code/data/dna/test/449/start.newick
Parallel reduction/worker buffer size: 1 KB  / 0 KB

[00:00:00] Data distribution: max. partitions/sites/weight per thread: 1 / 3185 / 50960
[00:00:00] Data distribution: max. searches per worker: 1

Starting ML tree search with 1 distinct starting trees

[00:00:00 -35481.383080] Initial branch length optimization
[00:00:00 -35481.383068] Model parameter optimization (eps = 10.000000)
[00:00:00 -35481.383067] AUTODETECT spr round 1 (radius: 5)
[00:00:00 -35481.383067] SPR radius for FAST iterations: 5 (autodetect)
[00:00:00 -35481.383067] Model parameter optimization (eps = 3.000000)
[00:00:00 -35481.383067] FAST spr round 1 (radius: 5)
[00:00:00 -35481.383067] Model parameter optimization (eps = 1.000000)
[00:00:00 -35481.383067] SLOW spr round 1 (radius: 5)
[00:00:01 -35481.383067] SLOW spr round 2 (radius: 10)
[00:00:01 -35481.383067] SLOW spr round 3 (radius: 15)
[00:00:01 -35481.383067] Model parameter optimization (eps = 0.100000)

[00:00:01] ML tree search #1, logLikelihood: -35481.383067


Optimized model parameters:

   Partition 0: noname
   Rate heterogeneity: GAMMA (4 cats, mean),  alpha: 1.195000 (user),  weights&rates: (0.250000,0.174146) (0.250000,0.528428) (0.250000,1.026055) (0.250000,2.271371) 
   P-inv (user): 0.038000
   Base frequencies (user): 0.268473 0.238276 0.316368 0.176882 
   Substitution rates (user): 1.022200 1.032600 0.954000 0.964200 1.030900 1.000000 


Final LogLikelihood: -35481.383067

AIC score: 71016.766134 / AICc score: 71017.059214 / BIC score: 71193.721724
Free parameters (model + branch lengths): 27

Best ML tree saved to: /home/ha/Code/data/precompute/449/449_infer.raxml.bestTree
Optimized model saved to: /home/ha/Code/data/precompute/449/449_infer.raxml.bestModel

Execution log saved to: /home/ha/Code/data/precompute/449/449_infer.raxml.log

Analysis started: 16-May-2026 12:12:52 / finished: 16-May-2026 12:12:54

Elapsed time: 1.488 seconds

