IQ-TREE version 3.1.1 for Linux x86 64-bit built Apr  8 2026
Developed by Bui Quang Minh, Thomas Wong, Nhan Ly-Trong, Huaiyan Ren
Contributed by Lam-Tung Nguyen, Dominik Schrempf, Chris Bielow,
Olga Chernomor, Michael Woodhams, Diep Thi Hoang, Heiko Schmidt

Host:    IAD1-C632678DGX041 (AVX2, FMA3, 2015 GB RAM)
Command: iqtree3 -s /raid/home/hatang/final_thesis/data/dna/test/426/data.phy -t /raid/home/hatang/final_thesis/data/dna/test/426/start.newick -m GTR{0.9980,1.0798,0.9864,1.0449,0.8970}+F{0.3704,0.1756,0.2263,0.2276}+I{9.853e-07}+G4{0.9397} --prefix precompute/426/426_infer --threads auto --redo
Seed:    979466 (Using SPRNG - Scalable Parallel Random Number Generator)
Time:    Tue May  5 12:53:28 2026
Kernel:  AVX+FMA - auto-detect threads (256 CPU cores detected)

Reading alignment file /raid/home/hatang/final_thesis/data/dna/test/426/data.phy ... Phylip format detected
Alignment most likely contains DNA/RNA sequences
Constructing alignment: done in 0.044974 secs using 1022% CPU
WARNING: 18 sites contain only gaps or ambiguous characters.
Alignment has 12 sequences with 5055 columns, 2453 distinct patterns
1799 parsimony-informative, 784 singleton sites, 2472 constant sites
     Gap/Ambiguity  Composition  p-value
Analyzing sequences: done in 0.0118855 secs using 2.158e+04% CPU
   1  T2    32.30%    passed     31.44%
   2  T10   31.93%    passed     28.70%
   3  T5    28.92%    passed     97.71%
   4  T11   36.22%    passed     90.53%
   5  T12   36.97%    passed     88.42%
   6  T3    28.33%    passed     27.77%
   7  T8    26.86%    passed     20.72%
   8  T7    25.30%    passed     77.09%
   9  T1    23.88%    passed     95.39%
  10  T4    22.35%    passed     85.84%
  11  T6    22.47%    passed     62.72%
  12  T9    23.05%    passed     60.92%
****  TOTAL   28.22%  0 sequences failed composition chi2 test (p-value<5%; df=3)
Checking for duplicate sequences: done in 0.0117273 secs using 2.398e+04% CPU
Reading input tree file /raid/home/hatang/final_thesis/data/dna/test/426/start.newick ...
WARNING: Normalizing State frequencies so that sum of them equals to 1

NOTE: 3 MB RAM (0 GB) is required!
Measuring multi-threading efficiency up to 256 CPU cores
Increase to 10 rounds for branch lengths
7900 trees examined
Threads: 1 / Time: 256.022 sec / Speedup: 1.000 / Efficiency: 100% / LogL: -34133
Threads: 2 / Time: 199.978 sec / Speedup: 1.280 / Efficiency: 64% / LogL: -34133
Threads: 3 / Time: 191.979 sec / Speedup: 1.334 / Efficiency: 44% / LogL: -34133
Determining AUTO threadcount: done in 647.98 secs using 189.2% CPU
BEST NUMBER OF THREADS: 2

Estimate model parameters (epsilon = 0.100)
1. Initial log-likelihood: -29525.281
Optimal log-likelihood: -29525.281
Rate parameters:  A-C: 0.99800  A-G: 1.07980  A-T: 0.98640  C-G: 1.04490  C-T: 0.89700  G-T: 1.00000
Base frequencies:  A: 0.370  C: 0.176  G: 0.226  T: 0.228
Proportion of invariable sites: 0.000
Gamma shape alpha: 0.940
Parameters optimization took 1 rounds (0.006 sec)
Wrote distance file to... 

Do NNI search on 1 best initial trees
Finish initializing candidate tree set (1)
Current best tree score: -29525.281 / CPU time: 0.015
Number of iterations: 1
--------------------------------------------------------------------
|               OPTIMIZING CANDIDATE TREE SET                      |
--------------------------------------------------------------------
Iteration 10 / LogL: -29525.380 / Time: 0h:10m:48s
Iteration 20 / LogL: -29525.296 / Time: 0h:10m:49s
Iteration 30 / LogL: -29525.900 / Time: 0h:10m:49s (0h:26m:8s left)
UPDATE BEST LOG-LIKELIHOOD: -29525.281
Iteration 40 / LogL: -29526.833 / Time: 0h:10m:50s (0h:16m:40s left)
Iteration 50 / LogL: -29527.039 / Time: 0h:10m:50s (0h:11m:3s left)
Iteration 60 / LogL: -29525.288 / Time: 0h:10m:51s (0h:7m:21s left)
Iteration 70 / LogL: -29525.739 / Time: 0h:10m:51s (0h:4m:43s left)
Iteration 80 / LogL: -29525.509 / Time: 0h:10m:52s (0h:2m:45s left)
Iteration 90 / LogL: -29525.497 / Time: 0h:10m:53s (0h:1m:13s left)
Iteration 100 / LogL: -29525.289 / Time: 0h:10m:53s (0h:0m:0s left)
TREE SEARCH COMPLETED AFTER 101 ITERATIONS / Time: 0h:10m:53s

--------------------------------------------------------------------
|                    FINALIZING TREE SEARCH                        |
--------------------------------------------------------------------
Performs final model parameters optimization
Estimate model parameters (epsilon = 0.010)
1. Initial log-likelihood: -29525.281
Optimal log-likelihood: -29525.281
Rate parameters:  A-C: 0.99800  A-G: 1.07980  A-T: 0.98640  C-G: 1.04490  C-T: 0.89700  G-T: 1.00000
Base frequencies:  A: 0.370  C: 0.176  G: 0.226  T: 0.228
Proportion of invariable sites: 0.000
Gamma shape alpha: 0.940
Parameters optimization took 1 rounds (0.005 sec)
BEST SCORE FOUND : -29525.281
Total tree length: 2.030

Total number of iterations: 101
CPU time used for tree search: 11.331 sec (0h:0m:11s)
Wall-clock time used for tree search: 5.699 sec (0h:0m:5s)
Total CPU time used: 1241.751 sec (0h:20m:41s)
Total wall-clock time used: 653.716 sec (0h:10m:53s)

Analysis results written to: 
  IQ-TREE report:                precompute/426/426_infer.iqtree
  Maximum-likelihood tree:       precompute/426/426_infer.treefile
  Screen log file:               precompute/426/426_infer.log

Date and Time: Tue May  5 13:04:22 2026
