
RAxML-NG v. 1.2.2 released on 11.04.2024 by The Exelixis Lab.
Developed by: Alexey M. Kozlov and Alexandros Stamatakis.
Contributors: Diego Darriba, Tomas Flouri, Benoit Morel, Sarah Lutteropp, Ben Bettisworth, Julia Haag, Anastasis Togkousidis.
Latest version: https://github.com/amkozlov/raxml-ng
Questions/problems/suggestions? Please visit: https://groups.google.com/forum/#!forum/raxml

System: AMD EPYC 7742 64-Core Processor, 128 cores, 2015 GB RAM

RAxML-NG was called at 05-May-2026 13:04:22 as follows:

raxml-ng --search --msa /raid/home/hatang/final_thesis/data/dna/test/426/data.phy --tree /raid/home/hatang/final_thesis/data/dna/test/426/start.newick --model GTR{0.9980/1.0798/0.9864/1.0449/0.8970/1.0000}+I{9.853e-07}+G{0.9397}+F{0.3704/0.1756/0.2263/0.2276} --prefix precompute/426/426_infer --threads auto --seed 42 --force perf_threads

Analysis options:
  run mode: ML tree search
  start tree(s): user
  random seed: 42
  tip-inner: OFF
  pattern compression: ON
  per-rate scalers: OFF
  site repeats: ON
  logLH epsilon: general: 10.000000, brlen-triplet: 1000.000000
  fast spr radius: AUTO
  spr subtree cutoff: 1.000000
  fast CLV updates: ON
  branch lengths: proportional (ML estimate, algorithm: NR-FAST)
  SIMD kernels: AVX2
  parallelization: coarse-grained (auto), PTHREADS (auto)

WARNING: Running in FORCE mode: some safety checks are disabled!

[00:00:00] Reading alignment from file: /raid/home/hatang/final_thesis/data/dna/test/426/data.phy
[00:00:00] Loaded alignment with 12 taxa and 5055 sites

WARNING: Fully undetermined columns found: 18

NOTE: Reduced alignment (with duplicates and gap-only sites/taxa removed) 
NOTE: was saved to: /raid/home/hatang/final_thesis/precompute/426/426_infer.raxml.reduced.phy

Alignment comprises 1 partitions and 2452 patterns

Partition 0: noname
Model: GTR{0.998/1.0798/0.9864/1.0449/0.897/1}+FU{0.3704/0.1756/0.2263/0.2276}+IU{9.853e-07}+G4m{0.9397}
Alignment sites / patterns: 5037 / 2452
Gaps: 27.96 %
Invariant sites: 48.72 %


NOTE: Binary MSA file created: precompute/426/426_infer.raxml.rba

Parallelization scheme autoconfig: 1 worker(s) x 7 thread(s)

[00:00:00] Loading user starting tree(s) from: /raid/home/hatang/final_thesis/data/dna/test/426/start.newick
Parallel reduction/worker buffer size: 1 KB  / 0 KB

[00:00:00] Data distribution: max. partitions/sites/weight per thread: 1 / 351 / 5616
[00:00:00] Data distribution: max. searches per worker: 1

Starting ML tree search with 1 distinct starting trees

[00:00:00 -29525.281490] Initial branch length optimization
[00:00:00 -29525.281490] Model parameter optimization (eps = 10.000000)
[00:00:00 -29525.281490] AUTODETECT spr round 1 (radius: 5)
[00:00:00 -29525.281490] SPR radius for FAST iterations: 5 (autodetect)
[00:00:00 -29525.281490] Model parameter optimization (eps = 3.000000)
[00:00:00 -29525.281490] FAST spr round 1 (radius: 5)
[00:00:00 -29525.281490] Model parameter optimization (eps = 1.000000)
[00:00:00 -29525.281490] SLOW spr round 1 (radius: 5)
[00:00:00 -29525.281490] SLOW spr round 2 (radius: 10)
[00:00:00 -29525.281490] Model parameter optimization (eps = 0.100000)

[00:00:00] ML tree search #1, logLikelihood: -29525.281490


Optimized model parameters:

   Partition 0: noname
   Rate heterogeneity: GAMMA (4 cats, mean),  alpha: 0.939700 (user),  weights&rates: (0.250000,0.124771) (0.250000,0.457845) (0.250000,0.989243) (0.250000,2.428141) 
   P-inv (user): 0.000001
   Base frequencies (user): 0.370437 0.175618 0.226323 0.227623 
   Substitution rates (user): 0.998000 1.079800 0.986400 1.044900 0.897000 1.000000 


Final LogLikelihood: -29525.281490

AIC score: 59092.562980 / AICc score: 59092.747227 / BIC score: 59229.578865
Free parameters (model + branch lengths): 21

Best ML tree saved to: /raid/home/hatang/final_thesis/precompute/426/426_infer.raxml.bestTree
Optimized model saved to: /raid/home/hatang/final_thesis/precompute/426/426_infer.raxml.bestModel

Execution log saved to: /raid/home/hatang/final_thesis/precompute/426/426_infer.raxml.log

Analysis started: 05-May-2026 13:04:22 / finished: 05-May-2026 13:04:23

Elapsed time: 0.162 seconds

