
RAxML-NG v. 1.2.2 released on 11.04.2024 by The Exelixis Lab.
Developed by: Alexey M. Kozlov and Alexandros Stamatakis.
Contributors: Diego Darriba, Tomas Flouri, Benoit Morel, Sarah Lutteropp, Ben Bettisworth, Julia Haag, Anastasis Togkousidis.
Latest version: https://github.com/amkozlov/raxml-ng
Questions/problems/suggestions? Please visit: https://groups.google.com/forum/#!forum/raxml

System: AMD EPYC 7742 64-Core Processor, 128 cores, 2015 GB RAM

RAxML-NG was called at 05-May-2026 13:49:01 as follows:

raxml-ng --search --msa /raid/home/hatang/final_thesis/data/dna/test/305/data.phy --tree /raid/home/hatang/final_thesis/data/dna/test/305/start.newick --model GTR{0.9780/0.9473/1.0110/0.8597/1.0939/1.0000}+I{0.03447}+G{1.194}+F{0.3131/0.227/0.2512/0.2086} --prefix precompute/305/305_infer --threads auto --seed 42 --force perf_threads

Analysis options:
  run mode: ML tree search
  start tree(s): user
  random seed: 42
  tip-inner: OFF
  pattern compression: ON
  per-rate scalers: OFF
  site repeats: ON
  logLH epsilon: general: 10.000000, brlen-triplet: 1000.000000
  fast spr radius: AUTO
  spr subtree cutoff: 1.000000
  fast CLV updates: ON
  branch lengths: proportional (ML estimate, algorithm: NR-FAST)
  SIMD kernels: AVX2
  parallelization: coarse-grained (auto), PTHREADS (auto)

WARNING: Running in FORCE mode: some safety checks are disabled!

[00:00:00] Reading alignment from file: /raid/home/hatang/final_thesis/data/dna/test/305/data.phy
[00:00:00] Loaded alignment with 20 taxa and 2807 sites

WARNING: Fully undetermined columns found: 16

NOTE: Reduced alignment (with duplicates and gap-only sites/taxa removed) 
NOTE: was saved to: /raid/home/hatang/final_thesis/precompute/305/305_infer.raxml.reduced.phy

Alignment comprises 1 partitions and 1851 patterns

Partition 0: noname
Model: GTR{0.978/0.9473/1.011/0.8597/1.0939/1}+FU{0.3131/0.227/0.2512/0.2086}+IU{0.03447}+G4m{1.194}
Alignment sites / patterns: 2791 / 1851
Gaps: 36.67 %
Invariant sites: 43.35 %


NOTE: Binary MSA file created: precompute/305/305_infer.raxml.rba

Parallelization scheme autoconfig: 1 worker(s) x 9 thread(s)

[00:00:00] Loading user starting tree(s) from: /raid/home/hatang/final_thesis/data/dna/test/305/start.newick
Parallel reduction/worker buffer size: 1 KB  / 0 KB

[00:00:00] Data distribution: max. partitions/sites/weight per thread: 1 / 206 / 3296
[00:00:00] Data distribution: max. searches per worker: 1

Starting ML tree search with 1 distinct starting trees

[00:00:00 -23319.777670] Initial branch length optimization
[00:00:00 -23319.777195] Model parameter optimization (eps = 10.000000)
[00:00:00 -23319.777191] AUTODETECT spr round 1 (radius: 5)
[00:00:00 -23319.777191] SPR radius for FAST iterations: 5 (autodetect)
[00:00:00 -23319.777191] Model parameter optimization (eps = 3.000000)
[00:00:00 -23319.777191] FAST spr round 1 (radius: 5)
[00:00:00 -23319.777191] Model parameter optimization (eps = 1.000000)
[00:00:00 -23319.777191] SLOW spr round 1 (radius: 5)
[00:00:00 -23319.777191] SLOW spr round 2 (radius: 10)
[00:00:00 -23319.777191] SLOW spr round 3 (radius: 15)
[00:00:00 -23319.777191] SLOW spr round 4 (radius: 20)
[00:00:00 -23319.777191] Model parameter optimization (eps = 0.100000)

[00:00:00] ML tree search #1, logLikelihood: -23319.777191


Optimized model parameters:

   Partition 0: noname
   Rate heterogeneity: GAMMA (4 cats, mean),  alpha: 1.194000 (user),  weights&rates: (0.250000,0.173964) (0.250000,0.528194) (0.250000,1.025948) (0.250000,2.271893) 
   P-inv (user): 0.034470
   Base frequencies (user): 0.313131 0.227023 0.251225 0.208621 
   Substitution rates (user): 0.978000 0.947300 1.011000 0.859700 1.093900 1.000000 


Final LogLikelihood: -23319.777191

AIC score: 46713.554381 / AICc score: 46714.575812 / BIC score: 46933.118125
Free parameters (model + branch lengths): 37

Best ML tree saved to: /raid/home/hatang/final_thesis/precompute/305/305_infer.raxml.bestTree
Optimized model saved to: /raid/home/hatang/final_thesis/precompute/305/305_infer.raxml.bestModel

Execution log saved to: /raid/home/hatang/final_thesis/precompute/305/305_infer.raxml.log

Analysis started: 05-May-2026 13:49:01 / finished: 05-May-2026 13:49:01

Elapsed time: 0.255 seconds

