
RAxML-NG v. 1.2.2 released on 11.04.2024 by The Exelixis Lab.
Developed by: Alexey M. Kozlov and Alexandros Stamatakis.
Contributors: Diego Darriba, Tomas Flouri, Benoit Morel, Sarah Lutteropp, Ben Bettisworth, Julia Haag, Anastasis Togkousidis.
Latest version: https://github.com/amkozlov/raxml-ng
Questions/problems/suggestions? Please visit: https://groups.google.com/forum/#!forum/raxml

System: 13th Gen Intel(R) Core(TM) i5-13500H, 12 cores, 31 GB RAM (allocated: 8 physical cores)

RAxML-NG was called at 16-May-2026 12:13:35 as follows:

raxml-ng --search --msa /home/ha/Code/data/dna/test/459/data.phy --tree /home/ha/Code/data/dna/test/459/start.newick --model GTR{1.0249/1.0826/0.9498/1.0083/1.0351/1.0000}+I{9.807e-07}+G{1.033}+F{0.2488/0.2303/0.2469/0.274} --prefix /home/ha/Code/data/precompute/459/459_infer --threads 1 --seed 42 --force perf_threads --redo

Analysis options:
  run mode: ML tree search
  start tree(s): user
  random seed: 42
  tip-inner: OFF
  pattern compression: ON
  per-rate scalers: OFF
  site repeats: ON
  logLH epsilon: general: 10.000000, brlen-triplet: 1000.000000
  fast spr radius: AUTO
  spr subtree cutoff: 1.000000
  fast CLV updates: ON
  branch lengths: proportional (ML estimate, algorithm: NR-FAST)
  SIMD kernels: AVX2
  parallelization: coarse-grained (auto), NONE/sequential

WARNING: Running in REDO mode: existing checkpoints are ignored, and all result files will be overwritten!

WARNING: Running in FORCE mode: some safety checks are disabled!

[00:00:00] Reading alignment from file: /home/ha/Code/data/dna/test/459/data.phy
[00:00:00] Loaded alignment with 15 taxa and 4939 sites

WARNING: Fully undetermined columns found: 56

NOTE: Reduced alignment (with duplicates and gap-only sites/taxa removed) 
NOTE: was saved to: /home/ha/Code/data/precompute/459/459_infer.raxml.reduced.phy

Alignment comprises 1 partitions and 2487 patterns

Partition 0: noname
Model: GTR{1.0249/1.0826/0.9498/1.0083/1.0351/1}+FU{0.2488/0.2303/0.2469/0.274}+IU{9.807e-07}+G4m{1.033}
Alignment sites / patterns: 4883 / 2487
Gaps: 26.28 %
Invariant sites: 47.41 %


NOTE: Binary MSA file created: /home/ha/Code/data/precompute/459/459_infer.raxml.rba

Parallelization scheme autoconfig: 1 worker(s) x 1 thread(s)

[00:00:00] Loading user starting tree(s) from: /home/ha/Code/data/dna/test/459/start.newick
Parallel reduction/worker buffer size: 1 KB  / 0 KB

[00:00:00] Data distribution: max. partitions/sites/weight per thread: 1 / 2487 / 39792
[00:00:00] Data distribution: max. searches per worker: 1

Starting ML tree search with 1 distinct starting trees

[00:00:00 -31147.606611] Initial branch length optimization
[00:00:00 -31147.606071] Model parameter optimization (eps = 10.000000)
[00:00:00 -31147.606071] AUTODETECT spr round 1 (radius: 5)
[00:00:00 -31147.606071] SPR radius for FAST iterations: 5 (autodetect)
[00:00:00 -31147.606071] Model parameter optimization (eps = 3.000000)
[00:00:00 -31147.606071] FAST spr round 1 (radius: 5)
[00:00:00 -31147.606071] Model parameter optimization (eps = 1.000000)
[00:00:00 -31147.606071] SLOW spr round 1 (radius: 5)
[00:00:00 -31147.606071] SLOW spr round 2 (radius: 10)
[00:00:00 -31147.606071] SLOW spr round 3 (radius: 15)
[00:00:00 -31147.606071] Model parameter optimization (eps = 0.100000)

[00:00:00] ML tree search #1, logLikelihood: -31147.606071


Optimized model parameters:

   Partition 0: noname
   Rate heterogeneity: GAMMA (4 cats, mean),  alpha: 1.033000 (user),  weights&rates: (0.250000,0.143491) (0.250000,0.486451) (0.250000,1.005260) (0.250000,2.364798) 
   P-inv (user): 0.000001
   Base frequencies (user): 0.248800 0.230300 0.246900 0.274000 
   Substitution rates (user): 1.024900 1.082600 0.949800 1.008300 1.035100 1.000000 


Final LogLikelihood: -31147.606071

AIC score: 62349.212142 / AICc score: 62349.523574 / BIC score: 62524.537049
Free parameters (model + branch lengths): 27

Best ML tree saved to: /home/ha/Code/data/precompute/459/459_infer.raxml.bestTree
Optimized model saved to: /home/ha/Code/data/precompute/459/459_infer.raxml.bestModel

Execution log saved to: /home/ha/Code/data/precompute/459/459_infer.raxml.log

Analysis started: 16-May-2026 12:13:35 / finished: 16-May-2026 12:13:36

Elapsed time: 0.918 seconds

