IQ-TREE version 3.1.1 for Linux x86 64-bit built Apr  8 2026
Developed by Bui Quang Minh, Thomas Wong, Nhan Ly-Trong, Huaiyan Ren
Contributed by Lam-Tung Nguyen, Dominik Schrempf, Chris Bielow,
Olga Chernomor, Michael Woodhams, Diep Thi Hoang, Heiko Schmidt

Host:    IAD1-C632678DGX041 (AVX2, FMA3, 2015 GB RAM)
Command: iqtree3 -s /raid/home/hatang/final_thesis/data/dna/test/189/data.phy -t /raid/home/hatang/final_thesis/data/dna/test/189/start.newick -m GTR{0.8707,1.0214,0.9222,1.0771,0.9895}+F{0.3328,0.1896,0.1392,0.3385}+I{0.05321}+G4{1.211} --prefix precompute/189/189_infer --threads auto --redo
Seed:    778677 (Using SPRNG - Scalable Parallel Random Number Generator)
Time:    Tue May  5 09:22:44 2026
Kernel:  AVX+FMA - auto-detect threads (256 CPU cores detected)

Reading alignment file /raid/home/hatang/final_thesis/data/dna/test/189/data.phy ... Phylip format detected
Alignment most likely contains DNA/RNA sequences
Constructing alignment: done in 0.0113847 secs using 1.074e+04% CPU
WARNING: 2 sites contain only gaps or ambiguous characters.
Alignment has 12 sequences with 1296 columns, 703 distinct patterns
450 parsimony-informative, 214 singleton sites, 632 constant sites
     Gap/Ambiguity  Composition  p-value
Analyzing sequences: done in 0.0181475 secs using 2.021e+04% CPU
   1  T2    26.39%    passed     97.59%
   2  T9    24.85%    passed     96.77%
   3  T12   23.46%    passed     42.85%
   4  T7    24.77%    passed     86.69%
   5  T4    21.99%    passed     65.47%
   6  T3    24.92%    passed     10.29%
   7  T5    37.11%    passed     77.95%
   8  T10   28.94%    passed     90.76%
   9  T6    28.40%    passed     79.67%
  10  T8    30.09%    passed     92.62%
  11  T1    21.37%    passed     95.16%
  12  T11   23.84%    passed     78.79%
****  TOTAL   26.34%  0 sequences failed composition chi2 test (p-value<5%; df=3)
Checking for duplicate sequences: done in 0.0120879 secs using 2.251e+04% CPU
Reading input tree file /raid/home/hatang/final_thesis/data/dna/test/189/start.newick ...
WARNING: Normalizing State frequencies so that sum of them equals to 1

NOTE: 1 MB RAM (0 GB) is required!
Measuring multi-threading efficiency up to 256 CPU cores
Increase to 10 rounds for branch lengths
27525 trees examined
Threads: 1 / Time: 256.003 sec / Speedup: 1.000 / Efficiency: 100% / LogL: -8775
Threads: 2 / Time: 239.530 sec / Speedup: 1.069 / Efficiency: 53% / LogL: -8775
Threads: 3 / Time: 221.137 sec / Speedup: 1.158 / Efficiency: 39% / LogL: -8775
Determining AUTO threadcount: done in 716.672 secs using 193.2% CPU
BEST NUMBER OF THREADS: 2

Estimate model parameters (epsilon = 0.100)
1. Initial log-likelihood: -7396.124
Optimal log-likelihood: -7396.124
Rate parameters:  A-C: 0.87070  A-G: 1.02140  A-T: 0.92220  C-G: 1.07710  C-T: 0.98950  G-T: 1.00000
Base frequencies:  A: 0.333  C: 0.190  G: 0.139  T: 0.338
Proportion of invariable sites: 0.053
Gamma shape alpha: 1.211
Parameters optimization took 1 rounds (0.002 sec)
Wrote distance file to... 

Do NNI search on 1 best initial trees
Finish initializing candidate tree set (1)
Current best tree score: -7396.124 / CPU time: 0.006
Number of iterations: 1
--------------------------------------------------------------------
|               OPTIMIZING CANDIDATE TREE SET                      |
--------------------------------------------------------------------
Iteration 10 / LogL: -7396.405 / Time: 0h:11m:56s
Iteration 20 / LogL: -7396.174 / Time: 0h:11m:57s
Iteration 30 / LogL: -7396.130 / Time: 0h:11m:57s (0h:28m:51s left)
Iteration 40 / LogL: -7396.222 / Time: 0h:11m:57s (0h:18m:23s left)
Iteration 50 / LogL: -7396.917 / Time: 0h:11m:57s (0h:12m:12s left)
Iteration 60 / LogL: -7396.427 / Time: 0h:11m:57s (0h:8m:6s left)
Iteration 70 / LogL: -7396.173 / Time: 0h:11m:57s (0h:5m:12s left)
Iteration 80 / LogL: -7396.259 / Time: 0h:11m:58s (0h:3m:1s left)
Iteration 90 / LogL: -7396.162 / Time: 0h:11m:58s (0h:1m:20s left)
Iteration 100 / LogL: -7400.020 / Time: 0h:11m:58s (0h:0m:0s left)
TREE SEARCH COMPLETED AFTER 101 ITERATIONS / Time: 0h:11m:58s

--------------------------------------------------------------------
|                    FINALIZING TREE SEARCH                        |
--------------------------------------------------------------------
Performs final model parameters optimization
Estimate model parameters (epsilon = 0.010)
1. Initial log-likelihood: -7396.124
Optimal log-likelihood: -7396.124
Rate parameters:  A-C: 0.87070  A-G: 1.02140  A-T: 0.92220  C-G: 1.07710  C-T: 0.98950  G-T: 1.00000
Base frequencies:  A: 0.333  C: 0.190  G: 0.139  T: 0.338
Proportion of invariable sites: 0.053
Gamma shape alpha: 1.211
Parameters optimization took 1 rounds (0.003 sec)
BEST SCORE FOUND : -7396.124
Total tree length: 1.944

Total number of iterations: 101
CPU time used for tree search: 3.638 sec (0h:0m:3s)
Wall-clock time used for tree search: 1.858 sec (0h:0m:1s)
Total CPU time used: 1393.135 sec (0h:23m:13s)
Total wall-clock time used: 718.557 sec (0h:11m:58s)

Analysis results written to: 
  IQ-TREE report:                precompute/189/189_infer.iqtree
  Maximum-likelihood tree:       precompute/189/189_infer.treefile
  Screen log file:               precompute/189/189_infer.log

Date and Time: Tue May  5 09:34:43 2026
