
RAxML-NG v. 1.2.2 released on 11.04.2024 by The Exelixis Lab.
Developed by: Alexey M. Kozlov and Alexandros Stamatakis.
Contributors: Diego Darriba, Tomas Flouri, Benoit Morel, Sarah Lutteropp, Ben Bettisworth, Julia Haag, Anastasis Togkousidis.
Latest version: https://github.com/amkozlov/raxml-ng
Questions/problems/suggestions? Please visit: https://groups.google.com/forum/#!forum/raxml

System: 13th Gen Intel(R) Core(TM) i5-13500H, 12 cores, 31 GB RAM (allocated: 8 physical cores)

RAxML-NG was called at 16-May-2026 12:06:44 as follows:

raxml-ng --search --msa /home/ha/Code/data/dna/test/189/data.phy --tree /home/ha/Code/data/dna/test/189/start.newick --model GTR{0.8707/1.0214/0.9222/1.0771/0.9895/1.0000}+I{0.05321}+G{1.211}+F{0.3328/0.1896/0.1392/0.3385} --prefix /home/ha/Code/data/precompute/189/189_infer --threads 1 --seed 42 --force perf_threads --redo

Analysis options:
  run mode: ML tree search
  start tree(s): user
  random seed: 42
  tip-inner: OFF
  pattern compression: ON
  per-rate scalers: OFF
  site repeats: ON
  logLH epsilon: general: 10.000000, brlen-triplet: 1000.000000
  fast spr radius: AUTO
  spr subtree cutoff: 1.000000
  fast CLV updates: ON
  branch lengths: proportional (ML estimate, algorithm: NR-FAST)
  SIMD kernels: AVX2
  parallelization: coarse-grained (auto), NONE/sequential

WARNING: Running in REDO mode: existing checkpoints are ignored, and all result files will be overwritten!

WARNING: Running in FORCE mode: some safety checks are disabled!

[00:00:00] Reading alignment from file: /home/ha/Code/data/dna/test/189/data.phy
[00:00:00] Loaded alignment with 12 taxa and 1296 sites

WARNING: Fully undetermined columns found: 2

NOTE: Reduced alignment (with duplicates and gap-only sites/taxa removed) 
NOTE: was saved to: /home/ha/Code/data/precompute/189/189_infer.raxml.reduced.phy

Alignment comprises 1 partitions and 702 patterns

Partition 0: noname
Model: GTR{0.8707/1.0214/0.9222/1.0771/0.9895/1}+FU{0.3328/0.1896/0.1392/0.3385}+IU{0.05321}+G4m{1.211}
Alignment sites / patterns: 1294 / 702
Gaps: 26.23 %
Invariant sites: 48.69 %


NOTE: Binary MSA file created: /home/ha/Code/data/precompute/189/189_infer.raxml.rba

Parallelization scheme autoconfig: 1 worker(s) x 1 thread(s)

[00:00:00] Loading user starting tree(s) from: /home/ha/Code/data/dna/test/189/start.newick
Parallel reduction/worker buffer size: 1 KB  / 0 KB

[00:00:00] Data distribution: max. partitions/sites/weight per thread: 1 / 702 / 11232
[00:00:00] Data distribution: max. searches per worker: 1

Starting ML tree search with 1 distinct starting trees

[00:00:00 -7396.123798] Initial branch length optimization
[00:00:00 -7396.123797] Model parameter optimization (eps = 10.000000)
[00:00:00 -7396.123797] AUTODETECT spr round 1 (radius: 5)
[00:00:00 -7396.123797] SPR radius for FAST iterations: 5 (autodetect)
[00:00:00 -7396.123797] Model parameter optimization (eps = 3.000000)
[00:00:00 -7396.123797] FAST spr round 1 (radius: 5)
[00:00:00 -7396.123797] Model parameter optimization (eps = 1.000000)
[00:00:00 -7396.123797] SLOW spr round 1 (radius: 5)
[00:00:00 -7396.123797] SLOW spr round 2 (radius: 10)
[00:00:00 -7396.123797] Model parameter optimization (eps = 0.100000)

[00:00:00] ML tree search #1, logLikelihood: -7396.123797


Optimized model parameters:

   Partition 0: noname
   Rate heterogeneity: GAMMA (4 cats, mean),  alpha: 1.211000 (user),  weights&rates: (0.250000,0.177041) (0.250000,0.532130) (0.250000,1.027738) (0.250000,2.263091) 
   P-inv (user): 0.053210
   Base frequencies (user): 0.332767 0.189581 0.139186 0.338466 
   Substitution rates (user): 0.870700 1.021400 0.922200 1.077100 0.989500 1.000000 


Final LogLikelihood: -7396.123797

AIC score: 14834.247595 / AICc score: 14834.974010 / BIC score: 14942.722958
Free parameters (model + branch lengths): 21

Best ML tree saved to: /home/ha/Code/data/precompute/189/189_infer.raxml.bestTree
Optimized model saved to: /home/ha/Code/data/precompute/189/189_infer.raxml.bestModel

Execution log saved to: /home/ha/Code/data/precompute/189/189_infer.raxml.log

Analysis started: 16-May-2026 12:06:44 / finished: 16-May-2026 12:06:44

Elapsed time: 0.178 seconds

