IQ-TREE version 3.1.1 for Linux x86 64-bit built Apr  8 2026
Developed by Bui Quang Minh, Thomas Wong, Nhan Ly-Trong, Huaiyan Ren
Contributed by Lam-Tung Nguyen, Dominik Schrempf, Chris Bielow,
Olga Chernomor, Michael Woodhams, Diep Thi Hoang, Heiko Schmidt

Host:    IAD1-C632678DGX041 (AVX2, FMA3, 2015 GB RAM)
Command: iqtree3 -s /raid/home/hatang/final_thesis/data/dna/test/393/data.phy -t /raid/home/hatang/final_thesis/data/dna/test/393/start.newick -m GTR{1.1148,1.0756,1.0754,1.1266,1.0057}+F{0.242,0.2257,0.2445,0.2878}+I{0.09371}+G4{1.359} --prefix precompute/393/393_infer --threads auto --redo
Seed:    655101 (Using SPRNG - Scalable Parallel Random Number Generator)
Time:    Tue May  5 11:36:02 2026
Kernel:  AVX+FMA - auto-detect threads (256 CPU cores detected)

Reading alignment file /raid/home/hatang/final_thesis/data/dna/test/393/data.phy ... Phylip format detected
Alignment most likely contains DNA/RNA sequences
Constructing alignment: done in 0.0501234 secs using 3054% CPU
WARNING: 20 sites contain only gaps or ambiguous characters.
Alignment has 12 sequences with 5831 columns, 2247 distinct patterns
1898 parsimony-informative, 1008 singleton sites, 2925 constant sites
     Gap/Ambiguity  Composition  p-value
Analyzing sequences: done in 0.0120892 secs using 2.269e+04% CPU
   1  T2    14.85%    passed     97.58%
   2  T3    19.98%    passed     85.37%
   3  T11   20.01%    passed     79.68%
   4  T4    15.97%    passed     79.78%
   5  T12   19.95%    passed     63.47%
   6  T5    19.84%    passed     92.65%
   7  T9    21.18%    passed     83.55%
   8  T7    21.03%    passed     96.52%
   9  T8    22.91%    passed     74.13%
  10  T6    15.11%    passed     98.40%
  11  T1    15.16%    passed     91.18%
  12  T10   14.30%    passed     88.06%
****  TOTAL   18.36%  0 sequences failed composition chi2 test (p-value<5%; df=3)
Checking for duplicate sequences: done in 0.0121401 secs using 2.353e+04% CPU
Reading input tree file /raid/home/hatang/final_thesis/data/dna/test/393/start.newick ...

NOTE: 3 MB RAM (0 GB) is required!
Measuring multi-threading efficiency up to 256 CPU cores
Increase to 10 rounds for branch lengths
10163 trees examined
Threads: 1 / Time: 256.009 sec / Speedup: 1.000 / Efficiency: 100% / LogL: -36054
Threads: 2 / Time: 216.300 sec / Speedup: 1.184 / Efficiency: 59% / LogL: -36054
Threads: 3 / Time: 195.706 sec / Speedup: 1.308 / Efficiency: 44% / LogL: -36054
Determining AUTO threadcount: done in 668.016 secs using 190.1% CPU
BEST NUMBER OF THREADS: 2

Estimate model parameters (epsilon = 0.100)
1. Initial log-likelihood: -31167.384
Optimal log-likelihood: -31167.384
Rate parameters:  A-C: 1.11480  A-G: 1.07560  A-T: 1.07540  C-G: 1.12660  C-T: 1.00570  G-T: 1.00000
Base frequencies:  A: 0.242  C: 0.226  G: 0.244  T: 0.288
Proportion of invariable sites: 0.094
Gamma shape alpha: 1.359
Parameters optimization took 1 rounds (0.005 sec)
Wrote distance file to... 

Do NNI search on 1 best initial trees
Finish initializing candidate tree set (1)
Current best tree score: -31167.384 / CPU time: 0.014
Number of iterations: 1
--------------------------------------------------------------------
|               OPTIMIZING CANDIDATE TREE SET                      |
--------------------------------------------------------------------
Iteration 10 / LogL: -31167.408 / Time: 0h:11m:8s
Iteration 20 / LogL: -31168.060 / Time: 0h:11m:9s
Iteration 30 / LogL: -31167.480 / Time: 0h:11m:9s (0h:26m:56s left)
Iteration 40 / LogL: -31167.480 / Time: 0h:11m:10s (0h:17m:10s left)
UPDATE BEST LOG-LIKELIHOOD: -31167.384
Iteration 50 / LogL: -31167.403 / Time: 0h:11m:10s (0h:11m:24s left)
Iteration 60 / LogL: -31167.401 / Time: 0h:11m:11s (0h:7m:35s left)
Iteration 70 / LogL: -31167.974 / Time: 0h:11m:11s (0h:4m:52s left)
Iteration 80 / LogL: -31167.516 / Time: 0h:11m:12s (0h:2m:50s left)
Iteration 90 / LogL: -31168.015 / Time: 0h:11m:12s (0h:1m:15s left)
Iteration 100 / LogL: -31167.483 / Time: 0h:11m:13s (0h:0m:0s left)
TREE SEARCH COMPLETED AFTER 101 ITERATIONS / Time: 0h:11m:13s

--------------------------------------------------------------------
|                    FINALIZING TREE SEARCH                        |
--------------------------------------------------------------------
Performs final model parameters optimization
Estimate model parameters (epsilon = 0.010)
1. Initial log-likelihood: -31167.384
Optimal log-likelihood: -31167.384
Rate parameters:  A-C: 1.11480  A-G: 1.07560  A-T: 1.07540  C-G: 1.12660  C-T: 1.00570  G-T: 1.00000
Base frequencies:  A: 0.242  C: 0.226  G: 0.244  T: 0.288
Proportion of invariable sites: 0.094
Gamma shape alpha: 1.359
Parameters optimization took 1 rounds (0.007 sec)
BEST SCORE FOUND : -31167.384
Total tree length: 1.469

Total number of iterations: 101
CPU time used for tree search: 10.924 sec (0h:0m:10s)
Wall-clock time used for tree search: 5.497 sec (0h:0m:5s)
Total CPU time used: 1285.010 sec (0h:21m:25s)
Total wall-clock time used: 673.546 sec (0h:11m:13s)

Analysis results written to: 
  IQ-TREE report:                precompute/393/393_infer.iqtree
  Maximum-likelihood tree:       precompute/393/393_infer.treefile
  Screen log file:               precompute/393/393_infer.log

Date and Time: Tue May  5 11:47:16 2026
