
RAxML-NG v. 1.2.2 released on 11.04.2024 by The Exelixis Lab.
Developed by: Alexey M. Kozlov and Alexandros Stamatakis.
Contributors: Diego Darriba, Tomas Flouri, Benoit Morel, Sarah Lutteropp, Ben Bettisworth, Julia Haag, Anastasis Togkousidis.
Latest version: https://github.com/amkozlov/raxml-ng
Questions/problems/suggestions? Please visit: https://groups.google.com/forum/#!forum/raxml

System: AMD EPYC 7742 64-Core Processor, 128 cores, 2015 GB RAM

RAxML-NG was called at 05-May-2026 02:42:17 as follows:

raxml-ng --search --msa /raid/home/hatang/final_thesis/data/dna/test/245/data.phy --tree /raid/home/hatang/final_thesis/data/dna/test/245/start.newick --model GTR{0.9455/0.8033/1.0544/0.9645/1.0255/1.0000}+I{0.05684}+G{1.25}+F{0.2956/0.3975/0.161/0.1459} --prefix precompute/245/245_infer --threads auto --seed 42 --force perf_threads

Analysis options:
  run mode: ML tree search
  start tree(s): user
  random seed: 42
  tip-inner: OFF
  pattern compression: ON
  per-rate scalers: OFF
  site repeats: ON
  logLH epsilon: general: 10.000000, brlen-triplet: 1000.000000
  fast spr radius: AUTO
  spr subtree cutoff: 1.000000
  fast CLV updates: ON
  branch lengths: proportional (ML estimate, algorithm: NR-FAST)
  SIMD kernels: AVX2
  parallelization: coarse-grained (auto), PTHREADS (auto)

WARNING: Running in FORCE mode: some safety checks are disabled!

[00:00:00] Reading alignment from file: /raid/home/hatang/final_thesis/data/dna/test/245/data.phy
[00:00:00] Loaded alignment with 12 taxa and 3648 sites

WARNING: Fully undetermined columns found: 32

NOTE: Reduced alignment (with duplicates and gap-only sites/taxa removed) 
NOTE: was saved to: /raid/home/hatang/final_thesis/precompute/245/245_infer.raxml.reduced.phy

Alignment comprises 1 partitions and 1747 patterns

Partition 0: noname
Model: GTR{0.9455/0.8033/1.0544/0.9645/1.0255/1}+FU{0.2956/0.3975/0.161/0.1459}+IU{0.05684}+G4m{1.25}
Alignment sites / patterns: 3616 / 1747
Gaps: 26.43 %
Invariant sites: 51.27 %


NOTE: Binary MSA file created: precompute/245/245_infer.raxml.rba

Parallelization scheme autoconfig: 1 worker(s) x 8 thread(s)

[00:00:00] Loading user starting tree(s) from: /raid/home/hatang/final_thesis/data/dna/test/245/start.newick
Parallel reduction/worker buffer size: 1 KB  / 0 KB

[00:00:00] Data distribution: max. partitions/sites/weight per thread: 1 / 219 / 3504
[00:00:00] Data distribution: max. searches per worker: 1

Starting ML tree search with 1 distinct starting trees

[00:00:00 -19545.133548] Initial branch length optimization
[00:00:00 -19545.133547] Model parameter optimization (eps = 10.000000)
[00:00:00 -19545.133547] AUTODETECT spr round 1 (radius: 5)
[00:00:00 -19545.133547] SPR radius for FAST iterations: 5 (autodetect)
[00:00:00 -19545.133547] Model parameter optimization (eps = 3.000000)
[00:00:00 -19545.133547] FAST spr round 1 (radius: 5)
[00:00:00 -19545.133547] Model parameter optimization (eps = 1.000000)
[00:00:00 -19545.133547] SLOW spr round 1 (radius: 5)
[00:00:00 -19545.133547] SLOW spr round 2 (radius: 10)
[00:00:00 -19545.133547] Model parameter optimization (eps = 0.100000)

[00:00:00] ML tree search #1, logLikelihood: -19545.133547


Optimized model parameters:

   Partition 0: noname
   Rate heterogeneity: GAMMA (4 cats, mean),  alpha: 1.250000 (user),  weights&rates: (0.250000,0.183997) (0.250000,0.540861) (0.250000,1.031612) (0.250000,2.243529) 
   P-inv (user): 0.056840
   Base frequencies (user): 0.295600 0.397500 0.161000 0.145900 
   Substitution rates (user): 0.945500 0.803300 1.054400 0.964500 1.025500 1.000000 


Final LogLikelihood: -19545.133547

AIC score: 39132.267094 / AICc score: 39132.524189 / BIC score: 39262.322692
Free parameters (model + branch lengths): 21

Best ML tree saved to: /raid/home/hatang/final_thesis/precompute/245/245_infer.raxml.bestTree
Optimized model saved to: /raid/home/hatang/final_thesis/precompute/245/245_infer.raxml.bestModel

Execution log saved to: /raid/home/hatang/final_thesis/precompute/245/245_infer.raxml.log

Analysis started: 05-May-2026 02:42:17 / finished: 05-May-2026 02:42:17

Elapsed time: 0.123 seconds

