
RAxML-NG v. 1.2.2 released on 11.04.2024 by The Exelixis Lab.
Developed by: Alexey M. Kozlov and Alexandros Stamatakis.
Contributors: Diego Darriba, Tomas Flouri, Benoit Morel, Sarah Lutteropp, Ben Bettisworth, Julia Haag, Anastasis Togkousidis.
Latest version: https://github.com/amkozlov/raxml-ng
Questions/problems/suggestions? Please visit: https://groups.google.com/forum/#!forum/raxml

System: AMD EPYC 7742 64-Core Processor, 128 cores, 2015 GB RAM

RAxML-NG was called at 05-May-2026 10:13:04 as follows:

raxml-ng --search --msa /raid/home/hatang/final_thesis/data/dna/test/259/data.phy --tree /raid/home/hatang/final_thesis/data/dna/test/259/start.newick --model GTR{0.8286/0.8376/0.8100/0.7229/0.7733/1.0000}+I{0.05359}+G{1.208}+F{0.2353/0.3001/0.2033/0.2613} --prefix precompute/259/259_infer --threads auto --seed 42 --force perf_threads

Analysis options:
  run mode: ML tree search
  start tree(s): user
  random seed: 42
  tip-inner: OFF
  pattern compression: ON
  per-rate scalers: OFF
  site repeats: ON
  logLH epsilon: general: 10.000000, brlen-triplet: 1000.000000
  fast spr radius: AUTO
  spr subtree cutoff: 1.000000
  fast CLV updates: ON
  branch lengths: proportional (ML estimate, algorithm: NR-FAST)
  SIMD kernels: AVX2
  parallelization: coarse-grained (auto), PTHREADS (auto)

WARNING: Running in FORCE mode: some safety checks are disabled!

[00:00:00] Reading alignment from file: /raid/home/hatang/final_thesis/data/dna/test/259/data.phy
[00:00:00] Loaded alignment with 20 taxa and 717 sites

WARNING: Fully undetermined columns found: 14

NOTE: Reduced alignment (with duplicates and gap-only sites/taxa removed) 
NOTE: was saved to: /raid/home/hatang/final_thesis/precompute/259/259_infer.raxml.reduced.phy

Alignment comprises 1 partitions and 499 patterns

Partition 0: noname
Model: GTR{0.8286/0.8376/0.81/0.7229/0.7733/1}+FU{0.2353/0.3001/0.2033/0.2613}+IU{0.05359}+G4m{1.208}
Alignment sites / patterns: 703 / 499
Gaps: 42.11 %
Invariant sites: 46.94 %


NOTE: Binary MSA file created: precompute/259/259_infer.raxml.rba

Parallelization scheme autoconfig: 1 worker(s) x 6 thread(s)

[00:00:00] Loading user starting tree(s) from: /raid/home/hatang/final_thesis/data/dna/test/259/start.newick
Parallel reduction/worker buffer size: 1 KB  / 0 KB

[00:00:00] Data distribution: max. partitions/sites/weight per thread: 1 / 84 / 1344
[00:00:00] Data distribution: max. searches per worker: 1

Starting ML tree search with 1 distinct starting trees

[00:00:00 -5074.544931] Initial branch length optimization
[00:00:00 -5074.544468] Model parameter optimization (eps = 10.000000)
[00:00:00 -5074.544468] AUTODETECT spr round 1 (radius: 5)
[00:00:00 -5074.544468] SPR radius for FAST iterations: 5 (autodetect)
[00:00:00 -5074.544468] Model parameter optimization (eps = 3.000000)
[00:00:00 -5074.544468] FAST spr round 1 (radius: 5)
[00:00:00 -5074.544467] Model parameter optimization (eps = 1.000000)
[00:00:00 -5074.544467] SLOW spr round 1 (radius: 5)
[00:00:00 -5074.544467] SLOW spr round 2 (radius: 10)
[00:00:00 -5074.544467] SLOW spr round 3 (radius: 15)
[00:00:00 -5074.544467] SLOW spr round 4 (radius: 20)
[00:00:00 -5074.544467] Model parameter optimization (eps = 0.100000)

[00:00:00] ML tree search #1, logLikelihood: -5074.544467


Optimized model parameters:

   Partition 0: noname
   Rate heterogeneity: GAMMA (4 cats, mean),  alpha: 1.208000 (user),  weights&rates: (0.250000,0.176500) (0.250000,0.531441) (0.250000,1.027427) (0.250000,2.264632) 
   P-inv (user): 0.053590
   Base frequencies (user): 0.235300 0.300100 0.203300 0.261300 
   Substitution rates (user): 0.828600 0.837600 0.810000 0.722900 0.773300 1.000000 


Final LogLikelihood: -5074.544467

AIC score: 10223.088935 / AICc score: 10227.317506 / BIC score: 10391.637140
Free parameters (model + branch lengths): 37

Best ML tree saved to: /raid/home/hatang/final_thesis/precompute/259/259_infer.raxml.bestTree
Optimized model saved to: /raid/home/hatang/final_thesis/precompute/259/259_infer.raxml.bestModel

Execution log saved to: /raid/home/hatang/final_thesis/precompute/259/259_infer.raxml.log

Analysis started: 05-May-2026 10:13:04 / finished: 05-May-2026 10:13:04

Elapsed time: 0.144 seconds

