IQ-TREE version 3.1.1 for Linux x86 64-bit built Apr  8 2026
Developed by Bui Quang Minh, Thomas Wong, Nhan Ly-Trong, Huaiyan Ren
Contributed by Lam-Tung Nguyen, Dominik Schrempf, Chris Bielow,
Olga Chernomor, Michael Woodhams, Diep Thi Hoang, Heiko Schmidt

Host:    IAD1-C632678DGX041 (AVX2, FMA3, 2015 GB RAM)
Command: iqtree3 -s /raid/home/hatang/final_thesis/data/dna/test/251/data.phy -t /raid/home/hatang/final_thesis/data/dna/test/251/start.newick -m GTR{0.9912,0.8703,0.7543,1.0716,0.9373}+F{0.3889,0.1692,0.207,0.2349}+I{0.08099}+G4{1.444} --prefix precompute/251/251_infer --threads auto --redo
Seed:    337339 (Using SPRNG - Scalable Parallel Random Number Generator)
Time:    Tue May  5 00:23:21 2026
Kernel:  AVX+FMA - auto-detect threads (256 CPU cores detected)

Reading alignment file /raid/home/hatang/final_thesis/data/dna/test/251/data.phy ... Phylip format detected
Alignment most likely contains DNA/RNA sequences
Constructing alignment: done in 0.00608634 secs using 8546% CPU
WARNING: 3 sites contain only gaps or ambiguous characters.
Alignment has 20 sequences with 593 columns, 475 distinct patterns
273 parsimony-informative, 101 singleton sites, 219 constant sites
     Gap/Ambiguity  Composition  p-value
Analyzing sequences: done in 0.00726627 secs using 1.773e+04% CPU
   1  T2    33.22%    passed     43.56%
   2  T10   34.91%    passed     68.35%
   3  T5    32.04%    passed     90.44%
   4  T16   31.87%    passed     85.94%
   5  T18   33.39%    passed     89.23%
   6  T17   31.03%    passed     73.20%
   7  T11   36.93%    passed     57.63%
   8  T13   36.59%    passed     86.59%
   9  T15   34.57%    passed     68.21%
  10  T12   32.04%    passed     90.82%
  11  T3    36.76%    passed     97.56%
  12  T19   32.38%    passed     44.85%
  13  T8    19.90%    passed     57.24%
  14  T7    19.73%    passed     79.84%
  15  T4    17.37%    passed     80.06%
  16  T6    18.72%    passed     75.38%
  17  T9    21.92%    passed     58.78%
  18  T14   25.80%    passed      6.85%
  19  T1    15.68%    passed     95.08%
  20  T20   17.03%    passed     87.67%
****  TOTAL   28.09%  0 sequences failed composition chi2 test (p-value<5%; df=3)
Checking for duplicate sequences: done in 0.0107945 secs using 2.077e+04% CPU
Reading input tree file /raid/home/hatang/final_thesis/data/dna/test/251/start.newick ...

NOTE: 1 MB RAM (0 GB) is required!
Measuring multi-threading efficiency up to 256 CPU cores
Increase to 10 rounds for branch lengths
20392 trees examined
Threads: 1 / Time: 256.010 sec / Speedup: 1.000 / Efficiency: 100% / LogL: -6607
Threads: 2 / Time: 310.768 sec / Speedup: 0.824 / Efficiency: 41% / LogL: -6607
Determining AUTO threadcount: done in 566.779 secs using 152.7% CPU
BEST NUMBER OF THREADS: 1

Estimate model parameters (epsilon = 0.100)
1. Initial log-likelihood: -5330.030
Optimal log-likelihood: -5330.030
Rate parameters:  A-C: 0.99120  A-G: 0.87030  A-T: 0.75430  C-G: 1.07160  C-T: 0.93730  G-T: 1.00000
Base frequencies:  A: 0.389  C: 0.169  G: 0.207  T: 0.235
Proportion of invariable sites: 0.081
Gamma shape alpha: 1.444
Parameters optimization took 1 rounds (0.003 sec)
Wrote distance file to... 

Do NNI search on 1 best initial trees
Finish initializing candidate tree set (1)
Current best tree score: -5330.030 / CPU time: 0.008
Number of iterations: 1
--------------------------------------------------------------------
|               OPTIMIZING CANDIDATE TREE SET                      |
--------------------------------------------------------------------
Iteration 10 / LogL: -5330.047 / Time: 0h:9m:27s
Iteration 20 / LogL: -5330.036 / Time: 0h:9m:27s
Iteration 30 / LogL: -5330.032 / Time: 0h:9m:27s (0h:22m:50s left)
Iteration 40 / LogL: -5343.344 / Time: 0h:9m:28s (0h:14m:34s left)
Iteration 50 / LogL: -5330.067 / Time: 0h:9m:28s (0h:9m:40s left)
Iteration 60 / LogL: -5343.344 / Time: 0h:9m:28s (0h:6m:25s left)
Iteration 70 / LogL: -5330.030 / Time: 0h:9m:29s (0h:4m:7s left)
Iteration 80 / LogL: -5343.315 / Time: 0h:9m:29s (0h:2m:24s left)
Iteration 90 / LogL: -5330.030 / Time: 0h:9m:30s (0h:1m:4s left)
Iteration 100 / LogL: -5343.292 / Time: 0h:9m:30s (0h:0m:0s left)
TREE SEARCH COMPLETED AFTER 101 ITERATIONS / Time: 0h:9m:30s

--------------------------------------------------------------------
|                    FINALIZING TREE SEARCH                        |
--------------------------------------------------------------------
Performs final model parameters optimization
Estimate model parameters (epsilon = 0.010)
1. Initial log-likelihood: -5330.030
Optimal log-likelihood: -5330.030
Rate parameters:  A-C: 0.99120  A-G: 0.87030  A-T: 0.75430  C-G: 1.07160  C-T: 0.93730  G-T: 1.00000
Base frequencies:  A: 0.389  C: 0.169  G: 0.207  T: 0.235
Proportion of invariable sites: 0.081
Gamma shape alpha: 1.444
Parameters optimization took 1 rounds (0.003 sec)
BEST SCORE FOUND : -5330.030
Total tree length: 3.350

Total number of iterations: 101
CPU time used for tree search: 3.715 sec (0h:0m:3s)
Wall-clock time used for tree search: 3.761 sec (0h:0m:3s)
Total CPU time used: 873.230 sec (0h:14m:33s)
Total wall-clock time used: 570.570 sec (0h:9m:30s)

Analysis results written to: 
  IQ-TREE report:                precompute/251/251_infer.iqtree
  Maximum-likelihood tree:       precompute/251/251_infer.treefile
  Screen log file:               precompute/251/251_infer.log

Date and Time: Tue May  5 00:32:52 2026
