
RAxML-NG v. 1.2.2 released on 11.04.2024 by The Exelixis Lab.
Developed by: Alexey M. Kozlov and Alexandros Stamatakis.
Contributors: Diego Darriba, Tomas Flouri, Benoit Morel, Sarah Lutteropp, Ben Bettisworth, Julia Haag, Anastasis Togkousidis.
Latest version: https://github.com/amkozlov/raxml-ng
Questions/problems/suggestions? Please visit: https://groups.google.com/forum/#!forum/raxml

System: 13th Gen Intel(R) Core(TM) i5-13500H, 12 cores, 31 GB RAM (allocated: 8 physical cores)

RAxML-NG was called at 16-May-2026 12:06:09 as follows:

raxml-ng --search --msa /home/ha/Code/data/dna/test/8/data.phy --tree /home/ha/Code/data/dna/test/8/start.newick --model GTR{0.9394/0.6272/1.0083/0.8206/0.7956/1.0000}+I{0.3058}+G{10.04}+F{0.2517/0.2625/0.2807/0.205} --prefix /home/ha/Code/data/precompute/8/8_infer --threads 1 --seed 42 --force perf_threads --redo

Analysis options:
  run mode: ML tree search
  start tree(s): user
  random seed: 42
  tip-inner: OFF
  pattern compression: ON
  per-rate scalers: OFF
  site repeats: ON
  logLH epsilon: general: 10.000000, brlen-triplet: 1000.000000
  fast spr radius: AUTO
  spr subtree cutoff: 1.000000
  fast CLV updates: ON
  branch lengths: proportional (ML estimate, algorithm: NR-FAST)
  SIMD kernels: AVX2
  parallelization: coarse-grained (auto), NONE/sequential

WARNING: Running in REDO mode: existing checkpoints are ignored, and all result files will be overwritten!

WARNING: Running in FORCE mode: some safety checks are disabled!

[00:00:00] Reading alignment from file: /home/ha/Code/data/dna/test/8/data.phy
[00:00:00] Loaded alignment with 7 taxa and 533 sites

Alignment comprises 1 partitions and 222 patterns

Partition 0: noname
Model: GTR{0.9394/0.6272/1.0083/0.8206/0.7956/1}+FU{0.2517/0.2625/0.2807/0.205}+IU{0.3058}+G4m{10.04}
Alignment sites / patterns: 533 / 222
Gaps: 7.59 %
Invariant sites: 55.72 %


NOTE: Binary MSA file created: /home/ha/Code/data/precompute/8/8_infer.raxml.rba

Parallelization scheme autoconfig: 1 worker(s) x 1 thread(s)

[00:00:00] Loading user starting tree(s) from: /home/ha/Code/data/dna/test/8/start.newick
Parallel reduction/worker buffer size: 1 KB  / 0 KB

[00:00:00] Data distribution: max. partitions/sites/weight per thread: 1 / 222 / 3552
[00:00:00] Data distribution: max. searches per worker: 1

Starting ML tree search with 1 distinct starting trees

[00:00:00 -2260.932761] Initial branch length optimization
[00:00:00 -2260.932760] Model parameter optimization (eps = 10.000000)
[00:00:00 -2260.932760] AUTODETECT spr round 1 (radius: 5)
[00:00:00 -2260.932760] SPR radius for FAST iterations: 5 (autodetect)
[00:00:00 -2260.932760] Model parameter optimization (eps = 3.000000)
[00:00:00 -2260.932760] FAST spr round 1 (radius: 5)
[00:00:00 -2260.932760] Model parameter optimization (eps = 1.000000)
[00:00:00 -2260.932760] SLOW spr round 1 (radius: 5)
[00:00:00 -2260.932760] Model parameter optimization (eps = 0.100000)

[00:00:00] ML tree search #1, logLikelihood: -2260.932760


Optimized model parameters:

   Partition 0: noname
   Rate heterogeneity: GAMMA (4 cats, mean),  alpha: 10.040000 (user),  weights&rates: (0.250000,0.632131) (0.250000,0.871194) (0.250000,1.072255) (0.250000,1.424420) 
   P-inv (user): 0.305800
   Base frequencies (user): 0.251725 0.262526 0.280728 0.205021 
   Substitution rates (user): 0.939400 0.627200 1.008300 0.820600 0.795600 1.000000 


Final LogLikelihood: -2260.932760

AIC score: 4543.865519 / AICc score: 4544.372237 / BIC score: 4590.929255
Free parameters (model + branch lengths): 11

Best ML tree saved to: /home/ha/Code/data/precompute/8/8_infer.raxml.bestTree
Optimized model saved to: /home/ha/Code/data/precompute/8/8_infer.raxml.bestModel

Execution log saved to: /home/ha/Code/data/precompute/8/8_infer.raxml.log

Analysis started: 16-May-2026 12:06:09 / finished: 16-May-2026 12:06:09

Elapsed time: 0.026 seconds

