
RAxML-NG v. 1.2.2 released on 11.04.2024 by The Exelixis Lab.
Developed by: Alexey M. Kozlov and Alexandros Stamatakis.
Contributors: Diego Darriba, Tomas Flouri, Benoit Morel, Sarah Lutteropp, Ben Bettisworth, Julia Haag, Anastasis Togkousidis.
Latest version: https://github.com/amkozlov/raxml-ng
Questions/problems/suggestions? Please visit: https://groups.google.com/forum/#!forum/raxml

System: AMD EPYC 7742 64-Core Processor, 128 cores, 2015 GB RAM

RAxML-NG was called at 05-May-2026 17:14:14 as follows:

raxml-ng --search --msa /raid/home/hatang/final_thesis/data/dna/test/458/data.phy --tree /raid/home/hatang/final_thesis/data/dna/test/458/start.newick --model GTR{0.9229/0.9675/1.0002/1.0017/0.9084/1.0000}+I{0.04813}+G{1.282}+F{0.2486/0.1971/0.3068/0.2475} --prefix precompute/458/458_infer --threads auto --seed 42 --force perf_threads

Analysis options:
  run mode: ML tree search
  start tree(s): user
  random seed: 42
  tip-inner: OFF
  pattern compression: ON
  per-rate scalers: OFF
  site repeats: ON
  logLH epsilon: general: 10.000000, brlen-triplet: 1000.000000
  fast spr radius: AUTO
  spr subtree cutoff: 1.000000
  fast CLV updates: ON
  branch lengths: proportional (ML estimate, algorithm: NR-FAST)
  SIMD kernels: AVX2
  parallelization: coarse-grained (auto), PTHREADS (auto)

WARNING: Running in FORCE mode: some safety checks are disabled!

[00:00:00] Reading alignment from file: /raid/home/hatang/final_thesis/data/dna/test/458/data.phy
[00:00:00] Loaded alignment with 15 taxa and 5022 sites

WARNING: Fully undetermined columns found: 29

NOTE: Reduced alignment (with duplicates and gap-only sites/taxa removed) 
NOTE: was saved to: /raid/home/hatang/final_thesis/precompute/458/458_infer.raxml.reduced.phy

Alignment comprises 1 partitions and 2682 patterns

Partition 0: noname
Model: GTR{0.9229/0.9675/1.0002/1.0017/0.9084/1}+FU{0.2486/0.1971/0.3068/0.2475}+IU{0.04813}+G4m{1.282}
Alignment sites / patterns: 4993 / 2682
Gaps: 25.23 %
Invariant sites: 44.56 %


NOTE: Binary MSA file created: precompute/458/458_infer.raxml.rba

Parallelization scheme autoconfig: 1 worker(s) x 7 thread(s)

[00:00:00] Loading user starting tree(s) from: /raid/home/hatang/final_thesis/data/dna/test/458/start.newick
Parallel reduction/worker buffer size: 1 KB  / 0 KB

[00:00:00] Data distribution: max. partitions/sites/weight per thread: 1 / 384 / 6144
[00:00:00] Data distribution: max. searches per worker: 1

Starting ML tree search with 1 distinct starting trees

[00:00:00 -33586.449981] Initial branch length optimization
[00:00:00 -33586.449974] Model parameter optimization (eps = 10.000000)
[00:00:00 -33586.449973] AUTODETECT spr round 1 (radius: 5)
[00:00:00 -33586.449973] SPR radius for FAST iterations: 5 (autodetect)
[00:00:00 -33586.449973] Model parameter optimization (eps = 3.000000)
[00:00:00 -33586.449973] FAST spr round 1 (radius: 5)
[00:00:00 -33586.449973] Model parameter optimization (eps = 1.000000)
[00:00:00 -33586.449973] SLOW spr round 1 (radius: 5)
[00:00:00 -33586.449973] SLOW spr round 2 (radius: 10)
[00:00:00 -33586.449973] SLOW spr round 3 (radius: 15)
[00:00:00 -33586.449973] Model parameter optimization (eps = 0.100000)

[00:00:00] ML tree search #1, logLikelihood: -33586.449973


Optimized model parameters:

   Partition 0: noname
   Rate heterogeneity: GAMMA (4 cats, mean),  alpha: 1.282000 (user),  weights&rates: (0.250000,0.189599) (0.250000,0.547732) (0.250000,1.034567) (0.250000,2.228102) 
   P-inv (user): 0.048130
   Base frequencies (user): 0.248600 0.197100 0.306800 0.247500 
   Substitution rates (user): 0.922900 0.967500 1.000200 1.001700 0.908400 1.000000 


Final LogLikelihood: -33586.449973

AIC score: 67226.899946 / AICc score: 67227.204478 / BIC score: 67402.826336
Free parameters (model + branch lengths): 27

Best ML tree saved to: /raid/home/hatang/final_thesis/precompute/458/458_infer.raxml.bestTree
Optimized model saved to: /raid/home/hatang/final_thesis/precompute/458/458_infer.raxml.bestModel

Execution log saved to: /raid/home/hatang/final_thesis/precompute/458/458_infer.raxml.log

Analysis started: 05-May-2026 17:14:14 / finished: 05-May-2026 17:14:14

Elapsed time: 0.271 seconds

