
RAxML-NG v. 1.2.2 released on 11.04.2024 by The Exelixis Lab.
Developed by: Alexey M. Kozlov and Alexandros Stamatakis.
Contributors: Diego Darriba, Tomas Flouri, Benoit Morel, Sarah Lutteropp, Ben Bettisworth, Julia Haag, Anastasis Togkousidis.
Latest version: https://github.com/amkozlov/raxml-ng
Questions/problems/suggestions? Please visit: https://groups.google.com/forum/#!forum/raxml

System: 13th Gen Intel(R) Core(TM) i5-13500H, 12 cores, 31 GB RAM (allocated: 8 physical cores)

RAxML-NG was called at 16-May-2026 12:14:05 as follows:

raxml-ng --search --msa /home/ha/Code/data/dna/test/475/data.phy --tree /home/ha/Code/data/dna/test/475/start.newick --model GTR{1.0525/1.0497/1.0572/0.9168/1.0191/1.0000}+I{9.493e-07}+G{0.9362}+F{0.3691/0.1744/0.2257/0.2307} --prefix /home/ha/Code/data/precompute/475/475_infer --threads 1 --seed 42 --force perf_threads --redo

Analysis options:
  run mode: ML tree search
  start tree(s): user
  random seed: 42
  tip-inner: OFF
  pattern compression: ON
  per-rate scalers: OFF
  site repeats: ON
  logLH epsilon: general: 10.000000, brlen-triplet: 1000.000000
  fast spr radius: AUTO
  spr subtree cutoff: 1.000000
  fast CLV updates: ON
  branch lengths: proportional (ML estimate, algorithm: NR-FAST)
  SIMD kernels: AVX2
  parallelization: coarse-grained (auto), NONE/sequential

WARNING: Running in REDO mode: existing checkpoints are ignored, and all result files will be overwritten!

WARNING: Running in FORCE mode: some safety checks are disabled!

[00:00:00] Reading alignment from file: /home/ha/Code/data/dna/test/475/data.phy
[00:00:00] Loaded alignment with 15 taxa and 3732 sites

WARNING: Fully undetermined columns found: 18

NOTE: Reduced alignment (with duplicates and gap-only sites/taxa removed) 
NOTE: was saved to: /home/ha/Code/data/precompute/475/475_infer.raxml.reduced.phy

Alignment comprises 1 partitions and 2200 patterns

Partition 0: noname
Model: GTR{1.0525/1.0497/1.0572/0.9168/1.0191/1}+FU{0.3691/0.1744/0.2257/0.2307}+IU{9.493e-07}+G4m{0.9362}
Alignment sites / patterns: 3714 / 2200
Gaps: 33.05 %
Invariant sites: 44.91 %


NOTE: Binary MSA file created: /home/ha/Code/data/precompute/475/475_infer.raxml.rba

Parallelization scheme autoconfig: 1 worker(s) x 1 thread(s)

[00:00:00] Loading user starting tree(s) from: /home/ha/Code/data/dna/test/475/start.newick
Parallel reduction/worker buffer size: 1 KB  / 0 KB

[00:00:00] Data distribution: max. partitions/sites/weight per thread: 1 / 2200 / 35200
[00:00:00] Data distribution: max. searches per worker: 1

Starting ML tree search with 1 distinct starting trees

[00:00:00 -25071.472360] Initial branch length optimization
[00:00:00 -25071.472360] Model parameter optimization (eps = 10.000000)
[00:00:00 -25071.472359] AUTODETECT spr round 1 (radius: 5)
[00:00:00 -25071.472359] SPR radius for FAST iterations: 5 (autodetect)
[00:00:00 -25071.472359] Model parameter optimization (eps = 3.000000)
[00:00:00 -25071.472359] FAST spr round 1 (radius: 5)
[00:00:00 -25071.472359] Model parameter optimization (eps = 1.000000)
[00:00:00 -25071.472359] SLOW spr round 1 (radius: 5)
[00:00:00 -25071.472359] SLOW spr round 2 (radius: 10)
[00:00:00 -25071.472359] SLOW spr round 3 (radius: 15)
[00:00:00 -25071.472359] Model parameter optimization (eps = 0.100000)

[00:00:00] ML tree search #1, logLikelihood: -25071.472359


Optimized model parameters:

   Partition 0: noname
   Rate heterogeneity: GAMMA (4 cats, mean),  alpha: 0.936200 (user),  weights&rates: (0.250000,0.124055) (0.250000,0.456698) (0.250000,0.988568) (0.250000,2.430679) 
   P-inv (user): 0.000001
   Base frequencies (user): 0.369137 0.174417 0.225723 0.230723 
   Substitution rates (user): 1.052500 1.049700 1.057200 0.916800 1.019100 1.000000 


Final LogLikelihood: -25071.472359

AIC score: 50196.944719 / AICc score: 50197.354920 / BIC score: 50364.881067
Free parameters (model + branch lengths): 27

Best ML tree saved to: /home/ha/Code/data/precompute/475/475_infer.raxml.bestTree
Optimized model saved to: /home/ha/Code/data/precompute/475/475_infer.raxml.bestModel

Execution log saved to: /home/ha/Code/data/precompute/475/475_infer.raxml.log

Analysis started: 16-May-2026 12:14:05 / finished: 16-May-2026 12:14:06

Elapsed time: 0.921 seconds

