
RAxML-NG v. 1.2.2 released on 11.04.2024 by The Exelixis Lab.
Developed by: Alexey M. Kozlov and Alexandros Stamatakis.
Contributors: Diego Darriba, Tomas Flouri, Benoit Morel, Sarah Lutteropp, Ben Bettisworth, Julia Haag, Anastasis Togkousidis.
Latest version: https://github.com/amkozlov/raxml-ng
Questions/problems/suggestions? Please visit: https://groups.google.com/forum/#!forum/raxml

System: 13th Gen Intel(R) Core(TM) i5-13500H, 12 cores, 31 GB RAM (allocated: 8 physical cores)

RAxML-NG was called at 16-May-2026 12:06:11 as follows:

raxml-ng --search --msa /home/ha/Code/data/dna/test/26/data.phy --tree /home/ha/Code/data/dna/test/26/start.newick --model GTR{1.3100/1.0135/0.8588/0.9852/0.8193/1.0000}+I{9.619e-07}+G{0.9151}+F{0.2167/0.1545/0.391/0.2378} --prefix /home/ha/Code/data/precompute/26/26_infer --threads 1 --seed 42 --force perf_threads --redo

Analysis options:
  run mode: ML tree search
  start tree(s): user
  random seed: 42
  tip-inner: OFF
  pattern compression: ON
  per-rate scalers: OFF
  site repeats: ON
  logLH epsilon: general: 10.000000, brlen-triplet: 1000.000000
  fast spr radius: AUTO
  spr subtree cutoff: 1.000000
  fast CLV updates: ON
  branch lengths: proportional (ML estimate, algorithm: NR-FAST)
  SIMD kernels: AVX2
  parallelization: coarse-grained (auto), NONE/sequential

WARNING: Running in REDO mode: existing checkpoints are ignored, and all result files will be overwritten!

WARNING: Running in FORCE mode: some safety checks are disabled!

[00:00:00] Reading alignment from file: /home/ha/Code/data/dna/test/26/data.phy
[00:00:00] Loaded alignment with 7 taxa and 1108 sites

WARNING: Fully undetermined columns found: 4

NOTE: Reduced alignment (with duplicates and gap-only sites/taxa removed) 
NOTE: was saved to: /home/ha/Code/data/precompute/26/26_infer.raxml.reduced.phy

Alignment comprises 1 partitions and 455 patterns

Partition 0: noname
Model: GTR{1.31/1.0135/0.8588/0.9852/0.8193/1}+FU{0.2167/0.1545/0.391/0.2378}+IU{9.619e-07}+G4m{0.9151}
Alignment sites / patterns: 1104 / 455
Gaps: 15.39 %
Invariant sites: 52.17 %


NOTE: Binary MSA file created: /home/ha/Code/data/precompute/26/26_infer.raxml.rba

Parallelization scheme autoconfig: 1 worker(s) x 1 thread(s)

[00:00:00] Loading user starting tree(s) from: /home/ha/Code/data/dna/test/26/start.newick
Parallel reduction/worker buffer size: 1 KB  / 0 KB

[00:00:00] Data distribution: max. partitions/sites/weight per thread: 1 / 455 / 7280
[00:00:00] Data distribution: max. searches per worker: 1

Starting ML tree search with 1 distinct starting trees

[00:00:00 -4701.767824] Initial branch length optimization
[00:00:00 -4701.767824] Model parameter optimization (eps = 10.000000)
[00:00:00 -4701.767824] AUTODETECT spr round 1 (radius: 5)
[00:00:00 -4701.767824] SPR radius for FAST iterations: 5 (autodetect)
[00:00:00 -4701.767824] Model parameter optimization (eps = 3.000000)
[00:00:00 -4701.767824] FAST spr round 1 (radius: 5)
[00:00:00 -4701.767824] Model parameter optimization (eps = 1.000000)
[00:00:00 -4701.767824] SLOW spr round 1 (radius: 5)
[00:00:00 -4701.767824] Model parameter optimization (eps = 0.100000)

[00:00:00] ML tree search #1, logLikelihood: -4701.767824


Optimized model parameters:

   Partition 0: noname
   Rate heterogeneity: GAMMA (4 cats, mean),  alpha: 0.915100 (user),  weights&rates: (0.250000,0.119718) (0.250000,0.449656) (0.250000,0.984373) (0.250000,2.446252) 
   P-inv (user): 0.000001
   Base frequencies (user): 0.216700 0.154500 0.391000 0.237800 
   Substitution rates (user): 1.310000 1.013500 0.858800 0.985200 0.819300 1.000000 


Final LogLikelihood: -4701.767824

AIC score: 9425.535647 / AICc score: 9425.777405 / BIC score: 9480.609295
Free parameters (model + branch lengths): 11

Best ML tree saved to: /home/ha/Code/data/precompute/26/26_infer.raxml.bestTree
Optimized model saved to: /home/ha/Code/data/precompute/26/26_infer.raxml.bestModel

Execution log saved to: /home/ha/Code/data/precompute/26/26_infer.raxml.log

Analysis started: 16-May-2026 12:06:11 / finished: 16-May-2026 12:06:11

Elapsed time: 0.075 seconds

