IQ-TREE version 3.1.1 for Linux x86 64-bit built Apr  8 2026
Developed by Bui Quang Minh, Thomas Wong, Nhan Ly-Trong, Huaiyan Ren
Contributed by Lam-Tung Nguyen, Dominik Schrempf, Chris Bielow,
Olga Chernomor, Michael Woodhams, Diep Thi Hoang, Heiko Schmidt

Host:    IAD1-C632678DGX041 (AVX2, FMA3, 2015 GB RAM)
Command: iqtree3 -s /raid/home/hatang/final_thesis/data/dna/test/26/data.phy -t /raid/home/hatang/final_thesis/data/dna/test/26/start.newick -m GTR{1.3100,1.0135,0.8588,0.9852,0.8193}+F{0.2167,0.1545,0.391,0.2378}+I{9.619e-07}+G4{0.9151} --prefix precompute/26/26_infer --threads auto --redo
Seed:    889572 (Using SPRNG - Scalable Parallel Random Number Generator)
Time:    Tue May  5 07:54:26 2026
Kernel:  AVX+FMA - auto-detect threads (256 CPU cores detected)

Reading alignment file /raid/home/hatang/final_thesis/data/dna/test/26/data.phy ... Phylip format detected
Alignment most likely contains DNA/RNA sequences
Constructing alignment: done in 0.013899 secs using 5588% CPU
WARNING: 4 sites contain only gaps or ambiguous characters.
Alignment has 7 sequences with 1108 columns, 456 distinct patterns
287 parsimony-informative, 241 singleton sites, 580 constant sites
    Gap/Ambiguity  Composition  p-value
Analyzing sequences: done in 0.0238462 secs using 1.181e+04% CPU
   1  T2   24.01%    passed     64.44%
   2  T7   18.68%    passed     80.63%
   3  T6   16.61%    passed     91.73%
   4  T3   13.99%    passed     99.94%
   5  T5   12.09%    passed     99.28%
   6  T1   15.34%    passed     93.73%
   7  T4    9.12%    passed     65.16%
****  TOTAL   15.69%  0 sequences failed composition chi2 test (p-value<5%; df=3)
Checking for duplicate sequences: done in 0.023653 secs using 1.194e+04% CPU
Reading input tree file /raid/home/hatang/final_thesis/data/dna/test/26/start.newick ...

NOTE: 0 MB RAM (0 GB) is required!
Measuring multi-threading efficiency up to 256 CPU cores
Increase to 10 rounds for branch lengths
96450 trees examined
Threads: 1 / Time: 256.001 sec / Speedup: 1.000 / Efficiency: 100% / LogL: -4925
Threads: 2 / Time: 279.394 sec / Speedup: 0.916 / Efficiency: 46% / LogL: -4925
Determining AUTO threadcount: done in 535.396 secs using 150% CPU
BEST NUMBER OF THREADS: 1

Estimate model parameters (epsilon = 0.100)
1. Initial log-likelihood: -4701.768
Optimal log-likelihood: -4701.768
Rate parameters:  A-C: 1.31000  A-G: 1.01350  A-T: 0.85880  C-G: 0.98520  C-T: 0.81930  G-T: 1.00000
Base frequencies:  A: 0.217  C: 0.154  G: 0.391  T: 0.238
Proportion of invariable sites: 0.000
Gamma shape alpha: 0.915
Parameters optimization took 1 rounds (0.001 sec)
Wrote distance file to... 

Do NNI search on 1 best initial trees
Finish initializing candidate tree set (1)
Current best tree score: -4701.768 / CPU time: 0.002
Number of iterations: 1
--------------------------------------------------------------------
|               OPTIMIZING CANDIDATE TREE SET                      |
--------------------------------------------------------------------
Iteration 10 / LogL: -4701.893 / Time: 0h:8m:55s
Iteration 20 / LogL: -4701.908 / Time: 0h:8m:55s
Iteration 30 / LogL: -4701.768 / Time: 0h:8m:55s (0h:21m:32s left)
Iteration 40 / LogL: -4701.996 / Time: 0h:8m:55s (0h:13m:43s left)
UPDATE BEST LOG-LIKELIHOOD: -4701.768
UPDATE BEST LOG-LIKELIHOOD: -4701.768
Iteration 50 / LogL: -4702.180 / Time: 0h:8m:55s (0h:9m:6s left)
Iteration 60 / LogL: -4701.768 / Time: 0h:8m:55s (0h:6m:3s left)
Iteration 70 / LogL: -4701.828 / Time: 0h:8m:55s (0h:3m:52s left)
Iteration 80 / LogL: -4701.768 / Time: 0h:8m:55s (0h:2m:15s left)
Iteration 90 / LogL: -4701.846 / Time: 0h:8m:55s (0h:1m:0s left)
Iteration 100 / LogL: -4701.768 / Time: 0h:8m:55s (0h:0m:0s left)
TREE SEARCH COMPLETED AFTER 101 ITERATIONS / Time: 0h:8m:55s

--------------------------------------------------------------------
|                    FINALIZING TREE SEARCH                        |
--------------------------------------------------------------------
Performs final model parameters optimization
Estimate model parameters (epsilon = 0.010)
1. Initial log-likelihood: -4701.768
Optimal log-likelihood: -4701.768
Rate parameters:  A-C: 1.31000  A-G: 1.01350  A-T: 0.85880  C-G: 0.98520  C-T: 0.81930  G-T: 1.00000
Base frequencies:  A: 0.217  C: 0.154  G: 0.391  T: 0.238
Proportion of invariable sites: 0.000
Gamma shape alpha: 0.915
Parameters optimization took 1 rounds (0.001 sec)
BEST SCORE FOUND : -4701.768
Total tree length: 1.252

Total number of iterations: 101
CPU time used for tree search: 0.487 sec (0h:0m:0s)
Wall-clock time used for tree search: 0.495 sec (0h:0m:0s)
Total CPU time used: 806.929 sec (0h:13m:26s)
Total wall-clock time used: 535.928 sec (0h:8m:55s)

Analysis results written to: 
  IQ-TREE report:                precompute/26/26_infer.iqtree
  Maximum-likelihood tree:       precompute/26/26_infer.treefile
  Screen log file:               precompute/26/26_infer.log

Date and Time: Tue May  5 08:03:23 2026
