
RAxML-NG v. 1.2.2 released on 11.04.2024 by The Exelixis Lab.
Developed by: Alexey M. Kozlov and Alexandros Stamatakis.
Contributors: Diego Darriba, Tomas Flouri, Benoit Morel, Sarah Lutteropp, Ben Bettisworth, Julia Haag, Anastasis Togkousidis.
Latest version: https://github.com/amkozlov/raxml-ng
Questions/problems/suggestions? Please visit: https://groups.google.com/forum/#!forum/raxml

System: AMD EPYC 7742 64-Core Processor, 128 cores, 2015 GB RAM

RAxML-NG was called at 05-May-2026 09:54:50 as follows:

raxml-ng --search --msa /raid/home/hatang/final_thesis/data/dna/test/35/data.phy --tree /raid/home/hatang/final_thesis/data/dna/test/35/start.newick --model GTR{0.7755/1.2943/1.0717/1.0116/1.0166/1.0000}+I{9.883e-07}+G{0.9899}+F{0.3065/0.2765/0.197/0.22} --prefix precompute/35/35_infer --threads auto --seed 42 --force perf_threads

Analysis options:
  run mode: ML tree search
  start tree(s): user
  random seed: 42
  tip-inner: OFF
  pattern compression: ON
  per-rate scalers: OFF
  site repeats: ON
  logLH epsilon: general: 10.000000, brlen-triplet: 1000.000000
  fast spr radius: AUTO
  spr subtree cutoff: 1.000000
  fast CLV updates: ON
  branch lengths: proportional (ML estimate, algorithm: NR-FAST)
  SIMD kernels: AVX2
  parallelization: coarse-grained (auto), PTHREADS (auto)

WARNING: Running in FORCE mode: some safety checks are disabled!

[00:00:00] Reading alignment from file: /raid/home/hatang/final_thesis/data/dna/test/35/data.phy
[00:00:00] Loaded alignment with 7 taxa and 1084 sites

Alignment comprises 1 partitions and 384 patterns

Partition 0: noname
Model: GTR{0.7755/1.2943/1.0717/1.0116/1.0166/1}+FU{0.3065/0.2765/0.197/0.22}+IU{9.883e-07}+G4m{0.9899}
Alignment sites / patterns: 1084 / 384
Gaps: 12.97 %
Invariant sites: 60.24 %


NOTE: Binary MSA file created: precompute/35/35_infer.raxml.rba

Parallelization scheme autoconfig: 1 worker(s) x 5 thread(s)

[00:00:00] Loading user starting tree(s) from: /raid/home/hatang/final_thesis/data/dna/test/35/start.newick
Parallel reduction/worker buffer size: 1 KB  / 0 KB

[00:00:00] Data distribution: max. partitions/sites/weight per thread: 1 / 77 / 1232
[00:00:00] Data distribution: max. searches per worker: 1

Starting ML tree search with 1 distinct starting trees

[00:00:00 -4265.761608] Initial branch length optimization
[00:00:00 -4265.761608] Model parameter optimization (eps = 10.000000)
[00:00:00 -4265.761608] AUTODETECT spr round 1 (radius: 5)
[00:00:00 -4265.761608] SPR radius for FAST iterations: 5 (autodetect)
[00:00:00 -4265.761608] Model parameter optimization (eps = 3.000000)
[00:00:00 -4265.761608] FAST spr round 1 (radius: 5)
[00:00:00 -4265.761608] Model parameter optimization (eps = 1.000000)
[00:00:00 -4265.761608] SLOW spr round 1 (radius: 5)
[00:00:00 -4265.761608] Model parameter optimization (eps = 0.100000)

[00:00:00] ML tree search #1, logLikelihood: -4265.761608


Optimized model parameters:

   Partition 0: noname
   Rate heterogeneity: GAMMA (4 cats, mean),  alpha: 0.989900 (user),  weights&rates: (0.250000,0.134934) (0.250000,0.473695) (0.250000,0.998306) (0.250000,2.393065) 
   P-inv (user): 0.000001
   Base frequencies (user): 0.306500 0.276500 0.197000 0.220000 
   Substitution rates (user): 0.775500 1.294300 1.071700 1.011600 1.016600 1.000000 


Final LogLikelihood: -4265.761608

AIC score: 8553.523217 / AICc score: 8553.769485 / BIC score: 8608.395762
Free parameters (model + branch lengths): 11

Best ML tree saved to: /raid/home/hatang/final_thesis/precompute/35/35_infer.raxml.bestTree
Optimized model saved to: /raid/home/hatang/final_thesis/precompute/35/35_infer.raxml.bestModel

Execution log saved to: /raid/home/hatang/final_thesis/precompute/35/35_infer.raxml.log

Analysis started: 05-May-2026 09:54:50 / finished: 05-May-2026 09:54:50

Elapsed time: 0.037 seconds

