IQ-TREE version 3.1.1 for Linux x86 64-bit built Apr  8 2026
Developed by Bui Quang Minh, Thomas Wong, Nhan Ly-Trong, Huaiyan Ren
Contributed by Lam-Tung Nguyen, Dominik Schrempf, Chris Bielow,
Olga Chernomor, Michael Woodhams, Diep Thi Hoang, Heiko Schmidt

Host:    ha-ThinkPad-E14-Gen-5 (AVX2, FMA3, 31 GB RAM)
Command: iqtree3 -s /home/ha/Code/data/dna/test/35/data.phy -t /home/ha/Code/data/dna/test/35/start.newick -m GTR{0.7755,1.2943,1.0717,1.0116,1.0166}+F{0.3065,0.2765,0.197,0.22}+I{9.883e-07}+G4{0.9899} --prefix /home/ha/Code/data/precompute/35/35_infer -T 1 --redo
Seed:    996764 (Using SPRNG - Scalable Parallel Random Number Generator)
Time:    Sat May 16 12:06:11 2026
Kernel:  AVX+FMA - 1 threads (16 CPU cores detected)

HINT: Use -nt option to specify number of threads because your CPU has 16 cores!
HINT: -nt AUTO will automatically determine the best number of threads to use.

Reading alignment file /home/ha/Code/data/dna/test/35/data.phy ... Phylip format detected
Alignment most likely contains DNA/RNA sequences
Constructing alignment: done in 0.000762535 secs using 59.93% CPU
Alignment has 7 sequences with 1084 columns, 384 distinct patterns
200 parsimony-informative, 231 singleton sites, 653 constant sites
    Gap/Ambiguity  Composition  p-value
Analyzing sequences: done in 1.2372e-05 secs using 96.99% CPU
   1  T2   16.05%    passed     80.04%
   2  T6   16.33%    passed     67.90%
   3  T3   14.39%    passed     83.96%
   4  T4   11.62%    passed     96.13%
   5  T1   11.99%    passed     83.70%
   6  T5    8.58%    passed     95.43%
   7  T7   11.81%    passed     66.64%
****  TOTAL   12.97%  0 sequences failed composition chi2 test (p-value<5%; df=3)
Checking for duplicate sequences: done in 2.4273e-05 secs using 94.76% CPU
Reading input tree file /home/ha/Code/data/dna/test/35/start.newick ...

NOTE: 0 MB RAM (0 GB) is required!
Estimate model parameters (epsilon = 0.100)
1. Initial log-likelihood: -4265.762
Optimal log-likelihood: -4265.762
Rate parameters:  A-C: 0.77550  A-G: 1.29430  A-T: 1.07170  C-G: 1.01160  C-T: 1.01660  G-T: 1.00000
Base frequencies:  A: 0.306  C: 0.277  G: 0.197  T: 0.220
Proportion of invariable sites: 0.000
Gamma shape alpha: 0.990
Parameters optimization took 1 rounds (0.002 sec)
Wrote distance file to... 

Do NNI search on 1 best initial trees
Finish initializing candidate tree set (1)
Current best tree score: -4265.762 / CPU time: 0.006
Number of iterations: 1
--------------------------------------------------------------------
|               OPTIMIZING CANDIDATE TREE SET                      |
--------------------------------------------------------------------
Iteration 10 / LogL: -4266.185 / Time: 0h:0m:0s
UPDATE BEST LOG-LIKELIHOOD: -4265.762
Iteration 20 / LogL: -4265.967 / Time: 0h:0m:0s
Iteration 30 / LogL: -4265.810 / Time: 0h:0m:0s (0h:0m:0s left)
Iteration 40 / LogL: -4266.185 / Time: 0h:0m:0s (0h:0m:0s left)
Iteration 50 / LogL: -4265.776 / Time: 0h:0m:0s (0h:0m:0s left)
Iteration 60 / LogL: -4265.762 / Time: 0h:0m:0s (0h:0m:0s left)
Iteration 70 / LogL: -4265.776 / Time: 0h:0m:0s (0h:0m:0s left)
Iteration 80 / LogL: -4265.935 / Time: 0h:0m:0s (0h:0m:0s left)
Iteration 90 / LogL: -4265.817 / Time: 0h:0m:0s (0h:0m:0s left)
Iteration 100 / LogL: -4265.898 / Time: 0h:0m:0s (0h:0m:0s left)
TREE SEARCH COMPLETED AFTER 101 ITERATIONS / Time: 0h:0m:0s

--------------------------------------------------------------------
|                    FINALIZING TREE SEARCH                        |
--------------------------------------------------------------------
Performs final model parameters optimization
Estimate model parameters (epsilon = 0.010)
1. Initial log-likelihood: -4265.762
Optimal log-likelihood: -4265.762
Rate parameters:  A-C: 0.77550  A-G: 1.29430  A-T: 1.07170  C-G: 1.01160  C-T: 1.01660  G-T: 1.00000
Base frequencies:  A: 0.306  C: 0.277  G: 0.197  T: 0.220
Proportion of invariable sites: 0.000
Gamma shape alpha: 0.990
Parameters optimization took 1 rounds (0.001 sec)
BEST SCORE FOUND : -4265.762
Total tree length: 0.795

Total number of iterations: 101
CPU time used for tree search: 0.439 sec (0h:0m:0s)
Wall-clock time used for tree search: 0.444 sec (0h:0m:0s)
Total CPU time used: 0.450 sec (0h:0m:0s)
Total wall-clock time used: 0.459 sec (0h:0m:0s)

Analysis results written to: 
  IQ-TREE report:                /home/ha/Code/data/precompute/35/35_infer.iqtree
  Maximum-likelihood tree:       /home/ha/Code/data/precompute/35/35_infer.treefile
  Screen log file:               /home/ha/Code/data/precompute/35/35_infer.log

Date and Time: Sat May 16 12:06:12 2026
