
RAxML-NG v. 1.2.2 released on 11.04.2024 by The Exelixis Lab.
Developed by: Alexey M. Kozlov and Alexandros Stamatakis.
Contributors: Diego Darriba, Tomas Flouri, Benoit Morel, Sarah Lutteropp, Ben Bettisworth, Julia Haag, Anastasis Togkousidis.
Latest version: https://github.com/amkozlov/raxml-ng
Questions/problems/suggestions? Please visit: https://groups.google.com/forum/#!forum/raxml

System: AMD EPYC 7742 64-Core Processor, 128 cores, 2015 GB RAM

RAxML-NG was called at 05-May-2026 15:15:40 as follows:

raxml-ng --search --msa /raid/home/hatang/final_thesis/data/dna/test/255/data.phy --tree /raid/home/hatang/final_thesis/data/dna/test/255/start.newick --model GTR{0.6384/0.8208/0.5811/0.5813/0.5953/1.0000}+I{8.239e-07}+G{1.055}+F{0.3129/0.2129/0.1514/0.3228} --prefix precompute/255/255_infer --threads auto --seed 42 --force perf_threads

Analysis options:
  run mode: ML tree search
  start tree(s): user
  random seed: 42
  tip-inner: OFF
  pattern compression: ON
  per-rate scalers: OFF
  site repeats: ON
  logLH epsilon: general: 10.000000, brlen-triplet: 1000.000000
  fast spr radius: AUTO
  spr subtree cutoff: 1.000000
  fast CLV updates: ON
  branch lengths: proportional (ML estimate, algorithm: NR-FAST)
  SIMD kernels: AVX2
  parallelization: coarse-grained (auto), PTHREADS (auto)

WARNING: Running in FORCE mode: some safety checks are disabled!

[00:00:00] Reading alignment from file: /raid/home/hatang/final_thesis/data/dna/test/255/data.phy
[00:00:00] Loaded alignment with 20 taxa and 648 sites

WARNING: Fully undetermined columns found: 20

NOTE: Reduced alignment (with duplicates and gap-only sites/taxa removed) 
NOTE: was saved to: /raid/home/hatang/final_thesis/precompute/255/255_infer.raxml.reduced.phy

Alignment comprises 1 partitions and 406 patterns

Partition 0: noname
Model: GTR{0.6384/0.8208/0.5811/0.5813/0.5953/1}+FU{0.3129/0.2129/0.1514/0.3228}+IU{8.239e-07}+G4m{1.055}
Alignment sites / patterns: 628 / 406
Gaps: 50.18 %
Invariant sites: 45.38 %


NOTE: Binary MSA file created: precompute/255/255_infer.raxml.rba

Parallelization scheme autoconfig: 1 worker(s) x 5 thread(s)

[00:00:00] Loading user starting tree(s) from: /raid/home/hatang/final_thesis/data/dna/test/255/start.newick
Parallel reduction/worker buffer size: 1 KB  / 0 KB

[00:00:00] Data distribution: max. partitions/sites/weight per thread: 1 / 82 / 1312
[00:00:00] Data distribution: max. searches per worker: 1

Starting ML tree search with 1 distinct starting trees

[00:00:00 -4121.549088] Initial branch length optimization
[00:00:00 -4121.548268] Model parameter optimization (eps = 10.000000)
[00:00:00 -4121.548265] AUTODETECT spr round 1 (radius: 5)
[00:00:00 -4121.548264] SPR radius for FAST iterations: 5 (autodetect)
[00:00:00 -4121.548264] Model parameter optimization (eps = 3.000000)
[00:00:00 -4121.548264] FAST spr round 1 (radius: 5)
[00:00:00 -4121.548264] Model parameter optimization (eps = 1.000000)
[00:00:00 -4121.548264] SLOW spr round 1 (radius: 5)
[00:00:00 -4121.548264] SLOW spr round 2 (radius: 10)
[00:00:00 -4121.548264] SLOW spr round 3 (radius: 15)
[00:00:00 -4121.548264] SLOW spr round 4 (radius: 20)
[00:00:00 -4121.548264] Model parameter optimization (eps = 0.100000)

[00:00:00] ML tree search #1, logLikelihood: -4121.548264


Optimized model parameters:

   Partition 0: noname
   Rate heterogeneity: GAMMA (4 cats, mean),  alpha: 1.055000 (user),  weights&rates: (0.250000,0.147796) (0.250000,0.492681) (0.250000,1.008547) (0.250000,2.350976) 
   P-inv (user): 0.000001
   Base frequencies (user): 0.312900 0.212900 0.151400 0.322800 
   Substitution rates (user): 0.638400 0.820800 0.581100 0.581300 0.595300 1.000000 


Final LogLikelihood: -4121.548264

AIC score: 8317.096527 / AICc score: 8321.862629 / BIC score: 8481.470514
Free parameters (model + branch lengths): 37

Best ML tree saved to: /raid/home/hatang/final_thesis/precompute/255/255_infer.raxml.bestTree
Optimized model saved to: /raid/home/hatang/final_thesis/precompute/255/255_infer.raxml.bestModel

Execution log saved to: /raid/home/hatang/final_thesis/precompute/255/255_infer.raxml.log

Analysis started: 05-May-2026 15:15:40 / finished: 05-May-2026 15:15:40

Elapsed time: 0.158 seconds

