IQ-TREE version 3.1.1 for Linux x86 64-bit built Apr  8 2026
Developed by Bui Quang Minh, Thomas Wong, Nhan Ly-Trong, Huaiyan Ren
Contributed by Lam-Tung Nguyen, Dominik Schrempf, Chris Bielow,
Olga Chernomor, Michael Woodhams, Diep Thi Hoang, Heiko Schmidt

Host:    ha-ThinkPad-E14-Gen-5 (AVX2, FMA3, 31 GB RAM)
Command: iqtree3 -s /home/ha/Code/data/dna/test/180/data.phy -t /home/ha/Code/data/dna/test/180/start.newick -m GTR{1.3177,1.3543,1.1293,1.2711,1.3035}+F{0.2558,0.1732,0.3113,0.2597}+I{9.772e-07}+G4{0.8772} --prefix /home/ha/Code/data/precompute/180/180_infer -T 1 --redo
Seed:    897409 (Using SPRNG - Scalable Parallel Random Number Generator)
Time:    Sat May 16 12:06:40 2026
Kernel:  AVX+FMA - 1 threads (16 CPU cores detected)

HINT: Use -nt option to specify number of threads because your CPU has 16 cores!
HINT: -nt AUTO will automatically determine the best number of threads to use.

Reading alignment file /home/ha/Code/data/dna/test/180/data.phy ... Phylip format detected
Alignment most likely contains DNA/RNA sequences
Constructing alignment: done in 0.00150243 secs using 85.4% CPU
Alignment has 12 sequences with 1212 columns, 542 distinct patterns
316 parsimony-informative, 231 singleton sites, 665 constant sites
     Gap/Ambiguity  Composition  p-value
Analyzing sequences: done in 4.4567e-05 secs using 96.48% CPU
   1  T1    17.57%    passed     70.40%
   2  T2    17.82%    passed     99.72%
   3  T5    22.85%    passed     64.45%
   4  T11   24.92%    passed     70.97%
   5  T8    19.14%    passed     68.81%
   6  T7    18.40%    passed     98.46%
   7  T12   18.32%    passed     99.55%
   8  T10   17.08%    passed     76.84%
   9  T6    15.51%    passed     87.04%
  10  T9    18.56%    passed     77.28%
  11  T3    17.74%    passed     53.39%
  12  T4    22.03%    passed     86.74%
****  TOTAL   19.16%  0 sequences failed composition chi2 test (p-value<5%; df=3)
Checking for duplicate sequences: done in 6.631e-05 secs using 98.02% CPU
Reading input tree file /home/ha/Code/data/dna/test/180/start.newick ...

NOTE: 0 MB RAM (0 GB) is required!
Estimate model parameters (epsilon = 0.100)
1. Initial log-likelihood: -6215.788
Optimal log-likelihood: -6215.788
Rate parameters:  A-C: 1.31770  A-G: 1.35430  A-T: 1.12930  C-G: 1.27110  C-T: 1.30350  G-T: 1.00000
Base frequencies:  A: 0.256  C: 0.173  G: 0.311  T: 0.260
Proportion of invariable sites: 0.000
Gamma shape alpha: 0.877
Parameters optimization took 1 rounds (0.006 sec)
Wrote distance file to... 

Do NNI search on 1 best initial trees
Finish initializing candidate tree set (1)
Current best tree score: -6215.788 / CPU time: 0.020
Number of iterations: 1
--------------------------------------------------------------------
|               OPTIMIZING CANDIDATE TREE SET                      |
--------------------------------------------------------------------
Iteration 10 / LogL: -6215.818 / Time: 0h:0m:0s
Iteration 20 / LogL: -6216.053 / Time: 0h:0m:0s
Iteration 30 / LogL: -6215.790 / Time: 0h:0m:0s (0h:0m:1s left)
Iteration 40 / LogL: -6215.788 / Time: 0h:0m:0s (0h:0m:0s left)
Iteration 50 / LogL: -6215.789 / Time: 0h:0m:0s (0h:0m:0s left)
Iteration 60 / LogL: -6215.796 / Time: 0h:0m:0s (0h:0m:0s left)
Iteration 70 / LogL: -6215.795 / Time: 0h:0m:1s (0h:0m:0s left)
Iteration 80 / LogL: -6216.123 / Time: 0h:0m:1s (0h:0m:0s left)
Iteration 90 / LogL: -6215.789 / Time: 0h:0m:1s (0h:0m:0s left)
Iteration 100 / LogL: -6215.790 / Time: 0h:0m:1s (0h:0m:0s left)
TREE SEARCH COMPLETED AFTER 101 ITERATIONS / Time: 0h:0m:1s

--------------------------------------------------------------------
|                    FINALIZING TREE SEARCH                        |
--------------------------------------------------------------------
Performs final model parameters optimization
Estimate model parameters (epsilon = 0.010)
1. Initial log-likelihood: -6215.788
Optimal log-likelihood: -6215.788
Rate parameters:  A-C: 1.31770  A-G: 1.35430  A-T: 1.12930  C-G: 1.27110  C-T: 1.30350  G-T: 1.00000
Base frequencies:  A: 0.256  C: 0.173  G: 0.311  T: 0.260
Proportion of invariable sites: 0.000
Gamma shape alpha: 0.877
Parameters optimization took 1 rounds (0.001 sec)
BEST SCORE FOUND : -6215.788
Total tree length: 1.265

Total number of iterations: 101
CPU time used for tree search: 1.722 sec (0h:0m:1s)
Wall-clock time used for tree search: 1.746 sec (0h:0m:1s)
Total CPU time used: 1.744 sec (0h:0m:1s)
Total wall-clock time used: 1.768 sec (0h:0m:1s)

Analysis results written to: 
  IQ-TREE report:                /home/ha/Code/data/precompute/180/180_infer.iqtree
  Maximum-likelihood tree:       /home/ha/Code/data/precompute/180/180_infer.treefile
  Screen log file:               /home/ha/Code/data/precompute/180/180_infer.log

Date and Time: Sat May 16 12:06:42 2026
