
RAxML-NG v. 1.2.2 released on 11.04.2024 by The Exelixis Lab.
Developed by: Alexey M. Kozlov and Alexandros Stamatakis.
Contributors: Diego Darriba, Tomas Flouri, Benoit Morel, Sarah Lutteropp, Ben Bettisworth, Julia Haag, Anastasis Togkousidis.
Latest version: https://github.com/amkozlov/raxml-ng
Questions/problems/suggestions? Please visit: https://groups.google.com/forum/#!forum/raxml

System: 13th Gen Intel(R) Core(TM) i5-13500H, 12 cores, 31 GB RAM (allocated: 8 physical cores)

RAxML-NG was called at 16-May-2026 12:06:42 as follows:

raxml-ng --search --msa /home/ha/Code/data/dna/test/180/data.phy --tree /home/ha/Code/data/dna/test/180/start.newick --model GTR{1.3177/1.3543/1.1293/1.2711/1.3035/1.0000}+I{9.772e-07}+G{0.8772}+F{0.2558/0.1732/0.3113/0.2597} --prefix /home/ha/Code/data/precompute/180/180_infer --threads 1 --seed 42 --force perf_threads --redo

Analysis options:
  run mode: ML tree search
  start tree(s): user
  random seed: 42
  tip-inner: OFF
  pattern compression: ON
  per-rate scalers: OFF
  site repeats: ON
  logLH epsilon: general: 10.000000, brlen-triplet: 1000.000000
  fast spr radius: AUTO
  spr subtree cutoff: 1.000000
  fast CLV updates: ON
  branch lengths: proportional (ML estimate, algorithm: NR-FAST)
  SIMD kernels: AVX2
  parallelization: coarse-grained (auto), NONE/sequential

WARNING: Running in REDO mode: existing checkpoints are ignored, and all result files will be overwritten!

WARNING: Running in FORCE mode: some safety checks are disabled!

[00:00:00] Reading alignment from file: /home/ha/Code/data/dna/test/180/data.phy
[00:00:00] Loaded alignment with 12 taxa and 1212 sites

Alignment comprises 1 partitions and 542 patterns

Partition 0: noname
Model: GTR{1.3177/1.3543/1.1293/1.2711/1.3035/1}+FU{0.2558/0.1732/0.3113/0.2597}+IU{9.772e-07}+G4m{0.8772}
Alignment sites / patterns: 1212 / 542
Gaps: 19.16 %
Invariant sites: 54.87 %


NOTE: Binary MSA file created: /home/ha/Code/data/precompute/180/180_infer.raxml.rba

Parallelization scheme autoconfig: 1 worker(s) x 1 thread(s)

[00:00:00] Loading user starting tree(s) from: /home/ha/Code/data/dna/test/180/start.newick
Parallel reduction/worker buffer size: 1 KB  / 0 KB

[00:00:00] Data distribution: max. partitions/sites/weight per thread: 1 / 542 / 8672
[00:00:00] Data distribution: max. searches per worker: 1

Starting ML tree search with 1 distinct starting trees

[00:00:00 -6215.788017] Initial branch length optimization
[00:00:00 -6215.788017] Model parameter optimization (eps = 10.000000)
[00:00:00 -6215.788017] AUTODETECT spr round 1 (radius: 5)
[00:00:00 -6215.788017] SPR radius for FAST iterations: 5 (autodetect)
[00:00:00 -6215.788017] Model parameter optimization (eps = 3.000000)
[00:00:00 -6215.788017] FAST spr round 1 (radius: 5)
[00:00:00 -6215.788017] Model parameter optimization (eps = 1.000000)
[00:00:00 -6215.788017] SLOW spr round 1 (radius: 5)
[00:00:00 -6215.788017] SLOW spr round 2 (radius: 10)
[00:00:00 -6215.788017] Model parameter optimization (eps = 0.100000)

[00:00:00] ML tree search #1, logLikelihood: -6215.788017


Optimized model parameters:

   Partition 0: noname
   Rate heterogeneity: GAMMA (4 cats, mean),  alpha: 0.877200 (user),  weights&rates: (0.250000,0.111849) (0.250000,0.436454) (0.250000,0.976247) (0.250000,2.475450) 
   P-inv (user): 0.000001
   Base frequencies (user): 0.255800 0.173200 0.311300 0.259700 
   Substitution rates (user): 1.317700 1.354300 1.129300 1.271100 1.303500 1.000000 


Final LogLikelihood: -6215.788017

AIC score: 12473.576034 / AICc score: 12474.352504 / BIC score: 12580.676604
Free parameters (model + branch lengths): 21

Best ML tree saved to: /home/ha/Code/data/precompute/180/180_infer.raxml.bestTree
Optimized model saved to: /home/ha/Code/data/precompute/180/180_infer.raxml.bestModel

Execution log saved to: /home/ha/Code/data/precompute/180/180_infer.raxml.log

Analysis started: 16-May-2026 12:06:42 / finished: 16-May-2026 12:06:42

Elapsed time: 0.211 seconds

