
RAxML-NG v. 1.2.2 released on 11.04.2024 by The Exelixis Lab.
Developed by: Alexey M. Kozlov and Alexandros Stamatakis.
Contributors: Diego Darriba, Tomas Flouri, Benoit Morel, Sarah Lutteropp, Ben Bettisworth, Julia Haag, Anastasis Togkousidis.
Latest version: https://github.com/amkozlov/raxml-ng
Questions/problems/suggestions? Please visit: https://groups.google.com/forum/#!forum/raxml

System: AMD EPYC 7742 64-Core Processor, 128 cores, 2015 GB RAM

RAxML-NG was called at 05-May-2026 15:24:19 as follows:

raxml-ng --search --msa /raid/home/hatang/final_thesis/data/dna/test/200/data.phy --tree /raid/home/hatang/final_thesis/data/dna/test/200/start.newick --model GTR{1.0163/0.9985/1.0435/1.0519/1.0805/1.0000}+I{0.05851}+G{1.141}+F{0.1737/0.1975/0.2546/0.3742} --prefix precompute/200/200_infer --threads auto --seed 42 --force perf_threads

Analysis options:
  run mode: ML tree search
  start tree(s): user
  random seed: 42
  tip-inner: OFF
  pattern compression: ON
  per-rate scalers: OFF
  site repeats: ON
  logLH epsilon: general: 10.000000, brlen-triplet: 1000.000000
  fast spr radius: AUTO
  spr subtree cutoff: 1.000000
  fast CLV updates: ON
  branch lengths: proportional (ML estimate, algorithm: NR-FAST)
  SIMD kernels: AVX2
  parallelization: coarse-grained (auto), PTHREADS (auto)

WARNING: Running in FORCE mode: some safety checks are disabled!

[00:00:00] Reading alignment from file: /raid/home/hatang/final_thesis/data/dna/test/200/data.phy
[00:00:00] Loaded alignment with 12 taxa and 2403 sites

WARNING: Fully undetermined columns found: 3

NOTE: Reduced alignment (with duplicates and gap-only sites/taxa removed) 
NOTE: was saved to: /raid/home/hatang/final_thesis/precompute/200/200_infer.raxml.reduced.phy

Alignment comprises 1 partitions and 1158 patterns

Partition 0: noname
Model: GTR{1.0163/0.9985/1.0435/1.0519/1.0805/1}+FU{0.1737/0.1975/0.2546/0.3742}+IU{0.05851}+G4m{1.141}
Alignment sites / patterns: 2400 / 1158
Gaps: 22.44 %
Invariant sites: 52.67 %


NOTE: Binary MSA file created: precompute/200/200_infer.raxml.rba

Parallelization scheme autoconfig: 1 worker(s) x 8 thread(s)

[00:00:00] Loading user starting tree(s) from: /raid/home/hatang/final_thesis/data/dna/test/200/start.newick
Parallel reduction/worker buffer size: 1 KB  / 0 KB

[00:00:00] Data distribution: max. partitions/sites/weight per thread: 1 / 145 / 2320
[00:00:00] Data distribution: max. searches per worker: 1

Starting ML tree search with 1 distinct starting trees

[00:00:00 -12588.970856] Initial branch length optimization
[00:00:00 -12588.970855] Model parameter optimization (eps = 10.000000)
[00:00:00 -12588.970855] AUTODETECT spr round 1 (radius: 5)
[00:00:00 -12588.970855] SPR radius for FAST iterations: 5 (autodetect)
[00:00:00 -12588.970855] Model parameter optimization (eps = 3.000000)
[00:00:00 -12588.970855] FAST spr round 1 (radius: 5)
[00:00:00 -12588.970855] Model parameter optimization (eps = 1.000000)
[00:00:00 -12588.970855] SLOW spr round 1 (radius: 5)
[00:00:00 -12588.970855] SLOW spr round 2 (radius: 10)
[00:00:00 -12588.970855] Model parameter optimization (eps = 0.100000)

[00:00:00] ML tree search #1, logLikelihood: -12588.970855


Optimized model parameters:

   Partition 0: noname
   Rate heterogeneity: GAMMA (4 cats, mean),  alpha: 1.141000 (user),  weights&rates: (0.250000,0.164198) (0.250000,0.515385) (0.250000,1.019932) (0.250000,2.300485) 
   P-inv (user): 0.058510
   Base frequencies (user): 0.173700 0.197500 0.254600 0.374200 
   Substitution rates (user): 1.016300 0.998500 1.043500 1.051900 1.080500 1.000000 


Final LogLikelihood: -12588.970855

AIC score: 25219.941711 / AICc score: 25220.330273 / BIC score: 25341.389415
Free parameters (model + branch lengths): 21

Best ML tree saved to: /raid/home/hatang/final_thesis/precompute/200/200_infer.raxml.bestTree
Optimized model saved to: /raid/home/hatang/final_thesis/precompute/200/200_infer.raxml.bestModel

Execution log saved to: /raid/home/hatang/final_thesis/precompute/200/200_infer.raxml.log

Analysis started: 05-May-2026 15:24:19 / finished: 05-May-2026 15:24:19

Elapsed time: 0.107 seconds

