
RAxML-NG v. 1.2.2 released on 11.04.2024 by The Exelixis Lab.
Developed by: Alexey M. Kozlov and Alexandros Stamatakis.
Contributors: Diego Darriba, Tomas Flouri, Benoit Morel, Sarah Lutteropp, Ben Bettisworth, Julia Haag, Anastasis Togkousidis.
Latest version: https://github.com/amkozlov/raxml-ng
Questions/problems/suggestions? Please visit: https://groups.google.com/forum/#!forum/raxml

System: AMD EPYC 7742 64-Core Processor, 128 cores, 2015 GB RAM

RAxML-NG was called at 05-May-2026 06:12:36 as follows:

raxml-ng --search --msa /raid/home/hatang/final_thesis/data/dna/test/410/data.phy --tree /raid/home/hatang/final_thesis/data/dna/test/410/start.newick --model GTR{0.8557/0.8919/0.8503/0.8581/0.9110/1.0000}+I{0.08727}+G{1.4}+F{0.3054/0.2672/0.1912/0.2363} --prefix precompute/410/410_infer --threads auto --seed 42 --force perf_threads

Analysis options:
  run mode: ML tree search
  start tree(s): user
  random seed: 42
  tip-inner: OFF
  pattern compression: ON
  per-rate scalers: OFF
  site repeats: ON
  logLH epsilon: general: 10.000000, brlen-triplet: 1000.000000
  fast spr radius: AUTO
  spr subtree cutoff: 1.000000
  fast CLV updates: ON
  branch lengths: proportional (ML estimate, algorithm: NR-FAST)
  SIMD kernels: AVX2
  parallelization: coarse-grained (auto), PTHREADS (auto)

WARNING: Running in FORCE mode: some safety checks are disabled!

[00:00:00] Reading alignment from file: /raid/home/hatang/final_thesis/data/dna/test/410/data.phy
[00:00:00] Loaded alignment with 15 taxa and 6168 sites

WARNING: Fully undetermined columns found: 38

NOTE: Reduced alignment (with duplicates and gap-only sites/taxa removed) 
NOTE: was saved to: /raid/home/hatang/final_thesis/precompute/410/410_infer.raxml.reduced.phy

Alignment comprises 1 partitions and 3327 patterns

Partition 0: noname
Model: GTR{0.8557/0.8919/0.8503/0.8581/0.911/1}+FU{0.3054/0.2672/0.1912/0.2363}+IU{0.08727}+G4m{1.4}
Alignment sites / patterns: 6130 / 3327
Gaps: 24.74 %
Invariant sites: 44.83 %


NOTE: Binary MSA file created: precompute/410/410_infer.raxml.rba

Parallelization scheme autoconfig: 1 worker(s) x 8 thread(s)

[00:00:00] Loading user starting tree(s) from: /raid/home/hatang/final_thesis/data/dna/test/410/start.newick
Parallel reduction/worker buffer size: 1 KB  / 0 KB

[00:00:00] Data distribution: max. partitions/sites/weight per thread: 1 / 416 / 6656
[00:00:00] Data distribution: max. searches per worker: 1

Starting ML tree search with 1 distinct starting trees

[00:00:00 -40324.033172] Initial branch length optimization
[00:00:00 -40324.033138] Model parameter optimization (eps = 10.000000)
[00:00:00 -40324.033133] AUTODETECT spr round 1 (radius: 5)
[00:00:00 -40324.033132] SPR radius for FAST iterations: 5 (autodetect)
[00:00:00 -40324.033132] Model parameter optimization (eps = 3.000000)
[00:00:00 -40324.033132] FAST spr round 1 (radius: 5)
[00:00:00 -40324.033132] Model parameter optimization (eps = 1.000000)
[00:00:00 -40324.033132] SLOW spr round 1 (radius: 5)
[00:00:00 -40324.033132] SLOW spr round 2 (radius: 10)
[00:00:00 -40324.033132] SLOW spr round 3 (radius: 15)
[00:00:00 -40324.033132] Model parameter optimization (eps = 0.100000)

[00:00:00] ML tree search #1, logLikelihood: -40324.033132


Optimized model parameters:

   Partition 0: noname
   Rate heterogeneity: GAMMA (4 cats, mean),  alpha: 1.400000 (user),  weights&rates: (0.250000,0.209453) (0.250000,0.571018) (0.250000,1.043966) (0.250000,2.175562) 
   P-inv (user): 0.087270
   Base frequencies (user): 0.305369 0.267173 0.191181 0.236276 
   Substitution rates (user): 0.855700 0.891900 0.850300 0.858100 0.911000 1.000000 


Final LogLikelihood: -40324.033132

AIC score: 80702.066265 / AICc score: 80702.314052 / BIC score: 80883.531915
Free parameters (model + branch lengths): 27

Best ML tree saved to: /raid/home/hatang/final_thesis/precompute/410/410_infer.raxml.bestTree
Optimized model saved to: /raid/home/hatang/final_thesis/precompute/410/410_infer.raxml.bestModel

Execution log saved to: /raid/home/hatang/final_thesis/precompute/410/410_infer.raxml.log

Analysis started: 05-May-2026 06:12:36 / finished: 05-May-2026 06:12:36

Elapsed time: 0.297 seconds

