IQ-TREE version 3.1.1 for Linux x86 64-bit built Apr  8 2026
Developed by Bui Quang Minh, Thomas Wong, Nhan Ly-Trong, Huaiyan Ren
Contributed by Lam-Tung Nguyen, Dominik Schrempf, Chris Bielow,
Olga Chernomor, Michael Woodhams, Diep Thi Hoang, Heiko Schmidt

Host:    ha-ThinkPad-E14-Gen-5 (AVX2, FMA3, 31 GB RAM)
Command: iqtree3 -s /home/ha/Code/data/dna/test/410/data.phy -t /home/ha/Code/data/dna/test/410/start.newick -m GTR{0.8557,0.8919,0.8503,0.8581,0.9110}+F{0.3054,0.2672,0.1912,0.2363}+I{0.08727}+G4{1.4} --prefix /home/ha/Code/data/precompute/410/410_infer -T 1 --redo
Seed:    283772 (Using SPRNG - Scalable Parallel Random Number Generator)
Time:    Sat May 16 12:10:10 2026
Kernel:  AVX+FMA - 1 threads (16 CPU cores detected)

HINT: Use -nt option to specify number of threads because your CPU has 16 cores!
HINT: -nt AUTO will automatically determine the best number of threads to use.

Reading alignment file /home/ha/Code/data/dna/test/410/data.phy ... Phylip format detected
Alignment most likely contains DNA/RNA sequences
Constructing alignment: done in 0.00409149 secs using 93.17% CPU
WARNING: 38 sites contain only gaps or ambiguous characters.
Alignment has 15 sequences with 6168 columns, 3328 distinct patterns
2504 parsimony-informative, 878 singleton sites, 2786 constant sites
     Gap/Ambiguity  Composition  p-value
Analyzing sequences: done in 0.000170947 secs using 69.03% CPU
   1  T1    23.78%    passed     96.80%
   2  T2    24.97%    passed     80.08%
   3  T6    27.98%    passed     54.85%
   4  T8    31.21%    passed     34.39%
   5  T15   30.79%    passed     41.55%
   6  T11   35.77%    passed     62.10%
   7  T3    25.92%    passed     62.18%
   8  T12   23.01%    passed     91.10%
   9  T7    23.36%    passed     73.85%
  10  T4    20.83%    passed     25.17%
  11  T14   22.05%    passed     46.60%
  12  T5    22.54%    passed     63.93%
  13  T13   23.23%    passed     72.75%
  14  T10   22.23%    passed     86.98%
  15  T9    20.46%    passed     85.21%
****  TOTAL   25.21%  0 sequences failed composition chi2 test (p-value<5%; df=3)
Checking for duplicate sequences: done in 0.000161158 secs using 99.9% CPU
Reading input tree file /home/ha/Code/data/dna/test/410/start.newick ...
WARNING: Normalizing State frequencies so that sum of them equals to 1

NOTE: 6 MB RAM (0 GB) is required!
Estimate model parameters (epsilon = 0.100)
1. Initial log-likelihood: -40324.033
Optimal log-likelihood: -40324.033
Rate parameters:  A-C: 0.85570  A-G: 0.89190  A-T: 0.85030  C-G: 0.85810  C-T: 0.91100  G-T: 1.00000
Base frequencies:  A: 0.305  C: 0.267  G: 0.191  T: 0.236
Proportion of invariable sites: 0.087
Gamma shape alpha: 1.400
Parameters optimization took 1 rounds (0.015 sec)
Wrote distance file to... 

Do NNI search on 1 best initial trees
Finish initializing candidate tree set (1)
Current best tree score: -40324.033 / CPU time: 0.040
Number of iterations: 1
--------------------------------------------------------------------
|               OPTIMIZING CANDIDATE TREE SET                      |
--------------------------------------------------------------------
Iteration 10 / LogL: -40324.587 / Time: 0h:0m:1s
Iteration 20 / LogL: -40324.046 / Time: 0h:0m:3s
Iteration 30 / LogL: -40324.529 / Time: 0h:0m:4s (0h:0m:10s left)
Iteration 40 / LogL: -40330.482 / Time: 0h:0m:5s (0h:0m:8s left)
Iteration 50 / LogL: -40324.266 / Time: 0h:0m:6s (0h:0m:7s left)
Iteration 60 / LogL: -40324.381 / Time: 0h:0m:8s (0h:0m:5s left)
Iteration 70 / LogL: -40324.184 / Time: 0h:0m:9s (0h:0m:4s left)
Iteration 80 / LogL: -40325.498 / Time: 0h:0m:11s (0h:0m:2s left)
Iteration 90 / LogL: -40324.081 / Time: 0h:0m:12s (0h:0m:1s left)
Iteration 100 / LogL: -40326.915 / Time: 0h:0m:13s (0h:0m:0s left)
TREE SEARCH COMPLETED AFTER 101 ITERATIONS / Time: 0h:0m:13s

--------------------------------------------------------------------
|                    FINALIZING TREE SEARCH                        |
--------------------------------------------------------------------
Performs final model parameters optimization
Estimate model parameters (epsilon = 0.010)
1. Initial log-likelihood: -40324.033
Optimal log-likelihood: -40324.033
Rate parameters:  A-C: 0.85570  A-G: 0.89190  A-T: 0.85030  C-G: 0.85810  C-T: 0.91100  G-T: 1.00000
Base frequencies:  A: 0.305  C: 0.267  G: 0.191  T: 0.236
Proportion of invariable sites: 0.087
Gamma shape alpha: 1.400
Parameters optimization took 1 rounds (0.012 sec)
BEST SCORE FOUND : -40324.033
Total tree length: 2.017

Total number of iterations: 101
CPU time used for tree search: 13.744 sec (0h:0m:13s)
Wall-clock time used for tree search: 13.810 sec (0h:0m:13s)
Total CPU time used: 13.778 sec (0h:0m:13s)
Total wall-clock time used: 13.847 sec (0h:0m:13s)

Analysis results written to: 
  IQ-TREE report:                /home/ha/Code/data/precompute/410/410_infer.iqtree
  Maximum-likelihood tree:       /home/ha/Code/data/precompute/410/410_infer.treefile
  Screen log file:               /home/ha/Code/data/precompute/410/410_infer.log

Date and Time: Sat May 16 12:10:24 2026
