IQ-TREE version 3.1.1 for Linux x86 64-bit built Apr  8 2026
Developed by Bui Quang Minh, Thomas Wong, Nhan Ly-Trong, Huaiyan Ren
Contributed by Lam-Tung Nguyen, Dominik Schrempf, Chris Bielow,
Olga Chernomor, Michael Woodhams, Diep Thi Hoang, Heiko Schmidt

Host:    ha-ThinkPad-E14-Gen-5 (AVX2, FMA3, 31 GB RAM)
Command: iqtree3 -s /home/ha/Code/data/dna/test/474/data.phy -t /home/ha/Code/data/dna/test/474/start.newick -m GTR{1.0157,1.0880,0.9402,1.0752,1.1260}+F{0.2673,0.1685,0.2363,0.3279}+I{9.803e-07}+G4{1.028} --prefix /home/ha/Code/data/precompute/474/474_infer -T 1 --redo
Seed:    692491 (Using SPRNG - Scalable Parallel Random Number Generator)
Time:    Sat May 16 12:13:46 2026
Kernel:  AVX+FMA - 1 threads (16 CPU cores detected)

HINT: Use -nt option to specify number of threads because your CPU has 16 cores!
HINT: -nt AUTO will automatically determine the best number of threads to use.

Reading alignment file /home/ha/Code/data/dna/test/474/data.phy ... Phylip format detected
Alignment most likely contains DNA/RNA sequences
Constructing alignment: done in 0.00242624 secs using 49.29% CPU
WARNING: 63 sites contain only gaps or ambiguous characters.
Alignment has 15 sequences with 3724 columns, 2209 distinct patterns
1445 parsimony-informative, 645 singleton sites, 1634 constant sites
     Gap/Ambiguity  Composition  p-value
Analyzing sequences: done in 4.6587e-05 secs using 98.74% CPU
   1  T2    22.31%    passed     67.66%
   2  T10   22.77%    passed     60.90%
   3  T3    29.35%    passed     58.14%
   4  T13   24.41%    passed     97.28%
   5  T5    28.36%    passed     46.66%
   6  T14   27.47%    passed     79.42%
   7  T11   27.18%    passed     98.92%
   8  T6    29.62%    passed     97.51%
   9  T15   29.48%    passed     96.54%
  10  T4    22.45%    passed     92.97%
  11  T8    23.55%    passed     75.19%
  12  T12   23.52%    passed     88.12%
  13  T1    24.41%    passed     79.74%
  14  T7    21.46%    passed     52.25%
  15  T9    26.75%    passed     96.89%
****  TOTAL   25.54%  0 sequences failed composition chi2 test (p-value<5%; df=3)
Checking for duplicate sequences: done in 9.9116e-05 secs using 99.88% CPU
Reading input tree file /home/ha/Code/data/dna/test/474/start.newick ...

NOTE: 4 MB RAM (0 GB) is required!
Estimate model parameters (epsilon = 0.100)
1. Initial log-likelihood: -25863.776
Optimal log-likelihood: -25863.776
Rate parameters:  A-C: 1.01570  A-G: 1.08800  A-T: 0.94020  C-G: 1.07520  C-T: 1.12600  G-T: 1.00000
Base frequencies:  A: 0.267  C: 0.169  G: 0.236  T: 0.328
Proportion of invariable sites: 0.000
Gamma shape alpha: 1.028
Parameters optimization took 1 rounds (0.023 sec)
Wrote distance file to... 

Do NNI search on 1 best initial trees
Finish initializing candidate tree set (1)
Current best tree score: -25863.776 / CPU time: 0.075
Number of iterations: 1
--------------------------------------------------------------------
|               OPTIMIZING CANDIDATE TREE SET                      |
--------------------------------------------------------------------
Iteration 10 / LogL: -25863.987 / Time: 0h:0m:0s
Iteration 20 / LogL: -25863.805 / Time: 0h:0m:1s
Iteration 30 / LogL: -25864.095 / Time: 0h:0m:2s (0h:0m:4s left)
Iteration 40 / LogL: -25863.815 / Time: 0h:0m:3s (0h:0m:4s left)
Iteration 50 / LogL: -25863.988 / Time: 0h:0m:3s (0h:0m:4s left)
Iteration 60 / LogL: -25864.056 / Time: 0h:0m:4s (0h:0m:3s left)
Iteration 70 / LogL: -25863.909 / Time: 0h:0m:5s (0h:0m:2s left)
Iteration 80 / LogL: -25866.399 / Time: 0h:0m:6s (0h:0m:1s left)
Iteration 90 / LogL: -25863.953 / Time: 0h:0m:7s (0h:0m:0s left)
Iteration 100 / LogL: -25864.296 / Time: 0h:0m:7s (0h:0m:0s left)
TREE SEARCH COMPLETED AFTER 101 ITERATIONS / Time: 0h:0m:7s

--------------------------------------------------------------------
|                    FINALIZING TREE SEARCH                        |
--------------------------------------------------------------------
Performs final model parameters optimization
Estimate model parameters (epsilon = 0.010)
1. Initial log-likelihood: -25863.776
Optimal log-likelihood: -25863.776
Rate parameters:  A-C: 1.01570  A-G: 1.08800  A-T: 0.94020  C-G: 1.07520  C-T: 1.12600  G-T: 1.00000
Base frequencies:  A: 0.267  C: 0.169  G: 0.236  T: 0.328
Proportion of invariable sites: 0.000
Gamma shape alpha: 1.028
Parameters optimization took 1 rounds (0.005 sec)
BEST SCORE FOUND : -25863.776
Total tree length: 2.394

Total number of iterations: 101
CPU time used for tree search: 7.758 sec (0h:0m:7s)
Wall-clock time used for tree search: 7.805 sec (0h:0m:7s)
Total CPU time used: 7.793 sec (0h:0m:7s)
Total wall-clock time used: 7.843 sec (0h:0m:7s)

Analysis results written to: 
  IQ-TREE report:                /home/ha/Code/data/precompute/474/474_infer.iqtree
  Maximum-likelihood tree:       /home/ha/Code/data/precompute/474/474_infer.treefile
  Screen log file:               /home/ha/Code/data/precompute/474/474_infer.log

Date and Time: Sat May 16 12:13:54 2026
