
RAxML-NG v. 1.2.2 released on 11.04.2024 by The Exelixis Lab.
Developed by: Alexey M. Kozlov and Alexandros Stamatakis.
Contributors: Diego Darriba, Tomas Flouri, Benoit Morel, Sarah Lutteropp, Ben Bettisworth, Julia Haag, Anastasis Togkousidis.
Latest version: https://github.com/amkozlov/raxml-ng
Questions/problems/suggestions? Please visit: https://groups.google.com/forum/#!forum/raxml

System: 13th Gen Intel(R) Core(TM) i5-13500H, 12 cores, 31 GB RAM (allocated: 8 physical cores)

RAxML-NG was called at 16-May-2026 12:13:54 as follows:

raxml-ng --search --msa /home/ha/Code/data/dna/test/474/data.phy --tree /home/ha/Code/data/dna/test/474/start.newick --model GTR{1.0157/1.0880/0.9402/1.0752/1.1260/1.0000}+I{9.803e-07}+G{1.028}+F{0.2673/0.1685/0.2363/0.3279} --prefix /home/ha/Code/data/precompute/474/474_infer --threads 1 --seed 42 --force perf_threads --redo

Analysis options:
  run mode: ML tree search
  start tree(s): user
  random seed: 42
  tip-inner: OFF
  pattern compression: ON
  per-rate scalers: OFF
  site repeats: ON
  logLH epsilon: general: 10.000000, brlen-triplet: 1000.000000
  fast spr radius: AUTO
  spr subtree cutoff: 1.000000
  fast CLV updates: ON
  branch lengths: proportional (ML estimate, algorithm: NR-FAST)
  SIMD kernels: AVX2
  parallelization: coarse-grained (auto), NONE/sequential

WARNING: Running in REDO mode: existing checkpoints are ignored, and all result files will be overwritten!

WARNING: Running in FORCE mode: some safety checks are disabled!

[00:00:00] Reading alignment from file: /home/ha/Code/data/dna/test/474/data.phy
[00:00:00] Loaded alignment with 15 taxa and 3724 sites

WARNING: Fully undetermined columns found: 63

NOTE: Reduced alignment (with duplicates and gap-only sites/taxa removed) 
NOTE: was saved to: /home/ha/Code/data/precompute/474/474_infer.raxml.reduced.phy

Alignment comprises 1 partitions and 2208 patterns

Partition 0: noname
Model: GTR{1.0157/1.088/0.9402/1.0752/1.126/1}+FU{0.2673/0.1685/0.2363/0.3279}+IU{9.803e-07}+G4m{1.028}
Alignment sites / patterns: 3661 / 2208
Gaps: 24.26 %
Invariant sites: 42.91 %


NOTE: Binary MSA file created: /home/ha/Code/data/precompute/474/474_infer.raxml.rba

Parallelization scheme autoconfig: 1 worker(s) x 1 thread(s)

[00:00:00] Loading user starting tree(s) from: /home/ha/Code/data/dna/test/474/start.newick
Parallel reduction/worker buffer size: 1 KB  / 0 KB

[00:00:00] Data distribution: max. partitions/sites/weight per thread: 1 / 2208 / 35328
[00:00:00] Data distribution: max. searches per worker: 1

Starting ML tree search with 1 distinct starting trees

[00:00:00 -25863.776480] Initial branch length optimization
[00:00:00 -25863.776480] Model parameter optimization (eps = 10.000000)
[00:00:00 -25863.776479] AUTODETECT spr round 1 (radius: 5)
[00:00:00 -25863.776479] SPR radius for FAST iterations: 5 (autodetect)
[00:00:00 -25863.776479] Model parameter optimization (eps = 3.000000)
[00:00:00 -25863.776479] FAST spr round 1 (radius: 5)
[00:00:00 -25863.776479] Model parameter optimization (eps = 1.000000)
[00:00:00 -25863.776479] SLOW spr round 1 (radius: 5)
[00:00:00 -25863.776479] SLOW spr round 2 (radius: 10)
[00:00:00 -25863.776479] SLOW spr round 3 (radius: 15)
[00:00:00 -25863.776479] Model parameter optimization (eps = 0.100000)

[00:00:00] ML tree search #1, logLikelihood: -25863.776479


Optimized model parameters:

   Partition 0: noname
   Rate heterogeneity: GAMMA (4 cats, mean),  alpha: 1.028000 (user),  weights&rates: (0.250000,0.142507) (0.250000,0.485009) (0.250000,1.004489) (0.250000,2.367996) 
   P-inv (user): 0.000001
   Base frequencies (user): 0.267300 0.168500 0.236300 0.327900 
   Substitution rates (user): 1.015700 1.088000 0.940200 1.075200 1.126000 1.000000 


Final LogLikelihood: -25863.776479

AIC score: 51781.552959 / AICc score: 51781.969144 / BIC score: 51949.101232
Free parameters (model + branch lengths): 27

Best ML tree saved to: /home/ha/Code/data/precompute/474/474_infer.raxml.bestTree
Optimized model saved to: /home/ha/Code/data/precompute/474/474_infer.raxml.bestModel

Execution log saved to: /home/ha/Code/data/precompute/474/474_infer.raxml.log

Analysis started: 16-May-2026 12:13:54 / finished: 16-May-2026 12:13:55

Elapsed time: 0.919 seconds

