IQ-TREE version 3.1.1 for Linux x86 64-bit built Apr  8 2026
Developed by Bui Quang Minh, Thomas Wong, Nhan Ly-Trong, Huaiyan Ren
Contributed by Lam-Tung Nguyen, Dominik Schrempf, Chris Bielow,
Olga Chernomor, Michael Woodhams, Diep Thi Hoang, Heiko Schmidt

Host:    IAD1-C632678DGX041 (AVX2, FMA3, 2015 GB RAM)
Command: iqtree3 -s /raid/home/hatang/final_thesis/data/dna/test/217/data.phy -t /raid/home/hatang/final_thesis/data/dna/test/217/start.newick -m GTR{1.0647,0.9728,1.0033,1.0384,0.8457}+F{0.2868,0.3195,0.1995,0.1942}+I{9.739e-07}+G4{1.069} --prefix precompute/217/217_infer --threads auto --redo
Seed:    211433 (Using SPRNG - Scalable Parallel Random Number Generator)
Time:    Tue May  5 01:27:24 2026
Kernel:  AVX+FMA - auto-detect threads (256 CPU cores detected)

Reading alignment file /raid/home/hatang/final_thesis/data/dna/test/217/data.phy ... Phylip format detected
Alignment most likely contains DNA/RNA sequences
Constructing alignment: done in 0.0233021 secs using 6923% CPU
WARNING: 34 sites contain only gaps or ambiguous characters.
Alignment has 12 sequences with 2601 columns, 1401 distinct patterns
973 parsimony-informative, 383 singleton sites, 1245 constant sites
     Gap/Ambiguity  Composition  p-value
Analyzing sequences: done in 0.0110935 secs using 1.91e+04% CPU
   1  T2    41.45%    passed     59.74%
   2  T7    41.48%    passed     62.41%
   3  T11   41.14%    passed     92.09%
   4  T10   46.83%    passed     70.26%
   5  T12   38.99%    passed     88.84%
   6  T3    37.99%    passed     87.39%
   7  T1    37.29%    passed     72.35%
   8  T4    35.56%    passed     75.27%
   9  T6    35.76%    passed     83.11%
  10  T5    31.18%    passed     84.11%
  11  T8    23.91%    passed     68.77%
  12  T9    24.64%    passed     44.36%
****  TOTAL   36.35%  0 sequences failed composition chi2 test (p-value<5%; df=3)
Checking for duplicate sequences: done in 0.00654095 secs using 2.081e+04% CPU
Reading input tree file /raid/home/hatang/final_thesis/data/dna/test/217/start.newick ...

NOTE: 2 MB RAM (0 GB) is required!
Measuring multi-threading efficiency up to 256 CPU cores
Increase to 10 rounds for branch lengths
14127 trees examined
Threads: 1 / Time: 256.005 sec / Speedup: 1.000 / Efficiency: 100% / LogL: -17440
Threads: 2 / Time: 255.490 sec / Speedup: 1.002 / Efficiency: 50% / LogL: -17440
Threads: 3 / Time: 227.669 sec / Speedup: 1.124 / Efficiency: 37% / LogL: -17440
Determining AUTO threadcount: done in 739.164 secs using 194.8% CPU
BEST NUMBER OF THREADS: 1

Estimate model parameters (epsilon = 0.100)
1. Initial log-likelihood: -14611.731
Optimal log-likelihood: -14611.731
Rate parameters:  A-C: 1.06470  A-G: 0.97280  A-T: 1.00330  C-G: 1.03840  C-T: 0.84570  G-T: 1.00000
Base frequencies:  A: 0.287  C: 0.320  G: 0.200  T: 0.194
Proportion of invariable sites: 0.000
Gamma shape alpha: 1.069
Parameters optimization took 1 rounds (0.004 sec)
Wrote distance file to... 

Do NNI search on 1 best initial trees
Finish initializing candidate tree set (1)
Current best tree score: -14611.731 / CPU time: 0.011
Number of iterations: 1
--------------------------------------------------------------------
|               OPTIMIZING CANDIDATE TREE SET                      |
--------------------------------------------------------------------
UPDATE BEST LOG-LIKELIHOOD: -14611.731
Iteration 10 / LogL: -14617.868 / Time: 0h:12m:19s
Iteration 20 / LogL: -14612.199 / Time: 0h:12m:19s
Iteration 30 / LogL: -14612.434 / Time: 0h:12m:20s (0h:29m:46s left)
Iteration 40 / LogL: -14619.344 / Time: 0h:12m:20s (0h:18m:59s left)
Iteration 50 / LogL: -14612.181 / Time: 0h:12m:20s (0h:12m:35s left)
UPDATE BEST LOG-LIKELIHOOD: -14611.731
Iteration 60 / LogL: -14612.364 / Time: 0h:12m:21s (0h:8m:22s left)
UPDATE BEST LOG-LIKELIHOOD: -14611.731
Iteration 70 / LogL: -14613.487 / Time: 0h:12m:21s (0h:5m:22s left)
Iteration 80 / LogL: -14614.366 / Time: 0h:12m:21s (0h:3m:7s left)
Iteration 90 / LogL: -14614.444 / Time: 0h:12m:22s (0h:1m:23s left)
Iteration 100 / LogL: -14616.526 / Time: 0h:12m:22s (0h:0m:0s left)
TREE SEARCH COMPLETED AFTER 101 ITERATIONS / Time: 0h:12m:22s

--------------------------------------------------------------------
|                    FINALIZING TREE SEARCH                        |
--------------------------------------------------------------------
Performs final model parameters optimization
Estimate model parameters (epsilon = 0.010)
1. Initial log-likelihood: -14611.731
Optimal log-likelihood: -14611.731
Rate parameters:  A-C: 1.06470  A-G: 0.97280  A-T: 1.00330  C-G: 1.03840  C-T: 0.84570  G-T: 1.00000
Base frequencies:  A: 0.287  C: 0.320  G: 0.200  T: 0.194
Proportion of invariable sites: 0.000
Gamma shape alpha: 1.069
Parameters optimization took 1 rounds (0.006 sec)
BEST SCORE FOUND : -14611.731
Total tree length: 2.619

Total number of iterations: 101
CPU time used for tree search: 3.550 sec (0h:0m:3s)
Wall-clock time used for tree search: 3.566 sec (0h:0m:3s)
Total CPU time used: 1447.326 sec (0h:24m:7s)
Total wall-clock time used: 742.767 sec (0h:12m:22s)

Analysis results written to: 
  IQ-TREE report:                precompute/217/217_infer.iqtree
  Maximum-likelihood tree:       precompute/217/217_infer.treefile
  Screen log file:               precompute/217/217_infer.log

Date and Time: Tue May  5 01:39:47 2026
