
RAxML-NG v. 1.2.2 released on 11.04.2024 by The Exelixis Lab.
Developed by: Alexey M. Kozlov and Alexandros Stamatakis.
Contributors: Diego Darriba, Tomas Flouri, Benoit Morel, Sarah Lutteropp, Ben Bettisworth, Julia Haag, Anastasis Togkousidis.
Latest version: https://github.com/amkozlov/raxml-ng
Questions/problems/suggestions? Please visit: https://groups.google.com/forum/#!forum/raxml

System: 13th Gen Intel(R) Core(TM) i5-13500H, 12 cores, 31 GB RAM (allocated: 8 physical cores)

RAxML-NG was called at 16-May-2026 12:09:32 as follows:

raxml-ng --search --msa /home/ha/Code/data/dna/test/387/data.phy --tree /home/ha/Code/data/dna/test/387/start.newick --model GTR{0.9399/0.9295/0.9962/0.9369/0.9216/1.0000}+I{0.05157}+G{1.11}+F{0.2952/0.2369/0.2523/0.2155} --prefix /home/ha/Code/data/precompute/387/387_infer --threads 1 --seed 42 --force perf_threads --redo

Analysis options:
  run mode: ML tree search
  start tree(s): user
  random seed: 42
  tip-inner: OFF
  pattern compression: ON
  per-rate scalers: OFF
  site repeats: ON
  logLH epsilon: general: 10.000000, brlen-triplet: 1000.000000
  fast spr radius: AUTO
  spr subtree cutoff: 1.000000
  fast CLV updates: ON
  branch lengths: proportional (ML estimate, algorithm: NR-FAST)
  SIMD kernels: AVX2
  parallelization: coarse-grained (auto), NONE/sequential

WARNING: Running in REDO mode: existing checkpoints are ignored, and all result files will be overwritten!

WARNING: Running in FORCE mode: some safety checks are disabled!

[00:00:00] Reading alignment from file: /home/ha/Code/data/dna/test/387/data.phy
[00:00:00] Loaded alignment with 12 taxa and 6065 sites

WARNING: Fully undetermined columns found: 77

NOTE: Reduced alignment (with duplicates and gap-only sites/taxa removed) 
NOTE: was saved to: /home/ha/Code/data/precompute/387/387_infer.raxml.reduced.phy

Alignment comprises 1 partitions and 2838 patterns

Partition 0: noname
Model: GTR{0.9399/0.9295/0.9962/0.9369/0.9216/1}+FU{0.2952/0.2369/0.2523/0.2155}+IU{0.05157}+G4m{1.11}
Alignment sites / patterns: 5988 / 2838
Gaps: 25.35 %
Invariant sites: 46.43 %


NOTE: Binary MSA file created: /home/ha/Code/data/precompute/387/387_infer.raxml.rba

Parallelization scheme autoconfig: 1 worker(s) x 1 thread(s)

[00:00:00] Loading user starting tree(s) from: /home/ha/Code/data/dna/test/387/start.newick
Parallel reduction/worker buffer size: 1 KB  / 0 KB

[00:00:00] Data distribution: max. partitions/sites/weight per thread: 1 / 2838 / 45408
[00:00:00] Data distribution: max. searches per worker: 1

Starting ML tree search with 1 distinct starting trees

[00:00:00 -34210.054190] Initial branch length optimization
[00:00:00 -34210.054118] Model parameter optimization (eps = 10.000000)
[00:00:00 -34210.054118] AUTODETECT spr round 1 (radius: 5)
[00:00:00 -34210.054118] SPR radius for FAST iterations: 5 (autodetect)
[00:00:00 -34210.054118] Model parameter optimization (eps = 3.000000)
[00:00:00 -34210.054118] FAST spr round 1 (radius: 5)
[00:00:00 -34210.054118] Model parameter optimization (eps = 1.000000)
[00:00:00 -34210.054118] SLOW spr round 1 (radius: 5)
[00:00:00 -34210.054118] SLOW spr round 2 (radius: 10)
[00:00:00 -34210.054118] Model parameter optimization (eps = 0.100000)

[00:00:00] ML tree search #1, logLikelihood: -34210.054118


Optimized model parameters:

   Partition 0: noname
   Rate heterogeneity: GAMMA (4 cats, mean),  alpha: 1.110000 (user),  weights&rates: (0.250000,0.158365) (0.250000,0.507490) (0.250000,1.016078) (0.250000,2.318068) 
   P-inv (user): 0.051570
   Base frequencies (user): 0.295230 0.236924 0.252325 0.215522 
   Substitution rates (user): 0.939900 0.929500 0.996200 0.936900 0.921600 1.000000 


Final LogLikelihood: -34210.054118

AIC score: 68462.108236 / AICc score: 68462.263114 / BIC score: 68602.756004
Free parameters (model + branch lengths): 21

Best ML tree saved to: /home/ha/Code/data/precompute/387/387_infer.raxml.bestTree
Optimized model saved to: /home/ha/Code/data/precompute/387/387_infer.raxml.bestModel

Execution log saved to: /home/ha/Code/data/precompute/387/387_infer.raxml.log

Analysis started: 16-May-2026 12:09:32 / finished: 16-May-2026 12:09:33

Elapsed time: 0.959 seconds

