
RAxML-NG v. 1.2.2 released on 11.04.2024 by The Exelixis Lab.
Developed by: Alexey M. Kozlov and Alexandros Stamatakis.
Contributors: Diego Darriba, Tomas Flouri, Benoit Morel, Sarah Lutteropp, Ben Bettisworth, Julia Haag, Anastasis Togkousidis.
Latest version: https://github.com/amkozlov/raxml-ng
Questions/problems/suggestions? Please visit: https://groups.google.com/forum/#!forum/raxml

System: 13th Gen Intel(R) Core(TM) i5-13500H, 12 cores, 31 GB RAM (allocated: 8 physical cores)

RAxML-NG was called at 16-May-2026 12:08:48 as follows:

raxml-ng --search --msa /home/ha/Code/data/dna/test/348/data.phy --tree /home/ha/Code/data/dna/test/348/start.newick --model GTR{1.0205/1.1401/1.0067/0.9620/1.0323/1.0000}+I{9.331e-07}+G{1.038}+F{0.3028/0.2294/0.186/0.2817} --prefix /home/ha/Code/data/precompute/348/348_infer --threads 1 --seed 42 --force perf_threads --redo

Analysis options:
  run mode: ML tree search
  start tree(s): user
  random seed: 42
  tip-inner: OFF
  pattern compression: ON
  per-rate scalers: OFF
  site repeats: ON
  logLH epsilon: general: 10.000000, brlen-triplet: 1000.000000
  fast spr radius: AUTO
  spr subtree cutoff: 1.000000
  fast CLV updates: ON
  branch lengths: proportional (ML estimate, algorithm: NR-FAST)
  SIMD kernels: AVX2
  parallelization: coarse-grained (auto), NONE/sequential

WARNING: Running in REDO mode: existing checkpoints are ignored, and all result files will be overwritten!

WARNING: Running in FORCE mode: some safety checks are disabled!

[00:00:00] Reading alignment from file: /home/ha/Code/data/dna/test/348/data.phy
[00:00:00] Loaded alignment with 15 taxa and 1433 sites

WARNING: Fully undetermined columns found: 24

NOTE: Reduced alignment (with duplicates and gap-only sites/taxa removed) 
NOTE: was saved to: /home/ha/Code/data/precompute/348/348_infer.raxml.reduced.phy

Alignment comprises 1 partitions and 914 patterns

Partition 0: noname
Model: GTR{1.0205/1.1401/1.0067/0.962/1.0323/1}+FU{0.3028/0.2294/0.186/0.2817}+IU{9.331e-07}+G4m{1.038}
Alignment sites / patterns: 1409 / 914
Gaps: 38.48 %
Invariant sites: 46.77 %


NOTE: Binary MSA file created: /home/ha/Code/data/precompute/348/348_infer.raxml.rba

Parallelization scheme autoconfig: 1 worker(s) x 1 thread(s)

[00:00:00] Loading user starting tree(s) from: /home/ha/Code/data/dna/test/348/start.newick
Parallel reduction/worker buffer size: 1 KB  / 0 KB

[00:00:00] Data distribution: max. partitions/sites/weight per thread: 1 / 914 / 14624
[00:00:00] Data distribution: max. searches per worker: 1

Starting ML tree search with 1 distinct starting trees

[00:00:00 -9322.135318] Initial branch length optimization
[00:00:00 -9322.135317] Model parameter optimization (eps = 10.000000)
[00:00:00 -9322.135317] AUTODETECT spr round 1 (radius: 5)
[00:00:00 -9322.135317] SPR radius for FAST iterations: 5 (autodetect)
[00:00:00 -9322.135317] Model parameter optimization (eps = 3.000000)
[00:00:00 -9322.135317] FAST spr round 1 (radius: 5)
[00:00:00 -9322.135317] Model parameter optimization (eps = 1.000000)
[00:00:00 -9322.135317] SLOW spr round 1 (radius: 5)
[00:00:00 -9322.135317] SLOW spr round 2 (radius: 10)
[00:00:00 -9322.135317] SLOW spr round 3 (radius: 15)
[00:00:00 -9322.135317] Model parameter optimization (eps = 0.100000)

[00:00:00] ML tree search #1, logLikelihood: -9322.135317


Optimized model parameters:

   Partition 0: noname
   Rate heterogeneity: GAMMA (4 cats, mean),  alpha: 1.038000 (user),  weights&rates: (0.250000,0.144473) (0.250000,0.487883) (0.250000,1.006022) (0.250000,2.361622) 
   P-inv (user): 0.000001
   Base frequencies (user): 0.302830 0.229423 0.186019 0.281728 
   Substitution rates (user): 1.020500 1.140100 1.006700 0.962000 1.032300 1.000000 


Final LogLikelihood: -9322.135317

AIC score: 18698.270633 / AICc score: 18699.365492 / BIC score: 18840.037792
Free parameters (model + branch lengths): 27

Best ML tree saved to: /home/ha/Code/data/precompute/348/348_infer.raxml.bestTree
Optimized model saved to: /home/ha/Code/data/precompute/348/348_infer.raxml.bestModel

Execution log saved to: /home/ha/Code/data/precompute/348/348_infer.raxml.log

Analysis started: 16-May-2026 12:08:48 / finished: 16-May-2026 12:08:48

Elapsed time: 0.461 seconds

