IQ-TREE version 3.1.1 for Linux x86 64-bit built Apr  8 2026
Developed by Bui Quang Minh, Thomas Wong, Nhan Ly-Trong, Huaiyan Ren
Contributed by Lam-Tung Nguyen, Dominik Schrempf, Chris Bielow,
Olga Chernomor, Michael Woodhams, Diep Thi Hoang, Heiko Schmidt

Host:    ha-ThinkPad-E14-Gen-5 (AVX2, FMA3, 31 GB RAM)
Command: iqtree3 -s /home/ha/Code/data/dna/test/348/data.phy -t /home/ha/Code/data/dna/test/348/start.newick -m GTR{1.0205,1.1401,1.0067,0.9620,1.0323}+F{0.3028,0.2294,0.186,0.2817}+I{9.331e-07}+G4{1.038} --prefix /home/ha/Code/data/precompute/348/348_infer -T 1 --redo
Seed:    810248 (Using SPRNG - Scalable Parallel Random Number Generator)
Time:    Sat May 16 12:08:44 2026
Kernel:  AVX+FMA - 1 threads (16 CPU cores detected)

HINT: Use -nt option to specify number of threads because your CPU has 16 cores!
HINT: -nt AUTO will automatically determine the best number of threads to use.

Reading alignment file /home/ha/Code/data/dna/test/348/data.phy ... Phylip format detected
Alignment most likely contains DNA/RNA sequences
Constructing alignment: done in 0.000909967 secs using 59.78% CPU
WARNING: 24 sites contain only gaps or ambiguous characters.
Alignment has 15 sequences with 1433 columns, 915 distinct patterns
510 parsimony-informative, 240 singleton sites, 683 constant sites
     Gap/Ambiguity  Composition  p-value
Analyzing sequences: done in 2.0811e-05 secs using 96.1% CPU
   1  T2    45.43%    passed     68.14%
   2  T3    49.20%    passed     55.32%
   3  T14   49.27%    passed     34.41%
   4  T11   42.78%    passed     98.32%
   5  T10   39.57%    passed     77.31%
   6  T5    39.01%    passed     71.71%
   7  T6    36.99%    passed     91.21%
   8  T13   41.10%    passed     98.90%
   9  T15   45.43%    passed     68.14%
  10  T8    38.59%    passed     55.50%
  11  T1    31.05%    passed     76.46%
  12  T4    32.17%    passed     66.88%
  13  T12   33.64%    passed     87.66%
  14  T9    32.17%    passed     75.62%
  15  T7    36.29%    passed     53.47%
****  TOTAL   39.51%  0 sequences failed composition chi2 test (p-value<5%; df=3)
Checking for duplicate sequences: done in 3.2239e-05 secs using 99.26% CPU
Reading input tree file /home/ha/Code/data/dna/test/348/start.newick ...
WARNING: Normalizing State frequencies so that sum of them equals to 1

NOTE: 1 MB RAM (0 GB) is required!
Estimate model parameters (epsilon = 0.100)
1. Initial log-likelihood: -9322.135
Optimal log-likelihood: -9322.135
Rate parameters:  A-C: 1.02050  A-G: 1.14010  A-T: 1.00670  C-G: 0.96200  C-T: 1.03230  G-T: 1.00000
Base frequencies:  A: 0.303  C: 0.229  G: 0.186  T: 0.282
Proportion of invariable sites: 0.000
Gamma shape alpha: 1.038
Parameters optimization took 1 rounds (0.008 sec)
Wrote distance file to... 

Do NNI search on 1 best initial trees
Finish initializing candidate tree set (1)
Current best tree score: -9322.135 / CPU time: 0.018
Number of iterations: 1
--------------------------------------------------------------------
|               OPTIMIZING CANDIDATE TREE SET                      |
--------------------------------------------------------------------
Iteration 10 / LogL: -9322.140 / Time: 0h:0m:0s
Iteration 20 / LogL: -9322.278 / Time: 0h:0m:0s
Iteration 30 / LogL: -9322.239 / Time: 0h:0m:1s (0h:0m:2s left)
Iteration 40 / LogL: -9322.324 / Time: 0h:0m:1s (0h:0m:2s left)
Iteration 50 / LogL: -9322.637 / Time: 0h:0m:1s (0h:0m:1s left)
Iteration 60 / LogL: -9322.364 / Time: 0h:0m:2s (0h:0m:1s left)
Iteration 70 / LogL: -9322.232 / Time: 0h:0m:2s (0h:0m:1s left)
Iteration 80 / LogL: -9322.212 / Time: 0h:0m:2s (0h:0m:0s left)
Iteration 90 / LogL: -9322.154 / Time: 0h:0m:3s (0h:0m:0s left)
Iteration 100 / LogL: -9322.223 / Time: 0h:0m:3s (0h:0m:0s left)
TREE SEARCH COMPLETED AFTER 101 ITERATIONS / Time: 0h:0m:3s

--------------------------------------------------------------------
|                    FINALIZING TREE SEARCH                        |
--------------------------------------------------------------------
Performs final model parameters optimization
Estimate model parameters (epsilon = 0.010)
1. Initial log-likelihood: -9322.135
Optimal log-likelihood: -9322.135
Rate parameters:  A-C: 1.02050  A-G: 1.14010  A-T: 1.00670  C-G: 0.96200  C-T: 1.03230  G-T: 1.00000
Base frequencies:  A: 0.303  C: 0.229  G: 0.186  T: 0.282
Proportion of invariable sites: 0.000
Gamma shape alpha: 1.038
Parameters optimization took 1 rounds (0.002 sec)
BEST SCORE FOUND : -9322.135
Total tree length: 3.151

Total number of iterations: 101
CPU time used for tree search: 3.548 sec (0h:0m:3s)
Wall-clock time used for tree search: 3.582 sec (0h:0m:3s)
Total CPU time used: 3.567 sec (0h:0m:3s)
Total wall-clock time used: 3.600 sec (0h:0m:3s)

Analysis results written to: 
  IQ-TREE report:                /home/ha/Code/data/precompute/348/348_infer.iqtree
  Maximum-likelihood tree:       /home/ha/Code/data/precompute/348/348_infer.treefile
  Screen log file:               /home/ha/Code/data/precompute/348/348_infer.log

Date and Time: Sat May 16 12:08:48 2026
