
RAxML-NG v. 1.2.2 released on 11.04.2024 by The Exelixis Lab.
Developed by: Alexey M. Kozlov and Alexandros Stamatakis.
Contributors: Diego Darriba, Tomas Flouri, Benoit Morel, Sarah Lutteropp, Ben Bettisworth, Julia Haag, Anastasis Togkousidis.
Latest version: https://github.com/amkozlov/raxml-ng
Questions/problems/suggestions? Please visit: https://groups.google.com/forum/#!forum/raxml

System: 13th Gen Intel(R) Core(TM) i5-13500H, 12 cores, 31 GB RAM (allocated: 8 physical cores)

RAxML-NG was called at 16-May-2026 12:06:32 as follows:

raxml-ng --search --msa /home/ha/Code/data/dna/test/150/data.phy --tree /home/ha/Code/data/dna/test/150/start.newick --model GTR{0.9024/1.0251/0.8965/1.0686/0.8828/1.0000}+I{0.1402}+G{1.865}+F{0.2292/0.1773/0.3138/0.2797} --prefix /home/ha/Code/data/precompute/150/150_infer --threads 1 --seed 42 --force perf_threads --redo

Analysis options:
  run mode: ML tree search
  start tree(s): user
  random seed: 42
  tip-inner: OFF
  pattern compression: ON
  per-rate scalers: OFF
  site repeats: ON
  logLH epsilon: general: 10.000000, brlen-triplet: 1000.000000
  fast spr radius: AUTO
  spr subtree cutoff: 1.000000
  fast CLV updates: ON
  branch lengths: proportional (ML estimate, algorithm: NR-FAST)
  SIMD kernels: AVX2
  parallelization: coarse-grained (auto), NONE/sequential

WARNING: Running in REDO mode: existing checkpoints are ignored, and all result files will be overwritten!

WARNING: Running in FORCE mode: some safety checks are disabled!

[00:00:00] Reading alignment from file: /home/ha/Code/data/dna/test/150/data.phy
[00:00:00] Loaded alignment with 12 taxa and 557 sites

Alignment comprises 1 partitions and 392 patterns

Partition 0: noname
Model: GTR{0.9024/1.0251/0.8965/1.0686/0.8828/1}+FU{0.2292/0.1773/0.3138/0.2797}+IU{0.1402}+G4m{1.865}
Alignment sites / patterns: 557 / 392
Gaps: 15.80 %
Invariant sites: 43.09 %


NOTE: Binary MSA file created: /home/ha/Code/data/precompute/150/150_infer.raxml.rba

Parallelization scheme autoconfig: 1 worker(s) x 1 thread(s)

[00:00:00] Loading user starting tree(s) from: /home/ha/Code/data/dna/test/150/start.newick
Parallel reduction/worker buffer size: 1 KB  / 0 KB

[00:00:00] Data distribution: max. partitions/sites/weight per thread: 1 / 392 / 6272
[00:00:00] Data distribution: max. searches per worker: 1

Starting ML tree search with 1 distinct starting trees

[00:00:00 -3612.140663] Initial branch length optimization
[00:00:00 -3612.140662] Model parameter optimization (eps = 10.000000)
[00:00:00 -3612.140662] AUTODETECT spr round 1 (radius: 5)
[00:00:00 -3612.140662] SPR radius for FAST iterations: 5 (autodetect)
[00:00:00 -3612.140662] Model parameter optimization (eps = 3.000000)
[00:00:00 -3612.140662] FAST spr round 1 (radius: 5)
[00:00:00 -3612.140662] Model parameter optimization (eps = 1.000000)
[00:00:00 -3612.140662] SLOW spr round 1 (radius: 5)
[00:00:00 -3612.140662] SLOW spr round 2 (radius: 10)
[00:00:00 -3612.140662] Model parameter optimization (eps = 0.100000)

[00:00:00] ML tree search #1, logLikelihood: -3612.140662


Optimized model parameters:

   Partition 0: noname
   Rate heterogeneity: GAMMA (4 cats, mean),  alpha: 1.865000 (user),  weights&rates: (0.250000,0.276609) (0.250000,0.639845) (0.250000,1.066213) (0.250000,2.017333) 
   P-inv (user): 0.140200
   Base frequencies (user): 0.229200 0.177300 0.313800 0.279700 
   Substitution rates (user): 0.902400 1.025100 0.896500 1.068600 0.882800 1.000000 


Final LogLikelihood: -3612.140662

AIC score: 7266.281325 / AICc score: 7268.008428 / BIC score: 7357.055195
Free parameters (model + branch lengths): 21

Best ML tree saved to: /home/ha/Code/data/precompute/150/150_infer.raxml.bestTree
Optimized model saved to: /home/ha/Code/data/precompute/150/150_infer.raxml.bestModel

Execution log saved to: /home/ha/Code/data/precompute/150/150_infer.raxml.log

Analysis started: 16-May-2026 12:06:32 / finished: 16-May-2026 12:06:32

Elapsed time: 0.082 seconds

