IQ-TREE version 3.1.1 for Linux x86 64-bit built Apr  8 2026
Developed by Bui Quang Minh, Thomas Wong, Nhan Ly-Trong, Huaiyan Ren
Contributed by Lam-Tung Nguyen, Dominik Schrempf, Chris Bielow,
Olga Chernomor, Michael Woodhams, Diep Thi Hoang, Heiko Schmidt

Host:    ha-ThinkPad-E14-Gen-5 (AVX2, FMA3, 31 GB RAM)
Command: iqtree3 -s /home/ha/Code/data/dna/test/150/data.phy -t /home/ha/Code/data/dna/test/150/start.newick -m GTR{0.9024,1.0251,0.8965,1.0686,0.8828}+F{0.2292,0.1773,0.3138,0.2797}+I{0.1402}+G4{1.865} --prefix /home/ha/Code/data/precompute/150/150_infer -T 1 --redo
Seed:    118259 (Using SPRNG - Scalable Parallel Random Number Generator)
Time:    Sat May 16 12:06:31 2026
Kernel:  AVX+FMA - 1 threads (16 CPU cores detected)

HINT: Use -nt option to specify number of threads because your CPU has 16 cores!
HINT: -nt AUTO will automatically determine the best number of threads to use.

Reading alignment file /home/ha/Code/data/dna/test/150/data.phy ... Phylip format detected
Alignment most likely contains DNA/RNA sequences
Constructing alignment: done in 0.000741827 secs using 80.34% CPU
Alignment has 12 sequences with 557 columns, 392 distinct patterns
168 parsimony-informative, 149 singleton sites, 240 constant sites
     Gap/Ambiguity  Composition  p-value
Analyzing sequences: done in 3.265e-05 secs using 94.95% CPU
   1  T1    11.85%    passed     93.16%
   2  T2    11.85%    passed     92.64%
   3  T4    16.88%    passed     38.91%
   4  T6    22.80%    passed     42.82%
   5  T7    12.39%    passed     93.52%
   6  T12   20.11%    passed     59.77%
   7  T8    18.49%    passed     79.49%
   8  T9    22.98%    passed     42.55%
   9  T5    12.75%    passed     81.97%
  10  T11   14.18%    passed     95.00%
  11  T3    15.62%    passed     81.94%
  12  T10    9.69%    passed     91.87%
****  TOTAL   15.80%  0 sequences failed composition chi2 test (p-value<5%; df=3)
Checking for duplicate sequences: done in 6.3365e-05 secs using 97.85% CPU
Reading input tree file /home/ha/Code/data/dna/test/150/start.newick ...

NOTE: 0 MB RAM (0 GB) is required!
Estimate model parameters (epsilon = 0.100)
1. Initial log-likelihood: -3612.141
Optimal log-likelihood: -3612.141
Rate parameters:  A-C: 0.90240  A-G: 1.02510  A-T: 0.89650  C-G: 1.06860  C-T: 0.88280  G-T: 1.00000
Base frequencies:  A: 0.229  C: 0.177  G: 0.314  T: 0.280
Proportion of invariable sites: 0.140
Gamma shape alpha: 1.865
Parameters optimization took 1 rounds (0.004 sec)
Wrote distance file to... 

Do NNI search on 1 best initial trees
Finish initializing candidate tree set (1)
Current best tree score: -3612.141 / CPU time: 0.016
Number of iterations: 1
--------------------------------------------------------------------
|               OPTIMIZING CANDIDATE TREE SET                      |
--------------------------------------------------------------------
Iteration 10 / LogL: -3612.318 / Time: 0h:0m:0s
Iteration 20 / LogL: -3612.399 / Time: 0h:0m:0s
UPDATE BEST LOG-LIKELIHOOD: -3612.141
Iteration 30 / LogL: -3612.141 / Time: 0h:0m:0s (0h:0m:0s left)
Iteration 40 / LogL: -3612.155 / Time: 0h:0m:0s (0h:0m:0s left)
Iteration 50 / LogL: -3618.720 / Time: 0h:0m:0s (0h:0m:0s left)
Iteration 60 / LogL: -3612.970 / Time: 0h:0m:0s (0h:0m:0s left)
Iteration 70 / LogL: -3612.451 / Time: 0h:0m:0s (0h:0m:0s left)
Iteration 80 / LogL: -3612.232 / Time: 0h:0m:0s (0h:0m:0s left)
Iteration 90 / LogL: -3612.176 / Time: 0h:0m:0s (0h:0m:0s left)
Iteration 100 / LogL: -3612.185 / Time: 0h:0m:0s (0h:0m:0s left)
TREE SEARCH COMPLETED AFTER 101 ITERATIONS / Time: 0h:0m:0s

--------------------------------------------------------------------
|                    FINALIZING TREE SEARCH                        |
--------------------------------------------------------------------
Performs final model parameters optimization
Estimate model parameters (epsilon = 0.010)
1. Initial log-likelihood: -3612.141
Optimal log-likelihood: -3612.141
Rate parameters:  A-C: 0.90240  A-G: 1.02510  A-T: 0.89650  C-G: 1.06860  C-T: 0.88280  G-T: 1.00000
Base frequencies:  A: 0.229  C: 0.177  G: 0.314  T: 0.280
Proportion of invariable sites: 0.140
Gamma shape alpha: 1.865
Parameters optimization took 1 rounds (0.001 sec)
BEST SCORE FOUND : -3612.141
Total tree length: 1.858

Total number of iterations: 101
CPU time used for tree search: 0.862 sec (0h:0m:0s)
Wall-clock time used for tree search: 0.883 sec (0h:0m:0s)
Total CPU time used: 0.878 sec (0h:0m:0s)
Total wall-clock time used: 0.901 sec (0h:0m:0s)

Analysis results written to: 
  IQ-TREE report:                /home/ha/Code/data/precompute/150/150_infer.iqtree
  Maximum-likelihood tree:       /home/ha/Code/data/precompute/150/150_infer.treefile
  Screen log file:               /home/ha/Code/data/precompute/150/150_infer.log

Date and Time: Sat May 16 12:06:32 2026
