
RAxML-NG v. 1.2.2 released on 11.04.2024 by The Exelixis Lab.
Developed by: Alexey M. Kozlov and Alexandros Stamatakis.
Contributors: Diego Darriba, Tomas Flouri, Benoit Morel, Sarah Lutteropp, Ben Bettisworth, Julia Haag, Anastasis Togkousidis.
Latest version: https://github.com/amkozlov/raxml-ng
Questions/problems/suggestions? Please visit: https://groups.google.com/forum/#!forum/raxml

System: 13th Gen Intel(R) Core(TM) i5-13500H, 12 cores, 31 GB RAM (allocated: 8 physical cores)

RAxML-NG was called at 16-May-2026 12:14:14 as follows:

raxml-ng --search --msa /home/ha/Code/data/dna/test/490/data.phy --tree /home/ha/Code/data/dna/test/490/start.newick --model GTR{0.8823/0.9589/0.9862/1.0049/1.0109/1.0000}+I{0.0357}+G{1.108}+F{0.321/0.1936/0.2499/0.2356} --prefix /home/ha/Code/data/precompute/490/490_infer --threads 1 --seed 42 --force perf_threads --redo

Analysis options:
  run mode: ML tree search
  start tree(s): user
  random seed: 42
  tip-inner: OFF
  pattern compression: ON
  per-rate scalers: OFF
  site repeats: ON
  logLH epsilon: general: 10.000000, brlen-triplet: 1000.000000
  fast spr radius: AUTO
  spr subtree cutoff: 1.000000
  fast CLV updates: ON
  branch lengths: proportional (ML estimate, algorithm: NR-FAST)
  SIMD kernels: AVX2
  parallelization: coarse-grained (auto), NONE/sequential

WARNING: Running in REDO mode: existing checkpoints are ignored, and all result files will be overwritten!

WARNING: Running in FORCE mode: some safety checks are disabled!

[00:00:00] Reading alignment from file: /home/ha/Code/data/dna/test/490/data.phy
[00:00:00] Loaded alignment with 15 taxa and 4007 sites

WARNING: Fully undetermined columns found: 59

NOTE: Reduced alignment (with duplicates and gap-only sites/taxa removed) 
NOTE: was saved to: /home/ha/Code/data/precompute/490/490_infer.raxml.reduced.phy

Alignment comprises 1 partitions and 2579 patterns

Partition 0: noname
Model: GTR{0.8823/0.9589/0.9862/1.0049/1.0109/1}+FU{0.321/0.1936/0.2499/0.2356}+IU{0.0357}+G4m{1.108}
Alignment sites / patterns: 3948 / 2579
Gaps: 32.92 %
Invariant sites: 41.03 %


NOTE: Binary MSA file created: /home/ha/Code/data/precompute/490/490_infer.raxml.rba

Parallelization scheme autoconfig: 1 worker(s) x 1 thread(s)

[00:00:00] Loading user starting tree(s) from: /home/ha/Code/data/dna/test/490/start.newick
Parallel reduction/worker buffer size: 1 KB  / 0 KB

[00:00:00] Data distribution: max. partitions/sites/weight per thread: 1 / 2579 / 41264
[00:00:00] Data distribution: max. searches per worker: 1

Starting ML tree search with 1 distinct starting trees

[00:00:00 -29698.828994] Initial branch length optimization
[00:00:00 -29698.828968] Model parameter optimization (eps = 10.000000)
[00:00:00 -29698.828965] AUTODETECT spr round 1 (radius: 5)
[00:00:00 -29698.828965] SPR radius for FAST iterations: 5 (autodetect)
[00:00:00 -29698.828965] Model parameter optimization (eps = 3.000000)
[00:00:00 -29698.828965] FAST spr round 1 (radius: 5)
[00:00:00 -29698.828965] Model parameter optimization (eps = 1.000000)
[00:00:00 -29698.828965] SLOW spr round 1 (radius: 5)
[00:00:00 -29698.828965] SLOW spr round 2 (radius: 10)
[00:00:00 -29698.828965] SLOW spr round 3 (radius: 15)
[00:00:01 -29698.828965] Model parameter optimization (eps = 0.100000)

[00:00:01] ML tree search #1, logLikelihood: -29698.828965


Optimized model parameters:

   Partition 0: noname
   Rate heterogeneity: GAMMA (4 cats, mean),  alpha: 1.108000 (user),  weights&rates: (0.250000,0.157985) (0.250000,0.506969) (0.250000,1.015820) (0.250000,2.319226) 
   P-inv (user): 0.035700
   Base frequencies (user): 0.320968 0.193581 0.249875 0.235576 
   Substitution rates (user): 0.882300 0.958900 0.986200 1.004900 1.010900 1.000000 


Final LogLikelihood: -29698.828965

AIC score: 59451.657930 / AICc score: 59452.043644 / BIC score: 59621.243969
Free parameters (model + branch lengths): 27

Best ML tree saved to: /home/ha/Code/data/precompute/490/490_infer.raxml.bestTree
Optimized model saved to: /home/ha/Code/data/precompute/490/490_infer.raxml.bestModel

Execution log saved to: /home/ha/Code/data/precompute/490/490_infer.raxml.log

Analysis started: 16-May-2026 12:14:14 / finished: 16-May-2026 12:14:15

Elapsed time: 1.020 seconds

