IQ-TREE version 3.1.1 for Linux x86 64-bit built Apr  8 2026
Developed by Bui Quang Minh, Thomas Wong, Nhan Ly-Trong, Huaiyan Ren
Contributed by Lam-Tung Nguyen, Dominik Schrempf, Chris Bielow,
Olga Chernomor, Michael Woodhams, Diep Thi Hoang, Heiko Schmidt

Host:    ha-ThinkPad-E14-Gen-5 (AVX2, FMA3, 31 GB RAM)
Command: iqtree3 -s /home/ha/Code/data/dna/test/490/data.phy -t /home/ha/Code/data/dna/test/490/start.newick -m GTR{0.8823,0.9589,0.9862,1.0049,1.0109}+F{0.321,0.1936,0.2499,0.2356}+I{0.0357}+G4{1.108} --prefix /home/ha/Code/data/precompute/490/490_infer -T 1 --redo
Seed:    230942 (Using SPRNG - Scalable Parallel Random Number Generator)
Time:    Sat May 16 12:14:06 2026
Kernel:  AVX+FMA - 1 threads (16 CPU cores detected)

HINT: Use -nt option to specify number of threads because your CPU has 16 cores!
HINT: -nt AUTO will automatically determine the best number of threads to use.

Reading alignment file /home/ha/Code/data/dna/test/490/data.phy ... Phylip format detected
Alignment most likely contains DNA/RNA sequences
Constructing alignment: done in 0.00150331 secs using 28.67% CPU
WARNING: 59 sites contain only gaps or ambiguous characters.
Alignment has 15 sequences with 4007 columns, 2580 distinct patterns
1730 parsimony-informative, 598 singleton sites, 1679 constant sites
     Gap/Ambiguity  Composition  p-value
Analyzing sequences: done in 7.4832e-05 secs using 98.89% CPU
   1  T1    29.77%    passed     79.41%
   2  T2    35.26%    passed     72.27%
   3  T12   39.96%    passed     95.93%
   4  T14   39.16%    passed     99.77%
   5  T11   38.73%    passed     33.95%
   6  T15   38.73%    passed     21.88%
   7  T5    31.37%    passed     95.40%
   8  T4    33.57%    passed     71.45%
   9  T10   34.44%    passed     79.66%
  10  T3    38.41%    passed     19.25%
  11  T7    30.20%    passed     74.32%
  12  T6    29.27%    passed     64.28%
  13  T13   30.02%    passed     45.31%
  14  T9    28.87%    passed     73.87%
  15  T8    30.92%    passed     15.73%
****  TOTAL   33.91%  0 sequences failed composition chi2 test (p-value<5%; df=3)
Checking for duplicate sequences: done in 0.000102102 secs using 99.9% CPU
Reading input tree file /home/ha/Code/data/dna/test/490/start.newick ...
WARNING: Normalizing State frequencies so that sum of them equals to 1

NOTE: 5 MB RAM (0 GB) is required!
Estimate model parameters (epsilon = 0.100)
1. Initial log-likelihood: -29698.829
Optimal log-likelihood: -29698.829
Rate parameters:  A-C: 0.88230  A-G: 0.95890  A-T: 0.98620  C-G: 1.00490  C-T: 1.01090  G-T: 1.00000
Base frequencies:  A: 0.321  C: 0.194  G: 0.250  T: 0.236
Proportion of invariable sites: 0.036
Gamma shape alpha: 1.108
Parameters optimization took 1 rounds (0.018 sec)
Wrote distance file to... 

Do NNI search on 1 best initial trees
Finish initializing candidate tree set (1)
Current best tree score: -29698.829 / CPU time: 0.049
Number of iterations: 1
--------------------------------------------------------------------
|               OPTIMIZING CANDIDATE TREE SET                      |
--------------------------------------------------------------------
Iteration 10 / LogL: -29699.187 / Time: 0h:0m:0s
Iteration 20 / LogL: -29699.111 / Time: 0h:0m:1s
Iteration 30 / LogL: -29700.016 / Time: 0h:0m:2s (0h:0m:5s left)
Iteration 40 / LogL: -29699.176 / Time: 0h:0m:3s (0h:0m:5s left)
UPDATE BEST LOG-LIKELIHOOD: -29698.829
Iteration 50 / LogL: -29699.762 / Time: 0h:0m:4s (0h:0m:4s left)
Iteration 60 / LogL: -29698.912 / Time: 0h:0m:4s (0h:0m:3s left)
Iteration 70 / LogL: -29701.373 / Time: 0h:0m:5s (0h:0m:2s left)
Iteration 80 / LogL: -29698.836 / Time: 0h:0m:6s (0h:0m:1s left)
Iteration 90 / LogL: -29699.489 / Time: 0h:0m:7s (0h:0m:0s left)
Iteration 100 / LogL: -29699.376 / Time: 0h:0m:8s (0h:0m:0s left)
TREE SEARCH COMPLETED AFTER 101 ITERATIONS / Time: 0h:0m:8s

--------------------------------------------------------------------
|                    FINALIZING TREE SEARCH                        |
--------------------------------------------------------------------
Performs final model parameters optimization
Estimate model parameters (epsilon = 0.010)
1. Initial log-likelihood: -29698.829
Optimal log-likelihood: -29698.829
Rate parameters:  A-C: 0.88230  A-G: 0.95890  A-T: 0.98620  C-G: 1.00490  C-T: 1.01090  G-T: 1.00000
Base frequencies:  A: 0.321  C: 0.194  G: 0.250  T: 0.236
Proportion of invariable sites: 0.036
Gamma shape alpha: 1.108
Parameters optimization took 1 rounds (0.011 sec)
BEST SCORE FOUND : -29698.829
Total tree length: 3.507

Total number of iterations: 101
CPU time used for tree search: 8.247 sec (0h:0m:8s)
Wall-clock time used for tree search: 8.300 sec (0h:0m:8s)
Total CPU time used: 8.279 sec (0h:0m:8s)
Total wall-clock time used: 8.337 sec (0h:0m:8s)

Analysis results written to: 
  IQ-TREE report:                /home/ha/Code/data/precompute/490/490_infer.iqtree
  Maximum-likelihood tree:       /home/ha/Code/data/precompute/490/490_infer.treefile
  Screen log file:               /home/ha/Code/data/precompute/490/490_infer.log

Date and Time: Sat May 16 12:14:14 2026
