IQ-TREE version 3.1.1 for Linux x86 64-bit built Apr  8 2026
Developed by Bui Quang Minh, Thomas Wong, Nhan Ly-Trong, Huaiyan Ren
Contributed by Lam-Tung Nguyen, Dominik Schrempf, Chris Bielow,
Olga Chernomor, Michael Woodhams, Diep Thi Hoang, Heiko Schmidt

Host:    IAD1-C632678DGX041 (AVX2, FMA3, 2015 GB RAM)
Command: iqtree3 -s /raid/home/hatang/final_thesis/data/dna/test/62/data.phy -t /raid/home/hatang/final_thesis/data/dna/test/62/start.newick -m GTR{1.1585,1.1729,1.0556,0.9643,1.2924}+F{0.2189,0.1779,0.2341,0.3692}+I{0.06446}+G4{1.035} --prefix precompute/62/62_infer --threads auto --redo
Seed:    396976 (Using SPRNG - Scalable Parallel Random Number Generator)
Time:    Tue May  5 01:48:37 2026
Kernel:  AVX+FMA - auto-detect threads (256 CPU cores detected)

Reading alignment file /raid/home/hatang/final_thesis/data/dna/test/62/data.phy ... Phylip format detected
Alignment most likely contains DNA/RNA sequences
Constructing alignment: done in 0.0212796 secs using 7896% CPU
WARNING: 28 sites contain only gaps or ambiguous characters.
Alignment has 7 sequences with 2425 columns, 745 distinct patterns
537 parsimony-informative, 483 singleton sites, 1405 constant sites
    Gap/Ambiguity  Composition  p-value
Analyzing sequences: done in 0.0182003 secs using 2.082e+04% CPU
   1  T2   22.97%    passed     83.54%
   2  T4   23.18%    passed     76.16%
   3  T3   26.56%    failed      3.93%
   4  T7   21.40%    passed     85.99%
   5  T6   18.31%    passed     98.55%
   6  T1   17.44%    passed     87.34%
   7  T5   18.35%    passed     61.17%
****  TOTAL   21.17%  1 sequences failed composition chi2 test (p-value<5%; df=3)
Checking for duplicate sequences: done in 0.0120609 secs using 2.26e+04% CPU
Reading input tree file /raid/home/hatang/final_thesis/data/dna/test/62/start.newick ...
WARNING: Normalizing State frequencies so that sum of them equals to 1

NOTE: 0 MB RAM (0 GB) is required!
Measuring multi-threading efficiency up to 256 CPU cores
Increase to 10 rounds for branch lengths
65448 trees examined
Threads: 1 / Time: 256.000 sec / Speedup: 1.000 / Efficiency: 100% / LogL: -10524
Threads: 2 / Time: 237.158 sec / Speedup: 1.079 / Efficiency: 54% / LogL: -10524
Threads: 3 / Time: 252.257 sec / Speedup: 1.015 / Efficiency: 34% / LogL: -10524
Determining AUTO threadcount: done in 745.416 secs using 197.4% CPU
BEST NUMBER OF THREADS: 2

Estimate model parameters (epsilon = 0.100)
1. Initial log-likelihood: -9505.814
Optimal log-likelihood: -9505.814
Rate parameters:  A-C: 1.15850  A-G: 1.17290  A-T: 1.05560  C-G: 0.96430  C-T: 1.29240  G-T: 1.00000
Base frequencies:  A: 0.219  C: 0.178  G: 0.234  T: 0.369
Proportion of invariable sites: 0.064
Gamma shape alpha: 1.035
Parameters optimization took 1 rounds (0.001 sec)
Wrote distance file to... 

Do NNI search on 1 best initial trees
Finish initializing candidate tree set (1)
Current best tree score: -9505.814 / CPU time: 0.004
Number of iterations: 1
--------------------------------------------------------------------
|               OPTIMIZING CANDIDATE TREE SET                      |
--------------------------------------------------------------------
Iteration 10 / LogL: -9505.894 / Time: 0h:12m:25s
Iteration 20 / LogL: -9505.819 / Time: 0h:12m:25s
UPDATE BEST LOG-LIKELIHOOD: -9505.814
WARNING: NNI search needs unusual large number of steps (7) to converge!
Iteration 30 / LogL: -9505.891 / Time: 0h:12m:25s (0h:30m:0s left)
Iteration 40 / LogL: -9505.818 / Time: 0h:12m:25s (0h:19m:7s left)
Iteration 50 / LogL: -9505.891 / Time: 0h:12m:26s (0h:12m:41s left)
Iteration 60 / LogL: -9505.891 / Time: 0h:12m:26s (0h:8m:25s left)
Iteration 70 / LogL: -9505.819 / Time: 0h:12m:26s (0h:5m:24s left)
Iteration 80 / LogL: -9505.926 / Time: 0h:12m:26s (0h:3m:8s left)
Iteration 90 / LogL: -9505.920 / Time: 0h:12m:26s (0h:1m:23s left)
Iteration 100 / LogL: -9505.923 / Time: 0h:12m:26s (0h:0m:0s left)
TREE SEARCH COMPLETED AFTER 101 ITERATIONS / Time: 0h:12m:26s

--------------------------------------------------------------------
|                    FINALIZING TREE SEARCH                        |
--------------------------------------------------------------------
Performs final model parameters optimization
Estimate model parameters (epsilon = 0.010)
1. Initial log-likelihood: -9505.814
Optimal log-likelihood: -9505.814
Rate parameters:  A-C: 1.15850  A-G: 1.17290  A-T: 1.05560  C-G: 0.96430  C-T: 1.29240  G-T: 1.00000
Base frequencies:  A: 0.219  C: 0.178  G: 0.234  T: 0.369
Proportion of invariable sites: 0.064
Gamma shape alpha: 1.035
Parameters optimization took 1 rounds (0.001 sec)
BEST SCORE FOUND : -9505.814
Total tree length: 1.222

Total number of iterations: 101
CPU time used for tree search: 2.327 sec (0h:0m:2s)
Wall-clock time used for tree search: 1.181 sec (0h:0m:1s)
Total CPU time used: 1476.448 sec (0h:24m:36s)
Total wall-clock time used: 746.618 sec (0h:12m:26s)

Analysis results written to: 
  IQ-TREE report:                precompute/62/62_infer.iqtree
  Maximum-likelihood tree:       precompute/62/62_infer.treefile
  Screen log file:               precompute/62/62_infer.log

Date and Time: Tue May  5 02:01:04 2026
