
RAxML-NG v. 1.2.2 released on 11.04.2024 by The Exelixis Lab.
Developed by: Alexey M. Kozlov and Alexandros Stamatakis.
Contributors: Diego Darriba, Tomas Flouri, Benoit Morel, Sarah Lutteropp, Ben Bettisworth, Julia Haag, Anastasis Togkousidis.
Latest version: https://github.com/amkozlov/raxml-ng
Questions/problems/suggestions? Please visit: https://groups.google.com/forum/#!forum/raxml

System: 13th Gen Intel(R) Core(TM) i5-13500H, 12 cores, 31 GB RAM (allocated: 8 physical cores)

RAxML-NG was called at 16-May-2026 12:06:18 as follows:

raxml-ng --search --msa /home/ha/Code/data/dna/test/62/data.phy --tree /home/ha/Code/data/dna/test/62/start.newick --model GTR{1.1585/1.1729/1.0556/0.9643/1.2924/1.0000}+I{0.06446}+G{1.035}+F{0.2189/0.1779/0.2341/0.3692} --prefix /home/ha/Code/data/precompute/62/62_infer --threads 1 --seed 42 --force perf_threads --redo

Analysis options:
  run mode: ML tree search
  start tree(s): user
  random seed: 42
  tip-inner: OFF
  pattern compression: ON
  per-rate scalers: OFF
  site repeats: ON
  logLH epsilon: general: 10.000000, brlen-triplet: 1000.000000
  fast spr radius: AUTO
  spr subtree cutoff: 1.000000
  fast CLV updates: ON
  branch lengths: proportional (ML estimate, algorithm: NR-FAST)
  SIMD kernels: AVX2
  parallelization: coarse-grained (auto), NONE/sequential

WARNING: Running in REDO mode: existing checkpoints are ignored, and all result files will be overwritten!

WARNING: Running in FORCE mode: some safety checks are disabled!

[00:00:00] Reading alignment from file: /home/ha/Code/data/dna/test/62/data.phy
[00:00:00] Loaded alignment with 7 taxa and 2425 sites

WARNING: Fully undetermined columns found: 28

NOTE: Reduced alignment (with duplicates and gap-only sites/taxa removed) 
NOTE: was saved to: /home/ha/Code/data/precompute/62/62_infer.raxml.reduced.phy

Alignment comprises 1 partitions and 744 patterns

Partition 0: noname
Model: GTR{1.1585/1.1729/1.0556/0.9643/1.2924/1}+FU{0.2189/0.1779/0.2341/0.3692}+IU{0.06446}+G4m{1.035}
Alignment sites / patterns: 2397 / 744
Gaps: 20.25 %
Invariant sites: 57.45 %


NOTE: Binary MSA file created: /home/ha/Code/data/precompute/62/62_infer.raxml.rba

Parallelization scheme autoconfig: 1 worker(s) x 1 thread(s)

[00:00:00] Loading user starting tree(s) from: /home/ha/Code/data/dna/test/62/start.newick
Parallel reduction/worker buffer size: 1 KB  / 0 KB

[00:00:00] Data distribution: max. partitions/sites/weight per thread: 1 / 744 / 11904
[00:00:00] Data distribution: max. searches per worker: 1

Starting ML tree search with 1 distinct starting trees

[00:00:00 -9505.814186] Initial branch length optimization
[00:00:00 -9505.813935] Model parameter optimization (eps = 10.000000)
[00:00:00 -9505.813935] AUTODETECT spr round 1 (radius: 5)
[00:00:00 -9505.813935] SPR radius for FAST iterations: 5 (autodetect)
[00:00:00 -9505.813935] Model parameter optimization (eps = 3.000000)
[00:00:00 -9505.813935] FAST spr round 1 (radius: 5)
[00:00:00 -9505.813935] Model parameter optimization (eps = 1.000000)
[00:00:00 -9505.813935] SLOW spr round 1 (radius: 5)
[00:00:00 -9505.813935] Model parameter optimization (eps = 0.100000)

[00:00:00] ML tree search #1, logLikelihood: -9505.813935


Optimized model parameters:

   Partition 0: noname
   Rate heterogeneity: GAMMA (4 cats, mean),  alpha: 1.035000 (user),  weights&rates: (0.250000,0.143884) (0.250000,0.487025) (0.250000,1.005566) (0.250000,2.363525) 
   P-inv (user): 0.064460
   Base frequencies (user): 0.218878 0.177882 0.234077 0.369163 
   Substitution rates (user): 1.158500 1.172900 1.055600 0.964300 1.292400 1.000000 


Final LogLikelihood: -9505.813935

AIC score: 19033.627871 / AICc score: 19033.738563 / BIC score: 19097.229576
Free parameters (model + branch lengths): 11

Best ML tree saved to: /home/ha/Code/data/precompute/62/62_infer.raxml.bestTree
Optimized model saved to: /home/ha/Code/data/precompute/62/62_infer.raxml.bestModel

Execution log saved to: /home/ha/Code/data/precompute/62/62_infer.raxml.log

Analysis started: 16-May-2026 12:06:18 / finished: 16-May-2026 12:06:18

Elapsed time: 0.094 seconds

