
RAxML-NG v. 1.2.2 released on 11.04.2024 by The Exelixis Lab.
Developed by: Alexey M. Kozlov and Alexandros Stamatakis.
Contributors: Diego Darriba, Tomas Flouri, Benoit Morel, Sarah Lutteropp, Ben Bettisworth, Julia Haag, Anastasis Togkousidis.
Latest version: https://github.com/amkozlov/raxml-ng
Questions/problems/suggestions? Please visit: https://groups.google.com/forum/#!forum/raxml

System: AMD EPYC 7742 64-Core Processor, 128 cores, 2015 GB RAM

RAxML-NG was called at 05-May-2026 14:24:24 as follows:

raxml-ng --search --msa /raid/home/hatang/final_thesis/data/dna/test/196/data.phy --tree /raid/home/hatang/final_thesis/data/dna/test/196/start.newick --model GTR{0.9661/0.8258/0.7703/0.9210/0.8212/1.0000}+I{0.04737}+G{1.096}+F{0.2457/0.1613/0.3171/0.2758} --prefix precompute/196/196_infer --threads auto --seed 42 --force perf_threads

Analysis options:
  run mode: ML tree search
  start tree(s): user
  random seed: 42
  tip-inner: OFF
  pattern compression: ON
  per-rate scalers: OFF
  site repeats: ON
  logLH epsilon: general: 10.000000, brlen-triplet: 1000.000000
  fast spr radius: AUTO
  spr subtree cutoff: 1.000000
  fast CLV updates: ON
  branch lengths: proportional (ML estimate, algorithm: NR-FAST)
  SIMD kernels: AVX2
  parallelization: coarse-grained (auto), PTHREADS (auto)

WARNING: Running in FORCE mode: some safety checks are disabled!

[00:00:00] Reading alignment from file: /raid/home/hatang/final_thesis/data/dna/test/196/data.phy
[00:00:00] Loaded alignment with 12 taxa and 1189 sites

WARNING: Fully undetermined columns found: 9

NOTE: Reduced alignment (with duplicates and gap-only sites/taxa removed) 
NOTE: was saved to: /raid/home/hatang/final_thesis/precompute/196/196_infer.raxml.reduced.phy

Alignment comprises 1 partitions and 772 patterns

Partition 0: noname
Model: GTR{0.9661/0.8258/0.7703/0.921/0.8212/1}+FU{0.2457/0.1613/0.3171/0.2758}+IU{0.04737}+G4m{1.096}
Alignment sites / patterns: 1180 / 772
Gaps: 28.57 %
Invariant sites: 42.88 %


NOTE: Binary MSA file created: precompute/196/196_infer.raxml.rba

Parallelization scheme autoconfig: 1 worker(s) x 7 thread(s)

[00:00:00] Loading user starting tree(s) from: /raid/home/hatang/final_thesis/data/dna/test/196/start.newick
Parallel reduction/worker buffer size: 1 KB  / 0 KB

[00:00:00] Data distribution: max. partitions/sites/weight per thread: 1 / 111 / 1776
[00:00:00] Data distribution: max. searches per worker: 1

Starting ML tree search with 1 distinct starting trees

[00:00:00 -7572.014605] Initial branch length optimization
[00:00:00 -7572.014524] Model parameter optimization (eps = 10.000000)
[00:00:00 -7572.014524] AUTODETECT spr round 1 (radius: 5)
[00:00:00 -7572.014524] SPR radius for FAST iterations: 5 (autodetect)
[00:00:00 -7572.014524] Model parameter optimization (eps = 3.000000)
[00:00:00 -7572.014524] FAST spr round 1 (radius: 5)
[00:00:00 -7572.014524] Model parameter optimization (eps = 1.000000)
[00:00:00 -7572.014524] SLOW spr round 1 (radius: 5)
[00:00:00 -7572.014524] SLOW spr round 2 (radius: 10)
[00:00:00 -7572.014524] Model parameter optimization (eps = 0.100000)

[00:00:00] ML tree search #1, logLikelihood: -7572.014524


Optimized model parameters:

   Partition 0: noname
   Rate heterogeneity: GAMMA (4 cats, mean),  alpha: 1.096000 (user),  weights&rates: (0.250000,0.155701) (0.250000,0.503820) (0.250000,1.014249) (0.250000,2.326231) 
   P-inv (user): 0.047370
   Base frequencies (user): 0.245725 0.161316 0.317132 0.275828 
   Substitution rates (user): 0.966100 0.825800 0.770300 0.921000 0.821200 1.000000 


Final LogLikelihood: -7572.014524

AIC score: 15186.029047 / AICc score: 15186.826975 / BIC score: 15292.567711
Free parameters (model + branch lengths): 21

Best ML tree saved to: /raid/home/hatang/final_thesis/precompute/196/196_infer.raxml.bestTree
Optimized model saved to: /raid/home/hatang/final_thesis/precompute/196/196_infer.raxml.bestModel

Execution log saved to: /raid/home/hatang/final_thesis/precompute/196/196_infer.raxml.log

Analysis started: 05-May-2026 14:24:24 / finished: 05-May-2026 14:24:24

Elapsed time: 0.099 seconds

