IQ-TREE version 3.1.1 for Linux x86 64-bit built Apr  8 2026
Developed by Bui Quang Minh, Thomas Wong, Nhan Ly-Trong, Huaiyan Ren
Contributed by Lam-Tung Nguyen, Dominik Schrempf, Chris Bielow,
Olga Chernomor, Michael Woodhams, Diep Thi Hoang, Heiko Schmidt

Host:    ha-ThinkPad-E14-Gen-5 (AVX2, FMA3, 31 GB RAM)
Command: iqtree3 -s /home/ha/Code/data/dna/test/196/data.phy -t /home/ha/Code/data/dna/test/196/start.newick -m GTR{0.9661,0.8258,0.7703,0.9210,0.8212}+F{0.2457,0.1613,0.3171,0.2758}+I{0.04737}+G4{1.096} --prefix /home/ha/Code/data/precompute/196/196_infer -T 1 --redo
Seed:    804117 (Using SPRNG - Scalable Parallel Random Number Generator)
Time:    Sat May 16 12:06:48 2026
Kernel:  AVX+FMA - 1 threads (16 CPU cores detected)

HINT: Use -nt option to specify number of threads because your CPU has 16 cores!
HINT: -nt AUTO will automatically determine the best number of threads to use.

Reading alignment file /home/ha/Code/data/dna/test/196/data.phy ... Phylip format detected
Alignment most likely contains DNA/RNA sequences
Constructing alignment: done in 0.000832773 secs using 15.61% CPU
WARNING: 9 sites contain only gaps or ambiguous characters.
Alignment has 12 sequences with 1189 columns, 773 distinct patterns
433 parsimony-informative, 241 singleton sites, 515 constant sites
     Gap/Ambiguity  Composition  p-value
Analyzing sequences: done in 2.8143e-05 secs
   1  T2    29.60%    passed     81.47%
   2  T11   31.96%    passed     65.03%
   3  T3    27.08%    passed     51.92%
   4  T6    40.12%    passed     26.79%
   5  T9    34.23%    passed     41.49%
   6  T12   36.92%    passed     31.40%
   7  T7    27.84%    passed     97.95%
   8  T8    31.03%    passed     74.86%
   9  T1    26.91%    passed     85.85%
  10  T4    20.19%    passed     50.72%
  11  T10   24.47%    passed     94.44%
  12  T5    18.92%    passed     64.86%
****  TOTAL   29.11%  0 sequences failed composition chi2 test (p-value<5%; df=3)
Checking for duplicate sequences: done in 4.6463e-05 secs
Reading input tree file /home/ha/Code/data/dna/test/196/start.newick ...
WARNING: Normalizing State frequencies so that sum of them equals to 1

NOTE: 1 MB RAM (0 GB) is required!
Estimate model parameters (epsilon = 0.100)
1. Initial log-likelihood: -7572.015
Optimal log-likelihood: -7572.015
Rate parameters:  A-C: 0.96610  A-G: 0.82580  A-T: 0.77030  C-G: 0.92100  C-T: 0.82120  G-T: 1.00000
Base frequencies:  A: 0.246  C: 0.161  G: 0.317  T: 0.276
Proportion of invariable sites: 0.047
Gamma shape alpha: 1.096
Parameters optimization took 1 rounds (0.005 sec)
Wrote distance file to... 

Do NNI search on 1 best initial trees
Finish initializing candidate tree set (1)
Current best tree score: -7572.015 / CPU time: 0.013
Number of iterations: 1
--------------------------------------------------------------------
|               OPTIMIZING CANDIDATE TREE SET                      |
--------------------------------------------------------------------
UPDATE BEST LOG-LIKELIHOOD: -7572.015
UPDATE BEST LOG-LIKELIHOOD: -7572.015
Iteration 10 / LogL: -7572.279 / Time: 0h:0m:0s
Iteration 20 / LogL: -7572.205 / Time: 0h:0m:0s
Iteration 30 / LogL: -7572.149 / Time: 0h:0m:0s (0h:0m:1s left)
Iteration 40 / LogL: -7572.179 / Time: 0h:0m:0s (0h:0m:1s left)
Iteration 50 / LogL: -7572.200 / Time: 0h:0m:0s (0h:0m:0s left)
Iteration 60 / LogL: -7572.123 / Time: 0h:0m:1s (0h:0m:0s left)
Iteration 70 / LogL: -7572.267 / Time: 0h:0m:1s (0h:0m:0s left)
Iteration 80 / LogL: -7572.220 / Time: 0h:0m:1s (0h:0m:0s left)
Iteration 90 / LogL: -7572.947 / Time: 0h:0m:1s (0h:0m:0s left)
Iteration 100 / LogL: -7572.112 / Time: 0h:0m:1s (0h:0m:0s left)
TREE SEARCH COMPLETED AFTER 101 ITERATIONS / Time: 0h:0m:1s

--------------------------------------------------------------------
|                    FINALIZING TREE SEARCH                        |
--------------------------------------------------------------------
Performs final model parameters optimization
Estimate model parameters (epsilon = 0.010)
1. Initial log-likelihood: -7572.015
Optimal log-likelihood: -7572.015
Rate parameters:  A-C: 0.96610  A-G: 0.82580  A-T: 0.77030  C-G: 0.92100  C-T: 0.82120  G-T: 1.00000
Base frequencies:  A: 0.246  C: 0.161  G: 0.317  T: 0.276
Proportion of invariable sites: 0.047
Gamma shape alpha: 1.096
Parameters optimization took 1 rounds (0.001 sec)
BEST SCORE FOUND : -7572.015
Total tree length: 2.567

Total number of iterations: 101
CPU time used for tree search: 1.768 sec (0h:0m:1s)
Wall-clock time used for tree search: 1.796 sec (0h:0m:1s)
Total CPU time used: 1.784 sec (0h:0m:1s)
Total wall-clock time used: 1.814 sec (0h:0m:1s)

Analysis results written to: 
  IQ-TREE report:                /home/ha/Code/data/precompute/196/196_infer.iqtree
  Maximum-likelihood tree:       /home/ha/Code/data/precompute/196/196_infer.treefile
  Screen log file:               /home/ha/Code/data/precompute/196/196_infer.log

Date and Time: Sat May 16 12:06:50 2026
