
RAxML-NG v. 1.2.2 released on 11.04.2024 by The Exelixis Lab.
Developed by: Alexey M. Kozlov and Alexandros Stamatakis.
Contributors: Diego Darriba, Tomas Flouri, Benoit Morel, Sarah Lutteropp, Ben Bettisworth, Julia Haag, Anastasis Togkousidis.
Latest version: https://github.com/amkozlov/raxml-ng
Questions/problems/suggestions? Please visit: https://groups.google.com/forum/#!forum/raxml

System: AMD EPYC 7742 64-Core Processor, 128 cores, 2015 GB RAM

RAxML-NG was called at 05-May-2026 08:15:37 as follows:

raxml-ng --search --msa /raid/home/hatang/final_thesis/data/dna/test/177/data.phy --tree /raid/home/hatang/final_thesis/data/dna/test/177/start.newick --model GTR{1.1747/1.3561/1.0998/1.2001/1.1203/1.0000}+I{9.622e-07}+G{1.161}+F{0.2399/0.2735/0.1362/0.3504} --prefix precompute/177/177_infer --threads auto --seed 42 --force perf_threads

Analysis options:
  run mode: ML tree search
  start tree(s): user
  random seed: 42
  tip-inner: OFF
  pattern compression: ON
  per-rate scalers: OFF
  site repeats: ON
  logLH epsilon: general: 10.000000, brlen-triplet: 1000.000000
  fast spr radius: AUTO
  spr subtree cutoff: 1.000000
  fast CLV updates: ON
  branch lengths: proportional (ML estimate, algorithm: NR-FAST)
  SIMD kernels: AVX2
  parallelization: coarse-grained (auto), PTHREADS (auto)

WARNING: Running in FORCE mode: some safety checks are disabled!

[00:00:00] Reading alignment from file: /raid/home/hatang/final_thesis/data/dna/test/177/data.phy
[00:00:00] Loaded alignment with 12 taxa and 1240 sites

WARNING: Fully undetermined columns found: 2

NOTE: Reduced alignment (with duplicates and gap-only sites/taxa removed) 
NOTE: was saved to: /raid/home/hatang/final_thesis/precompute/177/177_infer.raxml.reduced.phy

Alignment comprises 1 partitions and 760 patterns

Partition 0: noname
Model: GTR{1.1747/1.3561/1.0998/1.2001/1.1203/1}+FU{0.2399/0.2735/0.1362/0.3504}+IU{9.622e-07}+G4m{1.161}
Alignment sites / patterns: 1238 / 760
Gaps: 28.70 %
Invariant sites: 45.96 %


NOTE: Binary MSA file created: precompute/177/177_infer.raxml.rba

Parallelization scheme autoconfig: 1 worker(s) x 7 thread(s)

[00:00:00] Loading user starting tree(s) from: /raid/home/hatang/final_thesis/data/dna/test/177/start.newick
Parallel reduction/worker buffer size: 1 KB  / 0 KB

[00:00:00] Data distribution: max. partitions/sites/weight per thread: 1 / 109 / 1744
[00:00:00] Data distribution: max. searches per worker: 1

Starting ML tree search with 1 distinct starting trees

[00:00:00 -7081.514447] Initial branch length optimization
[00:00:00 -7081.514426] Model parameter optimization (eps = 10.000000)
[00:00:00 -7081.514425] AUTODETECT spr round 1 (radius: 5)
[00:00:00 -7081.514425] SPR radius for FAST iterations: 5 (autodetect)
[00:00:00 -7081.514425] Model parameter optimization (eps = 3.000000)
[00:00:00 -7081.514425] FAST spr round 1 (radius: 5)
[00:00:00 -7081.514425] Model parameter optimization (eps = 1.000000)
[00:00:00 -7081.514425] SLOW spr round 1 (radius: 5)
[00:00:00 -7081.514425] SLOW spr round 2 (radius: 10)
[00:00:00 -7081.514425] Model parameter optimization (eps = 0.100000)

[00:00:00] ML tree search #1, logLikelihood: -7081.514425


Optimized model parameters:

   Partition 0: noname
   Rate heterogeneity: GAMMA (4 cats, mean),  alpha: 1.161000 (user),  weights&rates: (0.250000,0.167914) (0.250000,0.520318) (0.250000,1.022283) (0.250000,2.289485) 
   P-inv (user): 0.000001
   Base frequencies (user): 0.239900 0.273500 0.136200 0.350400 
   Substitution rates (user): 1.174700 1.356100 1.099800 1.200100 1.120300 1.000000 


Final LogLikelihood: -7081.514425

AIC score: 14205.028850 / AICc score: 14205.788718 / BIC score: 14312.575151
Free parameters (model + branch lengths): 21

WARNING: Best ML tree contains 1 near-zero branches!

Best ML tree with collapsed near-zero branches saved to: /raid/home/hatang/final_thesis/precompute/177/177_infer.raxml.bestTreeCollapsed
Best ML tree saved to: /raid/home/hatang/final_thesis/precompute/177/177_infer.raxml.bestTree
Optimized model saved to: /raid/home/hatang/final_thesis/precompute/177/177_infer.raxml.bestModel

Execution log saved to: /raid/home/hatang/final_thesis/precompute/177/177_infer.raxml.log

Analysis started: 05-May-2026 08:15:37 / finished: 05-May-2026 08:15:37

Elapsed time: 0.100 seconds

