
RAxML-NG v. 1.2.2 released on 11.04.2024 by The Exelixis Lab.
Developed by: Alexey M. Kozlov and Alexandros Stamatakis.
Contributors: Diego Darriba, Tomas Flouri, Benoit Morel, Sarah Lutteropp, Ben Bettisworth, Julia Haag, Anastasis Togkousidis.
Latest version: https://github.com/amkozlov/raxml-ng
Questions/problems/suggestions? Please visit: https://groups.google.com/forum/#!forum/raxml

System: AMD EPYC 7742 64-Core Processor, 128 cores, 2015 GB RAM

RAxML-NG was called at 05-May-2026 09:02:17 as follows:

raxml-ng --search --msa /raid/home/hatang/final_thesis/data/dna/test/269/data.phy --tree /raid/home/hatang/final_thesis/data/dna/test/269/start.newick --model GTR{1.2510/1.2559/1.2408/1.2402/1.0246/1.0000}+I{0.05024}+G{1.276}+F{0.1527/0.1994/0.3691/0.2788} --prefix precompute/269/269_infer --threads auto --seed 42 --force perf_threads

Analysis options:
  run mode: ML tree search
  start tree(s): user
  random seed: 42
  tip-inner: OFF
  pattern compression: ON
  per-rate scalers: OFF
  site repeats: ON
  logLH epsilon: general: 10.000000, brlen-triplet: 1000.000000
  fast spr radius: AUTO
  spr subtree cutoff: 1.000000
  fast CLV updates: ON
  branch lengths: proportional (ML estimate, algorithm: NR-FAST)
  SIMD kernels: AVX2
  parallelization: coarse-grained (auto), PTHREADS (auto)

WARNING: Running in FORCE mode: some safety checks are disabled!

[00:00:00] Reading alignment from file: /raid/home/hatang/final_thesis/data/dna/test/269/data.phy
[00:00:00] Loaded alignment with 20 taxa and 698 sites

WARNING: Fully undetermined columns found: 2

NOTE: Reduced alignment (with duplicates and gap-only sites/taxa removed) 
NOTE: was saved to: /raid/home/hatang/final_thesis/precompute/269/269_infer.raxml.reduced.phy

Alignment comprises 1 partitions and 485 patterns

Partition 0: noname
Model: GTR{1.251/1.2559/1.2408/1.2402/1.0246/1}+FU{0.1527/0.1994/0.3691/0.2788}+IU{0.05024}+G4m{1.276}
Alignment sites / patterns: 696 / 485
Gaps: 34.66 %
Invariant sites: 45.69 %


NOTE: Binary MSA file created: precompute/269/269_infer.raxml.rba

Parallelization scheme autoconfig: 1 worker(s) x 6 thread(s)

[00:00:00] Loading user starting tree(s) from: /raid/home/hatang/final_thesis/data/dna/test/269/start.newick
Parallel reduction/worker buffer size: 1 KB  / 0 KB

[00:00:00] Data distribution: max. partitions/sites/weight per thread: 1 / 81 / 1296
[00:00:00] Data distribution: max. searches per worker: 1

Starting ML tree search with 1 distinct starting trees

[00:00:00 -5504.185960] Initial branch length optimization
[00:00:00 -5504.185959] Model parameter optimization (eps = 10.000000)
[00:00:00 -5504.185959] AUTODETECT spr round 1 (radius: 5)
[00:00:00 -5504.185959] SPR radius for FAST iterations: 5 (autodetect)
[00:00:00 -5504.185959] Model parameter optimization (eps = 3.000000)
[00:00:00 -5504.185959] FAST spr round 1 (radius: 5)
[00:00:00 -5504.185959] Model parameter optimization (eps = 1.000000)
[00:00:00 -5504.185959] SLOW spr round 1 (radius: 5)
[00:00:00 -5504.185959] SLOW spr round 2 (radius: 10)
[00:00:00 -5504.185959] SLOW spr round 3 (radius: 15)
[00:00:00 -5504.185959] SLOW spr round 4 (radius: 20)
[00:00:00 -5504.185959] Model parameter optimization (eps = 0.100000)

[00:00:00] ML tree search #1, logLikelihood: -5504.185959


Optimized model parameters:

   Partition 0: noname
   Rate heterogeneity: GAMMA (4 cats, mean),  alpha: 1.276000 (user),  weights&rates: (0.250000,0.188556) (0.250000,0.546463) (0.250000,1.034027) (0.250000,2.230953) 
   P-inv (user): 0.050240
   Base frequencies (user): 0.152700 0.199400 0.369100 0.278800 
   Substitution rates (user): 1.251000 1.255900 1.240800 1.240200 1.024600 1.000000 


Final LogLikelihood: -5504.185959

AIC score: 11082.371919 / AICc score: 11086.645475 / BIC score: 11250.549856
Free parameters (model + branch lengths): 37

Best ML tree saved to: /raid/home/hatang/final_thesis/precompute/269/269_infer.raxml.bestTree
Optimized model saved to: /raid/home/hatang/final_thesis/precompute/269/269_infer.raxml.bestModel

Execution log saved to: /raid/home/hatang/final_thesis/precompute/269/269_infer.raxml.log

Analysis started: 05-May-2026 09:02:17 / finished: 05-May-2026 09:02:17

Elapsed time: 0.135 seconds

