IQ-TREE version 3.1.1 for Linux x86 64-bit built Apr  8 2026
Developed by Bui Quang Minh, Thomas Wong, Nhan Ly-Trong, Huaiyan Ren
Contributed by Lam-Tung Nguyen, Dominik Schrempf, Chris Bielow,
Olga Chernomor, Michael Woodhams, Diep Thi Hoang, Heiko Schmidt

Host:    IAD1-C632678DGX041 (AVX2, FMA3, 2015 GB RAM)
Command: iqtree3 -s /raid/home/hatang/final_thesis/data/dna/test/269/data.phy -t /raid/home/hatang/final_thesis/data/dna/test/269/start.newick -m GTR{1.2510,1.2559,1.2408,1.2402,1.0246}+F{0.1527,0.1994,0.3691,0.2788}+I{0.05024}+G4{1.276} --prefix precompute/269/269_infer --threads auto --redo
Seed:    741491 (Using SPRNG - Scalable Parallel Random Number Generator)
Time:    Tue May  5 08:53:12 2026
Kernel:  AVX+FMA - auto-detect threads (256 CPU cores detected)

Reading alignment file /raid/home/hatang/final_thesis/data/dna/test/269/data.phy ... Phylip format detected
Alignment most likely contains DNA/RNA sequences
Constructing alignment: done in 0.00644777 secs using 1.923e+04% CPU
WARNING: 2 sites contain only gaps or ambiguous characters.
Alignment has 20 sequences with 698 columns, 486 distinct patterns
289 parsimony-informative, 89 singleton sites, 320 constant sites
     Gap/Ambiguity  Composition  p-value
Analyzing sequences: done in 0.0121394 secs using 2.244e+04% CPU
   1  T1    35.53%    passed     81.03%
   2  T2    34.53%    passed     93.74%
   3  T8    36.39%    passed     29.64%
   4  T9    33.95%    passed     33.82%
   5  T19   37.39%    passed     62.48%
   6  T5    35.96%    passed     89.53%
   7  T4    35.10%    passed     77.97%
   8  T15   35.96%    passed     92.65%
   9  T20   32.81%    passed     95.35%
  10  T11   35.10%    passed     82.62%
  11  T18   34.38%    passed     98.53%
  12  T17   34.38%    passed     99.88%
  13  T7    34.81%    passed     84.96%
  14  T12   35.67%    passed     99.78%
  15  T3    39.83%    passed     93.83%
  16  T6    37.11%    passed     35.60%
  17  T10   37.39%    passed     61.95%
  18  T13   31.95%    passed     67.04%
  19  T16   29.66%    passed     22.58%
  20  T14   29.08%    passed     98.44%
****  TOTAL   34.85%  0 sequences failed composition chi2 test (p-value<5%; df=3)
Checking for duplicate sequences: done in 0.01164 secs using 1.855e+04% CPU
Reading input tree file /raid/home/hatang/final_thesis/data/dna/test/269/start.newick ...

NOTE: 1 MB RAM (0 GB) is required!
Measuring multi-threading efficiency up to 256 CPU cores
Increase to 10 rounds for branch lengths
19797 trees examined
Threads: 1 / Time: 256.001 sec / Speedup: 1.000 / Efficiency: 100% / LogL: -6409
Threads: 2 / Time: 285.333 sec / Speedup: 0.897 / Efficiency: 45% / LogL: -6409
Determining AUTO threadcount: done in 541.335 secs using 150.6% CPU
BEST NUMBER OF THREADS: 1

Estimate model parameters (epsilon = 0.100)
1. Initial log-likelihood: -5504.186
Optimal log-likelihood: -5504.186
Rate parameters:  A-C: 1.25100  A-G: 1.25590  A-T: 1.24080  C-G: 1.24020  C-T: 1.02460  G-T: 1.00000
Base frequencies:  A: 0.153  C: 0.199  G: 0.369  T: 0.279
Proportion of invariable sites: 0.050
Gamma shape alpha: 1.276
Parameters optimization took 1 rounds (0.002 sec)
Wrote distance file to... 

Do NNI search on 1 best initial trees
Finish initializing candidate tree set (1)
Current best tree score: -5504.186 / CPU time: 0.008
Number of iterations: 1
--------------------------------------------------------------------
|               OPTIMIZING CANDIDATE TREE SET                      |
--------------------------------------------------------------------
Iteration 10 / LogL: -5504.836 / Time: 0h:9m:1s
Iteration 20 / LogL: -5504.466 / Time: 0h:9m:1s
Iteration 30 / LogL: -5504.192 / Time: 0h:9m:2s (0h:21m:48s left)
Iteration 40 / LogL: -5541.823 / Time: 0h:9m:2s (0h:13m:54s left)
Iteration 50 / LogL: -5504.194 / Time: 0h:9m:2s (0h:9m:13s left)
Iteration 60 / LogL: -5504.301 / Time: 0h:9m:2s (0h:6m:8s left)
Iteration 70 / LogL: -5504.278 / Time: 0h:9m:3s (0h:3m:56s left)
Iteration 80 / LogL: -5504.407 / Time: 0h:9m:3s (0h:2m:17s left)
Iteration 90 / LogL: -5542.189 / Time: 0h:9m:3s (0h:1m:1s left)
Iteration 100 / LogL: -5504.201 / Time: 0h:9m:4s (0h:0m:0s left)
TREE SEARCH COMPLETED AFTER 101 ITERATIONS / Time: 0h:9m:4s

--------------------------------------------------------------------
|                    FINALIZING TREE SEARCH                        |
--------------------------------------------------------------------
Performs final model parameters optimization
Estimate model parameters (epsilon = 0.010)
1. Initial log-likelihood: -5504.186
Optimal log-likelihood: -5504.186
Rate parameters:  A-C: 1.25100  A-G: 1.25590  A-T: 1.24080  C-G: 1.24020  C-T: 1.02460  G-T: 1.00000
Base frequencies:  A: 0.153  C: 0.199  G: 0.369  T: 0.279
Proportion of invariable sites: 0.050
Gamma shape alpha: 1.276
Parameters optimization took 1 rounds (0.002 sec)
BEST SCORE FOUND : -5504.186
Total tree length: 3.272

Total number of iterations: 101
CPU time used for tree search: 2.743 sec (0h:0m:2s)
Wall-clock time used for tree search: 2.765 sec (0h:0m:2s)
Total CPU time used: 823.029 sec (0h:13m:43s)
Total wall-clock time used: 544.132 sec (0h:9m:4s)

Analysis results written to: 
  IQ-TREE report:                precompute/269/269_infer.iqtree
  Maximum-likelihood tree:       precompute/269/269_infer.treefile
  Screen log file:               precompute/269/269_infer.log

Date and Time: Tue May  5 09:02:16 2026
