IQ-TREE version 3.1.1 for Linux x86 64-bit built Apr  8 2026
Developed by Bui Quang Minh, Thomas Wong, Nhan Ly-Trong, Huaiyan Ren
Contributed by Lam-Tung Nguyen, Dominik Schrempf, Chris Bielow,
Olga Chernomor, Michael Woodhams, Diep Thi Hoang, Heiko Schmidt

Host:    ha-ThinkPad-E14-Gen-5 (AVX2, FMA3, 31 GB RAM)
Command: iqtree3 -s /home/ha/Code/data/dna/test/191/data.phy -t /home/ha/Code/data/dna/test/191/start.newick -m GTR{0.9265,0.7679,0.8662,0.8651,0.9072}+F{0.2738,0.2006,0.2329,0.2927}+I{9.843e-07}+G4{0.9466} --prefix /home/ha/Code/data/precompute/191/191_infer -T 1 --redo
Seed:    580503 (Using SPRNG - Scalable Parallel Random Number Generator)
Time:    Sat May 16 12:06:44 2026
Kernel:  AVX+FMA - 1 threads (16 CPU cores detected)

HINT: Use -nt option to specify number of threads because your CPU has 16 cores!
HINT: -nt AUTO will automatically determine the best number of threads to use.

Reading alignment file /home/ha/Code/data/dna/test/191/data.phy ... Phylip format detected
Alignment most likely contains DNA/RNA sequences
Constructing alignment: done in 0.00077654 secs using 49.97% CPU
WARNING: 3 sites contain only gaps or ambiguous characters.
Alignment has 12 sequences with 1179 columns, 752 distinct patterns
421 parsimony-informative, 250 singleton sites, 508 constant sites
     Gap/Ambiguity  Composition  p-value
Analyzing sequences: done in 2.4265e-05 secs using 94.79% CPU
   1  T1    24.09%    passed     91.86%
   2  T2    33.84%    passed     25.82%
   3  T4    30.87%    passed     78.33%
   4  T10   35.11%    passed     89.65%
   5  T9    31.21%    passed     90.43%
   6  T7    40.03%    passed     91.08%
   7  T12   33.42%    passed     91.95%
   8  T11   30.11%    passed     87.39%
   9  T3    16.96%    passed     90.29%
  10  T6    21.54%    passed     78.21%
  11  T5    21.71%    passed      5.55%
  12  T8    15.27%    passed     79.41%
****  TOTAL   27.85%  0 sequences failed composition chi2 test (p-value<5%; df=3)
Checking for duplicate sequences: done in 3.7523e-05 secs using 98.61% CPU
Reading input tree file /home/ha/Code/data/dna/test/191/start.newick ...

NOTE: 1 MB RAM (0 GB) is required!
Estimate model parameters (epsilon = 0.100)
1. Initial log-likelihood: -7352.233
Optimal log-likelihood: -7352.233
Rate parameters:  A-C: 0.92650  A-G: 0.76790  A-T: 0.86620  C-G: 0.86510  C-T: 0.90720  G-T: 1.00000
Base frequencies:  A: 0.274  C: 0.201  G: 0.233  T: 0.293
Proportion of invariable sites: 0.000
Gamma shape alpha: 0.947
Parameters optimization took 1 rounds (0.002 sec)
Wrote distance file to... 

Do NNI search on 1 best initial trees
Finish initializing candidate tree set (1)
Current best tree score: -7352.233 / CPU time: 0.005
Number of iterations: 1
--------------------------------------------------------------------
|               OPTIMIZING CANDIDATE TREE SET                      |
--------------------------------------------------------------------
Iteration 10 / LogL: -7352.320 / Time: 0h:0m:0s
Iteration 20 / LogL: -7352.277 / Time: 0h:0m:0s
Iteration 30 / LogL: -7358.738 / Time: 0h:0m:0s (0h:0m:1s left)
Iteration 40 / LogL: -7352.307 / Time: 0h:0m:0s (0h:0m:1s left)
Iteration 50 / LogL: -7352.344 / Time: 0h:0m:1s (0h:0m:1s left)
Iteration 60 / LogL: -7352.239 / Time: 0h:0m:1s (0h:0m:0s left)
Iteration 70 / LogL: -7356.074 / Time: 0h:0m:1s (0h:0m:0s left)
Iteration 80 / LogL: -7352.266 / Time: 0h:0m:1s (0h:0m:0s left)
Iteration 90 / LogL: -7352.442 / Time: 0h:0m:1s (0h:0m:0s left)
Iteration 100 / LogL: -7356.128 / Time: 0h:0m:1s (0h:0m:0s left)
TREE SEARCH COMPLETED AFTER 101 ITERATIONS / Time: 0h:0m:1s

--------------------------------------------------------------------
|                    FINALIZING TREE SEARCH                        |
--------------------------------------------------------------------
Performs final model parameters optimization
Estimate model parameters (epsilon = 0.010)
1. Initial log-likelihood: -7352.233
Optimal log-likelihood: -7352.233
Rate parameters:  A-C: 0.92650  A-G: 0.76790  A-T: 0.86620  C-G: 0.86510  C-T: 0.90720  G-T: 1.00000
Base frequencies:  A: 0.274  C: 0.201  G: 0.233  T: 0.293
Proportion of invariable sites: 0.000
Gamma shape alpha: 0.947
Parameters optimization took 1 rounds (0.001 sec)
BEST SCORE FOUND : -7352.233
Total tree length: 2.633

Total number of iterations: 101
CPU time used for tree search: 1.925 sec (0h:0m:1s)
Wall-clock time used for tree search: 1.948 sec (0h:0m:1s)
Total CPU time used: 1.934 sec (0h:0m:1s)
Total wall-clock time used: 1.958 sec (0h:0m:1s)

Analysis results written to: 
  IQ-TREE report:                /home/ha/Code/data/precompute/191/191_infer.iqtree
  Maximum-likelihood tree:       /home/ha/Code/data/precompute/191/191_infer.treefile
  Screen log file:               /home/ha/Code/data/precompute/191/191_infer.log

Date and Time: Sat May 16 12:06:46 2026
