
RAxML-NG v. 1.2.2 released on 11.04.2024 by The Exelixis Lab.
Developed by: Alexey M. Kozlov and Alexandros Stamatakis.
Contributors: Diego Darriba, Tomas Flouri, Benoit Morel, Sarah Lutteropp, Ben Bettisworth, Julia Haag, Anastasis Togkousidis.
Latest version: https://github.com/amkozlov/raxml-ng
Questions/problems/suggestions? Please visit: https://groups.google.com/forum/#!forum/raxml

System: AMD EPYC 7742 64-Core Processor, 128 cores, 2015 GB RAM

RAxML-NG was called at 05-May-2026 17:44:22 as follows:

raxml-ng --search --msa /raid/home/hatang/final_thesis/data/dna/test/412/data.phy --tree /raid/home/hatang/final_thesis/data/dna/test/412/start.newick --model GTR{0.9977/0.9478/0.9863/0.9913/0.9905/1.0000}+I{9.683e-07}+G{1.052}+F{0.2291/0.2106/0.3394/0.2209} --prefix precompute/412/412_infer --threads auto --seed 42 --force perf_threads

Analysis options:
  run mode: ML tree search
  start tree(s): user
  random seed: 42
  tip-inner: OFF
  pattern compression: ON
  per-rate scalers: OFF
  site repeats: ON
  logLH epsilon: general: 10.000000, brlen-triplet: 1000.000000
  fast spr radius: AUTO
  spr subtree cutoff: 1.000000
  fast CLV updates: ON
  branch lengths: proportional (ML estimate, algorithm: NR-FAST)
  SIMD kernels: AVX2
  parallelization: coarse-grained (auto), PTHREADS (auto)

WARNING: Running in FORCE mode: some safety checks are disabled!

[00:00:00] Reading alignment from file: /raid/home/hatang/final_thesis/data/dna/test/412/data.phy
[00:00:00] Loaded alignment with 15 taxa and 6218 sites

WARNING: Fully undetermined columns found: 63

NOTE: Reduced alignment (with duplicates and gap-only sites/taxa removed) 
NOTE: was saved to: /raid/home/hatang/final_thesis/precompute/412/412_infer.raxml.reduced.phy

Alignment comprises 1 partitions and 3560 patterns

Partition 0: noname
Model: GTR{0.9977/0.9478/0.9863/0.9913/0.9905/1}+FU{0.2291/0.2106/0.3394/0.2209}+IU{9.683e-07}+G4m{1.052}
Alignment sites / patterns: 6155 / 3560
Gaps: 25.60 %
Invariant sites: 42.47 %


NOTE: Binary MSA file created: precompute/412/412_infer.raxml.rba

Parallelization scheme autoconfig: 1 worker(s) x 8 thread(s)

[00:00:00] Loading user starting tree(s) from: /raid/home/hatang/final_thesis/data/dna/test/412/start.newick
Parallel reduction/worker buffer size: 1 KB  / 0 KB

[00:00:00] Data distribution: max. partitions/sites/weight per thread: 1 / 445 / 7120
[00:00:00] Data distribution: max. searches per worker: 1

Starting ML tree search with 1 distinct starting trees

[00:00:00 -42811.403467] Initial branch length optimization
[00:00:00 -42811.403464] Model parameter optimization (eps = 10.000000)
[00:00:00 -42811.403464] AUTODETECT spr round 1 (radius: 5)
[00:00:00 -42811.403464] SPR radius for FAST iterations: 5 (autodetect)
[00:00:00 -42811.403464] Model parameter optimization (eps = 3.000000)
[00:00:00 -42811.403464] FAST spr round 1 (radius: 5)
[00:00:00 -42811.403464] Model parameter optimization (eps = 1.000000)
[00:00:00 -42811.403464] SLOW spr round 1 (radius: 5)
[00:00:00 -42811.403464] SLOW spr round 2 (radius: 10)
[00:00:00 -42811.403464] SLOW spr round 3 (radius: 15)
[00:00:00 -42811.403464] Model parameter optimization (eps = 0.100000)

[00:00:00] ML tree search #1, logLikelihood: -42811.403464


Optimized model parameters:

   Partition 0: noname
   Rate heterogeneity: GAMMA (4 cats, mean),  alpha: 1.052000 (user),  weights&rates: (0.250000,0.147211) (0.250000,0.491842) (0.250000,1.008109) (0.250000,2.352838) 
   P-inv (user): 0.000001
   Base frequencies (user): 0.229100 0.210600 0.339400 0.220900 
   Substitution rates (user): 0.997700 0.947800 0.986300 0.991300 0.990500 1.000000 


Final LogLikelihood: -42811.403464

AIC score: 85676.806929 / AICc score: 85677.053705 / BIC score: 85858.382470
Free parameters (model + branch lengths): 27

Best ML tree saved to: /raid/home/hatang/final_thesis/precompute/412/412_infer.raxml.bestTree
Optimized model saved to: /raid/home/hatang/final_thesis/precompute/412/412_infer.raxml.bestModel

Execution log saved to: /raid/home/hatang/final_thesis/precompute/412/412_infer.raxml.log

Analysis started: 05-May-2026 17:44:22 / finished: 05-May-2026 17:44:23

Elapsed time: 0.339 seconds

