IQ-TREE version 3.1.1 for Linux x86 64-bit built Apr  8 2026
Developed by Bui Quang Minh, Thomas Wong, Nhan Ly-Trong, Huaiyan Ren
Contributed by Lam-Tung Nguyen, Dominik Schrempf, Chris Bielow,
Olga Chernomor, Michael Woodhams, Diep Thi Hoang, Heiko Schmidt

Host:    IAD1-C632678DGX041 (AVX2, FMA3, 2015 GB RAM)
Command: iqtree3 -s /raid/home/hatang/final_thesis/data/dna/test/460/data.phy -t /raid/home/hatang/final_thesis/data/dna/test/460/start.newick -m GTR{0.9641,0.9196,0.9814,1.0013,0.9981}+F{0.312,0.2448,0.2135,0.2297}+I{0.06719}+G4{1.289} --prefix precompute/460/460_infer --threads auto --redo
Seed:    976989 (Using SPRNG - Scalable Parallel Random Number Generator)
Time:    Tue May  5 14:24:24 2026
Kernel:  AVX+FMA - auto-detect threads (256 CPU cores detected)

Reading alignment file /raid/home/hatang/final_thesis/data/dna/test/460/data.phy ... Phylip format detected
Alignment most likely contains DNA/RNA sequences
Constructing alignment: done in 0.0458695 secs using 3968% CPU
WARNING: 80 sites contain only gaps or ambiguous characters.
Alignment has 15 sequences with 5037 columns, 2864 distinct patterns
1898 parsimony-informative, 921 singleton sites, 2218 constant sites
     Gap/Ambiguity  Composition  p-value
Analyzing sequences: done in 0.0122147 secs using 2.186e+04% CPU
   1  T2    28.75%    passed     88.05%
   2  T13   30.06%    passed     72.13%
   3  T11   23.57%    passed     68.60%
   4  T6    24.64%    passed     91.03%
   5  T3    25.37%    passed     92.36%
   6  T4    26.60%    passed     92.07%
   7  T8    26.80%    passed     54.33%
   8  T15   27.99%    passed     85.70%
   9  T9    25.19%    passed     97.28%
  10  T10   26.05%    passed     85.04%
  11  T5    24.18%    passed     72.74%
  12  T7    35.64%    passed     74.33%
  13  T14   23.86%    passed     98.42%
  14  T1    20.43%    passed     88.06%
  15  T12   25.09%    passed     81.35%
****  TOTAL   26.28%  0 sequences failed composition chi2 test (p-value<5%; df=3)
Checking for duplicate sequences: done in 0.006501 secs using 1.361e+04% CPU
Reading input tree file /raid/home/hatang/final_thesis/data/dna/test/460/start.newick ...

NOTE: 5 MB RAM (0 GB) is required!
Measuring multi-threading efficiency up to 256 CPU cores
Increase to 10 rounds for branch lengths
4990 trees examined
Threads: 1 / Time: 256.032 sec / Speedup: 1.000 / Efficiency: 100% / LogL: -40322
Threads: 2 / Time: 237.073 sec / Speedup: 1.080 / Efficiency: 54% / LogL: -40322
Threads: 3 / Time: 174.793 sec / Speedup: 1.465 / Efficiency: 49% / LogL: -40322
Determining AUTO threadcount: done in 667.9 secs using 186.9% CPU
BEST NUMBER OF THREADS: 2

Estimate model parameters (epsilon = 0.100)
1. Initial log-likelihood: -34364.779
Optimal log-likelihood: -34364.779
Rate parameters:  A-C: 0.96410  A-G: 0.91960  A-T: 0.98140  C-G: 1.00130  C-T: 0.99810  G-T: 1.00000
Base frequencies:  A: 0.312  C: 0.245  G: 0.213  T: 0.230
Proportion of invariable sites: 0.067
Gamma shape alpha: 1.289
Parameters optimization took 1 rounds (0.009 sec)
Wrote distance file to... 

Do NNI search on 1 best initial trees
Finish initializing candidate tree set (1)
Current best tree score: -34364.779 / CPU time: 0.023
Number of iterations: 1
--------------------------------------------------------------------
|               OPTIMIZING CANDIDATE TREE SET                      |
--------------------------------------------------------------------
Iteration 10 / LogL: -34367.559 / Time: 0h:11m:8s
Iteration 20 / LogL: -34366.276 / Time: 0h:11m:9s
Iteration 30 / LogL: -34365.636 / Time: 0h:11m:10s (0h:26m:58s left)
Iteration 40 / LogL: -34364.989 / Time: 0h:11m:11s (0h:17m:12s left)
Iteration 50 / LogL: -34364.838 / Time: 0h:11m:11s (0h:11m:25s left)
Iteration 60 / LogL: -34367.189 / Time: 0h:11m:12s (0h:7m:36s left)
Iteration 70 / LogL: -34365.699 / Time: 0h:11m:13s (0h:4m:52s left)
Iteration 80 / LogL: -34689.380 / Time: 0h:11m:14s (0h:2m:50s left)
Iteration 90 / LogL: -34368.691 / Time: 0h:11m:15s (0h:1m:15s left)
Iteration 100 / LogL: -34368.998 / Time: 0h:11m:16s (0h:0m:0s left)
TREE SEARCH COMPLETED AFTER 101 ITERATIONS / Time: 0h:11m:16s

--------------------------------------------------------------------
|                    FINALIZING TREE SEARCH                        |
--------------------------------------------------------------------
Performs final model parameters optimization
Estimate model parameters (epsilon = 0.010)
1. Initial log-likelihood: -34364.779
Optimal log-likelihood: -34364.779
Rate parameters:  A-C: 0.96410  A-G: 0.91960  A-T: 0.98140  C-G: 1.00130  C-T: 0.99810  G-T: 1.00000
Base frequencies:  A: 0.312  C: 0.245  G: 0.213  T: 0.230
Proportion of invariable sites: 0.067
Gamma shape alpha: 1.289
Parameters optimization took 1 rounds (0.006 sec)
BEST SCORE FOUND : -34364.779
Total tree length: 2.465

Total number of iterations: 101
CPU time used for tree search: 16.710 sec (0h:0m:16s)
Wall-clock time used for tree search: 8.439 sec (0h:0m:8s)
Total CPU time used: 1269.056 sec (0h:21m:9s)
Total wall-clock time used: 676.374 sec (0h:11m:16s)

Analysis results written to: 
  IQ-TREE report:                precompute/460/460_infer.iqtree
  Maximum-likelihood tree:       precompute/460/460_infer.treefile
  Screen log file:               precompute/460/460_infer.log

Date and Time: Tue May  5 14:35:41 2026
