
RAxML-NG v. 1.2.2 released on 11.04.2024 by The Exelixis Lab.
Developed by: Alexey M. Kozlov and Alexandros Stamatakis.
Contributors: Diego Darriba, Tomas Flouri, Benoit Morel, Sarah Lutteropp, Ben Bettisworth, Julia Haag, Anastasis Togkousidis.
Latest version: https://github.com/amkozlov/raxml-ng
Questions/problems/suggestions? Please visit: https://groups.google.com/forum/#!forum/raxml

System: AMD EPYC 7742 64-Core Processor, 128 cores, 2015 GB RAM

RAxML-NG was called at 05-May-2026 14:35:41 as follows:

raxml-ng --search --msa /raid/home/hatang/final_thesis/data/dna/test/460/data.phy --tree /raid/home/hatang/final_thesis/data/dna/test/460/start.newick --model GTR{0.9641/0.9196/0.9814/1.0013/0.9981/1.0000}+I{0.06719}+G{1.289}+F{0.312/0.2448/0.2135/0.2297} --prefix precompute/460/460_infer --threads auto --seed 42 --force perf_threads

Analysis options:
  run mode: ML tree search
  start tree(s): user
  random seed: 42
  tip-inner: OFF
  pattern compression: ON
  per-rate scalers: OFF
  site repeats: ON
  logLH epsilon: general: 10.000000, brlen-triplet: 1000.000000
  fast spr radius: AUTO
  spr subtree cutoff: 1.000000
  fast CLV updates: ON
  branch lengths: proportional (ML estimate, algorithm: NR-FAST)
  SIMD kernels: AVX2
  parallelization: coarse-grained (auto), PTHREADS (auto)

WARNING: Running in FORCE mode: some safety checks are disabled!

[00:00:00] Reading alignment from file: /raid/home/hatang/final_thesis/data/dna/test/460/data.phy
[00:00:00] Loaded alignment with 15 taxa and 5037 sites

WARNING: Fully undetermined columns found: 80

NOTE: Reduced alignment (with duplicates and gap-only sites/taxa removed) 
NOTE: was saved to: /raid/home/hatang/final_thesis/precompute/460/460_infer.raxml.reduced.phy

Alignment comprises 1 partitions and 2863 patterns

Partition 0: noname
Model: GTR{0.9641/0.9196/0.9814/1.0013/0.9981/1}+FU{0.312/0.2448/0.2135/0.2297}+IU{0.06719}+G4m{1.289}
Alignment sites / patterns: 4957 / 2863
Gaps: 25.09 %
Invariant sites: 43.13 %


NOTE: Binary MSA file created: precompute/460/460_infer.raxml.rba

Parallelization scheme autoconfig: 1 worker(s) x 8 thread(s)

[00:00:00] Loading user starting tree(s) from: /raid/home/hatang/final_thesis/data/dna/test/460/start.newick
Parallel reduction/worker buffer size: 1 KB  / 0 KB

[00:00:00] Data distribution: max. partitions/sites/weight per thread: 1 / 358 / 5728
[00:00:00] Data distribution: max. searches per worker: 1

Starting ML tree search with 1 distinct starting trees

[00:00:00 -34364.779092] Initial branch length optimization
[00:00:00 -34364.779057] Model parameter optimization (eps = 10.000000)
[00:00:00 -34364.779052] AUTODETECT spr round 1 (radius: 5)
[00:00:00 -34364.779052] SPR radius for FAST iterations: 5 (autodetect)
[00:00:00 -34364.779052] Model parameter optimization (eps = 3.000000)
[00:00:00 -34364.779052] FAST spr round 1 (radius: 5)
[00:00:00 -34364.779052] Model parameter optimization (eps = 1.000000)
[00:00:00 -34364.779052] SLOW spr round 1 (radius: 5)
[00:00:00 -34364.779052] SLOW spr round 2 (radius: 10)
[00:00:00 -34364.779052] SLOW spr round 3 (radius: 15)
[00:00:00 -34364.779052] Model parameter optimization (eps = 0.100000)

[00:00:00] ML tree search #1, logLikelihood: -34364.779052


Optimized model parameters:

   Partition 0: noname
   Rate heterogeneity: GAMMA (4 cats, mean),  alpha: 1.289000 (user),  weights&rates: (0.250000,0.190812) (0.250000,0.549201) (0.250000,1.035188) (0.250000,2.224798) 
   P-inv (user): 0.067190
   Base frequencies (user): 0.312000 0.244800 0.213500 0.229700 
   Substitution rates (user): 0.964100 0.919600 0.981400 1.001300 0.998100 1.000000 


Final LogLikelihood: -34364.779052

AIC score: 68783.558103 / AICc score: 68783.864859 / BIC score: 68959.289115
Free parameters (model + branch lengths): 27

Best ML tree saved to: /raid/home/hatang/final_thesis/precompute/460/460_infer.raxml.bestTree
Optimized model saved to: /raid/home/hatang/final_thesis/precompute/460/460_infer.raxml.bestModel

Execution log saved to: /raid/home/hatang/final_thesis/precompute/460/460_infer.raxml.log

Analysis started: 05-May-2026 14:35:41 / finished: 05-May-2026 14:35:41

Elapsed time: 0.254 seconds

