IQ-TREE version 3.1.1 for Linux x86 64-bit built Apr  8 2026
Developed by Bui Quang Minh, Thomas Wong, Nhan Ly-Trong, Huaiyan Ren
Contributed by Lam-Tung Nguyen, Dominik Schrempf, Chris Bielow,
Olga Chernomor, Michael Woodhams, Diep Thi Hoang, Heiko Schmidt

Host:    ha-ThinkPad-E14-Gen-5 (AVX2, FMA3, 31 GB RAM)
Command: iqtree3 -s /home/ha/Code/data/dna/test/433/data.phy -t /home/ha/Code/data/dna/test/433/start.newick -m GTR{1.0038,1.0320,1.0018,1.0700,0.9831}+F{0.2598,0.2415,0.288,0.2106}+I{9.847e-07}+G4{1.022} --prefix /home/ha/Code/data/precompute/433/433_infer -T 1 --redo
Seed:    195905 (Using SPRNG - Scalable Parallel Random Number Generator)
Time:    Sat May 16 12:12:10 2026
Kernel:  AVX+FMA - 1 threads (16 CPU cores detected)

HINT: Use -nt option to specify number of threads because your CPU has 16 cores!
HINT: -nt AUTO will automatically determine the best number of threads to use.

Reading alignment file /home/ha/Code/data/dna/test/433/data.phy ... Phylip format detected
Alignment most likely contains DNA/RNA sequences
Constructing alignment: done in 0.0110161 secs using 23.74% CPU
WARNING: 37 sites contain only gaps or ambiguous characters.
Alignment has 12 sequences with 4825 columns, 2354 distinct patterns
1561 parsimony-informative, 974 singleton sites, 2290 constant sites
     Gap/Ambiguity  Composition  p-value
Analyzing sequences: done in 0.000244013 secs using 44.26% CPU
   1  T2    23.11%    passed     70.16%
   2  T7    25.39%    passed     62.43%
   3  T10   24.93%    passed     71.91%
   4  T3    28.04%    passed     92.61%
   5  T9    24.54%    passed     98.75%
   6  T4    27.44%    passed     82.07%
   7  T11   29.60%    passed     65.57%
   8  T5    35.27%    passed     38.02%
   9  T12   25.37%    passed     98.25%
  10  T6    21.22%    passed     40.68%
  11  T1    18.49%    passed     97.81%
  12  T8    17.14%    passed     90.37%
****  TOTAL   25.04%  0 sequences failed composition chi2 test (p-value<5%; df=3)
Checking for duplicate sequences: done in 0.000262743 secs using 99.34% CPU
Reading input tree file /home/ha/Code/data/dna/test/433/start.newick ...
WARNING: Normalizing State frequencies so that sum of them equals to 1

NOTE: 3 MB RAM (0 GB) is required!
Estimate model parameters (epsilon = 0.100)
1. Initial log-likelihood: -28719.923
Optimal log-likelihood: -28719.923
Rate parameters:  A-C: 1.00380  A-G: 1.03200  A-T: 1.00180  C-G: 1.07000  C-T: 0.98310  G-T: 1.00000
Base frequencies:  A: 0.260  C: 0.242  G: 0.288  T: 0.211
Proportion of invariable sites: 0.000
Gamma shape alpha: 1.022
Parameters optimization took 1 rounds (0.028 sec)
Wrote distance file to... 

Do NNI search on 1 best initial trees
Finish initializing candidate tree set (1)
Current best tree score: -28719.923 / CPU time: 0.093
Number of iterations: 1
--------------------------------------------------------------------
|               OPTIMIZING CANDIDATE TREE SET                      |
--------------------------------------------------------------------
Iteration 10 / LogL: -28720.193 / Time: 0h:0m:1s
Iteration 20 / LogL: -28721.227 / Time: 0h:0m:2s
Iteration 30 / LogL: -28721.408 / Time: 0h:0m:4s (0h:0m:9s left)
Iteration 40 / LogL: -28720.017 / Time: 0h:0m:4s (0h:0m:7s left)
Iteration 50 / LogL: -28721.962 / Time: 0h:0m:5s (0h:0m:5s left)
Iteration 60 / LogL: -28720.007 / Time: 0h:0m:6s (0h:0m:4s left)
Iteration 70 / LogL: -28720.259 / Time: 0h:0m:7s (0h:0m:3s left)
Iteration 80 / LogL: -28731.200 / Time: 0h:0m:7s (0h:0m:1s left)
UPDATE BEST LOG-LIKELIHOOD: -28719.923
Iteration 90 / LogL: -28720.005 / Time: 0h:0m:8s (0h:0m:0s left)
Iteration 100 / LogL: -28721.323 / Time: 0h:0m:8s (0h:0m:0s left)
TREE SEARCH COMPLETED AFTER 101 ITERATIONS / Time: 0h:0m:8s

--------------------------------------------------------------------
|                    FINALIZING TREE SEARCH                        |
--------------------------------------------------------------------
Performs final model parameters optimization
Estimate model parameters (epsilon = 0.010)
1. Initial log-likelihood: -28719.923
Optimal log-likelihood: -28719.923
Rate parameters:  A-C: 1.00380  A-G: 1.03200  A-T: 1.00180  C-G: 1.07000  C-T: 0.98310  G-T: 1.00000
Base frequencies:  A: 0.260  C: 0.242  G: 0.288  T: 0.211
Proportion of invariable sites: 0.000
Gamma shape alpha: 1.022
Parameters optimization took 1 rounds (0.005 sec)
BEST SCORE FOUND : -28719.923
Total tree length: 2.044

Total number of iterations: 101
CPU time used for tree search: 8.745 sec (0h:0m:8s)
Wall-clock time used for tree search: 8.828 sec (0h:0m:8s)
Total CPU time used: 8.790 sec (0h:0m:8s)
Total wall-clock time used: 8.884 sec (0h:0m:8s)

Analysis results written to: 
  IQ-TREE report:                /home/ha/Code/data/precompute/433/433_infer.iqtree
  Maximum-likelihood tree:       /home/ha/Code/data/precompute/433/433_infer.treefile
  Screen log file:               /home/ha/Code/data/precompute/433/433_infer.log

Date and Time: Sat May 16 12:12:19 2026
