IQ-TREE version 3.1.1 for Linux x86 64-bit built Apr  8 2026
Developed by Bui Quang Minh, Thomas Wong, Nhan Ly-Trong, Huaiyan Ren
Contributed by Lam-Tung Nguyen, Dominik Schrempf, Chris Bielow,
Olga Chernomor, Michael Woodhams, Diep Thi Hoang, Heiko Schmidt

Host:    IAD1-C632678DGX041 (AVX2, FMA3, 2015 GB RAM)
Command: iqtree3 -s /raid/home/hatang/final_thesis/data/dna/test/328/data.phy -t /raid/home/hatang/final_thesis/data/dna/test/328/start.newick -m GTR{0.9603,0.8719,1.0220,1.1052,1.1324}+F{0.2532,0.2472,0.3189,0.1807}+I{9.136e-07}+G4{1.116} --prefix precompute/328/328_infer --threads auto --redo
Seed:    101044 (Using SPRNG - Scalable Parallel Random Number Generator)
Time:    Tue May  5 11:17:31 2026
Kernel:  AVX+FMA - auto-detect threads (256 CPU cores detected)

Reading alignment file /raid/home/hatang/final_thesis/data/dna/test/328/data.phy ... Phylip format detected
Alignment most likely contains DNA/RNA sequences
Constructing alignment: done in 0.00546314 secs using 7034% CPU
WARNING: 2 sites contain only gaps or ambiguous characters.
Alignment has 15 sequences with 598 columns, 459 distinct patterns
254 parsimony-informative, 97 singleton sites, 247 constant sites
     Gap/Ambiguity  Composition  p-value
Analyzing sequences: done in 0.0121516 secs using 2.111e+04% CPU
   1  T1    33.78%    passed     73.01%
   2  T2    41.81%    passed     99.16%
   3  T9    42.31%    passed     81.02%
   4  T3    24.08%    passed     67.44%
   5  T6    29.60%    passed     99.84%
   6  T11   28.93%    passed     66.78%
   7  T12   29.77%    passed     87.83%
   8  T4    21.07%    passed     73.75%
   9  T15   21.74%    passed     96.91%
  10  T5    26.59%    passed     53.32%
  11  T13   26.76%    passed     67.81%
  12  T8    28.60%    failed      1.15%
  13  T14   28.76%    passed     39.90%
  14  T7    16.22%    passed     98.55%
  15  T10   18.90%    passed     99.14%
****  TOTAL   27.93%  1 sequences failed composition chi2 test (p-value<5%; df=3)
Checking for duplicate sequences: done in 0.0120638 secs using 2.248e+04% CPU
Reading input tree file /raid/home/hatang/final_thesis/data/dna/test/328/start.newick ...

NOTE: 0 MB RAM (0 GB) is required!
Measuring multi-threading efficiency up to 256 CPU cores
Increase to 10 rounds for branch lengths
30500 trees examined
Threads: 1 / Time: 256.006 sec / Speedup: 1.000 / Efficiency: 100% / LogL: -4724
Threads: 2 / Time: 287.667 sec / Speedup: 0.890 / Efficiency: 44% / LogL: -4724
Determining AUTO threadcount: done in 543.673 secs using 150.7% CPU
BEST NUMBER OF THREADS: 1

Estimate model parameters (epsilon = 0.100)
1. Initial log-likelihood: -3971.636
Optimal log-likelihood: -3971.636
Rate parameters:  A-C: 0.96030  A-G: 0.87190  A-T: 1.02200  C-G: 1.10520  C-T: 1.13240  G-T: 1.00000
Base frequencies:  A: 0.253  C: 0.247  G: 0.319  T: 0.181
Proportion of invariable sites: 0.000
Gamma shape alpha: 1.116
Parameters optimization took 1 rounds (0.002 sec)
Wrote distance file to... 

Do NNI search on 1 best initial trees
Finish initializing candidate tree set (1)
Current best tree score: -3971.636 / CPU time: 0.006
Number of iterations: 1
--------------------------------------------------------------------
|               OPTIMIZING CANDIDATE TREE SET                      |
--------------------------------------------------------------------
Iteration 10 / LogL: -3971.716 / Time: 0h:9m:3s
Iteration 20 / LogL: -4000.851 / Time: 0h:9m:4s
Iteration 30 / LogL: -3971.666 / Time: 0h:9m:4s (0h:21m:53s left)
Iteration 40 / LogL: -4000.845 / Time: 0h:9m:4s (0h:13m:57s left)
Iteration 50 / LogL: -3971.789 / Time: 0h:9m:4s (0h:9m:15s left)
Iteration 60 / LogL: -3971.828 / Time: 0h:9m:5s (0h:6m:9s left)
Iteration 70 / LogL: -3971.797 / Time: 0h:9m:5s (0h:3m:57s left)
Iteration 80 / LogL: -3971.804 / Time: 0h:9m:5s (0h:2m:18s left)
Iteration 90 / LogL: -3971.705 / Time: 0h:9m:5s (0h:1m:1s left)
Iteration 100 / LogL: -3971.741 / Time: 0h:9m:6s (0h:0m:0s left)
TREE SEARCH COMPLETED AFTER 101 ITERATIONS / Time: 0h:9m:6s

--------------------------------------------------------------------
|                    FINALIZING TREE SEARCH                        |
--------------------------------------------------------------------
Performs final model parameters optimization
Estimate model parameters (epsilon = 0.010)
1. Initial log-likelihood: -3971.636
Optimal log-likelihood: -3971.636
Rate parameters:  A-C: 0.96030  A-G: 0.87190  A-T: 1.02200  C-G: 1.10520  C-T: 1.13240  G-T: 1.00000
Base frequencies:  A: 0.253  C: 0.247  G: 0.319  T: 0.181
Proportion of invariable sites: 0.000
Gamma shape alpha: 1.116
Parameters optimization took 1 rounds (0.001 sec)
BEST SCORE FOUND : -3971.636
Total tree length: 2.453

Total number of iterations: 101
CPU time used for tree search: 2.451 sec (0h:0m:2s)
Wall-clock time used for tree search: 2.485 sec (0h:0m:2s)
Total CPU time used: 824.313 sec (0h:13m:44s)
Total wall-clock time used: 546.179 sec (0h:9m:6s)

Analysis results written to: 
  IQ-TREE report:                precompute/328/328_infer.iqtree
  Maximum-likelihood tree:       precompute/328/328_infer.treefile
  Screen log file:               precompute/328/328_infer.log

Date and Time: Tue May  5 11:26:37 2026
