
RAxML-NG v. 1.2.2 released on 11.04.2024 by The Exelixis Lab.
Developed by: Alexey M. Kozlov and Alexandros Stamatakis.
Contributors: Diego Darriba, Tomas Flouri, Benoit Morel, Sarah Lutteropp, Ben Bettisworth, Julia Haag, Anastasis Togkousidis.
Latest version: https://github.com/amkozlov/raxml-ng
Questions/problems/suggestions? Please visit: https://groups.google.com/forum/#!forum/raxml

System: AMD EPYC 7742 64-Core Processor, 128 cores, 2015 GB RAM

RAxML-NG was called at 05-May-2026 11:26:37 as follows:

raxml-ng --search --msa /raid/home/hatang/final_thesis/data/dna/test/328/data.phy --tree /raid/home/hatang/final_thesis/data/dna/test/328/start.newick --model GTR{0.9603/0.8719/1.0220/1.1052/1.1324/1.0000}+I{9.136e-07}+G{1.116}+F{0.2532/0.2472/0.3189/0.1807} --prefix precompute/328/328_infer --threads auto --seed 42 --force perf_threads

Analysis options:
  run mode: ML tree search
  start tree(s): user
  random seed: 42
  tip-inner: OFF
  pattern compression: ON
  per-rate scalers: OFF
  site repeats: ON
  logLH epsilon: general: 10.000000, brlen-triplet: 1000.000000
  fast spr radius: AUTO
  spr subtree cutoff: 1.000000
  fast CLV updates: ON
  branch lengths: proportional (ML estimate, algorithm: NR-FAST)
  SIMD kernels: AVX2
  parallelization: coarse-grained (auto), PTHREADS (auto)

WARNING: Running in FORCE mode: some safety checks are disabled!

[00:00:00] Reading alignment from file: /raid/home/hatang/final_thesis/data/dna/test/328/data.phy
[00:00:00] Loaded alignment with 15 taxa and 598 sites

WARNING: Fully undetermined columns found: 2

NOTE: Reduced alignment (with duplicates and gap-only sites/taxa removed) 
NOTE: was saved to: /raid/home/hatang/final_thesis/precompute/328/328_infer.raxml.reduced.phy

Alignment comprises 1 partitions and 458 patterns

Partition 0: noname
Model: GTR{0.9603/0.8719/1.022/1.1052/1.1324/1}+FU{0.2532/0.2472/0.3189/0.1807}+IU{9.136e-07}+G4m{1.116}
Alignment sites / patterns: 596 / 458
Gaps: 27.68 %
Invariant sites: 41.11 %


NOTE: Binary MSA file created: precompute/328/328_infer.raxml.rba

Parallelization scheme autoconfig: 1 worker(s) x 5 thread(s)

[00:00:00] Loading user starting tree(s) from: /raid/home/hatang/final_thesis/data/dna/test/328/start.newick
Parallel reduction/worker buffer size: 1 KB  / 0 KB

[00:00:00] Data distribution: max. partitions/sites/weight per thread: 1 / 92 / 1472
[00:00:00] Data distribution: max. searches per worker: 1

Starting ML tree search with 1 distinct starting trees

[00:00:00 -3971.635719] Initial branch length optimization
[00:00:00 -3971.635641] Model parameter optimization (eps = 10.000000)
[00:00:00 -3971.635641] AUTODETECT spr round 1 (radius: 5)
[00:00:00 -3971.635641] SPR radius for FAST iterations: 5 (autodetect)
[00:00:00 -3971.635641] Model parameter optimization (eps = 3.000000)
[00:00:00 -3971.635641] FAST spr round 1 (radius: 5)
[00:00:00 -3971.635641] Model parameter optimization (eps = 1.000000)
[00:00:00 -3971.635641] SLOW spr round 1 (radius: 5)
[00:00:00 -3971.635641] SLOW spr round 2 (radius: 10)
[00:00:00 -3971.635641] SLOW spr round 3 (radius: 15)
[00:00:00 -3971.635641] Model parameter optimization (eps = 0.100000)

[00:00:00] ML tree search #1, logLikelihood: -3971.635641


Optimized model parameters:

   Partition 0: noname
   Rate heterogeneity: GAMMA (4 cats, mean),  alpha: 1.116000 (user),  weights&rates: (0.250000,0.159501) (0.250000,0.509042) (0.250000,1.016844) (0.250000,2.314613) 
   P-inv (user): 0.000001
   Base frequencies (user): 0.253200 0.247200 0.318900 0.180700 
   Substitution rates (user): 0.960300 0.871900 1.022000 1.105200 1.132400 1.000000 


Final LogLikelihood: -3971.635641

AIC score: 7997.271281 / AICc score: 7999.933253 / BIC score: 8115.807779
Free parameters (model + branch lengths): 27

Best ML tree saved to: /raid/home/hatang/final_thesis/precompute/328/328_infer.raxml.bestTree
Optimized model saved to: /raid/home/hatang/final_thesis/precompute/328/328_infer.raxml.bestModel

Execution log saved to: /raid/home/hatang/final_thesis/precompute/328/328_infer.raxml.log

Analysis started: 05-May-2026 11:26:37 / finished: 05-May-2026 11:26:37

Elapsed time: 0.105 seconds

