IQ-TREE version 3.1.1 for Linux x86 64-bit built Apr  8 2026
Developed by Bui Quang Minh, Thomas Wong, Nhan Ly-Trong, Huaiyan Ren
Contributed by Lam-Tung Nguyen, Dominik Schrempf, Chris Bielow,
Olga Chernomor, Michael Woodhams, Diep Thi Hoang, Heiko Schmidt

Host:    IAD1-C632678DGX041 (AVX2, FMA3, 2015 GB RAM)
Command: iqtree3 -s /raid/home/hatang/final_thesis/data/dna/test/289/data.phy -t /raid/home/hatang/final_thesis/data/dna/test/289/start.newick -m GTR{0.9595,1.0507,1.0688,1.0823,0.9856}+F{0.3629,0.1811,0.199,0.257}+I{8.214e-07}+G4{0.9772} --prefix precompute/289/289_infer --threads auto --redo
Seed:    852729 (Using SPRNG - Scalable Parallel Random Number Generator)
Time:    Tue May  5 13:49:01 2026
Kernel:  AVX+FMA - auto-detect threads (256 CPU cores detected)

Reading alignment file /raid/home/hatang/final_thesis/data/dna/test/289/data.phy ... Phylip format detected
Alignment most likely contains DNA/RNA sequences
Constructing alignment: done in 0.0126394 secs using 4309% CPU
WARNING: 32 sites contain only gaps or ambiguous characters.
Alignment has 20 sequences with 1391 columns, 981 distinct patterns
588 parsimony-informative, 186 singleton sites, 617 constant sites
     Gap/Ambiguity  Composition  p-value
Analyzing sequences: done in 0.0121742 secs using 2.123e+04% CPU
   1  T2    37.67%    passed     98.47%
   2  T9    34.58%    passed     83.69%
   3  T8    41.19%    passed     64.56%
   4  T17   49.32%    passed     66.40%
   5  T14   39.90%    passed     91.48%
   6  T18   40.40%    passed     89.02%
   7  T4    38.32%    passed     54.95%
   8  T3    43.93%    passed     75.71%
   9  T10   46.08%    passed     66.31%
  10  T12   54.21%    passed     70.90%
  11  T20   64.13%    passed     31.17%
  12  T16   51.98%    passed     74.89%
  13  T7    40.47%    passed     48.06%
  14  T5    37.24%    passed     88.58%
  15  T19   40.83%    passed      6.97%
  16  T6    33.79%    passed     68.00%
  17  T1    35.30%    passed     34.95%
  18  T11   31.42%    passed     81.36%
  19  T13   27.89%    passed     91.81%
  20  T15   32.71%    passed     70.20%
WARNING: 3 sequences contain more than 50% gaps/ambiguity
****  TOTAL   41.07%  0 sequences failed composition chi2 test (p-value<5%; df=3)
Checking for duplicate sequences: done in 0.0116047 secs using 2.391e+04% CPU
Reading input tree file /raid/home/hatang/final_thesis/data/dna/test/289/start.newick ...

NOTE: 2 MB RAM (0 GB) is required!
Measuring multi-threading efficiency up to 256 CPU cores
Increase to 10 rounds for branch lengths
9813 trees examined
Threads: 1 / Time: 256.010 sec / Speedup: 1.000 / Efficiency: 100% / LogL: -13391
Threads: 2 / Time: 239.409 sec / Speedup: 1.069 / Efficiency: 53% / LogL: -13391
Threads: 3 / Time: 219.896 sec / Speedup: 1.164 / Efficiency: 39% / LogL: -13391
Determining AUTO threadcount: done in 715.316 secs using 193.1% CPU
BEST NUMBER OF THREADS: 2

Estimate model parameters (epsilon = 0.100)
1. Initial log-likelihood: -10725.593
Optimal log-likelihood: -10725.593
Rate parameters:  A-C: 0.95950  A-G: 1.05070  A-T: 1.06880  C-G: 1.08230  C-T: 0.98560  G-T: 1.00000
Base frequencies:  A: 0.363  C: 0.181  G: 0.199  T: 0.257
Proportion of invariable sites: 0.000
Gamma shape alpha: 0.977
Parameters optimization took 1 rounds (0.004 sec)
Wrote distance file to... 

Do NNI search on 1 best initial trees
Finish initializing candidate tree set (1)
Current best tree score: -10725.593 / CPU time: 0.015
Number of iterations: 1
--------------------------------------------------------------------
|               OPTIMIZING CANDIDATE TREE SET                      |
--------------------------------------------------------------------
Iteration 10 / LogL: -10725.652 / Time: 0h:11m:55s
Iteration 20 / LogL: -10725.941 / Time: 0h:11m:56s
Iteration 30 / LogL: -10726.833 / Time: 0h:11m:57s (0h:28m:50s left)
Iteration 40 / LogL: -10725.668 / Time: 0h:11m:57s (0h:18m:24s left)
Iteration 50 / LogL: -10725.683 / Time: 0h:11m:58s (0h:12m:12s left)
Iteration 60 / LogL: -10725.650 / Time: 0h:11m:58s (0h:8m:7s left)
Iteration 70 / LogL: -10725.761 / Time: 0h:11m:59s (0h:5m:12s left)
Iteration 80 / LogL: -10725.785 / Time: 0h:12m:0s (0h:3m:2s left)
Iteration 90 / LogL: -10726.046 / Time: 0h:12m:0s (0h:1m:20s left)
Iteration 100 / LogL: -10725.641 / Time: 0h:12m:1s (0h:0m:0s left)
TREE SEARCH COMPLETED AFTER 101 ITERATIONS / Time: 0h:12m:1s

--------------------------------------------------------------------
|                    FINALIZING TREE SEARCH                        |
--------------------------------------------------------------------
Performs final model parameters optimization
Estimate model parameters (epsilon = 0.010)
1. Initial log-likelihood: -10725.593
Optimal log-likelihood: -10725.593
Rate parameters:  A-C: 0.95950  A-G: 1.05070  A-T: 1.06880  C-G: 1.08230  C-T: 0.98560  G-T: 1.00000
Base frequencies:  A: 0.363  C: 0.181  G: 0.199  T: 0.257
Proportion of invariable sites: 0.000
Gamma shape alpha: 0.977
Parameters optimization took 1 rounds (0.005 sec)
BEST SCORE FOUND : -10725.593
Total tree length: 4.113

Total number of iterations: 101
CPU time used for tree search: 11.855 sec (0h:0m:11s)
Wall-clock time used for tree search: 6.032 sec (0h:0m:6s)
Total CPU time used: 1397.563 sec (0h:23m:17s)
Total wall-clock time used: 721.379 sec (0h:12m:1s)

Analysis results written to: 
  IQ-TREE report:                precompute/289/289_infer.iqtree
  Maximum-likelihood tree:       precompute/289/289_infer.treefile
  Screen log file:               precompute/289/289_infer.log

Date and Time: Tue May  5 14:01:03 2026
