
RAxML-NG v. 1.2.2 released on 11.04.2024 by The Exelixis Lab.
Developed by: Alexey M. Kozlov and Alexandros Stamatakis.
Contributors: Diego Darriba, Tomas Flouri, Benoit Morel, Sarah Lutteropp, Ben Bettisworth, Julia Haag, Anastasis Togkousidis.
Latest version: https://github.com/amkozlov/raxml-ng
Questions/problems/suggestions? Please visit: https://groups.google.com/forum/#!forum/raxml

System: 13th Gen Intel(R) Core(TM) i5-13500H, 12 cores, 31 GB RAM (allocated: 8 physical cores)

RAxML-NG was called at 16-May-2026 12:07:49 as follows:

raxml-ng --search --msa /home/ha/Code/data/dna/test/289/data.phy --tree /home/ha/Code/data/dna/test/289/start.newick --model GTR{0.9595/1.0507/1.0688/1.0823/0.9856/1.0000}+I{8.214e-07}+G{0.9772}+F{0.3629/0.1811/0.199/0.257} --prefix /home/ha/Code/data/precompute/289/289_infer --threads 1 --seed 42 --force perf_threads --redo

Analysis options:
  run mode: ML tree search
  start tree(s): user
  random seed: 42
  tip-inner: OFF
  pattern compression: ON
  per-rate scalers: OFF
  site repeats: ON
  logLH epsilon: general: 10.000000, brlen-triplet: 1000.000000
  fast spr radius: AUTO
  spr subtree cutoff: 1.000000
  fast CLV updates: ON
  branch lengths: proportional (ML estimate, algorithm: NR-FAST)
  SIMD kernels: AVX2
  parallelization: coarse-grained (auto), NONE/sequential

WARNING: Running in REDO mode: existing checkpoints are ignored, and all result files will be overwritten!

WARNING: Running in FORCE mode: some safety checks are disabled!

[00:00:00] Reading alignment from file: /home/ha/Code/data/dna/test/289/data.phy
[00:00:00] Loaded alignment with 20 taxa and 1391 sites

WARNING: Fully undetermined columns found: 32

NOTE: Reduced alignment (with duplicates and gap-only sites/taxa removed) 
NOTE: was saved to: /home/ha/Code/data/precompute/289/289_infer.raxml.reduced.phy

Alignment comprises 1 partitions and 980 patterns

Partition 0: noname
Model: GTR{0.9595/1.0507/1.0688/1.0823/0.9856/1}+FU{0.3629/0.1811/0.199/0.257}+IU{8.214e-07}+G4m{0.9772}
Alignment sites / patterns: 1359 / 980
Gaps: 39.68 %
Invariant sites: 43.05 %


NOTE: Binary MSA file created: /home/ha/Code/data/precompute/289/289_infer.raxml.rba

Parallelization scheme autoconfig: 1 worker(s) x 1 thread(s)

[00:00:00] Loading user starting tree(s) from: /home/ha/Code/data/dna/test/289/start.newick
Parallel reduction/worker buffer size: 1 KB  / 0 KB

[00:00:00] Data distribution: max. partitions/sites/weight per thread: 1 / 980 / 15680
[00:00:00] Data distribution: max. searches per worker: 1

Starting ML tree search with 1 distinct starting trees

[00:00:00 -10725.592789] Initial branch length optimization
[00:00:00 -10725.592554] Model parameter optimization (eps = 10.000000)
[00:00:00 -10725.592554] AUTODETECT spr round 1 (radius: 5)
[00:00:00 -10725.592554] SPR radius for FAST iterations: 5 (autodetect)
[00:00:00 -10725.592554] Model parameter optimization (eps = 3.000000)
[00:00:00 -10725.592554] FAST spr round 1 (radius: 5)
[00:00:00 -10725.592554] Model parameter optimization (eps = 1.000000)
[00:00:00 -10725.592554] SLOW spr round 1 (radius: 5)
[00:00:00 -10725.592554] SLOW spr round 2 (radius: 10)
[00:00:00 -10725.592554] SLOW spr round 3 (radius: 15)
[00:00:00 -10725.592554] SLOW spr round 4 (radius: 20)
[00:00:00 -10725.592554] Model parameter optimization (eps = 0.100000)

[00:00:00] ML tree search #1, logLikelihood: -10725.592554


Optimized model parameters:

   Partition 0: noname
   Rate heterogeneity: GAMMA (4 cats, mean),  alpha: 0.977200 (user),  weights&rates: (0.250000,0.132382) (0.250000,0.469790) (0.250000,0.996117) (0.250000,2.401711) 
   P-inv (user): 0.000001
   Base frequencies (user): 0.362900 0.181100 0.199000 0.257000 
   Substitution rates (user): 0.959500 1.050700 1.068800 1.082300 0.985600 1.000000 


Final LogLikelihood: -10725.592554

AIC score: 21525.185107 / AICc score: 21527.313798 / BIC score: 21718.121770
Free parameters (model + branch lengths): 37

Best ML tree saved to: /home/ha/Code/data/precompute/289/289_infer.raxml.bestTree
Optimized model saved to: /home/ha/Code/data/precompute/289/289_infer.raxml.bestModel

Execution log saved to: /home/ha/Code/data/precompute/289/289_infer.raxml.log

Analysis started: 16-May-2026 12:07:49 / finished: 16-May-2026 12:07:50

Elapsed time: 0.580 seconds

