
RAxML-NG v. 1.2.2 released on 11.04.2024 by The Exelixis Lab.
Developed by: Alexey M. Kozlov and Alexandros Stamatakis.
Contributors: Diego Darriba, Tomas Flouri, Benoit Morel, Sarah Lutteropp, Ben Bettisworth, Julia Haag, Anastasis Togkousidis.
Latest version: https://github.com/amkozlov/raxml-ng
Questions/problems/suggestions? Please visit: https://groups.google.com/forum/#!forum/raxml

System: AMD EPYC 7742 64-Core Processor, 128 cores, 2015 GB RAM

RAxML-NG was called at 05-May-2026 07:54:26 as follows:

raxml-ng --search --msa /raid/home/hatang/final_thesis/data/dna/test/379/data.phy --tree /raid/home/hatang/final_thesis/data/dna/test/379/start.newick --model GTR{0.8523/0.9601/0.9077/0.9071/0.9503/1.0000}+I{0.04337}+G{1.219}+F{0.2457/0.2145/0.2426/0.2972} --prefix precompute/379/379_infer --threads auto --seed 42 --force perf_threads

Analysis options:
  run mode: ML tree search
  start tree(s): user
  random seed: 42
  tip-inner: OFF
  pattern compression: ON
  per-rate scalers: OFF
  site repeats: ON
  logLH epsilon: general: 10.000000, brlen-triplet: 1000.000000
  fast spr radius: AUTO
  spr subtree cutoff: 1.000000
  fast CLV updates: ON
  branch lengths: proportional (ML estimate, algorithm: NR-FAST)
  SIMD kernels: AVX2
  parallelization: coarse-grained (auto), PTHREADS (auto)

WARNING: Running in FORCE mode: some safety checks are disabled!

[00:00:00] Reading alignment from file: /raid/home/hatang/final_thesis/data/dna/test/379/data.phy
[00:00:00] Loaded alignment with 15 taxa and 2634 sites

WARNING: Fully undetermined columns found: 10

NOTE: Reduced alignment (with duplicates and gap-only sites/taxa removed) 
NOTE: was saved to: /raid/home/hatang/final_thesis/precompute/379/379_infer.raxml.reduced.phy

Alignment comprises 1 partitions and 1639 patterns

Partition 0: noname
Model: GTR{0.8523/0.9601/0.9077/0.9071/0.9503/1}+FU{0.2457/0.2145/0.2426/0.2972}+IU{0.04337}+G4m{1.219}
Alignment sites / patterns: 2624 / 1639
Gaps: 33.33 %
Invariant sites: 43.60 %


NOTE: Binary MSA file created: precompute/379/379_infer.raxml.rba

Parallelization scheme autoconfig: 1 worker(s) x 8 thread(s)

[00:00:00] Loading user starting tree(s) from: /raid/home/hatang/final_thesis/data/dna/test/379/start.newick
Parallel reduction/worker buffer size: 1 KB  / 0 KB

[00:00:00] Data distribution: max. partitions/sites/weight per thread: 1 / 205 / 3280
[00:00:00] Data distribution: max. searches per worker: 1

Starting ML tree search with 1 distinct starting trees

[00:00:00 -18060.041239] Initial branch length optimization
[00:00:00 -18060.041215] Model parameter optimization (eps = 10.000000)
[00:00:00 -18060.041210] AUTODETECT spr round 1 (radius: 5)
[00:00:00 -18060.041209] SPR radius for FAST iterations: 5 (autodetect)
[00:00:00 -18060.041209] Model parameter optimization (eps = 3.000000)
[00:00:00 -18060.041209] FAST spr round 1 (radius: 5)
[00:00:00 -18060.041209] Model parameter optimization (eps = 1.000000)
[00:00:00 -18060.041209] SLOW spr round 1 (radius: 5)
[00:00:00 -18060.041209] SLOW spr round 2 (radius: 10)
[00:00:00 -18060.041209] SLOW spr round 3 (radius: 15)
[00:00:00 -18060.041209] Model parameter optimization (eps = 0.100000)

[00:00:00] ML tree search #1, logLikelihood: -18060.041209


Optimized model parameters:

   Partition 0: noname
   Rate heterogeneity: GAMMA (4 cats, mean),  alpha: 1.219000 (user),  weights&rates: (0.250000,0.178479) (0.250000,0.533954) (0.250000,1.028559) (0.250000,2.259008) 
   P-inv (user): 0.043370
   Base frequencies (user): 0.245700 0.214500 0.242600 0.297200 
   Substitution rates (user): 0.852300 0.960100 0.907700 0.907100 0.950300 1.000000 


Final LogLikelihood: -18060.041209

AIC score: 36174.082418 / AICc score: 36174.664853 / BIC score: 36332.638707
Free parameters (model + branch lengths): 27

Best ML tree saved to: /raid/home/hatang/final_thesis/precompute/379/379_infer.raxml.bestTree
Optimized model saved to: /raid/home/hatang/final_thesis/precompute/379/379_infer.raxml.bestModel

Execution log saved to: /raid/home/hatang/final_thesis/precompute/379/379_infer.raxml.log

Analysis started: 05-May-2026 07:54:26 / finished: 05-May-2026 07:54:26

Elapsed time: 0.179 seconds

