IQ-TREE version 3.1.1 for Linux x86 64-bit built Apr  8 2026
Developed by Bui Quang Minh, Thomas Wong, Nhan Ly-Trong, Huaiyan Ren
Contributed by Lam-Tung Nguyen, Dominik Schrempf, Chris Bielow,
Olga Chernomor, Michael Woodhams, Diep Thi Hoang, Heiko Schmidt

Host:    ha-ThinkPad-E14-Gen-5 (AVX2, FMA3, 31 GB RAM)
Command: iqtree3 -s /home/ha/Code/data/dna/test/379/data.phy -t /home/ha/Code/data/dna/test/379/start.newick -m GTR{0.8523,0.9601,0.9077,0.9071,0.9503}+F{0.2457,0.2145,0.2426,0.2972}+I{0.04337}+G4{1.219} --prefix /home/ha/Code/data/precompute/379/379_infer -T 1 --redo
Seed:    19831 (Using SPRNG - Scalable Parallel Random Number Generator)
Time:    Sat May 16 12:09:10 2026
Kernel:  AVX+FMA - 1 threads (16 CPU cores detected)

HINT: Use -nt option to specify number of threads because your CPU has 16 cores!
HINT: -nt AUTO will automatically determine the best number of threads to use.

Reading alignment file /home/ha/Code/data/dna/test/379/data.phy ... Phylip format detected
Alignment most likely contains DNA/RNA sequences
Constructing alignment: done in 0.00203437 secs using 42.77% CPU
WARNING: 10 sites contain only gaps or ambiguous characters.
Alignment has 15 sequences with 2634 columns, 1640 distinct patterns
1056 parsimony-informative, 424 singleton sites, 1154 constant sites
     Gap/Ambiguity  Composition  p-value
Analyzing sequences: done in 7.3993e-05 secs using 98.66% CPU
   1  T2    40.09%    passed     98.72%
   2  T4    42.37%    passed     63.05%
   3  T6    45.82%    passed     56.54%
   4  T3    34.66%    passed     93.30%
   5  T14   34.28%    passed     67.03%
   6  T9    42.07%    passed     49.62%
   7  T12   37.40%    passed     45.62%
   8  T1    32.54%    passed     56.21%
   9  T5    25.63%    passed     80.57%
  10  T7    32.31%    passed     93.48%
  11  T13   29.46%    passed     96.50%
  12  T8    30.33%    passed     71.65%
  13  T10   26.58%    passed     69.96%
  14  T15   26.04%    passed     88.13%
  15  T11   24.22%    passed     99.99%
****  TOTAL   33.59%  0 sequences failed composition chi2 test (p-value<5%; df=3)
Checking for duplicate sequences: done in 0.000107946 secs using 99.12% CPU
Reading input tree file /home/ha/Code/data/dna/test/379/start.newick ...

NOTE: 3 MB RAM (0 GB) is required!
Estimate model parameters (epsilon = 0.100)
1. Initial log-likelihood: -18060.041
Optimal log-likelihood: -18060.041
Rate parameters:  A-C: 0.85230  A-G: 0.96010  A-T: 0.90770  C-G: 0.90710  C-T: 0.95030  G-T: 1.00000
Base frequencies:  A: 0.246  C: 0.214  G: 0.243  T: 0.297
Proportion of invariable sites: 0.043
Gamma shape alpha: 1.219
Parameters optimization took 1 rounds (0.014 sec)
Wrote distance file to... 

Do NNI search on 1 best initial trees
Finish initializing candidate tree set (1)
Current best tree score: -18060.041 / CPU time: 0.044
Number of iterations: 1
--------------------------------------------------------------------
|               OPTIMIZING CANDIDATE TREE SET                      |
--------------------------------------------------------------------
Iteration 10 / LogL: -18060.330 / Time: 0h:0m:0s
Iteration 20 / LogL: -18060.964 / Time: 0h:0m:1s
Iteration 30 / LogL: -18060.491 / Time: 0h:0m:1s (0h:0m:3s left)
Iteration 40 / LogL: -18060.135 / Time: 0h:0m:2s (0h:0m:3s left)
Iteration 50 / LogL: -18060.111 / Time: 0h:0m:2s (0h:0m:2s left)
Iteration 60 / LogL: -18060.107 / Time: 0h:0m:3s (0h:0m:2s left)
Iteration 70 / LogL: -18060.631 / Time: 0h:0m:3s (0h:0m:1s left)
Iteration 80 / LogL: -18069.100 / Time: 0h:0m:4s (0h:0m:1s left)
Iteration 90 / LogL: -18060.594 / Time: 0h:0m:4s (0h:0m:0s left)
UPDATE BEST LOG-LIKELIHOOD: -18060.041
Iteration 100 / LogL: -18060.142 / Time: 0h:0m:5s (0h:0m:0s left)
TREE SEARCH COMPLETED AFTER 101 ITERATIONS / Time: 0h:0m:5s

--------------------------------------------------------------------
|                    FINALIZING TREE SEARCH                        |
--------------------------------------------------------------------
Performs final model parameters optimization
Estimate model parameters (epsilon = 0.010)
1. Initial log-likelihood: -18060.041
Optimal log-likelihood: -18060.041
Rate parameters:  A-C: 0.85230  A-G: 0.96010  A-T: 0.90770  C-G: 0.90710  C-T: 0.95030  G-T: 1.00000
Base frequencies:  A: 0.246  C: 0.214  G: 0.243  T: 0.297
Proportion of invariable sites: 0.043
Gamma shape alpha: 1.219
Parameters optimization took 1 rounds (0.004 sec)
BEST SCORE FOUND : -18060.041
Total tree length: 3.082

Total number of iterations: 101
CPU time used for tree search: 5.210 sec (0h:0m:5s)
Wall-clock time used for tree search: 5.230 sec (0h:0m:5s)
Total CPU time used: 5.237 sec (0h:0m:5s)
Total wall-clock time used: 5.260 sec (0h:0m:5s)

Analysis results written to: 
  IQ-TREE report:                /home/ha/Code/data/precompute/379/379_infer.iqtree
  Maximum-likelihood tree:       /home/ha/Code/data/precompute/379/379_infer.treefile
  Screen log file:               /home/ha/Code/data/precompute/379/379_infer.log

Date and Time: Sat May 16 12:09:15 2026
