
RAxML-NG v. 1.2.2 released on 11.04.2024 by The Exelixis Lab.
Developed by: Alexey M. Kozlov and Alexandros Stamatakis.
Contributors: Diego Darriba, Tomas Flouri, Benoit Morel, Sarah Lutteropp, Ben Bettisworth, Julia Haag, Anastasis Togkousidis.
Latest version: https://github.com/amkozlov/raxml-ng
Questions/problems/suggestions? Please visit: https://groups.google.com/forum/#!forum/raxml

System: 13th Gen Intel(R) Core(TM) i5-13500H, 12 cores, 31 GB RAM (allocated: 8 physical cores)

RAxML-NG was called at 16-May-2026 12:06:23 as follows:

raxml-ng --search --msa /home/ha/Code/data/dna/test/107/data.phy --tree /home/ha/Code/data/dna/test/107/start.newick --model GTR{0.9104/0.9790/1.0222/0.9596/1.0305/1.0000}+I{0.06179}+G{1.201}+F{0.2591/0.2041/0.2159/0.321} --prefix /home/ha/Code/data/precompute/107/107_infer --threads 1 --seed 42 --force perf_threads --redo

Analysis options:
  run mode: ML tree search
  start tree(s): user
  random seed: 42
  tip-inner: OFF
  pattern compression: ON
  per-rate scalers: OFF
  site repeats: ON
  logLH epsilon: general: 10.000000, brlen-triplet: 1000.000000
  fast spr radius: AUTO
  spr subtree cutoff: 1.000000
  fast CLV updates: ON
  branch lengths: proportional (ML estimate, algorithm: NR-FAST)
  SIMD kernels: AVX2
  parallelization: coarse-grained (auto), NONE/sequential

WARNING: Running in REDO mode: existing checkpoints are ignored, and all result files will be overwritten!

WARNING: Running in FORCE mode: some safety checks are disabled!

[00:00:00] Reading alignment from file: /home/ha/Code/data/dna/test/107/data.phy
[00:00:00] Loaded alignment with 7 taxa and 4608 sites

WARNING: Fully undetermined columns found: 12

NOTE: Reduced alignment (with duplicates and gap-only sites/taxa removed) 
NOTE: was saved to: /home/ha/Code/data/precompute/107/107_infer.raxml.reduced.phy

Alignment comprises 1 partitions and 1106 patterns

Partition 0: noname
Model: GTR{0.9104/0.979/1.0222/0.9596/1.0305/1}+FU{0.2591/0.2041/0.2159/0.321}+IU{0.06179}+G4m{1.201}
Alignment sites / patterns: 4596 / 1106
Gaps: 20.27 %
Invariant sites: 55.35 %


NOTE: Binary MSA file created: /home/ha/Code/data/precompute/107/107_infer.raxml.rba

Parallelization scheme autoconfig: 1 worker(s) x 1 thread(s)

[00:00:00] Loading user starting tree(s) from: /home/ha/Code/data/dna/test/107/start.newick
Parallel reduction/worker buffer size: 1 KB  / 0 KB

[00:00:00] Data distribution: max. partitions/sites/weight per thread: 1 / 1106 / 17696
[00:00:00] Data distribution: max. searches per worker: 1

Starting ML tree search with 1 distinct starting trees

[00:00:00 -18721.034556] Initial branch length optimization
[00:00:00 -18721.034554] Model parameter optimization (eps = 10.000000)
[00:00:00 -18721.034554] AUTODETECT spr round 1 (radius: 5)
[00:00:00 -18721.034554] SPR radius for FAST iterations: 5 (autodetect)
[00:00:00 -18721.034554] Model parameter optimization (eps = 3.000000)
[00:00:00 -18721.034554] FAST spr round 1 (radius: 5)
[00:00:00 -18721.034554] Model parameter optimization (eps = 1.000000)
[00:00:00 -18721.034554] SLOW spr round 1 (radius: 5)
[00:00:00 -18721.034554] Model parameter optimization (eps = 0.100000)

[00:00:00] ML tree search #1, logLikelihood: -18721.034554


Optimized model parameters:

   Partition 0: noname
   Rate heterogeneity: GAMMA (4 cats, mean),  alpha: 1.201000 (user),  weights&rates: (0.250000,0.175234) (0.250000,0.529825) (0.250000,1.026693) (0.250000,2.268248) 
   P-inv (user): 0.061790
   Base frequencies (user): 0.259074 0.204080 0.215878 0.320968 
   Substitution rates (user): 0.910400 0.979000 1.022200 0.959600 1.030500 1.000000 


Final LogLikelihood: -18721.034554

AIC score: 37464.069107 / AICc score: 37464.126699 / BIC score: 37534.831465
Free parameters (model + branch lengths): 11

Best ML tree saved to: /home/ha/Code/data/precompute/107/107_infer.raxml.bestTree
Optimized model saved to: /home/ha/Code/data/precompute/107/107_infer.raxml.bestModel

Execution log saved to: /home/ha/Code/data/precompute/107/107_infer.raxml.log

Analysis started: 16-May-2026 12:06:23 / finished: 16-May-2026 12:06:23

Elapsed time: 0.086 seconds

