
RAxML-NG v. 1.2.2 released on 11.04.2024 by The Exelixis Lab.
Developed by: Alexey M. Kozlov and Alexandros Stamatakis.
Contributors: Diego Darriba, Tomas Flouri, Benoit Morel, Sarah Lutteropp, Ben Bettisworth, Julia Haag, Anastasis Togkousidis.
Latest version: https://github.com/amkozlov/raxml-ng
Questions/problems/suggestions? Please visit: https://groups.google.com/forum/#!forum/raxml

System: AMD EPYC 7742 64-Core Processor, 128 cores, 2015 GB RAM

RAxML-NG was called at 05-May-2026 14:12:06 as follows:

raxml-ng --search --msa /raid/home/hatang/final_thesis/data/dna/test/226/data.phy --tree /raid/home/hatang/final_thesis/data/dna/test/226/start.newick --model GTR{1.0169/1.0163/1.0626/1.0546/1.1278/1.0000}+I{0.1118}+G{1.4}+F{0.3309/0.2044/0.2538/0.2109} --prefix precompute/226/226_infer --threads auto --seed 42 --force perf_threads

Analysis options:
  run mode: ML tree search
  start tree(s): user
  random seed: 42
  tip-inner: OFF
  pattern compression: ON
  per-rate scalers: OFF
  site repeats: ON
  logLH epsilon: general: 10.000000, brlen-triplet: 1000.000000
  fast spr radius: AUTO
  spr subtree cutoff: 1.000000
  fast CLV updates: ON
  branch lengths: proportional (ML estimate, algorithm: NR-FAST)
  SIMD kernels: AVX2
  parallelization: coarse-grained (auto), PTHREADS (auto)

WARNING: Running in FORCE mode: some safety checks are disabled!

[00:00:00] Reading alignment from file: /raid/home/hatang/final_thesis/data/dna/test/226/data.phy
[00:00:00] Loaded alignment with 12 taxa and 3474 sites

WARNING: Fully undetermined columns found: 6

NOTE: Reduced alignment (with duplicates and gap-only sites/taxa removed) 
NOTE: was saved to: /raid/home/hatang/final_thesis/precompute/226/226_infer.raxml.reduced.phy

Alignment comprises 1 partitions and 1445 patterns

Partition 0: noname
Model: GTR{1.0169/1.0163/1.0626/1.0546/1.1278/1}+FU{0.3309/0.2044/0.2538/0.2109}+IU{0.1118}+G4m{1.4}
Alignment sites / patterns: 3468 / 1445
Gaps: 21.60 %
Invariant sites: 51.21 %


NOTE: Binary MSA file created: precompute/226/226_infer.raxml.rba

Parallelization scheme autoconfig: 1 worker(s) x 8 thread(s)

[00:00:00] Loading user starting tree(s) from: /raid/home/hatang/final_thesis/data/dna/test/226/start.newick
Parallel reduction/worker buffer size: 1 KB  / 0 KB

[00:00:00] Data distribution: max. partitions/sites/weight per thread: 1 / 181 / 2896
[00:00:00] Data distribution: max. searches per worker: 1

Starting ML tree search with 1 distinct starting trees

[00:00:00 -17960.966064] Initial branch length optimization
[00:00:00 -17960.966043] Model parameter optimization (eps = 10.000000)
[00:00:00 -17960.966040] AUTODETECT spr round 1 (radius: 5)
[00:00:00 -17960.966040] SPR radius for FAST iterations: 5 (autodetect)
[00:00:00 -17960.966040] Model parameter optimization (eps = 3.000000)
[00:00:00 -17960.966040] FAST spr round 1 (radius: 5)
[00:00:00 -17960.966040] Model parameter optimization (eps = 1.000000)
[00:00:00 -17960.966040] SLOW spr round 1 (radius: 5)
[00:00:00 -17960.966040] SLOW spr round 2 (radius: 10)
[00:00:00 -17960.966040] Model parameter optimization (eps = 0.100000)

[00:00:00] ML tree search #1, logLikelihood: -17960.966040


Optimized model parameters:

   Partition 0: noname
   Rate heterogeneity: GAMMA (4 cats, mean),  alpha: 1.400000 (user),  weights&rates: (0.250000,0.209453) (0.250000,0.571018) (0.250000,1.043966) (0.250000,2.175562) 
   P-inv (user): 0.111800
   Base frequencies (user): 0.330900 0.204400 0.253800 0.210900 
   Substitution rates (user): 1.016900 1.016300 1.062600 1.054600 1.127800 1.000000 


Final LogLikelihood: -17960.966040

AIC score: 35963.932080 / AICc score: 35964.200217 / BIC score: 36093.110080
Free parameters (model + branch lengths): 21

Best ML tree saved to: /raid/home/hatang/final_thesis/precompute/226/226_infer.raxml.bestTree
Optimized model saved to: /raid/home/hatang/final_thesis/precompute/226/226_infer.raxml.bestModel

Execution log saved to: /raid/home/hatang/final_thesis/precompute/226/226_infer.raxml.log

Analysis started: 05-May-2026 14:12:06 / finished: 05-May-2026 14:12:06

Elapsed time: 0.112 seconds

