
RAxML-NG v. 1.2.2 released on 11.04.2024 by The Exelixis Lab.
Developed by: Alexey M. Kozlov and Alexandros Stamatakis.
Contributors: Diego Darriba, Tomas Flouri, Benoit Morel, Sarah Lutteropp, Ben Bettisworth, Julia Haag, Anastasis Togkousidis.
Latest version: https://github.com/amkozlov/raxml-ng
Questions/problems/suggestions? Please visit: https://groups.google.com/forum/#!forum/raxml

System: AMD EPYC 7742 64-Core Processor, 128 cores, 2015 GB RAM

RAxML-NG was called at 05-May-2026 16:45:34 as follows:

raxml-ng --search --msa /raid/home/hatang/final_thesis/data/dna/test/266/data.phy --tree /raid/home/hatang/final_thesis/data/dna/test/266/start.newick --model GTR{1.0302/0.9932/0.9685/1.0902/0.9134/1.0000}+I{0.149}+G{2.127}+F{0.3232/0.1983/0.2483/0.2302} --prefix precompute/266/266_infer --threads auto --seed 42 --force perf_threads

Analysis options:
  run mode: ML tree search
  start tree(s): user
  random seed: 42
  tip-inner: OFF
  pattern compression: ON
  per-rate scalers: OFF
  site repeats: ON
  logLH epsilon: general: 10.000000, brlen-triplet: 1000.000000
  fast spr radius: AUTO
  spr subtree cutoff: 1.000000
  fast CLV updates: ON
  branch lengths: proportional (ML estimate, algorithm: NR-FAST)
  SIMD kernels: AVX2
  parallelization: coarse-grained (auto), PTHREADS (auto)

WARNING: Running in FORCE mode: some safety checks are disabled!

[00:00:00] Reading alignment from file: /raid/home/hatang/final_thesis/data/dna/test/266/data.phy
[00:00:00] Loaded alignment with 20 taxa and 658 sites

WARNING: Fully undetermined columns found: 2

NOTE: Reduced alignment (with duplicates and gap-only sites/taxa removed) 
NOTE: was saved to: /raid/home/hatang/final_thesis/precompute/266/266_infer.raxml.reduced.phy

Alignment comprises 1 partitions and 522 patterns

Partition 0: noname
Model: GTR{1.0302/0.9932/0.9685/1.0902/0.9134/1}+FU{0.3232/0.1983/0.2483/0.2302}+IU{0.149}+G4m{2.127}
Alignment sites / patterns: 656 / 522
Gaps: 37.32 %
Invariant sites: 39.18 %


NOTE: Binary MSA file created: precompute/266/266_infer.raxml.rba

Parallelization scheme autoconfig: 1 worker(s) x 6 thread(s)

[00:00:00] Loading user starting tree(s) from: /raid/home/hatang/final_thesis/data/dna/test/266/start.newick
Parallel reduction/worker buffer size: 1 KB  / 0 KB

[00:00:00] Data distribution: max. partitions/sites/weight per thread: 1 / 87 / 1392
[00:00:00] Data distribution: max. searches per worker: 1

Starting ML tree search with 1 distinct starting trees

[00:00:00 -5682.600577] Initial branch length optimization
[00:00:00 -5682.599867] Model parameter optimization (eps = 10.000000)
[00:00:00 -5682.599863] AUTODETECT spr round 1 (radius: 5)
[00:00:00 -5682.599863] SPR radius for FAST iterations: 5 (autodetect)
[00:00:00 -5682.599863] Model parameter optimization (eps = 3.000000)
[00:00:00 -5682.599862] FAST spr round 1 (radius: 5)
[00:00:00 -5682.599862] Model parameter optimization (eps = 1.000000)
[00:00:00 -5682.599862] SLOW spr round 1 (radius: 5)
[00:00:00 -5682.599862] SLOW spr round 2 (radius: 10)
[00:00:00 -5682.599862] SLOW spr round 3 (radius: 15)
[00:00:00 -5682.599862] SLOW spr round 4 (radius: 20)
[00:00:00 -5682.599862] Model parameter optimization (eps = 0.100000)

[00:00:00] ML tree search #1, logLikelihood: -5682.599862


Optimized model parameters:

   Partition 0: noname
   Rate heterogeneity: GAMMA (4 cats, mean),  alpha: 2.127000 (user),  weights&rates: (0.250000,0.307978) (0.250000,0.667873) (0.250000,1.072865) (0.250000,1.951284) 
   P-inv (user): 0.149000
   Base frequencies (user): 0.323200 0.198300 0.248300 0.230200 
   Substitution rates (user): 1.030200 0.993200 0.968500 1.090200 0.913400 1.000000 


Final LogLikelihood: -5682.599862

AIC score: 11439.199725 / AICc score: 11443.749887 / BIC score: 11605.187674
Free parameters (model + branch lengths): 37

Best ML tree saved to: /raid/home/hatang/final_thesis/precompute/266/266_infer.raxml.bestTree
Optimized model saved to: /raid/home/hatang/final_thesis/precompute/266/266_infer.raxml.bestModel

Execution log saved to: /raid/home/hatang/final_thesis/precompute/266/266_infer.raxml.log

Analysis started: 05-May-2026 16:45:34 / finished: 05-May-2026 16:45:34

Elapsed time: 0.161 seconds

