
RAxML-NG v. 1.2.2 released on 11.04.2024 by The Exelixis Lab.
Developed by: Alexey M. Kozlov and Alexandros Stamatakis.
Contributors: Diego Darriba, Tomas Flouri, Benoit Morel, Sarah Lutteropp, Ben Bettisworth, Julia Haag, Anastasis Togkousidis.
Latest version: https://github.com/amkozlov/raxml-ng
Questions/problems/suggestions? Please visit: https://groups.google.com/forum/#!forum/raxml

System: 13th Gen Intel(R) Core(TM) i5-13500H, 12 cores, 31 GB RAM (allocated: 8 physical cores)

RAxML-NG was called at 16-May-2026 12:06:09 as follows:

raxml-ng --search --msa /home/ha/Code/data/dna/test/6/data.phy --tree /home/ha/Code/data/dna/test/6/start.newick --model GTR{1.4712/1.0706/1.1138/1.1896/1.4553/1.0000}+I{9.83e-07}+G{0.7586}+F{0.3331/0.2179/0.2524/0.1966} --prefix /home/ha/Code/data/precompute/6/6_infer --threads 1 --seed 42 --force perf_threads --redo

Analysis options:
  run mode: ML tree search
  start tree(s): user
  random seed: 42
  tip-inner: OFF
  pattern compression: ON
  per-rate scalers: OFF
  site repeats: ON
  logLH epsilon: general: 10.000000, brlen-triplet: 1000.000000
  fast spr radius: AUTO
  spr subtree cutoff: 1.000000
  fast CLV updates: ON
  branch lengths: proportional (ML estimate, algorithm: NR-FAST)
  SIMD kernels: AVX2
  parallelization: coarse-grained (auto), NONE/sequential

WARNING: Running in REDO mode: existing checkpoints are ignored, and all result files will be overwritten!

WARNING: Running in FORCE mode: some safety checks are disabled!

[00:00:00] Reading alignment from file: /home/ha/Code/data/dna/test/6/data.phy
[00:00:00] Loaded alignment with 7 taxa and 555 sites

WARNING: Fully undetermined columns found: 1

NOTE: Reduced alignment (with duplicates and gap-only sites/taxa removed) 
NOTE: was saved to: /home/ha/Code/data/precompute/6/6_infer.raxml.reduced.phy

Alignment comprises 1 partitions and 166 patterns

Partition 0: noname
Model: GTR{1.4712/1.0706/1.1138/1.1896/1.4553/1}+FU{0.3331/0.2179/0.2524/0.1966}+IU{9.83e-07}+G4m{0.7586}
Alignment sites / patterns: 554 / 166
Gaps: 19.19 %
Invariant sites: 66.97 %


NOTE: Binary MSA file created: /home/ha/Code/data/precompute/6/6_infer.raxml.rba

Parallelization scheme autoconfig: 1 worker(s) x 1 thread(s)

[00:00:00] Loading user starting tree(s) from: /home/ha/Code/data/dna/test/6/start.newick
Parallel reduction/worker buffer size: 1 KB  / 0 KB

[00:00:00] Data distribution: max. partitions/sites/weight per thread: 1 / 166 / 2656
[00:00:00] Data distribution: max. searches per worker: 1

Starting ML tree search with 1 distinct starting trees

[00:00:00 -1840.596888] Initial branch length optimization
[00:00:00 -1840.596617] Model parameter optimization (eps = 10.000000)
[00:00:00 -1840.596616] AUTODETECT spr round 1 (radius: 5)
[00:00:00 -1840.596616] SPR radius for FAST iterations: 5 (autodetect)
[00:00:00 -1840.596616] Model parameter optimization (eps = 3.000000)
[00:00:00 -1840.596616] FAST spr round 1 (radius: 5)
[00:00:00 -1840.596616] Model parameter optimization (eps = 1.000000)
[00:00:00 -1840.596616] SLOW spr round 1 (radius: 5)
[00:00:00 -1840.596616] Model parameter optimization (eps = 0.100000)

[00:00:00] ML tree search #1, logLikelihood: -1840.596616


Optimized model parameters:

   Partition 0: noname
   Rate heterogeneity: GAMMA (4 cats, mean),  alpha: 0.758600 (user),  weights&rates: (0.250000,0.086724) (0.250000,0.389916) (0.250000,0.944789) (0.250000,2.578571) 
   P-inv (user): 0.000001
   Base frequencies (user): 0.333100 0.217900 0.252400 0.196600 
   Substitution rates (user): 1.471200 1.070600 1.113800 1.189600 1.455300 1.000000 


Final LogLikelihood: -1840.596616

AIC score: 3703.193232 / AICc score: 3703.680317 / BIC score: 3750.682043
Free parameters (model + branch lengths): 11

Best ML tree saved to: /home/ha/Code/data/precompute/6/6_infer.raxml.bestTree
Optimized model saved to: /home/ha/Code/data/precompute/6/6_infer.raxml.bestModel

Execution log saved to: /home/ha/Code/data/precompute/6/6_infer.raxml.log

Analysis started: 16-May-2026 12:06:09 / finished: 16-May-2026 12:06:09

Elapsed time: 0.020 seconds

