
RAxML-NG v. 1.2.2 released on 11.04.2024 by The Exelixis Lab.
Developed by: Alexey M. Kozlov and Alexandros Stamatakis.
Contributors: Diego Darriba, Tomas Flouri, Benoit Morel, Sarah Lutteropp, Ben Bettisworth, Julia Haag, Anastasis Togkousidis.
Latest version: https://github.com/amkozlov/raxml-ng
Questions/problems/suggestions? Please visit: https://groups.google.com/forum/#!forum/raxml

System: AMD EPYC 7742 64-Core Processor, 128 cores, 2015 GB RAM

RAxML-NG was called at 05-May-2026 04:19:57 as follows:

raxml-ng --search --msa /raid/home/hatang/final_thesis/data/dna/test/114/data.phy --tree /raid/home/hatang/final_thesis/data/dna/test/114/start.newick --model GTR{0.9509/0.9865/0.8736/0.9633/0.9700/1.0000}+I{9.769e-07}+G{0.9541}+F{0.2216/0.2487/0.3244/0.2053} --prefix precompute/114/114_infer --threads auto --seed 42 --force perf_threads

Analysis options:
  run mode: ML tree search
  start tree(s): user
  random seed: 42
  tip-inner: OFF
  pattern compression: ON
  per-rate scalers: OFF
  site repeats: ON
  logLH epsilon: general: 10.000000, brlen-triplet: 1000.000000
  fast spr radius: AUTO
  spr subtree cutoff: 1.000000
  fast CLV updates: ON
  branch lengths: proportional (ML estimate, algorithm: NR-FAST)
  SIMD kernels: AVX2
  parallelization: coarse-grained (auto), PTHREADS (auto)

WARNING: Running in FORCE mode: some safety checks are disabled!

[00:00:00] Reading alignment from file: /raid/home/hatang/final_thesis/data/dna/test/114/data.phy
[00:00:00] Loaded alignment with 7 taxa and 4680 sites

WARNING: Fully undetermined columns found: 57

NOTE: Reduced alignment (with duplicates and gap-only sites/taxa removed) 
NOTE: was saved to: /raid/home/hatang/final_thesis/precompute/114/114_infer.raxml.reduced.phy

Alignment comprises 1 partitions and 1630 patterns

Partition 0: noname
Model: GTR{0.9509/0.9865/0.8736/0.9633/0.97/1}+FU{0.2216/0.2487/0.3244/0.2053}+IU{9.769e-07}+G4m{0.9541}
Alignment sites / patterns: 4623 / 1630
Gaps: 21.04 %
Invariant sites: 48.63 %


NOTE: Binary MSA file created: precompute/114/114_infer.raxml.rba

Parallelization scheme autoconfig: 1 worker(s) x 8 thread(s)

[00:00:00] Loading user starting tree(s) from: /raid/home/hatang/final_thesis/data/dna/test/114/start.newick
Parallel reduction/worker buffer size: 1 KB  / 0 KB

[00:00:00] Data distribution: max. partitions/sites/weight per thread: 1 / 204 / 3264
[00:00:00] Data distribution: max. searches per worker: 1

Starting ML tree search with 1 distinct starting trees

[00:00:00 -21492.489382] Initial branch length optimization
[00:00:00 -21492.489382] Model parameter optimization (eps = 10.000000)
[00:00:00 -21492.489382] AUTODETECT spr round 1 (radius: 5)
[00:00:00 -21492.489382] SPR radius for FAST iterations: 5 (autodetect)
[00:00:00 -21492.489382] Model parameter optimization (eps = 3.000000)
[00:00:00 -21492.489382] FAST spr round 1 (radius: 5)
[00:00:00 -21492.489382] Model parameter optimization (eps = 1.000000)
[00:00:00 -21492.489382] SLOW spr round 1 (radius: 5)
[00:00:00 -21492.489382] Model parameter optimization (eps = 0.100000)

[00:00:00] ML tree search #1, logLikelihood: -21492.489382


Optimized model parameters:

   Partition 0: noname
   Rate heterogeneity: GAMMA (4 cats, mean),  alpha: 0.954100 (user),  weights&rates: (0.250000,0.127707) (0.250000,0.462507) (0.250000,0.991958) (0.250000,2.417828) 
   P-inv (user): 0.000001
   Base frequencies (user): 0.221600 0.248700 0.324400 0.205300 
   Substitution rates (user): 0.950900 0.986500 0.873600 0.963300 0.970000 1.000000 


Final LogLikelihood: -21492.489382

AIC score: 43006.978764 / AICc score: 43007.036018 / BIC score: 43077.805554
Free parameters (model + branch lengths): 11

Best ML tree saved to: /raid/home/hatang/final_thesis/precompute/114/114_infer.raxml.bestTree
Optimized model saved to: /raid/home/hatang/final_thesis/precompute/114/114_infer.raxml.bestModel

Execution log saved to: /raid/home/hatang/final_thesis/precompute/114/114_infer.raxml.log

Analysis started: 05-May-2026 04:19:57 / finished: 05-May-2026 04:19:57

Elapsed time: 0.058 seconds

