IQ-TREE version 3.1.1 for Linux x86 64-bit built Apr  8 2026
Developed by Bui Quang Minh, Thomas Wong, Nhan Ly-Trong, Huaiyan Ren
Contributed by Lam-Tung Nguyen, Dominik Schrempf, Chris Bielow,
Olga Chernomor, Michael Woodhams, Diep Thi Hoang, Heiko Schmidt

Host:    ha-ThinkPad-E14-Gen-5 (AVX2, FMA3, 31 GB RAM)
Command: iqtree3 -s /home/ha/Code/data/dna/test/114/data.phy -t /home/ha/Code/data/dna/test/114/start.newick -m GTR{0.9509,0.9865,0.8736,0.9633,0.9700}+F{0.2216,0.2487,0.3244,0.2053}+I{9.769e-07}+G4{0.9541} --prefix /home/ha/Code/data/precompute/114/114_infer -T 1 --redo
Seed:    796362 (Using SPRNG - Scalable Parallel Random Number Generator)
Time:    Sat May 16 12:06:24 2026
Kernel:  AVX+FMA - 1 threads (16 CPU cores detected)

HINT: Use -nt option to specify number of threads because your CPU has 16 cores!
HINT: -nt AUTO will automatically determine the best number of threads to use.

Reading alignment file /home/ha/Code/data/dna/test/114/data.phy ... Phylip format detected
Alignment most likely contains DNA/RNA sequences
Constructing alignment: done in 0.00342557 secs using 34.48% CPU
WARNING: 57 sites contain only gaps or ambiguous characters.
Alignment has 7 sequences with 4680 columns, 1631 distinct patterns
1160 parsimony-informative, 1215 singleton sites, 2305 constant sites
    Gap/Ambiguity  Composition  p-value
Analyzing sequences: done in 3.1111e-05 secs
   1  T2   25.28%    passed     39.65%
   2  T5   36.05%    passed     54.75%
   3  T7   24.00%    passed     86.87%
   4  T3   22.03%    passed     89.43%
   5  T6   16.43%    passed     96.14%
   6  T1   15.13%    passed     63.80%
   7  T4   15.09%    passed     90.00%
****  TOTAL   22.00%  0 sequences failed composition chi2 test (p-value<5%; df=3)
Checking for duplicate sequences: done in 5.4375e-05 secs
Reading input tree file /home/ha/Code/data/dna/test/114/start.newick ...

NOTE: 1 MB RAM (0 GB) is required!
Estimate model parameters (epsilon = 0.100)
1. Initial log-likelihood: -21492.489
Optimal log-likelihood: -21492.489
Rate parameters:  A-C: 0.95090  A-G: 0.98650  A-T: 0.87360  C-G: 0.96330  C-T: 0.97000  G-T: 1.00000
Base frequencies:  A: 0.222  C: 0.249  G: 0.324  T: 0.205
Proportion of invariable sites: 0.000
Gamma shape alpha: 0.954
Parameters optimization took 1 rounds (0.007 sec)
Wrote distance file to... 

Do NNI search on 1 best initial trees
Finish initializing candidate tree set (1)
Current best tree score: -21492.489 / CPU time: 0.014
Number of iterations: 1
--------------------------------------------------------------------
|               OPTIMIZING CANDIDATE TREE SET                      |
--------------------------------------------------------------------
Iteration 10 / LogL: -21492.723 / Time: 0h:0m:0s
Iteration 20 / LogL: -21495.409 / Time: 0h:0m:0s
Iteration 30 / LogL: -21492.489 / Time: 0h:0m:0s (0h:0m:0s left)
UPDATE BEST LOG-LIKELIHOOD: -21492.489
Iteration 40 / LogL: -21492.576 / Time: 0h:0m:0s (0h:0m:0s left)
Iteration 50 / LogL: -21493.091 / Time: 0h:0m:0s (0h:0m:0s left)
Iteration 60 / LogL: -21495.669 / Time: 0h:0m:0s (0h:0m:0s left)
Iteration 70 / LogL: -21494.655 / Time: 0h:0m:0s (0h:0m:0s left)
Iteration 80 / LogL: -21495.669 / Time: 0h:0m:0s (0h:0m:0s left)
Iteration 90 / LogL: -21492.489 / Time: 0h:0m:1s (0h:0m:0s left)
Iteration 100 / LogL: -21492.527 / Time: 0h:0m:1s (0h:0m:0s left)
TREE SEARCH COMPLETED AFTER 101 ITERATIONS / Time: 0h:0m:1s

--------------------------------------------------------------------
|                    FINALIZING TREE SEARCH                        |
--------------------------------------------------------------------
Performs final model parameters optimization
Estimate model parameters (epsilon = 0.010)
1. Initial log-likelihood: -21492.489
Optimal log-likelihood: -21492.489
Rate parameters:  A-C: 0.95090  A-G: 0.98650  A-T: 0.87360  C-G: 0.96330  C-T: 0.97000  G-T: 1.00000
Base frequencies:  A: 0.222  C: 0.249  G: 0.324  T: 0.205
Proportion of invariable sites: 0.000
Gamma shape alpha: 0.954
Parameters optimization took 1 rounds (0.003 sec)
BEST SCORE FOUND : -21492.489
Total tree length: 1.733

Total number of iterations: 101
CPU time used for tree search: 1.244 sec (0h:0m:1s)
Wall-clock time used for tree search: 1.251 sec (0h:0m:1s)
Total CPU time used: 1.268 sec (0h:0m:1s)
Total wall-clock time used: 1.281 sec (0h:0m:1s)

Analysis results written to: 
  IQ-TREE report:                /home/ha/Code/data/precompute/114/114_infer.iqtree
  Maximum-likelihood tree:       /home/ha/Code/data/precompute/114/114_infer.treefile
  Screen log file:               /home/ha/Code/data/precompute/114/114_infer.log

Date and Time: Sat May 16 12:06:26 2026
