
RAxML-NG v. 1.2.2 released on 11.04.2024 by The Exelixis Lab.
Developed by: Alexey M. Kozlov and Alexandros Stamatakis.
Contributors: Diego Darriba, Tomas Flouri, Benoit Morel, Sarah Lutteropp, Ben Bettisworth, Julia Haag, Anastasis Togkousidis.
Latest version: https://github.com/amkozlov/raxml-ng
Questions/problems/suggestions? Please visit: https://groups.google.com/forum/#!forum/raxml

System: AMD EPYC 7742 64-Core Processor, 128 cores, 2015 GB RAM

RAxML-NG was called at 05-May-2026 12:07:32 as follows:

raxml-ng --search --msa /raid/home/hatang/final_thesis/data/dna/test/108/data.phy --tree /raid/home/hatang/final_thesis/data/dna/test/108/start.newick --model GTR{1.0079/0.9615/0.9225/0.9612/1.0160/1.0000}+I{9.995e-07}+G{1.101}+F{0.3337/0.1796/0.229/0.2576} --prefix precompute/108/108_infer --threads auto --seed 42 --force perf_threads

Analysis options:
  run mode: ML tree search
  start tree(s): user
  random seed: 42
  tip-inner: OFF
  pattern compression: ON
  per-rate scalers: OFF
  site repeats: ON
  logLH epsilon: general: 10.000000, brlen-triplet: 1000.000000
  fast spr radius: AUTO
  spr subtree cutoff: 1.000000
  fast CLV updates: ON
  branch lengths: proportional (ML estimate, algorithm: NR-FAST)
  SIMD kernels: AVX2
  parallelization: coarse-grained (auto), PTHREADS (auto)

WARNING: Running in FORCE mode: some safety checks are disabled!

[00:00:00] Reading alignment from file: /raid/home/hatang/final_thesis/data/dna/test/108/data.phy
[00:00:00] Loaded alignment with 7 taxa and 4462 sites

WARNING: Fully undetermined columns found: 5

NOTE: Reduced alignment (with duplicates and gap-only sites/taxa removed) 
NOTE: was saved to: /raid/home/hatang/final_thesis/precompute/108/108_infer.raxml.reduced.phy

Alignment comprises 1 partitions and 1163 patterns

Partition 0: noname
Model: GTR{1.0079/0.9615/0.9225/0.9612/1.016/1}+FU{0.3337/0.1796/0.229/0.2576}+IU{9.995e-07}+G4m{1.101}
Alignment sites / patterns: 4457 / 1163
Gaps: 16.17 %
Invariant sites: 53.17 %


NOTE: Binary MSA file created: precompute/108/108_infer.raxml.rba

Parallelization scheme autoconfig: 1 worker(s) x 8 thread(s)

[00:00:00] Loading user starting tree(s) from: /raid/home/hatang/final_thesis/data/dna/test/108/start.newick
Parallel reduction/worker buffer size: 1 KB  / 0 KB

[00:00:00] Data distribution: max. partitions/sites/weight per thread: 1 / 146 / 2336
[00:00:00] Data distribution: max. searches per worker: 1

Starting ML tree search with 1 distinct starting trees

[00:00:00 -18782.678745] Initial branch length optimization
[00:00:00 -18782.678743] Model parameter optimization (eps = 10.000000)
[00:00:00 -18782.678743] AUTODETECT spr round 1 (radius: 5)
[00:00:00 -18782.678743] SPR radius for FAST iterations: 5 (autodetect)
[00:00:00 -18782.678743] Model parameter optimization (eps = 3.000000)
[00:00:00 -18782.678743] FAST spr round 1 (radius: 5)
[00:00:00 -18782.678743] Model parameter optimization (eps = 1.000000)
[00:00:00 -18782.678743] SLOW spr round 1 (radius: 5)
[00:00:00 -18782.678743] Model parameter optimization (eps = 0.100000)

[00:00:00] ML tree search #1, logLikelihood: -18782.678743


Optimized model parameters:

   Partition 0: noname
   Rate heterogeneity: GAMMA (4 cats, mean),  alpha: 1.101000 (user),  weights&rates: (0.250000,0.156654) (0.250000,0.505138) (0.250000,1.014908) (0.250000,2.323299) 
   P-inv (user): 0.000001
   Base frequencies (user): 0.333733 0.179618 0.229023 0.257626 
   Substitution rates (user): 1.007900 0.961500 0.922500 0.961200 1.016000 1.000000 


Final LogLikelihood: -18782.678743

AIC score: 37587.357486 / AICc score: 37587.416879 / BIC score: 37657.782029
Free parameters (model + branch lengths): 11

Best ML tree saved to: /raid/home/hatang/final_thesis/precompute/108/108_infer.raxml.bestTree
Optimized model saved to: /raid/home/hatang/final_thesis/precompute/108/108_infer.raxml.bestModel

Execution log saved to: /raid/home/hatang/final_thesis/precompute/108/108_infer.raxml.log

Analysis started: 05-May-2026 12:07:32 / finished: 05-May-2026 12:07:32

Elapsed time: 0.049 seconds

