IQ-TREE version 3.1.1 for Linux x86 64-bit built Apr  8 2026
Developed by Bui Quang Minh, Thomas Wong, Nhan Ly-Trong, Huaiyan Ren
Contributed by Lam-Tung Nguyen, Dominik Schrempf, Chris Bielow,
Olga Chernomor, Michael Woodhams, Diep Thi Hoang, Heiko Schmidt

Host:    ha-ThinkPad-E14-Gen-5 (AVX2, FMA3, 31 GB RAM)
Command: iqtree3 -s /home/ha/Code/data/dna/test/108/data.phy -t /home/ha/Code/data/dna/test/108/start.newick -m GTR{1.0079,0.9615,0.9225,0.9612,1.0160}+F{0.3337,0.1796,0.229,0.2576}+I{9.995e-07}+G4{1.101} --prefix /home/ha/Code/data/precompute/108/108_infer -T 1 --redo
Seed:    374482 (Using SPRNG - Scalable Parallel Random Number Generator)
Time:    Sat May 16 12:06:23 2026
Kernel:  AVX+FMA - 1 threads (16 CPU cores detected)

HINT: Use -nt option to specify number of threads because your CPU has 16 cores!
HINT: -nt AUTO will automatically determine the best number of threads to use.

Reading alignment file /home/ha/Code/data/dna/test/108/data.phy ... Phylip format detected
Alignment most likely contains DNA/RNA sequences
Constructing alignment: done in 0.00125318 secs using 38.62% CPU
WARNING: 5 sites contain only gaps or ambiguous characters.
Alignment has 7 sequences with 4462 columns, 1164 distinct patterns
1028 parsimony-informative, 1059 singleton sites, 2375 constant sites
    Gap/Ambiguity  Composition  p-value
Analyzing sequences: done in 9.186e-06 secs
   1  T2   20.33%    passed     46.37%
   2  T3   21.31%    passed     71.18%
   3  T7   19.30%    passed     98.14%
   4  T6   15.93%    passed     78.73%
   5  T4   16.43%    passed     42.92%
   6  T1   10.40%    passed     91.90%
   7  T5   10.17%    passed     96.43%
****  TOTAL   16.27%  0 sequences failed composition chi2 test (p-value<5%; df=3)
Checking for duplicate sequences: done in 1.5482e-05 secs
Reading input tree file /home/ha/Code/data/dna/test/108/start.newick ...
WARNING: Normalizing State frequencies so that sum of them equals to 1

NOTE: 1 MB RAM (0 GB) is required!
Estimate model parameters (epsilon = 0.100)
1. Initial log-likelihood: -18782.679
Optimal log-likelihood: -18782.679
Rate parameters:  A-C: 1.00790  A-G: 0.96150  A-T: 0.92250  C-G: 0.96120  C-T: 1.01600  G-T: 1.00000
Base frequencies:  A: 0.334  C: 0.180  G: 0.229  T: 0.258
Proportion of invariable sites: 0.000
Gamma shape alpha: 1.101
Parameters optimization took 1 rounds (0.003 sec)
Wrote distance file to... 

Do NNI search on 1 best initial trees
Finish initializing candidate tree set (1)
Current best tree score: -18782.679 / CPU time: 0.011
Number of iterations: 1
--------------------------------------------------------------------
|               OPTIMIZING CANDIDATE TREE SET                      |
--------------------------------------------------------------------
Iteration 10 / LogL: -18793.975 / Time: 0h:0m:0s
Iteration 20 / LogL: -18782.747 / Time: 0h:0m:0s
UPDATE BEST LOG-LIKELIHOOD: -18782.679
Iteration 30 / LogL: -18782.747 / Time: 0h:0m:0s (0h:0m:1s left)
Iteration 40 / LogL: -18795.112 / Time: 0h:0m:0s (0h:0m:1s left)
Iteration 50 / LogL: -18783.020 / Time: 0h:0m:0s (0h:0m:0s left)
Iteration 60 / LogL: -18783.070 / Time: 0h:0m:0s (0h:0m:0s left)
Iteration 70 / LogL: -18783.911 / Time: 0h:0m:0s (0h:0m:0s left)
Iteration 80 / LogL: -18782.679 / Time: 0h:0m:1s (0h:0m:0s left)
Iteration 90 / LogL: -18782.796 / Time: 0h:0m:1s (0h:0m:0s left)
Iteration 100 / LogL: -18786.724 / Time: 0h:0m:1s (0h:0m:0s left)
TREE SEARCH COMPLETED AFTER 101 ITERATIONS / Time: 0h:0m:1s

--------------------------------------------------------------------
|                    FINALIZING TREE SEARCH                        |
--------------------------------------------------------------------
Performs final model parameters optimization
Estimate model parameters (epsilon = 0.010)
1. Initial log-likelihood: -18782.679
Optimal log-likelihood: -18782.679
Rate parameters:  A-C: 1.00790  A-G: 0.96150  A-T: 0.92250  C-G: 0.96120  C-T: 1.01600  G-T: 1.00000
Base frequencies:  A: 0.334  C: 0.180  G: 0.229  T: 0.258
Proportion of invariable sites: 0.000
Gamma shape alpha: 1.101
Parameters optimization took 1 rounds (0.001 sec)
BEST SCORE FOUND : -18782.679
Total tree length: 1.170

Total number of iterations: 101
CPU time used for tree search: 1.238 sec (0h:0m:1s)
Wall-clock time used for tree search: 1.250 sec (0h:0m:1s)
Total CPU time used: 1.246 sec (0h:0m:1s)
Total wall-clock time used: 1.259 sec (0h:0m:1s)

Analysis results written to: 
  IQ-TREE report:                /home/ha/Code/data/precompute/108/108_infer.iqtree
  Maximum-likelihood tree:       /home/ha/Code/data/precompute/108/108_infer.treefile
  Screen log file:               /home/ha/Code/data/precompute/108/108_infer.log

Date and Time: Sat May 16 12:06:24 2026
