
RAxML-NG v. 1.2.2 released on 11.04.2024 by The Exelixis Lab.
Developed by: Alexey M. Kozlov and Alexandros Stamatakis.
Contributors: Diego Darriba, Tomas Flouri, Benoit Morel, Sarah Lutteropp, Ben Bettisworth, Julia Haag, Anastasis Togkousidis.
Latest version: https://github.com/amkozlov/raxml-ng
Questions/problems/suggestions? Please visit: https://groups.google.com/forum/#!forum/raxml

System: 13th Gen Intel(R) Core(TM) i5-13500H, 12 cores, 31 GB RAM (allocated: 8 physical cores)

RAxML-NG was called at 16-May-2026 12:06:10 as follows:

raxml-ng --search --msa /home/ha/Code/data/dna/test/20/data.phy --tree /home/ha/Code/data/dna/test/20/start.newick --model GTR{0.7883/0.8654/0.6143/0.8638/0.7751/1.0000}+I{9.203e-07}+G{0.7811}+F{0.3307/0.2115/0.215/0.2428} --prefix /home/ha/Code/data/precompute/20/20_infer --threads 1 --seed 42 --force perf_threads --redo

Analysis options:
  run mode: ML tree search
  start tree(s): user
  random seed: 42
  tip-inner: OFF
  pattern compression: ON
  per-rate scalers: OFF
  site repeats: ON
  logLH epsilon: general: 10.000000, brlen-triplet: 1000.000000
  fast spr radius: AUTO
  spr subtree cutoff: 1.000000
  fast CLV updates: ON
  branch lengths: proportional (ML estimate, algorithm: NR-FAST)
  SIMD kernels: AVX2
  parallelization: coarse-grained (auto), NONE/sequential

WARNING: Running in REDO mode: existing checkpoints are ignored, and all result files will be overwritten!

WARNING: Running in FORCE mode: some safety checks are disabled!

[00:00:00] Reading alignment from file: /home/ha/Code/data/dna/test/20/data.phy
[00:00:00] Loaded alignment with 7 taxa and 570 sites

WARNING: Fully undetermined columns found: 2

NOTE: Reduced alignment (with duplicates and gap-only sites/taxa removed) 
NOTE: was saved to: /home/ha/Code/data/precompute/20/20_infer.raxml.reduced.phy

Alignment comprises 1 partitions and 306 patterns

Partition 0: noname
Model: GTR{0.7883/0.8654/0.6143/0.8638/0.7751/1}+FU{0.3307/0.2115/0.215/0.2428}+IU{9.203e-07}+G4m{0.7811}
Alignment sites / patterns: 568 / 306
Gaps: 19.62 %
Invariant sites: 48.94 %


NOTE: Binary MSA file created: /home/ha/Code/data/precompute/20/20_infer.raxml.rba

Parallelization scheme autoconfig: 1 worker(s) x 1 thread(s)

[00:00:00] Loading user starting tree(s) from: /home/ha/Code/data/dna/test/20/start.newick
Parallel reduction/worker buffer size: 1 KB  / 0 KB

[00:00:00] Data distribution: max. partitions/sites/weight per thread: 1 / 306 / 4896
[00:00:00] Data distribution: max. searches per worker: 1

Starting ML tree search with 1 distinct starting trees

[00:00:00 -2626.791352] Initial branch length optimization
[00:00:00 -2626.791339] Model parameter optimization (eps = 10.000000)
[00:00:00 -2626.791326] AUTODETECT spr round 1 (radius: 5)
[00:00:00 -2626.791319] SPR radius for FAST iterations: 5 (autodetect)
[00:00:00 -2626.791319] Model parameter optimization (eps = 3.000000)
[00:00:00 -2626.791315] FAST spr round 1 (radius: 5)
[00:00:00 -2626.791312] Model parameter optimization (eps = 1.000000)
[00:00:00 -2626.791312] SLOW spr round 1 (radius: 5)
[00:00:00 -2626.791312] Model parameter optimization (eps = 0.100000)

[00:00:00] ML tree search #1, logLikelihood: -2626.791312


Optimized model parameters:

   Partition 0: noname
   Rate heterogeneity: GAMMA (4 cats, mean),  alpha: 0.781100 (user),  weights&rates: (0.250000,0.091531) (0.250000,0.399412) (0.250000,0.951577) (0.250000,2.557480) 
   P-inv (user): 0.000001
   Base frequencies (user): 0.330700 0.211500 0.215000 0.242800 
   Substitution rates (user): 0.788300 0.865400 0.614300 0.863800 0.775100 1.000000 


Final LogLikelihood: -2626.791312

AIC score: 5275.582624 / AICc score: 5276.057444 / BIC score: 5323.345959
Free parameters (model + branch lengths): 11

Best ML tree saved to: /home/ha/Code/data/precompute/20/20_infer.raxml.bestTree
Optimized model saved to: /home/ha/Code/data/precompute/20/20_infer.raxml.bestModel

Execution log saved to: /home/ha/Code/data/precompute/20/20_infer.raxml.log

Analysis started: 16-May-2026 12:06:10 / finished: 16-May-2026 12:06:10

Elapsed time: 0.059 seconds

