IQ-TREE version 3.1.1 for Linux x86 64-bit built Apr  8 2026
Developed by Bui Quang Minh, Thomas Wong, Nhan Ly-Trong, Huaiyan Ren
Contributed by Lam-Tung Nguyen, Dominik Schrempf, Chris Bielow,
Olga Chernomor, Michael Woodhams, Diep Thi Hoang, Heiko Schmidt

Host:    IAD1-C632678DGX041 (AVX2, FMA3, 2015 GB RAM)
Command: iqtree3 -s /raid/home/hatang/final_thesis/data/dna/test/20/data.phy -t /raid/home/hatang/final_thesis/data/dna/test/20/start.newick -m GTR{0.7883,0.8654,0.6143,0.8638,0.7751}+F{0.3307,0.2115,0.215,0.2428}+I{9.203e-07}+G4{0.7811} --prefix precompute/20/20_infer --threads auto --redo
Seed:    253021 (Using SPRNG - Scalable Parallel Random Number Generator)
Time:    Tue May  5 15:33:47 2026
Kernel:  AVX+FMA - auto-detect threads (256 CPU cores detected)

Reading alignment file /raid/home/hatang/final_thesis/data/dna/test/20/data.phy ... Phylip format detected
Alignment most likely contains DNA/RNA sequences
Constructing alignment: done in 0.0118967 secs using 1.3e+04% CPU
WARNING: 2 sites contain only gaps or ambiguous characters.
Alignment has 7 sequences with 570 columns, 307 distinct patterns
95 parsimony-informative, 195 singleton sites, 280 constant sites
    Gap/Ambiguity  Composition  p-value
Analyzing sequences: done in 0.0126498 secs using 1.665e+04% CPU
   1  T1   12.46%    passed     72.55%
   2  T2   26.32%    passed     95.89%
   3  T6   19.82%    passed     65.16%
   4  T7   22.63%    passed     83.26%
   5  T5   17.02%    passed     86.75%
   6  T4   28.77%    passed     49.23%
   7  T3   12.28%    passed     76.75%
****  TOTAL   19.90%  0 sequences failed composition chi2 test (p-value<5%; df=3)
Checking for duplicate sequences: done in 0.0118246 secs using 1.778e+04% CPU
Reading input tree file /raid/home/hatang/final_thesis/data/dna/test/20/start.newick ...

NOTE: 0 MB RAM (0 GB) is required!
Measuring multi-threading efficiency up to 256 CPU cores
Increase to 10 rounds for branch lengths
132962 trees examined
Threads: 1 / Time: 256.000 sec / Speedup: 1.000 / Efficiency: 100% / LogL: -2661
Threads: 2 / Time: 309.980 sec / Speedup: 0.826 / Efficiency: 41% / LogL: -2661
Determining AUTO threadcount: done in 565.981 secs using 150.8% CPU
BEST NUMBER OF THREADS: 1

Estimate model parameters (epsilon = 0.100)
1. Initial log-likelihood: -2626.791
Optimal log-likelihood: -2626.791
Rate parameters:  A-C: 0.78830  A-G: 0.86540  A-T: 0.61430  C-G: 0.86380  C-T: 0.77510  G-T: 1.00000
Base frequencies:  A: 0.331  C: 0.211  G: 0.215  T: 0.243
Proportion of invariable sites: 0.000
Gamma shape alpha: 0.781
Parameters optimization took 1 rounds (0.001 sec)
Wrote distance file to... 

Do NNI search on 1 best initial trees
Finish initializing candidate tree set (1)
Current best tree score: -2626.791 / CPU time: 0.001
Number of iterations: 1
--------------------------------------------------------------------
|               OPTIMIZING CANDIDATE TREE SET                      |
--------------------------------------------------------------------
UPDATE BEST LOG-LIKELIHOOD: -2626.791
UPDATE BEST LOG-LIKELIHOOD: -2626.791
Iteration 10 / LogL: -2626.791 / Time: 0h:9m:26s
UPDATE BEST LOG-LIKELIHOOD: -2626.791
UPDATE BEST LOG-LIKELIHOOD: -2626.791
UPDATE BEST LOG-LIKELIHOOD: -2626.791
UPDATE BEST LOG-LIKELIHOOD: -2626.791
Iteration 20 / LogL: -2626.791 / Time: 0h:9m:26s
Iteration 30 / LogL: -2626.791 / Time: 0h:9m:26s (0h:22m:46s left)
WARNING: NNI search needs unusual large number of steps (7) to converge!
WARNING: NNI search needs unusual large number of steps (7) to converge!
Iteration 40 / LogL: -2626.793 / Time: 0h:9m:26s (0h:14m:31s left)
UPDATE BEST LOG-LIKELIHOOD: -2626.791
UPDATE BEST LOG-LIKELIHOOD: -2626.791
Iteration 50 / LogL: -2626.791 / Time: 0h:9m:26s (0h:9m:37s left)
UPDATE BEST LOG-LIKELIHOOD: -2626.791
Iteration 60 / LogL: -2626.794 / Time: 0h:9m:26s (0h:6m:23s left)
Iteration 70 / LogL: -2626.926 / Time: 0h:9m:26s (0h:4m:6s left)
Iteration 80 / LogL: -2626.794 / Time: 0h:9m:26s (0h:2m:23s left)
Iteration 90 / LogL: -2626.794 / Time: 0h:9m:26s (0h:1m:3s left)
UPDATE BEST LOG-LIKELIHOOD: -2626.791
UPDATE BEST LOG-LIKELIHOOD: -2626.791
Iteration 100 / LogL: -2626.794 / Time: 0h:9m:26s (0h:0m:0s left)
TREE SEARCH COMPLETED AFTER 101 ITERATIONS / Time: 0h:9m:26s

--------------------------------------------------------------------
|                    FINALIZING TREE SEARCH                        |
--------------------------------------------------------------------
Performs final model parameters optimization
Estimate model parameters (epsilon = 0.010)
1. Initial log-likelihood: -2626.791
Optimal log-likelihood: -2626.791
Rate parameters:  A-C: 0.78830  A-G: 0.86540  A-T: 0.61430  C-G: 0.86380  C-T: 0.77510  G-T: 1.00000
Base frequencies:  A: 0.331  C: 0.211  G: 0.215  T: 0.243
Proportion of invariable sites: 0.000
Gamma shape alpha: 0.781
Parameters optimization took 1 rounds (0.000 sec)
BEST SCORE FOUND : -2626.791
Total tree length: 2.072

Total number of iterations: 101
CPU time used for tree search: 0.487 sec (0h:0m:0s)
Wall-clock time used for tree search: 0.491 sec (0h:0m:0s)
Total CPU time used: 856.103 sec (0h:14m:16s)
Total wall-clock time used: 566.496 sec (0h:9m:26s)

Analysis results written to: 
  IQ-TREE report:                precompute/20/20_infer.iqtree
  Maximum-likelihood tree:       precompute/20/20_infer.treefile
  Screen log file:               precompute/20/20_infer.log

Date and Time: Tue May  5 15:43:13 2026
