
RAxML-NG v. 1.2.2 released on 11.04.2024 by The Exelixis Lab.
Developed by: Alexey M. Kozlov and Alexandros Stamatakis.
Contributors: Diego Darriba, Tomas Flouri, Benoit Morel, Sarah Lutteropp, Ben Bettisworth, Julia Haag, Anastasis Togkousidis.
Latest version: https://github.com/amkozlov/raxml-ng
Questions/problems/suggestions? Please visit: https://groups.google.com/forum/#!forum/raxml

System: AMD EPYC 7742 64-Core Processor, 128 cores, 2015 GB RAM

RAxML-NG was called at 05-May-2026 04:49:43 as follows:

raxml-ng --search --msa /raid/home/hatang/final_thesis/data/dna/test/320/data.phy --tree /raid/home/hatang/final_thesis/data/dna/test/320/start.newick --model GTR{1.0476/1.1397/1.1566/1.0817/1.0181/1.0000}+I{9.953e-07}+G{0.8592}+F{0.2366/0.2608/0.3133/0.1893} --prefix precompute/320/320_infer --threads auto --seed 42 --force perf_threads

Analysis options:
  run mode: ML tree search
  start tree(s): user
  random seed: 42
  tip-inner: OFF
  pattern compression: ON
  per-rate scalers: OFF
  site repeats: ON
  logLH epsilon: general: 10.000000, brlen-triplet: 1000.000000
  fast spr radius: AUTO
  spr subtree cutoff: 1.000000
  fast CLV updates: ON
  branch lengths: proportional (ML estimate, algorithm: NR-FAST)
  SIMD kernels: AVX2
  parallelization: coarse-grained (auto), PTHREADS (auto)

WARNING: Running in FORCE mode: some safety checks are disabled!

[00:00:00] Reading alignment from file: /raid/home/hatang/final_thesis/data/dna/test/320/data.phy
[00:00:00] Loaded alignment with 20 taxa and 2556 sites

WARNING: Fully undetermined columns found: 35

NOTE: Reduced alignment (with duplicates and gap-only sites/taxa removed) 
NOTE: was saved to: /raid/home/hatang/final_thesis/precompute/320/320_infer.raxml.reduced.phy

Alignment comprises 1 partitions and 1671 patterns

Partition 0: noname
Model: GTR{1.0476/1.1397/1.1566/1.0817/1.0181/1}+FU{0.2366/0.2608/0.3133/0.1893}+IU{9.953e-07}+G4m{0.8592}
Alignment sites / patterns: 2521 / 1671
Gaps: 36.01 %
Invariant sites: 45.22 %


NOTE: Binary MSA file created: precompute/320/320_infer.raxml.rba

Parallelization scheme autoconfig: 1 worker(s) x 8 thread(s)

[00:00:00] Loading user starting tree(s) from: /raid/home/hatang/final_thesis/data/dna/test/320/start.newick
Parallel reduction/worker buffer size: 1 KB  / 0 KB

[00:00:00] Data distribution: max. partitions/sites/weight per thread: 1 / 209 / 3344
[00:00:00] Data distribution: max. searches per worker: 1

Starting ML tree search with 1 distinct starting trees

[00:00:00 -19487.503912] Initial branch length optimization
[00:00:00 -19487.503912] Model parameter optimization (eps = 10.000000)
[00:00:00 -19487.503912] AUTODETECT spr round 1 (radius: 5)
[00:00:00 -19487.503912] SPR radius for FAST iterations: 5 (autodetect)
[00:00:00 -19487.503912] Model parameter optimization (eps = 3.000000)
[00:00:00 -19487.503912] FAST spr round 1 (radius: 5)
[00:00:00 -19487.503912] Model parameter optimization (eps = 1.000000)
[00:00:00 -19487.503912] SLOW spr round 1 (radius: 5)
[00:00:00 -19487.503912] SLOW spr round 2 (radius: 10)
[00:00:00 -19487.503912] SLOW spr round 3 (radius: 15)
[00:00:00 -19487.503912] SLOW spr round 4 (radius: 20)
[00:00:00 -19487.503912] Model parameter optimization (eps = 0.100000)

[00:00:00] ML tree search #1, logLikelihood: -19487.503912


Optimized model parameters:

   Partition 0: noname
   Rate heterogeneity: GAMMA (4 cats, mean),  alpha: 0.859200 (user),  weights&rates: (0.250000,0.108079) (0.250000,0.429920) (0.250000,0.972099) (0.250000,2.489902) 
   P-inv (user): 0.000001
   Base frequencies (user): 0.236600 0.260800 0.313300 0.189300 
   Substitution rates (user): 1.047600 1.139700 1.156600 1.081700 1.018100 1.000000 


Final LogLikelihood: -19487.503912

AIC score: 39049.007824 / AICc score: 39050.140325 / BIC score: 39264.807028
Free parameters (model + branch lengths): 37

Best ML tree saved to: /raid/home/hatang/final_thesis/precompute/320/320_infer.raxml.bestTree
Optimized model saved to: /raid/home/hatang/final_thesis/precompute/320/320_infer.raxml.bestModel

Execution log saved to: /raid/home/hatang/final_thesis/precompute/320/320_infer.raxml.log

Analysis started: 05-May-2026 04:49:43 / finished: 05-May-2026 04:49:44

Elapsed time: 0.239 seconds

