IQ-TREE version 3.1.1 for Linux x86 64-bit built Apr  8 2026
Developed by Bui Quang Minh, Thomas Wong, Nhan Ly-Trong, Huaiyan Ren
Contributed by Lam-Tung Nguyen, Dominik Schrempf, Chris Bielow,
Olga Chernomor, Michael Woodhams, Diep Thi Hoang, Heiko Schmidt

Host:    IAD1-C632678DGX041 (AVX2, FMA3, 2015 GB RAM)
Command: iqtree3 -s /raid/home/hatang/final_thesis/data/dna/test/320/data.phy -t /raid/home/hatang/final_thesis/data/dna/test/320/start.newick -m GTR{1.0476,1.1397,1.1566,1.0817,1.0181}+F{0.2366,0.2608,0.3133,0.1893}+I{9.953e-07}+G4{0.8592} --prefix precompute/320/320_infer --threads auto --redo
Seed:    202398 (Using SPRNG - Scalable Parallel Random Number Generator)
Time:    Tue May  5 04:40:12 2026
Kernel:  AVX+FMA - auto-detect threads (256 CPU cores detected)

Reading alignment file /raid/home/hatang/final_thesis/data/dna/test/320/data.phy ... Phylip format detected
Alignment most likely contains DNA/RNA sequences
Constructing alignment: done in 0.0222783 secs using 2139% CPU
WARNING: 35 sites contain only gaps or ambiguous characters.
Alignment has 20 sequences with 2556 columns, 1672 distinct patterns
1050 parsimony-informative, 331 singleton sites, 1175 constant sites
     Gap/Ambiguity  Composition  p-value
Analyzing sequences: done in 0.0121767 secs using 2.264e+04% CPU
   1  T2    29.85%    passed     89.48%
   2  T3    30.52%    passed     63.15%
   3  T5    32.63%    passed     69.30%
   4  T6    31.85%    passed     87.04%
   5  T16   34.90%    passed     82.87%
   6  T4    41.63%    passed     97.33%
   7  T12   37.28%    passed     94.06%
   8  T8    50.55%    passed     24.95%
   9  T14   48.87%    passed     73.73%
  10  T11   46.67%    passed     55.45%
  11  T17   46.75%    passed     90.79%
  12  T10   50.04%    passed     79.48%
  13  T18   49.37%    passed     77.78%
  14  T15   48.16%    passed     84.34%
  15  T7    33.26%    passed     90.86%
  16  T9    30.48%    passed     62.92%
  17  T1    24.61%    passed     98.53%
  18  T13   22.30%    passed     76.58%
  19  T19   25.39%    passed     91.21%
  20  T20   22.54%    passed     84.84%
WARNING: 2 sequences contain more than 50% gaps/ambiguity
****  TOTAL   36.88%  0 sequences failed composition chi2 test (p-value<5%; df=3)
Checking for duplicate sequences: done in 0.0121029 secs using 2.299e+04% CPU
Reading input tree file /raid/home/hatang/final_thesis/data/dna/test/320/start.newick ...

NOTE: 4 MB RAM (0 GB) is required!
Measuring multi-threading efficiency up to 256 CPU cores
Increase to 10 rounds for branch lengths
5967 trees examined
Threads: 1 / Time: 256.015 sec / Speedup: 1.000 / Efficiency: 100% / LogL: -24910
Threads: 2 / Time: 306.271 sec / Speedup: 0.836 / Efficiency: 42% / LogL: -24910
Determining AUTO threadcount: done in 562.287 secs using 153.5% CPU
BEST NUMBER OF THREADS: 1

Estimate model parameters (epsilon = 0.100)
1. Initial log-likelihood: -19487.504
Optimal log-likelihood: -19487.504
Rate parameters:  A-C: 1.04760  A-G: 1.13970  A-T: 1.15660  C-G: 1.08170  C-T: 1.01810  G-T: 1.00000
Base frequencies:  A: 0.237  C: 0.261  G: 0.313  T: 0.189
Proportion of invariable sites: 0.000
Gamma shape alpha: 0.859
Parameters optimization took 1 rounds (0.007 sec)
Wrote distance file to... 

Do NNI search on 1 best initial trees
Finish initializing candidate tree set (1)
Current best tree score: -19487.504 / CPU time: 0.024
Number of iterations: 1
--------------------------------------------------------------------
|               OPTIMIZING CANDIDATE TREE SET                      |
--------------------------------------------------------------------
Iteration 10 / LogL: -19491.441 / Time: 0h:9m:23s
Iteration 20 / LogL: -19487.667 / Time: 0h:9m:23s
Iteration 30 / LogL: -19487.753 / Time: 0h:9m:24s (0h:22m:43s left)
Iteration 40 / LogL: -19491.736 / Time: 0h:9m:25s (0h:14m:30s left)
Iteration 50 / LogL: -19488.041 / Time: 0h:9m:26s (0h:9m:38s left)
Iteration 60 / LogL: -19487.798 / Time: 0h:9m:27s (0h:6m:24s left)
Iteration 70 / LogL: -19487.526 / Time: 0h:9m:28s (0h:4m:7s left)
Iteration 80 / LogL: -19487.899 / Time: 0h:9m:29s (0h:2m:24s left)
Iteration 90 / LogL: -19487.543 / Time: 0h:9m:30s (0h:1m:4s left)
Iteration 100 / LogL: -19538.762 / Time: 0h:9m:31s (0h:0m:0s left)
TREE SEARCH COMPLETED AFTER 101 ITERATIONS / Time: 0h:9m:31s

--------------------------------------------------------------------
|                    FINALIZING TREE SEARCH                        |
--------------------------------------------------------------------
Performs final model parameters optimization
Estimate model parameters (epsilon = 0.010)
1. Initial log-likelihood: -19487.504
Optimal log-likelihood: -19487.504
Rate parameters:  A-C: 1.04760  A-G: 1.13970  A-T: 1.15660  C-G: 1.08170  C-T: 1.01810  G-T: 1.00000
Base frequencies:  A: 0.237  C: 0.261  G: 0.313  T: 0.189
Proportion of invariable sites: 0.000
Gamma shape alpha: 0.859
Parameters optimization took 1 rounds (0.006 sec)
BEST SCORE FOUND : -19487.504
Total tree length: 3.181

Total number of iterations: 101
CPU time used for tree search: 9.200 sec (0h:0m:9s)
Wall-clock time used for tree search: 9.260 sec (0h:0m:9s)
Total CPU time used: 876.460 sec (0h:14m:36s)
Total wall-clock time used: 571.587 sec (0h:9m:31s)

Analysis results written to: 
  IQ-TREE report:                precompute/320/320_infer.iqtree
  Maximum-likelihood tree:       precompute/320/320_infer.treefile
  Screen log file:               precompute/320/320_infer.log

Date and Time: Tue May  5 04:49:43 2026
