IQ-TREE version 3.1.1 for Linux x86 64-bit built Apr  8 2026
Developed by Bui Quang Minh, Thomas Wong, Nhan Ly-Trong, Huaiyan Ren
Contributed by Lam-Tung Nguyen, Dominik Schrempf, Chris Bielow,
Olga Chernomor, Michael Woodhams, Diep Thi Hoang, Heiko Schmidt

Host:    ha-ThinkPad-E14-Gen-5 (AVX2, FMA3, 31 GB RAM)
Command: iqtree3 -s /home/ha/Code/data/dna/test/454/data.phy -t /home/ha/Code/data/dna/test/454/start.newick -m GTR{0.9526,0.9772,0.9599,0.9377,0.9458}+F{0.303,0.2725,0.1952,0.2294}+I{0.05006}+G4{1.216} --prefix /home/ha/Code/data/precompute/454/454_infer -T 1 --redo
Seed:    327473 (Using SPRNG - Scalable Parallel Random Number Generator)
Time:    Sat May 16 12:12:54 2026
Kernel:  AVX+FMA - 1 threads (16 CPU cores detected)

HINT: Use -nt option to specify number of threads because your CPU has 16 cores!
HINT: -nt AUTO will automatically determine the best number of threads to use.

Reading alignment file /home/ha/Code/data/dna/test/454/data.phy ... Phylip format detected
Alignment most likely contains DNA/RNA sequences
Constructing alignment: done in 0.0035139 secs using 62.47% CPU
WARNING: 56 sites contain only gaps or ambiguous characters.
Alignment has 15 sequences with 5056 columns, 2767 distinct patterns
2014 parsimony-informative, 710 singleton sites, 2332 constant sites
     Gap/Ambiguity  Composition  p-value
Analyzing sequences: done in 6.8987e-05 secs using 62.33% CPU
   1  T1    25.73%    passed     94.29%
   2  T2    26.56%    passed     98.03%
   3  T6    28.80%    passed     84.63%
   4  T8    33.21%    passed     78.00%
   5  T15   32.97%    passed     64.88%
   6  T11   35.21%    passed     65.59%
   7  T3    29.05%    passed     94.44%
   8  T12   27.02%    passed     99.52%
   9  T7    27.57%    passed     94.22%
  10  T4    25.42%    passed     99.91%
  11  T14   25.26%    passed     95.53%
  12  T5    24.88%    passed     53.33%
  13  T13   23.81%    passed     36.75%
  14  T10   22.67%    passed     93.10%
  15  T9    22.45%    passed     87.35%
****  TOTAL   27.37%  0 sequences failed composition chi2 test (p-value<5%; df=3)
Checking for duplicate sequences: done in 0.000104586 secs using 63.11% CPU
Reading input tree file /home/ha/Code/data/dna/test/454/start.newick ...
WARNING: Normalizing State frequencies so that sum of them equals to 1

NOTE: 5 MB RAM (0 GB) is required!
Estimate model parameters (epsilon = 0.100)
1. Initial log-likelihood: -32770.780
Optimal log-likelihood: -32770.780
Rate parameters:  A-C: 0.95260  A-G: 0.97720  A-T: 0.95990  C-G: 0.93770  C-T: 0.94580  G-T: 1.00000
Base frequencies:  A: 0.303  C: 0.272  G: 0.195  T: 0.229
Proportion of invariable sites: 0.050
Gamma shape alpha: 1.216
Parameters optimization took 1 rounds (0.010 sec)
Wrote distance file to... 

Do NNI search on 1 best initial trees
Finish initializing candidate tree set (1)
Current best tree score: -32770.780 / CPU time: 0.023
Number of iterations: 1
--------------------------------------------------------------------
|               OPTIMIZING CANDIDATE TREE SET                      |
--------------------------------------------------------------------
Iteration 10 / LogL: -32770.798 / Time: 0h:0m:0s
Iteration 20 / LogL: -32784.311 / Time: 0h:0m:1s
Iteration 30 / LogL: -32770.814 / Time: 0h:0m:2s (0h:0m:6s left)
Iteration 40 / LogL: -32770.950 / Time: 0h:0m:3s (0h:0m:5s left)
Iteration 50 / LogL: -32772.694 / Time: 0h:0m:4s (0h:0m:4s left)
Iteration 60 / LogL: -32772.642 / Time: 0h:0m:5s (0h:0m:3s left)
Iteration 70 / LogL: -32770.797 / Time: 0h:0m:6s (0h:0m:2s left)
Iteration 80 / LogL: -32772.227 / Time: 0h:0m:7s (0h:0m:1s left)
Iteration 90 / LogL: -32771.643 / Time: 0h:0m:8s (0h:0m:0s left)
Iteration 100 / LogL: -32772.191 / Time: 0h:0m:9s (0h:0m:0s left)
TREE SEARCH COMPLETED AFTER 101 ITERATIONS / Time: 0h:0m:9s

--------------------------------------------------------------------
|                    FINALIZING TREE SEARCH                        |
--------------------------------------------------------------------
Performs final model parameters optimization
Estimate model parameters (epsilon = 0.010)
1. Initial log-likelihood: -32770.780
Optimal log-likelihood: -32770.780
Rate parameters:  A-C: 0.95260  A-G: 0.97720  A-T: 0.95990  C-G: 0.93770  C-T: 0.94580  G-T: 1.00000
Base frequencies:  A: 0.303  C: 0.272  G: 0.195  T: 0.229
Proportion of invariable sites: 0.050
Gamma shape alpha: 1.216
Parameters optimization took 1 rounds (0.010 sec)
BEST SCORE FOUND : -32770.780
Total tree length: 2.104

Total number of iterations: 101
CPU time used for tree search: 9.019 sec (0h:0m:9s)
Wall-clock time used for tree search: 9.062 sec (0h:0m:9s)
Total CPU time used: 9.044 sec (0h:0m:9s)
Total wall-clock time used: 9.091 sec (0h:0m:9s)

Analysis results written to: 
  IQ-TREE report:                /home/ha/Code/data/precompute/454/454_infer.iqtree
  Maximum-likelihood tree:       /home/ha/Code/data/precompute/454/454_infer.treefile
  Screen log file:               /home/ha/Code/data/precompute/454/454_infer.log

Date and Time: Sat May 16 12:13:03 2026
