
RAxML-NG v. 1.2.2 released on 11.04.2024 by The Exelixis Lab.
Developed by: Alexey M. Kozlov and Alexandros Stamatakis.
Contributors: Diego Darriba, Tomas Flouri, Benoit Morel, Sarah Lutteropp, Ben Bettisworth, Julia Haag, Anastasis Togkousidis.
Latest version: https://github.com/amkozlov/raxml-ng
Questions/problems/suggestions? Please visit: https://groups.google.com/forum/#!forum/raxml

System: AMD EPYC 7742 64-Core Processor, 128 cores, 2015 GB RAM

RAxML-NG was called at 05-May-2026 08:28:52 as follows:

raxml-ng --search --msa /raid/home/hatang/final_thesis/data/dna/test/454/data.phy --tree /raid/home/hatang/final_thesis/data/dna/test/454/start.newick --model GTR{0.9526/0.9772/0.9599/0.9377/0.9458/1.0000}+I{0.05006}+G{1.216}+F{0.303/0.2725/0.1952/0.2294} --prefix precompute/454/454_infer --threads auto --seed 42 --force perf_threads

Analysis options:
  run mode: ML tree search
  start tree(s): user
  random seed: 42
  tip-inner: OFF
  pattern compression: ON
  per-rate scalers: OFF
  site repeats: ON
  logLH epsilon: general: 10.000000, brlen-triplet: 1000.000000
  fast spr radius: AUTO
  spr subtree cutoff: 1.000000
  fast CLV updates: ON
  branch lengths: proportional (ML estimate, algorithm: NR-FAST)
  SIMD kernels: AVX2
  parallelization: coarse-grained (auto), PTHREADS (auto)

WARNING: Running in FORCE mode: some safety checks are disabled!

[00:00:00] Reading alignment from file: /raid/home/hatang/final_thesis/data/dna/test/454/data.phy
[00:00:00] Loaded alignment with 15 taxa and 5056 sites

WARNING: Fully undetermined columns found: 56

NOTE: Reduced alignment (with duplicates and gap-only sites/taxa removed) 
NOTE: was saved to: /raid/home/hatang/final_thesis/precompute/454/454_infer.raxml.reduced.phy

Alignment comprises 1 partitions and 2766 patterns

Partition 0: noname
Model: GTR{0.9526/0.9772/0.9599/0.9377/0.9458/1}+FU{0.303/0.2725/0.1952/0.2294}+IU{0.05006}+G4m{1.216}
Alignment sites / patterns: 5000 / 2766
Gaps: 26.56 %
Invariant sites: 45.52 %


NOTE: Binary MSA file created: precompute/454/454_infer.raxml.rba

Parallelization scheme autoconfig: 1 worker(s) x 8 thread(s)

[00:00:00] Loading user starting tree(s) from: /raid/home/hatang/final_thesis/data/dna/test/454/start.newick
Parallel reduction/worker buffer size: 1 KB  / 0 KB

[00:00:00] Data distribution: max. partitions/sites/weight per thread: 1 / 346 / 5536
[00:00:00] Data distribution: max. searches per worker: 1

Starting ML tree search with 1 distinct starting trees

[00:00:00 -32770.780305] Initial branch length optimization
[00:00:00 -32770.780300] Model parameter optimization (eps = 10.000000)
[00:00:00 -32770.780299] AUTODETECT spr round 1 (radius: 5)
[00:00:00 -32770.780299] SPR radius for FAST iterations: 5 (autodetect)
[00:00:00 -32770.780299] Model parameter optimization (eps = 3.000000)
[00:00:00 -32770.780299] FAST spr round 1 (radius: 5)
[00:00:00 -32770.780299] Model parameter optimization (eps = 1.000000)
[00:00:00 -32770.780299] SLOW spr round 1 (radius: 5)
[00:00:00 -32770.780299] SLOW spr round 2 (radius: 10)
[00:00:00 -32770.780299] SLOW spr round 3 (radius: 15)
[00:00:00 -32770.780299] Model parameter optimization (eps = 0.100000)

[00:00:00] ML tree search #1, logLikelihood: -32770.780299


Optimized model parameters:

   Partition 0: noname
   Rate heterogeneity: GAMMA (4 cats, mean),  alpha: 1.216000 (user),  weights&rates: (0.250000,0.177940) (0.250000,0.533272) (0.250000,1.028253) (0.250000,2.260535) 
   P-inv (user): 0.050060
   Base frequencies (user): 0.302970 0.272473 0.195180 0.229377 
   Substitution rates (user): 0.952600 0.977200 0.959900 0.937700 0.945800 1.000000 


Final LogLikelihood: -32770.780299

AIC score: 65595.560597 / AICc score: 65595.864700 / BIC score: 65771.524814
Free parameters (model + branch lengths): 27

Best ML tree saved to: /raid/home/hatang/final_thesis/precompute/454/454_infer.raxml.bestTree
Optimized model saved to: /raid/home/hatang/final_thesis/precompute/454/454_infer.raxml.bestModel

Execution log saved to: /raid/home/hatang/final_thesis/precompute/454/454_infer.raxml.log

Analysis started: 05-May-2026 08:28:52 / finished: 05-May-2026 08:28:52

Elapsed time: 0.251 seconds

