
RAxML-NG v. 1.2.2 released on 11.04.2024 by The Exelixis Lab.
Developed by: Alexey M. Kozlov and Alexandros Stamatakis.
Contributors: Diego Darriba, Tomas Flouri, Benoit Morel, Sarah Lutteropp, Ben Bettisworth, Julia Haag, Anastasis Togkousidis.
Latest version: https://github.com/amkozlov/raxml-ng
Questions/problems/suggestions? Please visit: https://groups.google.com/forum/#!forum/raxml

System: 13th Gen Intel(R) Core(TM) i5-13500H, 12 cores, 31 GB RAM (allocated: 8 physical cores)

RAxML-NG was called at 16-May-2026 12:06:17 as follows:

raxml-ng --search --msa /home/ha/Code/data/dna/test/59/data.phy --tree /home/ha/Code/data/dna/test/59/start.newick --model GTR{1.0538/0.9101/0.9139/0.9319/1.0546/1.0000}+I{0.1169}+G{1.701}+F{0.3396/0.2062/0.1828/0.2713} --prefix /home/ha/Code/data/precompute/59/59_infer --threads 1 --seed 42 --force perf_threads --redo

Analysis options:
  run mode: ML tree search
  start tree(s): user
  random seed: 42
  tip-inner: OFF
  pattern compression: ON
  per-rate scalers: OFF
  site repeats: ON
  logLH epsilon: general: 10.000000, brlen-triplet: 1000.000000
  fast spr radius: AUTO
  spr subtree cutoff: 1.000000
  fast CLV updates: ON
  branch lengths: proportional (ML estimate, algorithm: NR-FAST)
  SIMD kernels: AVX2
  parallelization: coarse-grained (auto), NONE/sequential

WARNING: Running in REDO mode: existing checkpoints are ignored, and all result files will be overwritten!

WARNING: Running in FORCE mode: some safety checks are disabled!

[00:00:00] Reading alignment from file: /home/ha/Code/data/dna/test/59/data.phy
[00:00:00] Loaded alignment with 7 taxa and 2534 sites

WARNING: Fully undetermined columns found: 8

NOTE: Reduced alignment (with duplicates and gap-only sites/taxa removed) 
NOTE: was saved to: /home/ha/Code/data/precompute/59/59_infer.raxml.reduced.phy

Alignment comprises 1 partitions and 925 patterns

Partition 0: noname
Model: GTR{1.0538/0.9101/0.9139/0.9319/1.0546/1}+FU{0.3396/0.2062/0.1828/0.2713}+IU{0.1169}+G4m{1.701}
Alignment sites / patterns: 2526 / 925
Gaps: 27.03 %
Invariant sites: 52.18 %


NOTE: Binary MSA file created: /home/ha/Code/data/precompute/59/59_infer.raxml.rba

Parallelization scheme autoconfig: 1 worker(s) x 1 thread(s)

[00:00:00] Loading user starting tree(s) from: /home/ha/Code/data/dna/test/59/start.newick
Parallel reduction/worker buffer size: 1 KB  / 0 KB

[00:00:00] Data distribution: max. partitions/sites/weight per thread: 1 / 925 / 14800
[00:00:00] Data distribution: max. searches per worker: 1

Starting ML tree search with 1 distinct starting trees

[00:00:00 -10978.153077] Initial branch length optimization
[00:00:00 -10978.153070] Model parameter optimization (eps = 10.000000)
[00:00:00 -10978.153069] AUTODETECT spr round 1 (radius: 5)
[00:00:00 -10978.153069] SPR radius for FAST iterations: 5 (autodetect)
[00:00:00 -10978.153069] Model parameter optimization (eps = 3.000000)
[00:00:00 -10978.153069] FAST spr round 1 (radius: 5)
[00:00:00 -10978.153069] Model parameter optimization (eps = 1.000000)
[00:00:00 -10978.153069] SLOW spr round 1 (radius: 5)
[00:00:00 -10978.153069] Model parameter optimization (eps = 0.100000)

[00:00:00] ML tree search #1, logLikelihood: -10978.153069


Optimized model parameters:

   Partition 0: noname
   Rate heterogeneity: GAMMA (4 cats, mean),  alpha: 1.701000 (user),  weights&rates: (0.250000,0.254770) (0.250000,0.618919) (0.250000,1.060329) (0.250000,2.065981) 
   P-inv (user): 0.116900
   Base frequencies (user): 0.339634 0.206221 0.182818 0.271327 
   Substitution rates (user): 1.053800 0.910100 0.913900 0.931900 1.054600 1.000000 


Final LogLikelihood: -10978.153069

AIC score: 21978.306138 / AICc score: 21978.411150 / BIC score: 22042.484454
Free parameters (model + branch lengths): 11

Best ML tree saved to: /home/ha/Code/data/precompute/59/59_infer.raxml.bestTree
Optimized model saved to: /home/ha/Code/data/precompute/59/59_infer.raxml.bestModel

Execution log saved to: /home/ha/Code/data/precompute/59/59_infer.raxml.log

Analysis started: 16-May-2026 12:06:17 / finished: 16-May-2026 12:06:17

Elapsed time: 0.141 seconds

