
RAxML-NG v. 1.2.2 released on 11.04.2024 by The Exelixis Lab.
Developed by: Alexey M. Kozlov and Alexandros Stamatakis.
Contributors: Diego Darriba, Tomas Flouri, Benoit Morel, Sarah Lutteropp, Ben Bettisworth, Julia Haag, Anastasis Togkousidis.
Latest version: https://github.com/amkozlov/raxml-ng
Questions/problems/suggestions? Please visit: https://groups.google.com/forum/#!forum/raxml

System: AMD EPYC 7742 64-Core Processor, 128 cores, 2015 GB RAM

RAxML-NG was called at 05-May-2026 02:51:07 as follows:

raxml-ng --search --msa /raid/home/hatang/final_thesis/data/dna/test/57/data.phy --tree /raid/home/hatang/final_thesis/data/dna/test/57/start.newick --model GTR{0.9637/0.9396/1.0734/1.0275/0.9852/1.0000}+I{0.0641}+G{1.274}+F{0.2963/0.1755/0.1964/0.3318} --prefix precompute/57/57_infer --threads auto --seed 42 --force perf_threads

Analysis options:
  run mode: ML tree search
  start tree(s): user
  random seed: 42
  tip-inner: OFF
  pattern compression: ON
  per-rate scalers: OFF
  site repeats: ON
  logLH epsilon: general: 10.000000, brlen-triplet: 1000.000000
  fast spr radius: AUTO
  spr subtree cutoff: 1.000000
  fast CLV updates: ON
  branch lengths: proportional (ML estimate, algorithm: NR-FAST)
  SIMD kernels: AVX2
  parallelization: coarse-grained (auto), PTHREADS (auto)

WARNING: Running in FORCE mode: some safety checks are disabled!

[00:00:00] Reading alignment from file: /raid/home/hatang/final_thesis/data/dna/test/57/data.phy
[00:00:00] Loaded alignment with 7 taxa and 2215 sites

WARNING: Fully undetermined columns found: 3

NOTE: Reduced alignment (with duplicates and gap-only sites/taxa removed) 
NOTE: was saved to: /raid/home/hatang/final_thesis/precompute/57/57_infer.raxml.reduced.phy

Alignment comprises 1 partitions and 660 patterns

Partition 0: noname
Model: GTR{0.9637/0.9396/1.0734/1.0275/0.9852/1}+FU{0.2963/0.1755/0.1964/0.3318}+IU{0.0641}+G4m{1.274}
Alignment sites / patterns: 2212 / 660
Gaps: 12.90 %
Invariant sites: 57.41 %


NOTE: Binary MSA file created: precompute/57/57_infer.raxml.rba

Parallelization scheme autoconfig: 1 worker(s) x 6 thread(s)

[00:00:00] Loading user starting tree(s) from: /raid/home/hatang/final_thesis/data/dna/test/57/start.newick
Parallel reduction/worker buffer size: 1 KB  / 0 KB

[00:00:00] Data distribution: max. partitions/sites/weight per thread: 1 / 110 / 1760
[00:00:00] Data distribution: max. searches per worker: 1

Starting ML tree search with 1 distinct starting trees

[00:00:00 -9028.767756] Initial branch length optimization
[00:00:00 -9028.767756] Model parameter optimization (eps = 10.000000)
[00:00:00 -9028.767756] AUTODETECT spr round 1 (radius: 5)
[00:00:00 -9028.767756] SPR radius for FAST iterations: 5 (autodetect)
[00:00:00 -9028.767756] Model parameter optimization (eps = 3.000000)
[00:00:00 -9028.767756] FAST spr round 1 (radius: 5)
[00:00:00 -9028.767756] Model parameter optimization (eps = 1.000000)
[00:00:00 -9028.767756] SLOW spr round 1 (radius: 5)
[00:00:00 -9028.767756] Model parameter optimization (eps = 0.100000)

[00:00:00] ML tree search #1, logLikelihood: -9028.767756


Optimized model parameters:

   Partition 0: noname
   Rate heterogeneity: GAMMA (4 cats, mean),  alpha: 1.274000 (user),  weights&rates: (0.250000,0.188208) (0.250000,0.546038) (0.250000,1.033846) (0.250000,2.231908) 
   P-inv (user): 0.064100
   Base frequencies (user): 0.296300 0.175500 0.196400 0.331800 
   Substitution rates (user): 0.963700 0.939600 1.073400 1.027500 0.985200 1.000000 


Final LogLikelihood: -9028.767756

AIC score: 18079.535511 / AICc score: 18079.655511 / BIC score: 18142.253687
Free parameters (model + branch lengths): 11

Best ML tree saved to: /raid/home/hatang/final_thesis/precompute/57/57_infer.raxml.bestTree
Optimized model saved to: /raid/home/hatang/final_thesis/precompute/57/57_infer.raxml.bestModel

Execution log saved to: /raid/home/hatang/final_thesis/precompute/57/57_infer.raxml.log

Analysis started: 05-May-2026 02:51:07 / finished: 05-May-2026 02:51:07

Elapsed time: 0.042 seconds

