
RAxML-NG v. 1.2.2 released on 11.04.2024 by The Exelixis Lab.
Developed by: Alexey M. Kozlov and Alexandros Stamatakis.
Contributors: Diego Darriba, Tomas Flouri, Benoit Morel, Sarah Lutteropp, Ben Bettisworth, Julia Haag, Anastasis Togkousidis.
Latest version: https://github.com/amkozlov/raxml-ng
Questions/problems/suggestions? Please visit: https://groups.google.com/forum/#!forum/raxml

System: AMD EPYC 7742 64-Core Processor, 128 cores, 2015 GB RAM

RAxML-NG was called at 05-May-2026 15:33:47 as follows:

raxml-ng --search --msa /raid/home/hatang/final_thesis/data/dna/test/157/data.phy --tree /raid/home/hatang/final_thesis/data/dna/test/157/start.newick --model GTR{0.9841/1.3942/0.8954/1.1350/0.7336/1.0000}+I{9.476e-07}+G{1.24}+F{0.2513/0.2228/0.2786/0.2473} --prefix precompute/157/157_infer --threads auto --seed 42 --force perf_threads

Analysis options:
  run mode: ML tree search
  start tree(s): user
  random seed: 42
  tip-inner: OFF
  pattern compression: ON
  per-rate scalers: OFF
  site repeats: ON
  logLH epsilon: general: 10.000000, brlen-triplet: 1000.000000
  fast spr radius: AUTO
  spr subtree cutoff: 1.000000
  fast CLV updates: ON
  branch lengths: proportional (ML estimate, algorithm: NR-FAST)
  SIMD kernels: AVX2
  parallelization: coarse-grained (auto), PTHREADS (auto)

WARNING: Running in FORCE mode: some safety checks are disabled!

[00:00:00] Reading alignment from file: /raid/home/hatang/final_thesis/data/dna/test/157/data.phy
[00:00:00] Loaded alignment with 12 taxa and 568 sites

WARNING: Fully undetermined columns found: 2

NOTE: Reduced alignment (with duplicates and gap-only sites/taxa removed) 
NOTE: was saved to: /raid/home/hatang/final_thesis/precompute/157/157_infer.raxml.reduced.phy

Alignment comprises 1 partitions and 355 patterns

Partition 0: noname
Model: GTR{0.9841/1.3942/0.8954/1.135/0.7336/1}+FU{0.2513/0.2228/0.2786/0.2473}+IU{9.476e-07}+G4m{1.24}
Alignment sites / patterns: 566 / 355
Gaps: 26.12 %
Invariant sites: 47.88 %


NOTE: Binary MSA file created: precompute/157/157_infer.raxml.rba

Parallelization scheme autoconfig: 1 worker(s) x 6 thread(s)

[00:00:00] Loading user starting tree(s) from: /raid/home/hatang/final_thesis/data/dna/test/157/start.newick
Parallel reduction/worker buffer size: 1 KB  / 0 KB

[00:00:00] Data distribution: max. partitions/sites/weight per thread: 1 / 60 / 960
[00:00:00] Data distribution: max. searches per worker: 1

Starting ML tree search with 1 distinct starting trees

[00:00:00 -3165.829575] Initial branch length optimization
[00:00:00 -3165.828988] Model parameter optimization (eps = 10.000000)
[00:00:00 -3165.828987] AUTODETECT spr round 1 (radius: 5)
[00:00:00 -3165.828987] SPR radius for FAST iterations: 5 (autodetect)
[00:00:00 -3165.828987] Model parameter optimization (eps = 3.000000)
[00:00:00 -3165.828987] FAST spr round 1 (radius: 5)
[00:00:00 -3165.828987] Model parameter optimization (eps = 1.000000)
[00:00:00 -3165.828987] SLOW spr round 1 (radius: 5)
[00:00:00 -3165.828987] SLOW spr round 2 (radius: 10)
[00:00:00 -3165.828987] Model parameter optimization (eps = 0.100000)

[00:00:00] ML tree search #1, logLikelihood: -3165.828987


Optimized model parameters:

   Partition 0: noname
   Rate heterogeneity: GAMMA (4 cats, mean),  alpha: 1.240000 (user),  weights&rates: (0.250000,0.182227) (0.250000,0.538661) (0.250000,1.030649) (0.250000,2.248464) 
   P-inv (user): 0.000001
   Base frequencies (user): 0.251300 0.222800 0.278600 0.247300 
   Substitution rates (user): 0.984100 1.394200 0.895400 1.135000 0.733600 1.000000 


Final LogLikelihood: -3165.828987

AIC score: 6373.657974 / AICc score: 6375.356504 / BIC score: 6464.768450
Free parameters (model + branch lengths): 21

Best ML tree saved to: /raid/home/hatang/final_thesis/precompute/157/157_infer.raxml.bestTree
Optimized model saved to: /raid/home/hatang/final_thesis/precompute/157/157_infer.raxml.bestModel

Execution log saved to: /raid/home/hatang/final_thesis/precompute/157/157_infer.raxml.log

Analysis started: 05-May-2026 15:33:47 / finished: 05-May-2026 15:33:47

Elapsed time: 0.066 seconds

