IQ-TREE version 3.1.1 for Linux x86 64-bit built Apr  8 2026
Developed by Bui Quang Minh, Thomas Wong, Nhan Ly-Trong, Huaiyan Ren
Contributed by Lam-Tung Nguyen, Dominik Schrempf, Chris Bielow,
Olga Chernomor, Michael Woodhams, Diep Thi Hoang, Heiko Schmidt

Host:    IAD1-C632678DGX041 (AVX2, FMA3, 2015 GB RAM)
Command: iqtree3 -s /raid/home/hatang/final_thesis/data/dna/test/157/data.phy -t /raid/home/hatang/final_thesis/data/dna/test/157/start.newick -m GTR{0.9841,1.3942,0.8954,1.1350,0.7336}+F{0.2513,0.2228,0.2786,0.2473}+I{9.476e-07}+G4{1.24} --prefix precompute/157/157_infer --threads auto --redo
Seed:    255422 (Using SPRNG - Scalable Parallel Random Number Generator)
Time:    Tue May  5 15:24:19 2026
Kernel:  AVX+FMA - auto-detect threads (256 CPU cores detected)

Reading alignment file /raid/home/hatang/final_thesis/data/dna/test/157/data.phy ... Phylip format detected
Alignment most likely contains DNA/RNA sequences
Constructing alignment: done in 0.00560904 secs using 1.404e+04% CPU
WARNING: 2 sites contain only gaps or ambiguous characters.
Alignment has 12 sequences with 568 columns, 356 distinct patterns
198 parsimony-informative, 97 singleton sites, 273 constant sites
     Gap/Ambiguity  Composition  p-value
Analyzing sequences: done in 0.012182 secs using 2.084e+04% CPU
   1  T2    29.58%    passed     67.72%
   2  T8    29.23%    passed     88.19%
   3  T10   29.23%    passed     69.28%
   4  T6    33.27%    passed     72.83%
   5  T5    32.92%    passed     43.91%
   6  T7    35.21%    passed     35.94%
   7  T12   35.92%    passed     51.21%
   8  T3    25.00%    passed     87.60%
   9  T9    27.11%    passed     83.14%
  10  T4    13.73%    passed     95.56%
  11  T1    13.38%    passed     80.86%
  12  T11   11.97%    passed     78.36%
****  TOTAL   26.38%  0 sequences failed composition chi2 test (p-value<5%; df=3)
Checking for duplicate sequences: done in 0.0120935 secs using 2.348e+04% CPU
Reading input tree file /raid/home/hatang/final_thesis/data/dna/test/157/start.newick ...

NOTE: 0 MB RAM (0 GB) is required!
Measuring multi-threading efficiency up to 256 CPU cores
Increase to 10 rounds for branch lengths
49712 trees examined
Threads: 1 / Time: 256.005 sec / Speedup: 1.000 / Efficiency: 100% / LogL: -3996
Threads: 2 / Time: 310.693 sec / Speedup: 0.824 / Efficiency: 41% / LogL: -3996
Determining AUTO threadcount: done in 566.698 secs using 152.2% CPU
BEST NUMBER OF THREADS: 1

Estimate model parameters (epsilon = 0.100)
1. Initial log-likelihood: -3165.830
Optimal log-likelihood: -3165.830
Rate parameters:  A-C: 0.98410  A-G: 1.39420  A-T: 0.89540  C-G: 1.13500  C-T: 0.73360  G-T: 1.00000
Base frequencies:  A: 0.251  C: 0.223  G: 0.279  T: 0.247
Proportion of invariable sites: 0.000
Gamma shape alpha: 1.240
Parameters optimization took 1 rounds (0.001 sec)
Wrote distance file to... 

Do NNI search on 1 best initial trees
Finish initializing candidate tree set (1)
Current best tree score: -3165.830 / CPU time: 0.003
Number of iterations: 1
--------------------------------------------------------------------
|               OPTIMIZING CANDIDATE TREE SET                      |
--------------------------------------------------------------------
Iteration 10 / LogL: -3165.837 / Time: 0h:9m:26s
Iteration 20 / LogL: -3165.937 / Time: 0h:9m:26s
Iteration 30 / LogL: -3165.834 / Time: 0h:9m:27s (0h:22m:48s left)
UPDATE BEST LOG-LIKELIHOOD: -3165.830
Iteration 40 / LogL: -3165.830 / Time: 0h:9m:27s (0h:14m:32s left)
Iteration 50 / LogL: -3165.883 / Time: 0h:9m:27s (0h:9m:38s left)
Iteration 60 / LogL: -3165.888 / Time: 0h:9m:27s (0h:6m:24s left)
Iteration 70 / LogL: -3165.865 / Time: 0h:9m:27s (0h:4m:6s left)
Iteration 80 / LogL: -3165.896 / Time: 0h:9m:27s (0h:2m:23s left)
Iteration 90 / LogL: -3166.094 / Time: 0h:9m:27s (0h:1m:3s left)
Iteration 100 / LogL: -3165.834 / Time: 0h:9m:27s (0h:0m:0s left)
TREE SEARCH COMPLETED AFTER 101 ITERATIONS / Time: 0h:9m:27s

--------------------------------------------------------------------
|                    FINALIZING TREE SEARCH                        |
--------------------------------------------------------------------
Performs final model parameters optimization
Estimate model parameters (epsilon = 0.010)
1. Initial log-likelihood: -3165.830
Optimal log-likelihood: -3165.830
Rate parameters:  A-C: 0.98410  A-G: 1.39420  A-T: 0.89540  C-G: 1.13500  C-T: 0.73360  G-T: 1.00000
Base frequencies:  A: 0.251  C: 0.223  G: 0.279  T: 0.247
Proportion of invariable sites: 0.000
Gamma shape alpha: 1.240
Parameters optimization took 1 rounds (0.001 sec)
BEST SCORE FOUND : -3165.830
Total tree length: 1.873

Total number of iterations: 101
CPU time used for tree search: 1.043 sec (0h:0m:1s)
Wall-clock time used for tree search: 1.066 sec (0h:0m:1s)
Total CPU time used: 868.231 sec (0h:14m:28s)
Total wall-clock time used: 567.789 sec (0h:9m:27s)

Analysis results written to: 
  IQ-TREE report:                precompute/157/157_infer.iqtree
  Maximum-likelihood tree:       precompute/157/157_infer.treefile
  Screen log file:               precompute/157/157_infer.log

Date and Time: Tue May  5 15:33:47 2026
