IQ-TREE version 3.1.1 for Linux x86 64-bit built Apr  8 2026
Developed by Bui Quang Minh, Thomas Wong, Nhan Ly-Trong, Huaiyan Ren
Contributed by Lam-Tung Nguyen, Dominik Schrempf, Chris Bielow,
Olga Chernomor, Michael Woodhams, Diep Thi Hoang, Heiko Schmidt

Host:    ha-ThinkPad-E14-Gen-5 (AVX2, FMA3, 31 GB RAM)
Command: iqtree3 -s /home/ha/Code/data/dna/test/434/data.phy -t /home/ha/Code/data/dna/test/434/start.newick -m GTR{0.9535,0.9496,0.9616,0.9913,0.9943}+F{0.2464,0.2828,0.1972,0.2736}+I{9.944e-07}+G4{1.129} --prefix /home/ha/Code/data/precompute/434/434_infer -T 1 --redo
Seed:    769126 (Using SPRNG - Scalable Parallel Random Number Generator)
Time:    Sat May 16 12:12:19 2026
Kernel:  AVX+FMA - 1 threads (16 CPU cores detected)

HINT: Use -nt option to specify number of threads because your CPU has 16 cores!
HINT: -nt AUTO will automatically determine the best number of threads to use.

Reading alignment file /home/ha/Code/data/dna/test/434/data.phy ... Phylip format detected
Alignment most likely contains DNA/RNA sequences
Constructing alignment: done in 0.00386973 secs using 68.07% CPU
WARNING: 41 sites contain only gaps or ambiguous characters.
Alignment has 12 sequences with 4861 columns, 2129 distinct patterns
1561 parsimony-informative, 828 singleton sites, 2472 constant sites
     Gap/Ambiguity  Composition  p-value
Analyzing sequences: done in 9.7926e-05 secs using 98.03% CPU
   1  T2    27.48%    passed      5.57%
   2  T3    29.19%    passed     30.42%
   3  T9    30.28%    passed     97.11%
   4  T4    31.93%    passed     39.10%
   5  T7    32.15%    passed     51.44%
   6  T5    32.96%    passed     84.48%
   7  T8    39.74%    passed     47.38%
   8  T10   37.03%    passed     99.73%
   9  T12   39.74%    passed     86.24%
  10  T6    31.78%    passed     94.34%
  11  T1    18.70%    passed     74.93%
  12  T11   18.06%    passed     67.26%
****  TOTAL   30.75%  0 sequences failed composition chi2 test (p-value<5%; df=3)
Checking for duplicate sequences: done in 0.000168575 secs using 80.68% CPU
Reading input tree file /home/ha/Code/data/dna/test/434/start.newick ...

NOTE: 3 MB RAM (0 GB) is required!
Estimate model parameters (epsilon = 0.100)
1. Initial log-likelihood: -26561.705
Optimal log-likelihood: -26561.705
Rate parameters:  A-C: 0.95350  A-G: 0.94960  A-T: 0.96160  C-G: 0.99130  C-T: 0.99430  G-T: 1.00000
Base frequencies:  A: 0.246  C: 0.283  G: 0.197  T: 0.274
Proportion of invariable sites: 0.000
Gamma shape alpha: 1.129
Parameters optimization took 1 rounds (0.006 sec)
Wrote distance file to... 

Do NNI search on 1 best initial trees
Finish initializing candidate tree set (1)
Current best tree score: -26561.705 / CPU time: 0.014
Number of iterations: 1
--------------------------------------------------------------------
|               OPTIMIZING CANDIDATE TREE SET                      |
--------------------------------------------------------------------
Iteration 10 / LogL: -26561.712 / Time: 0h:0m:0s
Iteration 20 / LogL: -26562.300 / Time: 0h:0m:1s
UPDATE BEST LOG-LIKELIHOOD: -26561.705
Iteration 30 / LogL: -26561.916 / Time: 0h:0m:1s (0h:0m:3s left)
Iteration 40 / LogL: -26561.705 / Time: 0h:0m:2s (0h:0m:3s left)
Iteration 50 / LogL: -26561.711 / Time: 0h:0m:2s (0h:0m:2s left)
Iteration 60 / LogL: -26561.710 / Time: 0h:0m:3s (0h:0m:2s left)
Iteration 70 / LogL: -26562.108 / Time: 0h:0m:3s (0h:0m:1s left)
Iteration 80 / LogL: -26562.033 / Time: 0h:0m:4s (0h:0m:1s left)
Iteration 90 / LogL: -26561.790 / Time: 0h:0m:4s (0h:0m:0s left)
Iteration 100 / LogL: -26561.921 / Time: 0h:0m:5s (0h:0m:0s left)
TREE SEARCH COMPLETED AFTER 101 ITERATIONS / Time: 0h:0m:5s

--------------------------------------------------------------------
|                    FINALIZING TREE SEARCH                        |
--------------------------------------------------------------------
Performs final model parameters optimization
Estimate model parameters (epsilon = 0.010)
1. Initial log-likelihood: -26561.705
Optimal log-likelihood: -26561.705
Rate parameters:  A-C: 0.95350  A-G: 0.94960  A-T: 0.96160  C-G: 0.99130  C-T: 0.99430  G-T: 1.00000
Base frequencies:  A: 0.246  C: 0.283  G: 0.197  T: 0.274
Proportion of invariable sites: 0.000
Gamma shape alpha: 1.129
Parameters optimization took 1 rounds (0.004 sec)
BEST SCORE FOUND : -26561.705
Total tree length: 1.868

Total number of iterations: 101
CPU time used for tree search: 5.014 sec (0h:0m:5s)
Wall-clock time used for tree search: 5.041 sec (0h:0m:5s)
Total CPU time used: 5.030 sec (0h:0m:5s)
Total wall-clock time used: 5.059 sec (0h:0m:5s)

Analysis results written to: 
  IQ-TREE report:                /home/ha/Code/data/precompute/434/434_infer.iqtree
  Maximum-likelihood tree:       /home/ha/Code/data/precompute/434/434_infer.treefile
  Screen log file:               /home/ha/Code/data/precompute/434/434_infer.log

Date and Time: Sat May 16 12:12:24 2026
