
RAxML-NG v. 1.2.2 released on 11.04.2024 by The Exelixis Lab.
Developed by: Alexey M. Kozlov and Alexandros Stamatakis.
Contributors: Diego Darriba, Tomas Flouri, Benoit Morel, Sarah Lutteropp, Ben Bettisworth, Julia Haag, Anastasis Togkousidis.
Latest version: https://github.com/amkozlov/raxml-ng
Questions/problems/suggestions? Please visit: https://groups.google.com/forum/#!forum/raxml

System: 13th Gen Intel(R) Core(TM) i5-13500H, 12 cores, 31 GB RAM (allocated: 8 physical cores)

RAxML-NG was called at 16-May-2026 12:12:24 as follows:

raxml-ng --search --msa /home/ha/Code/data/dna/test/434/data.phy --tree /home/ha/Code/data/dna/test/434/start.newick --model GTR{0.9535/0.9496/0.9616/0.9913/0.9943/1.0000}+I{9.944e-07}+G{1.129}+F{0.2464/0.2828/0.1972/0.2736} --prefix /home/ha/Code/data/precompute/434/434_infer --threads 1 --seed 42 --force perf_threads --redo

Analysis options:
  run mode: ML tree search
  start tree(s): user
  random seed: 42
  tip-inner: OFF
  pattern compression: ON
  per-rate scalers: OFF
  site repeats: ON
  logLH epsilon: general: 10.000000, brlen-triplet: 1000.000000
  fast spr radius: AUTO
  spr subtree cutoff: 1.000000
  fast CLV updates: ON
  branch lengths: proportional (ML estimate, algorithm: NR-FAST)
  SIMD kernels: AVX2
  parallelization: coarse-grained (auto), NONE/sequential

WARNING: Running in REDO mode: existing checkpoints are ignored, and all result files will be overwritten!

WARNING: Running in FORCE mode: some safety checks are disabled!

[00:00:00] Reading alignment from file: /home/ha/Code/data/dna/test/434/data.phy
[00:00:00] Loaded alignment with 12 taxa and 4861 sites

WARNING: Fully undetermined columns found: 41

NOTE: Reduced alignment (with duplicates and gap-only sites/taxa removed) 
NOTE: was saved to: /home/ha/Code/data/precompute/434/434_infer.raxml.reduced.phy

Alignment comprises 1 partitions and 2128 patterns

Partition 0: noname
Model: GTR{0.9535/0.9496/0.9616/0.9913/0.9943/1}+FU{0.2464/0.2828/0.1972/0.2736}+IU{9.944e-07}+G4m{1.129}
Alignment sites / patterns: 4820 / 2128
Gaps: 30.17 %
Invariant sites: 50.44 %


NOTE: Binary MSA file created: /home/ha/Code/data/precompute/434/434_infer.raxml.rba

Parallelization scheme autoconfig: 1 worker(s) x 1 thread(s)

[00:00:00] Loading user starting tree(s) from: /home/ha/Code/data/dna/test/434/start.newick
Parallel reduction/worker buffer size: 1 KB  / 0 KB

[00:00:00] Data distribution: max. partitions/sites/weight per thread: 1 / 2128 / 34048
[00:00:00] Data distribution: max. searches per worker: 1

Starting ML tree search with 1 distinct starting trees

[00:00:00 -26561.705172] Initial branch length optimization
[00:00:00 -26561.705172] Model parameter optimization (eps = 10.000000)
[00:00:00 -26561.705172] AUTODETECT spr round 1 (radius: 5)
[00:00:00 -26561.705172] SPR radius for FAST iterations: 5 (autodetect)
[00:00:00 -26561.705172] Model parameter optimization (eps = 3.000000)
[00:00:00 -26561.705172] FAST spr round 1 (radius: 5)
[00:00:00 -26561.705172] Model parameter optimization (eps = 1.000000)
[00:00:00 -26561.705172] SLOW spr round 1 (radius: 5)
[00:00:00 -26561.705172] SLOW spr round 2 (radius: 10)
[00:00:00 -26561.705172] Model parameter optimization (eps = 0.100000)

[00:00:00] ML tree search #1, logLikelihood: -26561.705172


Optimized model parameters:

   Partition 0: noname
   Rate heterogeneity: GAMMA (4 cats, mean),  alpha: 1.129000 (user),  weights&rates: (0.250000,0.161951) (0.250000,0.512366) (0.250000,1.018471) (0.250000,2.307213) 
   P-inv (user): 0.000001
   Base frequencies (user): 0.246400 0.282800 0.197200 0.273600 
   Substitution rates (user): 0.953500 0.949600 0.961600 0.991300 0.994300 1.000000 


Final LogLikelihood: -26561.705172

AIC score: 53165.410343 / AICc score: 53165.602923 / BIC score: 53301.501456
Free parameters (model + branch lengths): 21

Best ML tree saved to: /home/ha/Code/data/precompute/434/434_infer.raxml.bestTree
Optimized model saved to: /home/ha/Code/data/precompute/434/434_infer.raxml.bestModel

Execution log saved to: /home/ha/Code/data/precompute/434/434_infer.raxml.log

Analysis started: 16-May-2026 12:12:24 / finished: 16-May-2026 12:12:25

Elapsed time: 0.633 seconds

