
RAxML-NG v. 1.2.2 released on 11.04.2024 by The Exelixis Lab.
Developed by: Alexey M. Kozlov and Alexandros Stamatakis.
Contributors: Diego Darriba, Tomas Flouri, Benoit Morel, Sarah Lutteropp, Ben Bettisworth, Julia Haag, Anastasis Togkousidis.
Latest version: https://github.com/amkozlov/raxml-ng
Questions/problems/suggestions? Please visit: https://groups.google.com/forum/#!forum/raxml

System: 13th Gen Intel(R) Core(TM) i5-13500H, 12 cores, 31 GB RAM (allocated: 8 physical cores)

RAxML-NG was called at 16-May-2026 12:06:29 as follows:

raxml-ng --search --msa /home/ha/Code/data/dna/test/144/data.phy --tree /home/ha/Code/data/dna/test/144/start.newick --model GTR{1.0528/1.0533/0.9708/0.9094/1.0787/1.0000}+I{9.924e-07}+G{0.9783}+F{0.2342/0.212/0.1593/0.3945} --prefix /home/ha/Code/data/precompute/144/144_infer --threads 1 --seed 42 --force perf_threads --redo

Analysis options:
  run mode: ML tree search
  start tree(s): user
  random seed: 42
  tip-inner: OFF
  pattern compression: ON
  per-rate scalers: OFF
  site repeats: ON
  logLH epsilon: general: 10.000000, brlen-triplet: 1000.000000
  fast spr radius: AUTO
  spr subtree cutoff: 1.000000
  fast CLV updates: ON
  branch lengths: proportional (ML estimate, algorithm: NR-FAST)
  SIMD kernels: AVX2
  parallelization: coarse-grained (auto), NONE/sequential

WARNING: Running in REDO mode: existing checkpoints are ignored, and all result files will be overwritten!

WARNING: Running in FORCE mode: some safety checks are disabled!

[00:00:00] Reading alignment from file: /home/ha/Code/data/dna/test/144/data.phy
[00:00:00] Loaded alignment with 7 taxa and 5434 sites

WARNING: Fully undetermined columns found: 26

NOTE: Reduced alignment (with duplicates and gap-only sites/taxa removed) 
NOTE: was saved to: /home/ha/Code/data/precompute/144/144_infer.raxml.reduced.phy

Alignment comprises 1 partitions and 1080 patterns

Partition 0: noname
Model: GTR{1.0528/1.0533/0.9708/0.9094/1.0787/1}+FU{0.2342/0.212/0.1593/0.3945}+IU{9.924e-07}+G4m{0.9783}
Alignment sites / patterns: 5408 / 1080
Gaps: 15.54 %
Invariant sites: 60.37 %


NOTE: Binary MSA file created: /home/ha/Code/data/precompute/144/144_infer.raxml.rba

Parallelization scheme autoconfig: 1 worker(s) x 1 thread(s)

[00:00:00] Loading user starting tree(s) from: /home/ha/Code/data/dna/test/144/start.newick
Parallel reduction/worker buffer size: 1 KB  / 0 KB

[00:00:00] Data distribution: max. partitions/sites/weight per thread: 1 / 1080 / 17280
[00:00:00] Data distribution: max. searches per worker: 1

Starting ML tree search with 1 distinct starting trees

[00:00:00 -20446.748543] Initial branch length optimization
[00:00:00 -20446.748543] Model parameter optimization (eps = 10.000000)
[00:00:00 -20446.748543] AUTODETECT spr round 1 (radius: 5)
[00:00:00 -20446.748543] SPR radius for FAST iterations: 5 (autodetect)
[00:00:00 -20446.748543] Model parameter optimization (eps = 3.000000)
[00:00:00 -20446.748543] FAST spr round 1 (radius: 5)
[00:00:00 -20446.748543] Model parameter optimization (eps = 1.000000)
[00:00:00 -20446.748543] SLOW spr round 1 (radius: 5)
[00:00:00 -20446.748543] Model parameter optimization (eps = 0.100000)

[00:00:00] ML tree search #1, logLikelihood: -20446.748543


Optimized model parameters:

   Partition 0: noname
   Rate heterogeneity: GAMMA (4 cats, mean),  alpha: 0.978300 (user),  weights&rates: (0.250000,0.132604) (0.250000,0.470131) (0.250000,0.996309) (0.250000,2.400956) 
   P-inv (user): 0.000001
   Base frequencies (user): 0.234200 0.212000 0.159300 0.394500 
   Substitution rates (user): 1.052800 1.053300 0.970800 0.909400 1.078700 1.000000 


Final LogLikelihood: -20446.748543

AIC score: 40915.497086 / AICc score: 40915.546011 / BIC score: 40988.049066
Free parameters (model + branch lengths): 11

Best ML tree saved to: /home/ha/Code/data/precompute/144/144_infer.raxml.bestTree
Optimized model saved to: /home/ha/Code/data/precompute/144/144_infer.raxml.bestModel

Execution log saved to: /home/ha/Code/data/precompute/144/144_infer.raxml.log

Analysis started: 16-May-2026 12:06:29 / finished: 16-May-2026 12:06:29

Elapsed time: 0.085 seconds

