IQ-TREE version 3.1.1 for Linux x86 64-bit built Apr  8 2026
Developed by Bui Quang Minh, Thomas Wong, Nhan Ly-Trong, Huaiyan Ren
Contributed by Lam-Tung Nguyen, Dominik Schrempf, Chris Bielow,
Olga Chernomor, Michael Woodhams, Diep Thi Hoang, Heiko Schmidt

Host:    ha-ThinkPad-E14-Gen-5 (AVX2, FMA3, 31 GB RAM)
Command: iqtree3 -s /home/ha/Code/data/dna/test/7/data.phy -t /home/ha/Code/data/dna/test/7/start.newick -m GTR{1.2668,1.1021,1.4598,1.2207,1.1771}+F{0.2558,0.2549,0.3203,0.169}+I{0.1268}+G4{1.403} --prefix /home/ha/Code/data/precompute/7/7_infer -T 1 --redo
Seed:    156848 (Using SPRNG - Scalable Parallel Random Number Generator)
Time:    Sat May 16 12:06:09 2026
Kernel:  AVX+FMA - 1 threads (16 CPU cores detected)

HINT: Use -nt option to specify number of threads because your CPU has 16 cores!
HINT: -nt AUTO will automatically determine the best number of threads to use.

Reading alignment file /home/ha/Code/data/dna/test/7/data.phy ... Phylip format detected
Alignment most likely contains DNA/RNA sequences
Constructing alignment: done in 0.000561584 secs using 12.64% CPU
WARNING: 3 sites contain only gaps or ambiguous characters.
Alignment has 7 sequences with 532 columns, 250 distinct patterns
92 parsimony-informative, 135 singleton sites, 305 constant sites
    Gap/Ambiguity  Composition  p-value
Analyzing sequences: done in 1.596e-05 secs
   1  T1    8.08%    passed     85.05%
   2  T2   23.87%    passed     99.62%
   3  T3   15.41%    passed     88.99%
   4  T6   13.72%    passed     82.46%
   5  T4    7.89%    passed     94.47%
   6  T5    8.65%    passed     90.63%
   7  T7    7.33%    passed     92.58%
****  TOTAL   12.14%  0 sequences failed composition chi2 test (p-value<5%; df=3)
Checking for duplicate sequences: done in 2.9335e-05 secs
Reading input tree file /home/ha/Code/data/dna/test/7/start.newick ...

NOTE: 0 MB RAM (0 GB) is required!
Estimate model parameters (epsilon = 0.100)
1. Initial log-likelihood: -2191.891
Optimal log-likelihood: -2191.891
Rate parameters:  A-C: 1.26680  A-G: 1.10210  A-T: 1.45980  C-G: 1.22070  C-T: 1.17710  G-T: 1.00000
Base frequencies:  A: 0.256  C: 0.255  G: 0.320  T: 0.169
Proportion of invariable sites: 0.127
Gamma shape alpha: 1.403
Parameters optimization took 1 rounds (0.001 sec)
Wrote distance file to... 

Do NNI search on 1 best initial trees
Finish initializing candidate tree set (1)
Current best tree score: -2191.891 / CPU time: 0.004
Number of iterations: 1
--------------------------------------------------------------------
|               OPTIMIZING CANDIDATE TREE SET                      |
--------------------------------------------------------------------
UPDATE BEST LOG-LIKELIHOOD: -2191.891
Iteration 10 / LogL: -2191.891 / Time: 0h:0m:0s
UPDATE BEST LOG-LIKELIHOOD: -2191.891
Iteration 20 / LogL: -2191.891 / Time: 0h:0m:0s
Iteration 30 / LogL: -2191.891 / Time: 0h:0m:0s (0h:0m:0s left)
Iteration 40 / LogL: -2191.891 / Time: 0h:0m:0s (0h:0m:0s left)
Iteration 50 / LogL: -2191.891 / Time: 0h:0m:0s (0h:0m:0s left)
Iteration 60 / LogL: -2191.891 / Time: 0h:0m:0s (0h:0m:0s left)
Iteration 70 / LogL: -2191.891 / Time: 0h:0m:0s (0h:0m:0s left)
Iteration 80 / LogL: -2191.891 / Time: 0h:0m:0s (0h:0m:0s left)
Iteration 90 / LogL: -2191.891 / Time: 0h:0m:0s (0h:0m:0s left)
Iteration 100 / LogL: -2191.891 / Time: 0h:0m:0s (0h:0m:0s left)
TREE SEARCH COMPLETED AFTER 101 ITERATIONS / Time: 0h:0m:0s

--------------------------------------------------------------------
|                    FINALIZING TREE SEARCH                        |
--------------------------------------------------------------------
Performs final model parameters optimization
Estimate model parameters (epsilon = 0.010)
1. Initial log-likelihood: -2191.891
Optimal log-likelihood: -2191.891
Rate parameters:  A-C: 1.26680  A-G: 1.10210  A-T: 1.45980  C-G: 1.22070  C-T: 1.17710  G-T: 1.00000
Base frequencies:  A: 0.256  C: 0.255  G: 0.320  T: 0.169
Proportion of invariable sites: 0.127
Gamma shape alpha: 1.403
Parameters optimization took 1 rounds (0.000 sec)
BEST SCORE FOUND : -2191.891
Total tree length: 0.941

Total number of iterations: 101
CPU time used for tree search: 0.373 sec (0h:0m:0s)
Wall-clock time used for tree search: 0.387 sec (0h:0m:0s)
Total CPU time used: 0.385 sec (0h:0m:0s)
Total wall-clock time used: 0.400 sec (0h:0m:0s)

Analysis results written to: 
  IQ-TREE report:                /home/ha/Code/data/precompute/7/7_infer.iqtree
  Maximum-likelihood tree:       /home/ha/Code/data/precompute/7/7_infer.treefile
  Screen log file:               /home/ha/Code/data/precompute/7/7_infer.log

Date and Time: Sat May 16 12:06:09 2026
