
RAxML-NG v. 1.2.2 released on 11.04.2024 by The Exelixis Lab.
Developed by: Alexey M. Kozlov and Alexandros Stamatakis.
Contributors: Diego Darriba, Tomas Flouri, Benoit Morel, Sarah Lutteropp, Ben Bettisworth, Julia Haag, Anastasis Togkousidis.
Latest version: https://github.com/amkozlov/raxml-ng
Questions/problems/suggestions? Please visit: https://groups.google.com/forum/#!forum/raxml

System: 13th Gen Intel(R) Core(TM) i5-13500H, 12 cores, 31 GB RAM (allocated: 8 physical cores)

RAxML-NG was called at 16-May-2026 12:06:09 as follows:

raxml-ng --search --msa /home/ha/Code/data/dna/test/7/data.phy --tree /home/ha/Code/data/dna/test/7/start.newick --model GTR{1.2668/1.1021/1.4598/1.2207/1.1771/1.0000}+I{0.1268}+G{1.403}+F{0.2558/0.2549/0.3203/0.169} --prefix /home/ha/Code/data/precompute/7/7_infer --threads 1 --seed 42 --force perf_threads --redo

Analysis options:
  run mode: ML tree search
  start tree(s): user
  random seed: 42
  tip-inner: OFF
  pattern compression: ON
  per-rate scalers: OFF
  site repeats: ON
  logLH epsilon: general: 10.000000, brlen-triplet: 1000.000000
  fast spr radius: AUTO
  spr subtree cutoff: 1.000000
  fast CLV updates: ON
  branch lengths: proportional (ML estimate, algorithm: NR-FAST)
  SIMD kernels: AVX2
  parallelization: coarse-grained (auto), NONE/sequential

WARNING: Running in REDO mode: existing checkpoints are ignored, and all result files will be overwritten!

WARNING: Running in FORCE mode: some safety checks are disabled!

[00:00:00] Reading alignment from file: /home/ha/Code/data/dna/test/7/data.phy
[00:00:00] Loaded alignment with 7 taxa and 532 sites

WARNING: Fully undetermined columns found: 3

NOTE: Reduced alignment (with duplicates and gap-only sites/taxa removed) 
NOTE: was saved to: /home/ha/Code/data/precompute/7/7_infer.raxml.reduced.phy

Alignment comprises 1 partitions and 249 patterns

Partition 0: noname
Model: GTR{1.2668/1.1021/1.4598/1.2207/1.1771/1}+FU{0.2558/0.2549/0.3203/0.169}+IU{0.1268}+G4m{1.403}
Alignment sites / patterns: 529 / 249
Gaps: 11.64 %
Invariant sites: 57.09 %


NOTE: Binary MSA file created: /home/ha/Code/data/precompute/7/7_infer.raxml.rba

Parallelization scheme autoconfig: 1 worker(s) x 1 thread(s)

[00:00:00] Loading user starting tree(s) from: /home/ha/Code/data/dna/test/7/start.newick
Parallel reduction/worker buffer size: 1 KB  / 0 KB

[00:00:00] Data distribution: max. partitions/sites/weight per thread: 1 / 249 / 3984
[00:00:00] Data distribution: max. searches per worker: 1

Starting ML tree search with 1 distinct starting trees

[00:00:00 -2191.890913] Initial branch length optimization
[00:00:00 -2191.890913] Model parameter optimization (eps = 10.000000)
[00:00:00 -2191.890913] AUTODETECT spr round 1 (radius: 5)
[00:00:00 -2191.890913] SPR radius for FAST iterations: 5 (autodetect)
[00:00:00 -2191.890913] Model parameter optimization (eps = 3.000000)
[00:00:00 -2191.890913] FAST spr round 1 (radius: 5)
[00:00:00 -2191.890913] Model parameter optimization (eps = 1.000000)
[00:00:00 -2191.890913] SLOW spr round 1 (radius: 5)
[00:00:00 -2191.890913] Model parameter optimization (eps = 0.100000)

[00:00:00] ML tree search #1, logLikelihood: -2191.890913


Optimized model parameters:

   Partition 0: noname
   Rate heterogeneity: GAMMA (4 cats, mean),  alpha: 1.403000 (user),  weights&rates: (0.250000,0.209942) (0.250000,0.571572) (0.250000,1.044178) (0.250000,2.174308) 
   P-inv (user): 0.126800
   Base frequencies (user): 0.255800 0.254900 0.320300 0.169000 
   Substitution rates (user): 1.266800 1.102100 1.459800 1.220700 1.177100 1.000000 


Final LogLikelihood: -2191.890913

AIC score: 4405.781826 / AICc score: 4406.292464 / BIC score: 4452.762698
Free parameters (model + branch lengths): 11

Best ML tree saved to: /home/ha/Code/data/precompute/7/7_infer.raxml.bestTree
Optimized model saved to: /home/ha/Code/data/precompute/7/7_infer.raxml.bestModel

Execution log saved to: /home/ha/Code/data/precompute/7/7_infer.raxml.log

Analysis started: 16-May-2026 12:06:09 / finished: 16-May-2026 12:06:09

Elapsed time: 0.042 seconds

