IQ-TREE version 3.1.1 for Linux x86 64-bit built Apr  8 2026
Developed by Bui Quang Minh, Thomas Wong, Nhan Ly-Trong, Huaiyan Ren
Contributed by Lam-Tung Nguyen, Dominik Schrempf, Chris Bielow,
Olga Chernomor, Michael Woodhams, Diep Thi Hoang, Heiko Schmidt

Host:    IAD1-C632678DGX041 (AVX2, FMA3, 2015 GB RAM)
Command: iqtree3 -s /raid/home/hatang/final_thesis/data/dna/test/436/data.phy -t /raid/home/hatang/final_thesis/data/dna/test/436/start.newick -m GTR{1.0613,1.0870,0.9712,1.0218,1.0772}+F{0.2765,0.1768,0.11,0.4367}+I{9.516e-07}+G4{1.041} --prefix precompute/436/436_infer --threads auto --redo
Seed:    711694 (Using SPRNG - Scalable Parallel Random Number Generator)
Time:    Tue May  5 12:18:25 2026
Kernel:  AVX+FMA - auto-detect threads (256 CPU cores detected)

Reading alignment file /raid/home/hatang/final_thesis/data/dna/test/436/data.phy ... Phylip format detected
Alignment most likely contains DNA/RNA sequences
Constructing alignment: done in 0.0441035 secs using 3828% CPU
WARNING: 65 sites contain only gaps or ambiguous characters.
Alignment has 12 sequences with 5014 columns, 2323 distinct patterns
1532 parsimony-informative, 1066 singleton sites, 2416 constant sites
     Gap/Ambiguity  Composition  p-value
Analyzing sequences: done in 0.0120935 secs using 2.279e+04% CPU
   1  T2    24.93%    passed     89.10%
   2  T6    25.83%    passed     84.69%
   3  T11   33.96%    passed     15.34%
   4  T3    24.65%    passed     92.78%
   5  T7    25.31%    passed     87.41%
   6  T4    23.69%    passed     15.87%
   7  T9    25.67%    passed     67.24%
   8  T8    26.37%    passed     21.75%
   9  T5    21.12%    passed     96.19%
  10  T1    27.00%    passed     71.86%
  11  T10   21.40%    passed     61.07%
  12  T12   21.54%    passed     94.19%
****  TOTAL   25.12%  0 sequences failed composition chi2 test (p-value<5%; df=3)
Checking for duplicate sequences: done in 0.00636969 secs using 1.851e+04% CPU
Reading input tree file /raid/home/hatang/final_thesis/data/dna/test/436/start.newick ...

NOTE: 3 MB RAM (0 GB) is required!
Measuring multi-threading efficiency up to 256 CPU cores
Increase to 10 rounds for branch lengths
8994 trees examined
Threads: 1 / Time: 256.016 sec / Speedup: 1.000 / Efficiency: 100% / LogL: -30723
Threads: 2 / Time: 229.207 sec / Speedup: 1.117 / Efficiency: 56% / LogL: -30723
Threads: 3 / Time: 205.847 sec / Speedup: 1.244 / Efficiency: 41% / LogL: -30723
Determining AUTO threadcount: done in 691.07 secs using 191.8% CPU
BEST NUMBER OF THREADS: 2

Estimate model parameters (epsilon = 0.100)
1. Initial log-likelihood: -27905.690
Optimal log-likelihood: -27905.690
Rate parameters:  A-C: 1.06130  A-G: 1.08700  A-T: 0.97120  C-G: 1.02180  C-T: 1.07720  G-T: 1.00000
Base frequencies:  A: 0.277  C: 0.177  G: 0.110  T: 0.437
Proportion of invariable sites: 0.000
Gamma shape alpha: 1.041
Parameters optimization took 1 rounds (0.005 sec)
Wrote distance file to... 

Do NNI search on 1 best initial trees
Finish initializing candidate tree set (1)
Current best tree score: -27905.690 / CPU time: 0.015
Number of iterations: 1
--------------------------------------------------------------------
|               OPTIMIZING CANDIDATE TREE SET                      |
--------------------------------------------------------------------
Iteration 10 / LogL: -27905.915 / Time: 0h:11m:31s
Iteration 20 / LogL: -27907.010 / Time: 0h:11m:32s
Iteration 30 / LogL: -27905.801 / Time: 0h:11m:32s (0h:27m:52s left)
Iteration 40 / LogL: -27905.693 / Time: 0h:11m:33s (0h:17m:46s left)
Iteration 50 / LogL: -27909.076 / Time: 0h:11m:33s (0h:11m:47s left)
Iteration 60 / LogL: -27906.932 / Time: 0h:11m:34s (0h:7m:50s left)
Iteration 70 / LogL: -27905.695 / Time: 0h:11m:35s (0h:5m:2s left)
Iteration 80 / LogL: -27905.746 / Time: 0h:11m:35s (0h:2m:56s left)
Iteration 90 / LogL: -27906.193 / Time: 0h:11m:36s (0h:1m:18s left)
Iteration 100 / LogL: -27905.703 / Time: 0h:11m:36s (0h:0m:0s left)
TREE SEARCH COMPLETED AFTER 101 ITERATIONS / Time: 0h:11m:36s

--------------------------------------------------------------------
|                    FINALIZING TREE SEARCH                        |
--------------------------------------------------------------------
Performs final model parameters optimization
Estimate model parameters (epsilon = 0.010)
1. Initial log-likelihood: -27905.690
Optimal log-likelihood: -27905.690
Rate parameters:  A-C: 1.06130  A-G: 1.08700  A-T: 0.97120  C-G: 1.02180  C-T: 1.07720  G-T: 1.00000
Base frequencies:  A: 0.277  C: 0.177  G: 0.110  T: 0.437
Proportion of invariable sites: 0.000
Gamma shape alpha: 1.041
Parameters optimization took 1 rounds (0.004 sec)
BEST SCORE FOUND : -27905.690
Total tree length: 1.995

Total number of iterations: 101
CPU time used for tree search: 10.940 sec (0h:0m:10s)
Wall-clock time used for tree search: 5.525 sec (0h:0m:5s)
Total CPU time used: 1341.121 sec (0h:22m:21s)
Total wall-clock time used: 696.625 sec (0h:11m:36s)

Analysis results written to: 
  IQ-TREE report:                precompute/436/436_infer.iqtree
  Maximum-likelihood tree:       precompute/436/436_infer.treefile
  Screen log file:               precompute/436/436_infer.log

Date and Time: Tue May  5 12:30:02 2026
