
RAxML-NG v. 1.2.2 released on 11.04.2024 by The Exelixis Lab.
Developed by: Alexey M. Kozlov and Alexandros Stamatakis.
Contributors: Diego Darriba, Tomas Flouri, Benoit Morel, Sarah Lutteropp, Ben Bettisworth, Julia Haag, Anastasis Togkousidis.
Latest version: https://github.com/amkozlov/raxml-ng
Questions/problems/suggestions? Please visit: https://groups.google.com/forum/#!forum/raxml

System: AMD EPYC 7742 64-Core Processor, 128 cores, 2015 GB RAM

RAxML-NG was called at 05-May-2026 12:30:02 as follows:

raxml-ng --search --msa /raid/home/hatang/final_thesis/data/dna/test/436/data.phy --tree /raid/home/hatang/final_thesis/data/dna/test/436/start.newick --model GTR{1.0613/1.0870/0.9712/1.0218/1.0772/1.0000}+I{9.516e-07}+G{1.041}+F{0.2765/0.1768/0.11/0.4367} --prefix precompute/436/436_infer --threads auto --seed 42 --force perf_threads

Analysis options:
  run mode: ML tree search
  start tree(s): user
  random seed: 42
  tip-inner: OFF
  pattern compression: ON
  per-rate scalers: OFF
  site repeats: ON
  logLH epsilon: general: 10.000000, brlen-triplet: 1000.000000
  fast spr radius: AUTO
  spr subtree cutoff: 1.000000
  fast CLV updates: ON
  branch lengths: proportional (ML estimate, algorithm: NR-FAST)
  SIMD kernels: AVX2
  parallelization: coarse-grained (auto), PTHREADS (auto)

WARNING: Running in FORCE mode: some safety checks are disabled!

[00:00:00] Reading alignment from file: /raid/home/hatang/final_thesis/data/dna/test/436/data.phy
[00:00:00] Loaded alignment with 12 taxa and 5014 sites

WARNING: Fully undetermined columns found: 65

NOTE: Reduced alignment (with duplicates and gap-only sites/taxa removed) 
NOTE: was saved to: /raid/home/hatang/final_thesis/precompute/436/436_infer.raxml.reduced.phy

Alignment comprises 1 partitions and 2322 patterns

Partition 0: noname
Model: GTR{1.0613/1.087/0.9712/1.0218/1.0772/1}+FU{0.2765/0.1768/0.11/0.4367}+IU{9.516e-07}+G4m{1.041}
Alignment sites / patterns: 4949 / 2322
Gaps: 24.14 %
Invariant sites: 47.50 %


NOTE: Binary MSA file created: precompute/436/436_infer.raxml.rba

Parallelization scheme autoconfig: 1 worker(s) x 8 thread(s)

[00:00:00] Loading user starting tree(s) from: /raid/home/hatang/final_thesis/data/dna/test/436/start.newick
Parallel reduction/worker buffer size: 1 KB  / 0 KB

[00:00:00] Data distribution: max. partitions/sites/weight per thread: 1 / 291 / 4656
[00:00:00] Data distribution: max. searches per worker: 1

Starting ML tree search with 1 distinct starting trees

[00:00:00 -27905.689809] Initial branch length optimization
[00:00:00 -27905.689800] Model parameter optimization (eps = 10.000000)
[00:00:00 -27905.689799] AUTODETECT spr round 1 (radius: 5)
[00:00:00 -27905.689798] SPR radius for FAST iterations: 5 (autodetect)
[00:00:00 -27905.689798] Model parameter optimization (eps = 3.000000)
[00:00:00 -27905.689798] FAST spr round 1 (radius: 5)
[00:00:00 -27905.689798] Model parameter optimization (eps = 1.000000)
[00:00:00 -27905.689798] SLOW spr round 1 (radius: 5)
[00:00:00 -27905.689798] SLOW spr round 2 (radius: 10)
[00:00:00 -27905.689798] Model parameter optimization (eps = 0.100000)

[00:00:00] ML tree search #1, logLikelihood: -27905.689798


Optimized model parameters:

   Partition 0: noname
   Rate heterogeneity: GAMMA (4 cats, mean),  alpha: 1.041000 (user),  weights&rates: (0.250000,0.145061) (0.250000,0.488738) (0.250000,1.006475) (0.250000,2.359726) 
   P-inv (user): 0.000001
   Base frequencies (user): 0.276500 0.176800 0.110000 0.436700 
   Substitution rates (user): 1.061300 1.087000 0.971200 1.021800 1.077200 1.000000 


Final LogLikelihood: -27905.689798

AIC score: 55853.379597 / AICc score: 55853.567135 / BIC score: 55990.025354
Free parameters (model + branch lengths): 21

Best ML tree saved to: /raid/home/hatang/final_thesis/precompute/436/436_infer.raxml.bestTree
Optimized model saved to: /raid/home/hatang/final_thesis/precompute/436/436_infer.raxml.bestModel

Execution log saved to: /raid/home/hatang/final_thesis/precompute/436/436_infer.raxml.log

Analysis started: 05-May-2026 12:30:02 / finished: 05-May-2026 12:30:02

Elapsed time: 0.137 seconds

