IQ-TREE version 3.1.1 for Linux x86 64-bit built Apr  8 2026
Developed by Bui Quang Minh, Thomas Wong, Nhan Ly-Trong, Huaiyan Ren
Contributed by Lam-Tung Nguyen, Dominik Schrempf, Chris Bielow,
Olga Chernomor, Michael Woodhams, Diep Thi Hoang, Heiko Schmidt

Host:    ha-ThinkPad-E14-Gen-5 (AVX2, FMA3, 31 GB RAM)
Command: iqtree3 -s /home/ha/Code/data/dna/test/421/data.phy -t /home/ha/Code/data/dna/test/421/start.newick -m GTR{1.0647,1.0521,0.9654,1.0509,1.0309}+F{0.303,0.2654,0.1775,0.2541}+I{0.04786}+G4{1.26} --prefix /home/ha/Code/data/precompute/421/421_infer -T 1 --redo
Seed:    516207 (Using SPRNG - Scalable Parallel Random Number Generator)
Time:    Sat May 16 12:10:55 2026
Kernel:  AVX+FMA - 1 threads (16 CPU cores detected)

HINT: Use -nt option to specify number of threads because your CPU has 16 cores!
HINT: -nt AUTO will automatically determine the best number of threads to use.

Reading alignment file /home/ha/Code/data/dna/test/421/data.phy ... Phylip format detected
Alignment most likely contains DNA/RNA sequences
Constructing alignment: done in 0.00807297 secs using 60.1% CPU
WARNING: 91 sites contain only gaps or ambiguous characters.
Alignment has 20 sequences with 7074 columns, 4201 distinct patterns
3217 parsimony-informative, 720 singleton sites, 3137 constant sites
     Gap/Ambiguity  Composition  p-value
Analyzing sequences: done in 0.000139621 secs using 59.45% CPU
   1  T2    38.95%    passed     75.96%
   2  T9    42.27%    passed     33.56%
   3  T16   47.55%    passed     52.58%
   4  T17   47.02%    passed     68.80%
   5  T14   41.41%    passed     19.40%
   6  T5    42.11%    passed     32.79%
   7  T13   42.24%    passed     23.42%
   8  T7    41.93%    passed     70.58%
   9  T4    46.30%    passed     72.40%
  10  T12   43.14%    passed     83.13%
  11  T10   36.61%    passed     30.30%
  12  T15   43.26%    passed     95.64%
  13  T20   43.36%    passed     52.61%
  14  T18   37.86%    passed     30.08%
  15  T6    34.62%    passed     92.27%
  16  T8    34.83%    passed     78.65%
  17  T11   35.04%    passed     68.40%
  18  T3    31.33%    passed     66.61%
  19  T1    30.56%    passed     83.11%
  20  T19   29.40%    passed     69.28%
****  TOTAL   39.49%  0 sequences failed composition chi2 test (p-value<5%; df=3)
Checking for duplicate sequences: done in 0.000213849 secs using 99.6% CPU
Reading input tree file /home/ha/Code/data/dna/test/421/start.newick ...

NOTE: 10 MB RAM (0 GB) is required!
Estimate model parameters (epsilon = 0.100)
1. Initial log-likelihood: -54083.817
Optimal log-likelihood: -54083.817
Rate parameters:  A-C: 1.06470  A-G: 1.05210  A-T: 0.96540  C-G: 1.05090  C-T: 1.03090  G-T: 1.00000
Base frequencies:  A: 0.303  C: 0.265  G: 0.177  T: 0.254
Proportion of invariable sites: 0.048
Gamma shape alpha: 1.260
Parameters optimization took 1 rounds (0.046 sec)
Wrote distance file to... 

Do NNI search on 1 best initial trees
Finish initializing candidate tree set (1)
Current best tree score: -54083.817 / CPU time: 0.097
Number of iterations: 1
--------------------------------------------------------------------
|               OPTIMIZING CANDIDATE TREE SET                      |
--------------------------------------------------------------------
Iteration 10 / LogL: -54088.927 / Time: 0h:0m:2s
Iteration 20 / LogL: -54085.352 / Time: 0h:0m:4s
Iteration 30 / LogL: -54092.424 / Time: 0h:0m:7s (0h:0m:16s left)
Iteration 40 / LogL: -54085.055 / Time: 0h:0m:9s (0h:0m:14s left)
Iteration 50 / LogL: -54086.153 / Time: 0h:0m:11s (0h:0m:11s left)
Iteration 60 / LogL: -54092.416 / Time: 0h:0m:13s (0h:0m:9s left)
Iteration 70 / LogL: -54092.694 / Time: 0h:0m:15s (0h:0m:6s left)
Iteration 80 / LogL: -54086.968 / Time: 0h:0m:18s (0h:0m:4s left)
Iteration 90 / LogL: -54095.844 / Time: 0h:0m:20s (0h:0m:2s left)
Iteration 100 / LogL: -54101.527 / Time: 0h:0m:23s (0h:0m:0s left)
TREE SEARCH COMPLETED AFTER 101 ITERATIONS / Time: 0h:0m:23s

--------------------------------------------------------------------
|                    FINALIZING TREE SEARCH                        |
--------------------------------------------------------------------
Performs final model parameters optimization
Estimate model parameters (epsilon = 0.010)
1. Initial log-likelihood: -54083.817
Optimal log-likelihood: -54083.817
Rate parameters:  A-C: 1.06470  A-G: 1.05210  A-T: 0.96540  C-G: 1.05090  C-T: 1.03090  G-T: 1.00000
Base frequencies:  A: 0.303  C: 0.265  G: 0.177  T: 0.254
Proportion of invariable sites: 0.048
Gamma shape alpha: 1.260
Parameters optimization took 1 rounds (0.085 sec)
BEST SCORE FOUND : -54083.817
Total tree length: 3.662

Total number of iterations: 101
CPU time used for tree search: 23.316 sec (0h:0m:23s)
Wall-clock time used for tree search: 23.387 sec (0h:0m:23s)
Total CPU time used: 23.452 sec (0h:0m:23s)
Total wall-clock time used: 23.540 sec (0h:0m:23s)

Analysis results written to: 
  IQ-TREE report:                /home/ha/Code/data/precompute/421/421_infer.iqtree
  Maximum-likelihood tree:       /home/ha/Code/data/precompute/421/421_infer.treefile
  Screen log file:               /home/ha/Code/data/precompute/421/421_infer.log

Date and Time: Sat May 16 12:11:19 2026
