
RAxML-NG v. 1.2.2 released on 11.04.2024 by The Exelixis Lab.
Developed by: Alexey M. Kozlov and Alexandros Stamatakis.
Contributors: Diego Darriba, Tomas Flouri, Benoit Morel, Sarah Lutteropp, Ben Bettisworth, Julia Haag, Anastasis Togkousidis.
Latest version: https://github.com/amkozlov/raxml-ng
Questions/problems/suggestions? Please visit: https://groups.google.com/forum/#!forum/raxml

System: 13th Gen Intel(R) Core(TM) i5-13500H, 12 cores, 31 GB RAM (allocated: 8 physical cores)

RAxML-NG was called at 16-May-2026 12:11:19 as follows:

raxml-ng --search --msa /home/ha/Code/data/dna/test/421/data.phy --tree /home/ha/Code/data/dna/test/421/start.newick --model GTR{1.0647/1.0521/0.9654/1.0509/1.0309/1.0000}+I{0.04786}+G{1.26}+F{0.303/0.2654/0.1775/0.2541} --prefix /home/ha/Code/data/precompute/421/421_infer --threads 1 --seed 42 --force perf_threads --redo

Analysis options:
  run mode: ML tree search
  start tree(s): user
  random seed: 42
  tip-inner: OFF
  pattern compression: ON
  per-rate scalers: OFF
  site repeats: ON
  logLH epsilon: general: 10.000000, brlen-triplet: 1000.000000
  fast spr radius: AUTO
  spr subtree cutoff: 1.000000
  fast CLV updates: ON
  branch lengths: proportional (ML estimate, algorithm: NR-FAST)
  SIMD kernels: AVX2
  parallelization: coarse-grained (auto), NONE/sequential

WARNING: Running in REDO mode: existing checkpoints are ignored, and all result files will be overwritten!

WARNING: Running in FORCE mode: some safety checks are disabled!

[00:00:00] Reading alignment from file: /home/ha/Code/data/dna/test/421/data.phy
[00:00:00] Loaded alignment with 20 taxa and 7074 sites

WARNING: Fully undetermined columns found: 91

NOTE: Reduced alignment (with duplicates and gap-only sites/taxa removed) 
NOTE: was saved to: /home/ha/Code/data/precompute/421/421_infer.raxml.reduced.phy

Alignment comprises 1 partitions and 4200 patterns

Partition 0: noname
Model: GTR{1.0647/1.0521/0.9654/1.0509/1.0309/1}+FU{0.303/0.2654/0.1775/0.2541}+IU{0.04786}+G4m{1.26}
Alignment sites / patterns: 6983 / 4200
Gaps: 38.70 %
Invariant sites: 43.62 %


NOTE: Binary MSA file created: /home/ha/Code/data/precompute/421/421_infer.raxml.rba

Parallelization scheme autoconfig: 1 worker(s) x 1 thread(s)

[00:00:00] Loading user starting tree(s) from: /home/ha/Code/data/dna/test/421/start.newick
Parallel reduction/worker buffer size: 1 KB  / 0 KB

[00:00:00] Data distribution: max. partitions/sites/weight per thread: 1 / 4200 / 67200
[00:00:00] Data distribution: max. searches per worker: 1

Starting ML tree search with 1 distinct starting trees

[00:00:00 -54083.816694] Initial branch length optimization
[00:00:00 -54083.816679] Model parameter optimization (eps = 10.000000)
[00:00:00 -54083.816677] AUTODETECT spr round 1 (radius: 5)
[00:00:00 -54083.816676] SPR radius for FAST iterations: 5 (autodetect)
[00:00:00 -54083.816676] Model parameter optimization (eps = 3.000000)
[00:00:00 -54083.816676] FAST spr round 1 (radius: 5)
[00:00:01 -54083.816676] Model parameter optimization (eps = 1.000000)
[00:00:01 -54083.816676] SLOW spr round 1 (radius: 5)
[00:00:02 -54083.816676] SLOW spr round 2 (radius: 10)
[00:00:03 -54083.816676] SLOW spr round 3 (radius: 15)
[00:00:03 -54083.816676] SLOW spr round 4 (radius: 20)
[00:00:03 -54083.816676] Model parameter optimization (eps = 0.100000)

[00:00:03] ML tree search #1, logLikelihood: -54083.816676


Optimized model parameters:

   Partition 0: noname
   Rate heterogeneity: GAMMA (4 cats, mean),  alpha: 1.260000 (user),  weights&rates: (0.250000,0.185758) (0.250000,0.543036) (0.250000,1.032556) (0.250000,2.238650) 
   P-inv (user): 0.047860
   Base frequencies (user): 0.303000 0.265400 0.177500 0.254100 
   Substitution rates (user): 1.064700 1.052100 0.965400 1.050900 1.030900 1.000000 


Final LogLikelihood: -54083.816676

AIC score: 108241.633353 / AICc score: 108242.038248 / BIC score: 108495.129007
Free parameters (model + branch lengths): 37

Best ML tree saved to: /home/ha/Code/data/precompute/421/421_infer.raxml.bestTree
Optimized model saved to: /home/ha/Code/data/precompute/421/421_infer.raxml.bestModel

Execution log saved to: /home/ha/Code/data/precompute/421/421_infer.raxml.log

Analysis started: 16-May-2026 12:11:19 / finished: 16-May-2026 12:11:22

Elapsed time: 3.473 seconds

