IQ-TREE version 3.1.1 for Linux x86 64-bit built Apr  8 2026
Developed by Bui Quang Minh, Thomas Wong, Nhan Ly-Trong, Huaiyan Ren
Contributed by Lam-Tung Nguyen, Dominik Schrempf, Chris Bielow,
Olga Chernomor, Michael Woodhams, Diep Thi Hoang, Heiko Schmidt

Host:    ha-ThinkPad-E14-Gen-5 (AVX2, FMA3, 31 GB RAM)
Command: iqtree3 -s /home/ha/Code/data/dna/test/43/data.phy -t /home/ha/Code/data/dna/test/43/start.newick -m GTR{0.8066,0.9131,1.0505,0.8899,1.0509}+F{0.3154,0.206,0.216,0.2626}+I{9.692e-07}+G4{1.026} --prefix /home/ha/Code/data/precompute/43/43_infer -T 1 --redo
Seed:    547436 (Using SPRNG - Scalable Parallel Random Number Generator)
Time:    Sat May 16 12:06:12 2026
Kernel:  AVX+FMA - 1 threads (16 CPU cores detected)

HINT: Use -nt option to specify number of threads because your CPU has 16 cores!
HINT: -nt AUTO will automatically determine the best number of threads to use.

Reading alignment file /home/ha/Code/data/dna/test/43/data.phy ... Phylip format detected
Alignment most likely contains DNA/RNA sequences
Constructing alignment: done in 0.00102145 secs using 22.61% CPU
WARNING: 6 sites contain only gaps or ambiguous characters.
Alignment has 7 sequences with 1214 columns, 511 distinct patterns
279 parsimony-informative, 289 singleton sites, 646 constant sites
    Gap/Ambiguity  Composition  p-value
Analyzing sequences: done in 1.7023e-05 secs
   1  T2   25.12%    passed     95.28%
   2  T5   23.97%    passed     50.98%
   3  T3   18.45%    passed     82.81%
   4  T1   18.62%    passed     99.01%
   5  T4   19.77%    passed     63.87%
   6  T6   25.95%    passed     92.71%
   7  T7   17.55%    passed     75.42%
****  TOTAL   21.35%  0 sequences failed composition chi2 test (p-value<5%; df=3)
Checking for duplicate sequences: done in 2.9811e-05 secs
Reading input tree file /home/ha/Code/data/dna/test/43/start.newick ...

NOTE: 0 MB RAM (0 GB) is required!
Estimate model parameters (epsilon = 0.100)
1. Initial log-likelihood: -5224.715
Optimal log-likelihood: -5224.715
Rate parameters:  A-C: 0.80660  A-G: 0.91310  A-T: 1.05050  C-G: 0.88990  C-T: 1.05090  G-T: 1.00000
Base frequencies:  A: 0.315  C: 0.206  G: 0.216  T: 0.263
Proportion of invariable sites: 0.000
Gamma shape alpha: 1.026
Parameters optimization took 1 rounds (0.002 sec)
Wrote distance file to... 

Do NNI search on 1 best initial trees
Finish initializing candidate tree set (1)
Current best tree score: -5224.715 / CPU time: 0.004
Number of iterations: 1
--------------------------------------------------------------------
|               OPTIMIZING CANDIDATE TREE SET                      |
--------------------------------------------------------------------
Iteration 10 / LogL: -5224.941 / Time: 0h:0m:0s
Iteration 20 / LogL: -5225.102 / Time: 0h:0m:0s
UPDATE BEST LOG-LIKELIHOOD: -5224.715
Iteration 30 / LogL: -5224.715 / Time: 0h:0m:0s (0h:0m:0s left)
UPDATE BEST LOG-LIKELIHOOD: -5224.715
Iteration 40 / LogL: -5224.715 / Time: 0h:0m:0s (0h:0m:0s left)
Iteration 50 / LogL: -5224.749 / Time: 0h:0m:0s (0h:0m:0s left)
UPDATE BEST LOG-LIKELIHOOD: -5224.715
Iteration 60 / LogL: -5224.883 / Time: 0h:0m:0s (0h:0m:0s left)
Iteration 70 / LogL: -5224.879 / Time: 0h:0m:0s (0h:0m:0s left)
Iteration 80 / LogL: -5226.542 / Time: 0h:0m:0s (0h:0m:0s left)
Iteration 90 / LogL: -5224.735 / Time: 0h:0m:0s (0h:0m:0s left)
Iteration 100 / LogL: -5224.877 / Time: 0h:0m:0s (0h:0m:0s left)
TREE SEARCH COMPLETED AFTER 101 ITERATIONS / Time: 0h:0m:0s

--------------------------------------------------------------------
|                    FINALIZING TREE SEARCH                        |
--------------------------------------------------------------------
Performs final model parameters optimization
Estimate model parameters (epsilon = 0.010)
1. Initial log-likelihood: -5224.715
Optimal log-likelihood: -5224.715
Rate parameters:  A-C: 0.80660  A-G: 0.91310  A-T: 1.05050  C-G: 0.88990  C-T: 1.05090  G-T: 1.00000
Base frequencies:  A: 0.315  C: 0.206  G: 0.216  T: 0.263
Proportion of invariable sites: 0.000
Gamma shape alpha: 1.026
Parameters optimization took 1 rounds (0.000 sec)
BEST SCORE FOUND : -5224.715
Total tree length: 1.415

Total number of iterations: 101
CPU time used for tree search: 0.477 sec (0h:0m:0s)
Wall-clock time used for tree search: 0.487 sec (0h:0m:0s)
Total CPU time used: 0.491 sec (0h:0m:0s)
Total wall-clock time used: 0.501 sec (0h:0m:0s)

Analysis results written to: 
  IQ-TREE report:                /home/ha/Code/data/precompute/43/43_infer.iqtree
  Maximum-likelihood tree:       /home/ha/Code/data/precompute/43/43_infer.treefile
  Screen log file:               /home/ha/Code/data/precompute/43/43_infer.log

Date and Time: Sat May 16 12:06:13 2026
