IQ-TREE version 3.1.1 for Linux x86 64-bit built Apr  8 2026
Developed by Bui Quang Minh, Thomas Wong, Nhan Ly-Trong, Huaiyan Ren
Contributed by Lam-Tung Nguyen, Dominik Schrempf, Chris Bielow,
Olga Chernomor, Michael Woodhams, Diep Thi Hoang, Heiko Schmidt

Host:    ha-ThinkPad-E14-Gen-5 (AVX2, FMA3, 31 GB RAM)
Command: iqtree3 -s /home/ha/Code/data/dna/test/357/data.phy -t /home/ha/Code/data/dna/test/357/start.newick -m GTR{1.1392,1.1716,0.9011,1.1274,1.1222}+F{0.3158,0.3026,0.2664,0.1152}+I{0.09348}+G4{1.381} --prefix /home/ha/Code/data/precompute/357/357_infer -T 1 --redo
Seed:    670486 (Using SPRNG - Scalable Parallel Random Number Generator)
Time:    Sat May 16 12:08:51 2026
Kernel:  AVX+FMA - 1 threads (16 CPU cores detected)

HINT: Use -nt option to specify number of threads because your CPU has 16 cores!
HINT: -nt AUTO will automatically determine the best number of threads to use.

Reading alignment file /home/ha/Code/data/dna/test/357/data.phy ... Phylip format detected
Alignment most likely contains DNA/RNA sequences
Constructing alignment: done in 0.000833667 secs using 80.61% CPU
WARNING: 8 sites contain only gaps or ambiguous characters.
Alignment has 15 sequences with 1199 columns, 841 distinct patterns
509 parsimony-informative, 175 singleton sites, 515 constant sites
     Gap/Ambiguity  Composition  p-value
Analyzing sequences: done in 1.4289e-05 secs using 97.98% CPU
   1  T2    38.70%    passed     24.78%
   2  T7    37.78%    passed     65.82%
   3  T14   33.78%    passed     83.32%
   4  T13   33.69%    passed     61.21%
   5  T8    34.70%    passed     60.56%
   6  T9    37.53%    passed     43.42%
   7  T11   34.28%    passed     98.20%
   8  T4    29.77%    passed     69.53%
   9  T3    26.86%    passed     73.64%
  10  T5    26.27%    passed     83.00%
  11  T6    30.03%    passed     13.54%
  12  T15   33.69%    passed     36.63%
  13  T12   27.86%    passed     76.23%
  14  T1    20.27%    passed     69.98%
  15  T10   19.43%    passed     92.55%
****  TOTAL   30.98%  0 sequences failed composition chi2 test (p-value<5%; df=3)
Checking for duplicate sequences: done in 2.5222e-05 secs using 99.12% CPU
Reading input tree file /home/ha/Code/data/dna/test/357/start.newick ...

NOTE: 1 MB RAM (0 GB) is required!
Estimate model parameters (epsilon = 0.100)
1. Initial log-likelihood: -8378.778
Optimal log-likelihood: -8378.778
Rate parameters:  A-C: 1.13920  A-G: 1.17160  A-T: 0.90110  C-G: 1.12740  C-T: 1.12220  G-T: 1.00000
Base frequencies:  A: 0.316  C: 0.303  G: 0.266  T: 0.115
Proportion of invariable sites: 0.093
Gamma shape alpha: 1.381
Parameters optimization took 1 rounds (0.005 sec)
Wrote distance file to... 

Do NNI search on 1 best initial trees
Finish initializing candidate tree set (1)
Current best tree score: -8378.778 / CPU time: 0.014
Number of iterations: 1
--------------------------------------------------------------------
|               OPTIMIZING CANDIDATE TREE SET                      |
--------------------------------------------------------------------
Iteration 10 / LogL: -8378.827 / Time: 0h:0m:0s
Iteration 20 / LogL: -8379.104 / Time: 0h:0m:0s
Iteration 30 / LogL: -8380.400 / Time: 0h:0m:0s (0h:0m:2s left)
Iteration 40 / LogL: -8378.824 / Time: 0h:0m:1s (0h:0m:2s left)
Iteration 50 / LogL: -8378.789 / Time: 0h:0m:1s (0h:0m:1s left)
Iteration 60 / LogL: -8378.781 / Time: 0h:0m:1s (0h:0m:1s left)
Iteration 70 / LogL: -8378.781 / Time: 0h:0m:2s (0h:0m:0s left)
Iteration 80 / LogL: -8378.781 / Time: 0h:0m:2s (0h:0m:0s left)
Iteration 90 / LogL: -8378.861 / Time: 0h:0m:2s (0h:0m:0s left)
Iteration 100 / LogL: -8378.870 / Time: 0h:0m:3s (0h:0m:0s left)
TREE SEARCH COMPLETED AFTER 101 ITERATIONS / Time: 0h:0m:3s

--------------------------------------------------------------------
|                    FINALIZING TREE SEARCH                        |
--------------------------------------------------------------------
Performs final model parameters optimization
Estimate model parameters (epsilon = 0.010)
1. Initial log-likelihood: -8378.778
Optimal log-likelihood: -8378.778
Rate parameters:  A-C: 1.13920  A-G: 1.17160  A-T: 0.90110  C-G: 1.12740  C-T: 1.12220  G-T: 1.00000
Base frequencies:  A: 0.316  C: 0.303  G: 0.266  T: 0.115
Proportion of invariable sites: 0.093
Gamma shape alpha: 1.381
Parameters optimization took 1 rounds (0.002 sec)
BEST SCORE FOUND : -8378.778
Total tree length: 2.868

Total number of iterations: 101
CPU time used for tree search: 3.263 sec (0h:0m:3s)
Wall-clock time used for tree search: 3.290 sec (0h:0m:3s)
Total CPU time used: 3.275 sec (0h:0m:3s)
Total wall-clock time used: 3.303 sec (0h:0m:3s)

Analysis results written to: 
  IQ-TREE report:                /home/ha/Code/data/precompute/357/357_infer.iqtree
  Maximum-likelihood tree:       /home/ha/Code/data/precompute/357/357_infer.treefile
  Screen log file:               /home/ha/Code/data/precompute/357/357_infer.log

Date and Time: Sat May 16 12:08:54 2026
