
RAxML-NG v. 1.2.2 released on 11.04.2024 by The Exelixis Lab.
Developed by: Alexey M. Kozlov and Alexandros Stamatakis.
Contributors: Diego Darriba, Tomas Flouri, Benoit Morel, Sarah Lutteropp, Ben Bettisworth, Julia Haag, Anastasis Togkousidis.
Latest version: https://github.com/amkozlov/raxml-ng
Questions/problems/suggestions? Please visit: https://groups.google.com/forum/#!forum/raxml

System: 13th Gen Intel(R) Core(TM) i5-13500H, 12 cores, 31 GB RAM (allocated: 8 physical cores)

RAxML-NG was called at 16-May-2026 12:08:54 as follows:

raxml-ng --search --msa /home/ha/Code/data/dna/test/357/data.phy --tree /home/ha/Code/data/dna/test/357/start.newick --model GTR{1.1392/1.1716/0.9011/1.1274/1.1222/1.0000}+I{0.09348}+G{1.381}+F{0.3158/0.3026/0.2664/0.1152} --prefix /home/ha/Code/data/precompute/357/357_infer --threads 1 --seed 42 --force perf_threads --redo

Analysis options:
  run mode: ML tree search
  start tree(s): user
  random seed: 42
  tip-inner: OFF
  pattern compression: ON
  per-rate scalers: OFF
  site repeats: ON
  logLH epsilon: general: 10.000000, brlen-triplet: 1000.000000
  fast spr radius: AUTO
  spr subtree cutoff: 1.000000
  fast CLV updates: ON
  branch lengths: proportional (ML estimate, algorithm: NR-FAST)
  SIMD kernels: AVX2
  parallelization: coarse-grained (auto), NONE/sequential

WARNING: Running in REDO mode: existing checkpoints are ignored, and all result files will be overwritten!

WARNING: Running in FORCE mode: some safety checks are disabled!

[00:00:00] Reading alignment from file: /home/ha/Code/data/dna/test/357/data.phy
[00:00:00] Loaded alignment with 15 taxa and 1199 sites

WARNING: Fully undetermined columns found: 8

NOTE: Reduced alignment (with duplicates and gap-only sites/taxa removed) 
NOTE: was saved to: /home/ha/Code/data/precompute/357/357_infer.raxml.reduced.phy

Alignment comprises 1 partitions and 840 patterns

Partition 0: noname
Model: GTR{1.1392/1.1716/0.9011/1.1274/1.1222/1}+FU{0.3158/0.3026/0.2664/0.1152}+IU{0.09348}+G4m{1.381}
Alignment sites / patterns: 1191 / 840
Gaps: 30.51 %
Invariant sites: 42.57 %


NOTE: Binary MSA file created: /home/ha/Code/data/precompute/357/357_infer.raxml.rba

Parallelization scheme autoconfig: 1 worker(s) x 1 thread(s)

[00:00:00] Loading user starting tree(s) from: /home/ha/Code/data/dna/test/357/start.newick
Parallel reduction/worker buffer size: 1 KB  / 0 KB

[00:00:00] Data distribution: max. partitions/sites/weight per thread: 1 / 840 / 13440
[00:00:00] Data distribution: max. searches per worker: 1

Starting ML tree search with 1 distinct starting trees

[00:00:00 -8378.777863] Initial branch length optimization
[00:00:00 -8378.777848] Model parameter optimization (eps = 10.000000)
[00:00:00 -8378.777846] AUTODETECT spr round 1 (radius: 5)
[00:00:00 -8378.777846] SPR radius for FAST iterations: 5 (autodetect)
[00:00:00 -8378.777846] Model parameter optimization (eps = 3.000000)
[00:00:00 -8378.777846] FAST spr round 1 (radius: 5)
[00:00:00 -8378.777846] Model parameter optimization (eps = 1.000000)
[00:00:00 -8378.777846] SLOW spr round 1 (radius: 5)
[00:00:00 -8378.777846] SLOW spr round 2 (radius: 10)
[00:00:00 -8378.777846] SLOW spr round 3 (radius: 15)
[00:00:00 -8378.777846] Model parameter optimization (eps = 0.100000)

[00:00:00] ML tree search #1, logLikelihood: -8378.777846


Optimized model parameters:

   Partition 0: noname
   Rate heterogeneity: GAMMA (4 cats, mean),  alpha: 1.381000 (user),  weights&rates: (0.250000,0.206340) (0.250000,0.567471) (0.250000,1.042595) (0.250000,2.183593) 
   P-inv (user): 0.093480
   Base frequencies (user): 0.315800 0.302600 0.266400 0.115200 
   Substitution rates (user): 1.139200 1.171600 0.901100 1.127400 1.122200 1.000000 


Final LogLikelihood: -8378.777846

AIC score: 16811.555691 / AICc score: 16812.855777 / BIC score: 16948.784502
Free parameters (model + branch lengths): 27

Best ML tree saved to: /home/ha/Code/data/precompute/357/357_infer.raxml.bestTree
Optimized model saved to: /home/ha/Code/data/precompute/357/357_infer.raxml.bestModel

Execution log saved to: /home/ha/Code/data/precompute/357/357_infer.raxml.log

Analysis started: 16-May-2026 12:08:54 / finished: 16-May-2026 12:08:55

Elapsed time: 0.330 seconds

