
RAxML-NG v. 1.2.2 released on 11.04.2024 by The Exelixis Lab.
Developed by: Alexey M. Kozlov and Alexandros Stamatakis.
Contributors: Diego Darriba, Tomas Flouri, Benoit Morel, Sarah Lutteropp, Ben Bettisworth, Julia Haag, Anastasis Togkousidis.
Latest version: https://github.com/amkozlov/raxml-ng
Questions/problems/suggestions? Please visit: https://groups.google.com/forum/#!forum/raxml

System: AMD EPYC 7742 64-Core Processor, 128 cores, 2015 GB RAM

RAxML-NG was called at 05-May-2026 02:10:00 as follows:

raxml-ng --search --msa /raid/home/hatang/final_thesis/data/dna/test/195/data.phy --tree /raid/home/hatang/final_thesis/data/dna/test/195/start.newick --model GTR{1.1315/1.0342/1.2367/1.0151/1.3060/1.0000}+I{0.1355}+G{1.762}+F{0.2835/0.1567/0.2679/0.2919} --prefix precompute/195/195_infer --threads auto --seed 42 --force perf_threads

Analysis options:
  run mode: ML tree search
  start tree(s): user
  random seed: 42
  tip-inner: OFF
  pattern compression: ON
  per-rate scalers: OFF
  site repeats: ON
  logLH epsilon: general: 10.000000, brlen-triplet: 1000.000000
  fast spr radius: AUTO
  spr subtree cutoff: 1.000000
  fast CLV updates: ON
  branch lengths: proportional (ML estimate, algorithm: NR-FAST)
  SIMD kernels: AVX2
  parallelization: coarse-grained (auto), PTHREADS (auto)

WARNING: Running in FORCE mode: some safety checks are disabled!

[00:00:00] Reading alignment from file: /raid/home/hatang/final_thesis/data/dna/test/195/data.phy
[00:00:00] Loaded alignment with 12 taxa and 1253 sites

WARNING: Fully undetermined columns found: 3

NOTE: Reduced alignment (with duplicates and gap-only sites/taxa removed) 
NOTE: was saved to: /raid/home/hatang/final_thesis/precompute/195/195_infer.raxml.reduced.phy

Alignment comprises 1 partitions and 765 patterns

Partition 0: noname
Model: GTR{1.1315/1.0342/1.2367/1.0151/1.306/1}+FU{0.2835/0.1567/0.2679/0.2919}+IU{0.1355}+G4m{1.762}
Alignment sites / patterns: 1250 / 765
Gaps: 22.79 %
Invariant sites: 44.72 %


NOTE: Binary MSA file created: precompute/195/195_infer.raxml.rba

Parallelization scheme autoconfig: 1 worker(s) x 7 thread(s)

[00:00:00] Loading user starting tree(s) from: /raid/home/hatang/final_thesis/data/dna/test/195/start.newick
Parallel reduction/worker buffer size: 1 KB  / 0 KB

[00:00:00] Data distribution: max. partitions/sites/weight per thread: 1 / 110 / 1760
[00:00:00] Data distribution: max. searches per worker: 1

Starting ML tree search with 1 distinct starting trees

[00:00:00 -7961.105394] Initial branch length optimization
[00:00:00 -7961.105341] Model parameter optimization (eps = 10.000000)
[00:00:00 -7961.105332] AUTODETECT spr round 1 (radius: 5)
[00:00:00 -7961.105331] SPR radius for FAST iterations: 5 (autodetect)
[00:00:00 -7961.105331] Model parameter optimization (eps = 3.000000)
[00:00:00 -7961.105331] FAST spr round 1 (radius: 5)
[00:00:00 -7961.105331] Model parameter optimization (eps = 1.000000)
[00:00:00 -7961.105331] SLOW spr round 1 (radius: 5)
[00:00:00 -7961.105331] SLOW spr round 2 (radius: 10)
[00:00:00 -7961.105331] Model parameter optimization (eps = 0.100000)

[00:00:00] ML tree search #1, logLikelihood: -7961.105331


Optimized model parameters:

   Partition 0: noname
   Rate heterogeneity: GAMMA (4 cats, mean),  alpha: 1.762000 (user),  weights&rates: (0.250000,0.263109) (0.250000,0.627058) (0.250000,1.062709) (0.250000,2.047124) 
   P-inv (user): 0.135500
   Base frequencies (user): 0.283500 0.156700 0.267900 0.291900 
   Substitution rates (user): 1.131500 1.034200 1.236700 1.015100 1.306000 1.000000 


Final LogLikelihood: -7961.105331

AIC score: 15964.210662 / AICc score: 15964.963105 / BIC score: 16071.959537
Free parameters (model + branch lengths): 21

Best ML tree saved to: /raid/home/hatang/final_thesis/precompute/195/195_infer.raxml.bestTree
Optimized model saved to: /raid/home/hatang/final_thesis/precompute/195/195_infer.raxml.bestModel

Execution log saved to: /raid/home/hatang/final_thesis/precompute/195/195_infer.raxml.log

Analysis started: 05-May-2026 02:10:00 / finished: 05-May-2026 02:10:00

Elapsed time: 0.092 seconds

