
RAxML-NG v. 1.2.2 released on 11.04.2024 by The Exelixis Lab.
Developed by: Alexey M. Kozlov and Alexandros Stamatakis.
Contributors: Diego Darriba, Tomas Flouri, Benoit Morel, Sarah Lutteropp, Ben Bettisworth, Julia Haag, Anastasis Togkousidis.
Latest version: https://github.com/amkozlov/raxml-ng
Questions/problems/suggestions? Please visit: https://groups.google.com/forum/#!forum/raxml

System: AMD EPYC 7742 64-Core Processor, 128 cores, 2015 GB RAM

RAxML-NG was called at 05-May-2026 07:42:55 as follows:

raxml-ng --search --msa /raid/home/hatang/final_thesis/data/dna/test/55/data.phy --tree /raid/home/hatang/final_thesis/data/dna/test/55/start.newick --model GTR{1.0069/0.8535/1.1668/0.8917/0.9935/1.0000}+I{9.893e-07}+G{0.9857}+F{0.3136/0.2309/0.2498/0.2057} --prefix precompute/55/55_infer --threads auto --seed 42 --force perf_threads

Analysis options:
  run mode: ML tree search
  start tree(s): user
  random seed: 42
  tip-inner: OFF
  pattern compression: ON
  per-rate scalers: OFF
  site repeats: ON
  logLH epsilon: general: 10.000000, brlen-triplet: 1000.000000
  fast spr radius: AUTO
  spr subtree cutoff: 1.000000
  fast CLV updates: ON
  branch lengths: proportional (ML estimate, algorithm: NR-FAST)
  SIMD kernels: AVX2
  parallelization: coarse-grained (auto), PTHREADS (auto)

WARNING: Running in FORCE mode: some safety checks are disabled!

[00:00:00] Reading alignment from file: /raid/home/hatang/final_thesis/data/dna/test/55/data.phy
[00:00:00] Loaded alignment with 7 taxa and 2215 sites

WARNING: Fully undetermined columns found: 6

NOTE: Reduced alignment (with duplicates and gap-only sites/taxa removed) 
NOTE: was saved to: /raid/home/hatang/final_thesis/precompute/55/55_infer.raxml.reduced.phy

Alignment comprises 1 partitions and 644 patterns

Partition 0: noname
Model: GTR{1.0069/0.8535/1.1668/0.8917/0.9935/1}+FU{0.3136/0.2309/0.2498/0.2057}+IU{9.893e-07}+G4m{0.9857}
Alignment sites / patterns: 2209 / 644
Gaps: 12.30 %
Invariant sites: 56.95 %


NOTE: Binary MSA file created: precompute/55/55_infer.raxml.rba

Parallelization scheme autoconfig: 1 worker(s) x 6 thread(s)

[00:00:00] Loading user starting tree(s) from: /raid/home/hatang/final_thesis/data/dna/test/55/start.newick
Parallel reduction/worker buffer size: 1 KB  / 0 KB

[00:00:00] Data distribution: max. partitions/sites/weight per thread: 1 / 108 / 1728
[00:00:00] Data distribution: max. searches per worker: 1

Starting ML tree search with 1 distinct starting trees

[00:00:00 -9304.994316] Initial branch length optimization
[00:00:00 -9304.994316] Model parameter optimization (eps = 10.000000)
[00:00:00 -9304.994316] AUTODETECT spr round 1 (radius: 5)
[00:00:00 -9304.994316] SPR radius for FAST iterations: 5 (autodetect)
[00:00:00 -9304.994316] Model parameter optimization (eps = 3.000000)
[00:00:00 -9304.994316] FAST spr round 1 (radius: 5)
[00:00:00 -9304.994316] Model parameter optimization (eps = 1.000000)
[00:00:00 -9304.994316] SLOW spr round 1 (radius: 5)
[00:00:00 -9304.994316] Model parameter optimization (eps = 0.100000)

[00:00:00] ML tree search #1, logLikelihood: -9304.994316


Optimized model parameters:

   Partition 0: noname
   Rate heterogeneity: GAMMA (4 cats, mean),  alpha: 0.985700 (user),  weights&rates: (0.250000,0.134092) (0.250000,0.472411) (0.250000,0.997590) (0.250000,2.395908) 
   P-inv (user): 0.000001
   Base frequencies (user): 0.313600 0.230900 0.249800 0.205700 
   Substitution rates (user): 1.006900 0.853500 1.166800 0.891700 0.993500 1.000000 


Final LogLikelihood: -9304.994316

AIC score: 18631.988633 / AICc score: 18632.108796 / BIC score: 18694.691880
Free parameters (model + branch lengths): 11

Best ML tree saved to: /raid/home/hatang/final_thesis/precompute/55/55_infer.raxml.bestTree
Optimized model saved to: /raid/home/hatang/final_thesis/precompute/55/55_infer.raxml.bestModel

Execution log saved to: /raid/home/hatang/final_thesis/precompute/55/55_infer.raxml.log

Analysis started: 05-May-2026 07:42:55 / finished: 05-May-2026 07:42:55

Elapsed time: 0.042 seconds

