
RAxML-NG v. 1.2.2 released on 11.04.2024 by The Exelixis Lab.
Developed by: Alexey M. Kozlov and Alexandros Stamatakis.
Contributors: Diego Darriba, Tomas Flouri, Benoit Morel, Sarah Lutteropp, Ben Bettisworth, Julia Haag, Anastasis Togkousidis.
Latest version: https://github.com/amkozlov/raxml-ng
Questions/problems/suggestions? Please visit: https://groups.google.com/forum/#!forum/raxml

System: 13th Gen Intel(R) Core(TM) i5-13500H, 12 cores, 31 GB RAM (allocated: 8 physical cores)

RAxML-NG was called at 16-May-2026 12:09:02 as follows:

raxml-ng --search --msa /home/ha/Code/data/dna/test/370/data.phy --tree /home/ha/Code/data/dna/test/370/start.newick --model GTR{0.9477/0.9775/1.0404/1.0236/0.9686/1.0000}+I{0.04552}+G{1.102}+F{0.2641/0.2371/0.1909/0.3078} --prefix /home/ha/Code/data/precompute/370/370_infer --threads 1 --seed 42 --force perf_threads --redo

Analysis options:
  run mode: ML tree search
  start tree(s): user
  random seed: 42
  tip-inner: OFF
  pattern compression: ON
  per-rate scalers: OFF
  site repeats: ON
  logLH epsilon: general: 10.000000, brlen-triplet: 1000.000000
  fast spr radius: AUTO
  spr subtree cutoff: 1.000000
  fast CLV updates: ON
  branch lengths: proportional (ML estimate, algorithm: NR-FAST)
  SIMD kernels: AVX2
  parallelization: coarse-grained (auto), NONE/sequential

WARNING: Running in REDO mode: existing checkpoints are ignored, and all result files will be overwritten!

WARNING: Running in FORCE mode: some safety checks are disabled!

[00:00:00] Reading alignment from file: /home/ha/Code/data/dna/test/370/data.phy
[00:00:00] Loaded alignment with 15 taxa and 1378 sites

WARNING: Fully undetermined columns found: 27

NOTE: Reduced alignment (with duplicates and gap-only sites/taxa removed) 
NOTE: was saved to: /home/ha/Code/data/precompute/370/370_infer.raxml.reduced.phy

Alignment comprises 1 partitions and 955 patterns

Partition 0: noname
Model: GTR{0.9477/0.9775/1.0404/1.0236/0.9686/1}+FU{0.2641/0.2371/0.1909/0.3078}+IU{0.04552}+G4m{1.102}
Alignment sites / patterns: 1351 / 955
Gaps: 38.34 %
Invariant sites: 43.75 %


NOTE: Binary MSA file created: /home/ha/Code/data/precompute/370/370_infer.raxml.rba

Parallelization scheme autoconfig: 1 worker(s) x 1 thread(s)

[00:00:00] Loading user starting tree(s) from: /home/ha/Code/data/dna/test/370/start.newick
Parallel reduction/worker buffer size: 1 KB  / 0 KB

[00:00:00] Data distribution: max. partitions/sites/weight per thread: 1 / 955 / 15280
[00:00:00] Data distribution: max. searches per worker: 1

Starting ML tree search with 1 distinct starting trees

[00:00:00 -9673.580574] Initial branch length optimization
[00:00:00 -9673.580553] Model parameter optimization (eps = 10.000000)
[00:00:00 -9673.580547] AUTODETECT spr round 1 (radius: 5)
[00:00:00 -9673.580547] SPR radius for FAST iterations: 5 (autodetect)
[00:00:00 -9673.580547] Model parameter optimization (eps = 3.000000)
[00:00:00 -9673.580547] FAST spr round 1 (radius: 5)
[00:00:00 -9673.580547] Model parameter optimization (eps = 1.000000)
[00:00:00 -9673.580547] SLOW spr round 1 (radius: 5)
[00:00:00 -9673.580547] SLOW spr round 2 (radius: 10)
[00:00:00 -9673.580547] SLOW spr round 3 (radius: 15)
[00:00:00 -9673.580547] Model parameter optimization (eps = 0.100000)

[00:00:00] ML tree search #1, logLikelihood: -9673.580547


Optimized model parameters:

   Partition 0: noname
   Rate heterogeneity: GAMMA (4 cats, mean),  alpha: 1.102000 (user),  weights&rates: (0.250000,0.156845) (0.250000,0.505401) (0.250000,1.015040) (0.250000,2.322715) 
   P-inv (user): 0.045520
   Base frequencies (user): 0.264126 0.237124 0.190919 0.307831 
   Substitution rates (user): 0.947700 0.977500 1.040400 1.023600 0.968600 1.000000 


Final LogLikelihood: -9673.580547

AIC score: 19401.161093 / AICc score: 19402.303951 / BIC score: 19541.793303
Free parameters (model + branch lengths): 27

Best ML tree saved to: /home/ha/Code/data/precompute/370/370_infer.raxml.bestTree
Optimized model saved to: /home/ha/Code/data/precompute/370/370_infer.raxml.bestModel

Execution log saved to: /home/ha/Code/data/precompute/370/370_infer.raxml.log

Analysis started: 16-May-2026 12:09:02 / finished: 16-May-2026 12:09:03

Elapsed time: 0.392 seconds

