IQ-TREE version 3.1.1 for Linux x86 64-bit built Apr  8 2026
Developed by Bui Quang Minh, Thomas Wong, Nhan Ly-Trong, Huaiyan Ren
Contributed by Lam-Tung Nguyen, Dominik Schrempf, Chris Bielow,
Olga Chernomor, Michael Woodhams, Diep Thi Hoang, Heiko Schmidt

Host:    IAD1-C632678DGX041 (AVX2, FMA3, 2015 GB RAM)
Command: iqtree3 --alisim data_new3/dna/train/47/data -t data_new3/dna/train/47/gt.newick -m GTR+I+G --length 4000 --seed 47042 -T 64 --redo --indel 0.03,0.09 --indel-size POW{1.7/50},POW{1.7/50}
Seed:    47042 (Using SPRNG - Scalable Parallel Random Number Generator)
Time:    Wed May 13 15:25:06 2026
Kernel:  AVX+FMA - 64 threads (256 CPU cores detected)

INFO: Insertion-size is generated from Zipfian distribution with parameter <a> of 1.7 and <max> of 50.
INFO: Deletion-size is generated from Zipfian distribution with parameter <a> of 1.7 and <max> of 50.
[Alignment Simulator] Executing
WARNING: Without Inference Mode, we strongly recommend users to specify model parameters for more accuracy simulations. Users could use <Model_Name>{<param_0>/.../<param_n>} to specify the model parameters. For the model GTR, users should provide 5 params (see User Manuals).
WARNING: GTR must have unequal base frequencies. The base frequencies could be randomly generated if users do not provide them. However, we strongly recommend users specify the base frequencies by using +F{freq1/.../freqN} for better simulation accuracy.
 - Tree filepath: data_new3/dna/train/47/gt.newick
 - Length of output sequences: 4000
 - Model: GTR+I+G
 - Number of output datasets: 1
 - Number of threads: 64
WARNING: OpenMP has not yet been supported in simulations with Indels. AliSim is now using a single thread for this simulation.
SUBSTITUTION PROCESS
--------------------

Model of substitution: GTR+F+I+G4

Rate parameter R:

  A-C: 1.000
  A-G: 1.000
  A-T: 1.000
  C-G: 1.000
  C-T: 1.000
  G-T: 1.000

State frequencies: (empirical counts from alignment)

  pi(A) = 0.325
  pi(C) = 0.158
  pi(G) = 0.202
  pi(T) = 0.315

Rate matrix Q:

  A    -0.925     0.217     0.276     0.432
  C     0.446     -1.15     0.276     0.432
  G     0.446     0.217     -1.09     0.432
  T     0.446     0.217     0.276    -0.939

Model of rate heterogeneity: Invar+Gamma with 4 categories
Proportion of invariable sites: 0
Gamma shape alpha: 1

 Category  Relative_rate  Proportion
  1         0.137          0.25
  2         0.477          0.25
  3         1              0.25
  4         2.39           0.25
Relative rates are computed as MEAN of the portion of the Gamma distribution falling in the category.

An alignment written to data_new3/dna/train/47/data.phy
Unaligned sequences written to data_new3/dna/train/47/data.unaligned.fa
Screen log file: data_new3/dna/train/47/gt.newick.log
[Alignment Simulator] Done
Simulation CPU time: 0.923 sec (0h:0m:0s)
Simulation wall-clock time: 0.039 sec (0h:0m:0s)

Date and Time: Wed May 13 15:25:06 2026
