IQ-TREE version 3.1.1 for Linux x86 64-bit built Apr  8 2026
Developed by Bui Quang Minh, Thomas Wong, Nhan Ly-Trong, Huaiyan Ren
Contributed by Lam-Tung Nguyen, Dominik Schrempf, Chris Bielow,
Olga Chernomor, Michael Woodhams, Diep Thi Hoang, Heiko Schmidt

Host:    ha-ThinkPad-E14-Gen-5 (AVX2, FMA3, 31 GB RAM)
Command: iqtree3 -s /home/ha/Code/data/dna/test/56/data.phy -t /home/ha/Code/data/dna/test/56/start.newick -m GTR{0.8172,0.9364,0.9024,0.7699,0.8960}+F{0.2833,0.2647,0.2381,0.2139}+I{0.117}+G4{1.405} --prefix /home/ha/Code/data/precompute/56/56_infer -T 1 --redo
Seed:    282923 (Using SPRNG - Scalable Parallel Random Number Generator)
Time:    Sat May 16 12:06:15 2026
Kernel:  AVX+FMA - 1 threads (16 CPU cores detected)

HINT: Use -nt option to specify number of threads because your CPU has 16 cores!
HINT: -nt AUTO will automatically determine the best number of threads to use.

Reading alignment file /home/ha/Code/data/dna/test/56/data.phy ... Phylip format detected
Alignment most likely contains DNA/RNA sequences
Constructing alignment: done in 0.00125758 secs using 87.31% CPU
WARNING: 5 sites contain only gaps or ambiguous characters.
Alignment has 7 sequences with 2277 columns, 857 distinct patterns
585 parsimony-informative, 497 singleton sites, 1195 constant sites
    Gap/Ambiguity  Composition  p-value
Analyzing sequences: done in 2.0884e-05 secs using 95.77% CPU
   1  T2   17.04%    passed     36.26%
   2  T3   22.75%    passed     55.70%
   3  T6   16.51%    passed     77.58%
   4  T4   20.33%    passed     95.96%
   5  T5   19.41%    passed     95.10%
   6  T1   15.59%    passed     69.12%
   7  T7   12.08%    passed     96.10%
****  TOTAL   17.67%  0 sequences failed composition chi2 test (p-value<5%; df=3)
Checking for duplicate sequences: done in 2.9596e-05 secs using 97.99% CPU
Reading input tree file /home/ha/Code/data/dna/test/56/start.newick ...

NOTE: 0 MB RAM (0 GB) is required!
Estimate model parameters (epsilon = 0.100)
1. Initial log-likelihood: -10360.250
Optimal log-likelihood: -10360.250
Rate parameters:  A-C: 0.81720  A-G: 0.93640  A-T: 0.90240  C-G: 0.76990  C-T: 0.89600  G-T: 1.00000
Base frequencies:  A: 0.283  C: 0.265  G: 0.238  T: 0.214
Proportion of invariable sites: 0.117
Gamma shape alpha: 1.405
Parameters optimization took 1 rounds (0.003 sec)
Wrote distance file to... 

Do NNI search on 1 best initial trees
Finish initializing candidate tree set (1)
Current best tree score: -10360.250 / CPU time: 0.008
Number of iterations: 1
--------------------------------------------------------------------
|               OPTIMIZING CANDIDATE TREE SET                      |
--------------------------------------------------------------------
Iteration 10 / LogL: -10365.690 / Time: 0h:0m:0s
Iteration 20 / LogL: -10360.527 / Time: 0h:0m:0s
Iteration 30 / LogL: -10360.250 / Time: 0h:0m:0s (0h:0m:0s left)
Iteration 40 / LogL: -10360.673 / Time: 0h:0m:0s (0h:0m:0s left)
Iteration 50 / LogL: -10360.292 / Time: 0h:0m:0s (0h:0m:0s left)
Iteration 60 / LogL: -10360.298 / Time: 0h:0m:0s (0h:0m:0s left)
Iteration 70 / LogL: -10360.291 / Time: 0h:0m:0s (0h:0m:0s left)
Iteration 80 / LogL: -10360.298 / Time: 0h:0m:0s (0h:0m:0s left)
Iteration 90 / LogL: -10360.323 / Time: 0h:0m:0s (0h:0m:0s left)
Iteration 100 / LogL: -10360.322 / Time: 0h:0m:0s (0h:0m:0s left)
TREE SEARCH COMPLETED AFTER 101 ITERATIONS / Time: 0h:0m:0s

--------------------------------------------------------------------
|                    FINALIZING TREE SEARCH                        |
--------------------------------------------------------------------
Performs final model parameters optimization
Estimate model parameters (epsilon = 0.010)
1. Initial log-likelihood: -10360.250
Optimal log-likelihood: -10360.250
Rate parameters:  A-C: 0.81720  A-G: 0.93640  A-T: 0.90240  C-G: 0.76990  C-T: 0.89600  G-T: 1.00000
Base frequencies:  A: 0.283  C: 0.265  G: 0.238  T: 0.214
Proportion of invariable sites: 0.117
Gamma shape alpha: 1.405
Parameters optimization took 1 rounds (0.001 sec)
BEST SCORE FOUND : -10360.250
Total tree length: 1.323

Total number of iterations: 101
CPU time used for tree search: 0.656 sec (0h:0m:0s)
Wall-clock time used for tree search: 0.660 sec (0h:0m:0s)
Total CPU time used: 0.667 sec (0h:0m:0s)
Total wall-clock time used: 0.675 sec (0h:0m:0s)

Analysis results written to: 
  IQ-TREE report:                /home/ha/Code/data/precompute/56/56_infer.iqtree
  Maximum-likelihood tree:       /home/ha/Code/data/precompute/56/56_infer.treefile
  Screen log file:               /home/ha/Code/data/precompute/56/56_infer.log

Date and Time: Sat May 16 12:06:15 2026
