
RAxML-NG v. 1.2.2 released on 11.04.2024 by The Exelixis Lab.
Developed by: Alexey M. Kozlov and Alexandros Stamatakis.
Contributors: Diego Darriba, Tomas Flouri, Benoit Morel, Sarah Lutteropp, Ben Bettisworth, Julia Haag, Anastasis Togkousidis.
Latest version: https://github.com/amkozlov/raxml-ng
Questions/problems/suggestions? Please visit: https://groups.google.com/forum/#!forum/raxml

System: AMD EPYC 7742 64-Core Processor, 128 cores, 2015 GB RAM

RAxML-NG was called at 05-May-2026 08:40:44 as follows:

raxml-ng --search --msa /raid/home/hatang/final_thesis/data/dna/test/56/data.phy --tree /raid/home/hatang/final_thesis/data/dna/test/56/start.newick --model GTR{0.8172/0.9364/0.9024/0.7699/0.8960/1.0000}+I{0.117}+G{1.405}+F{0.2833/0.2647/0.2381/0.2139} --prefix precompute/56/56_infer --threads auto --seed 42 --force perf_threads

Analysis options:
  run mode: ML tree search
  start tree(s): user
  random seed: 42
  tip-inner: OFF
  pattern compression: ON
  per-rate scalers: OFF
  site repeats: ON
  logLH epsilon: general: 10.000000, brlen-triplet: 1000.000000
  fast spr radius: AUTO
  spr subtree cutoff: 1.000000
  fast CLV updates: ON
  branch lengths: proportional (ML estimate, algorithm: NR-FAST)
  SIMD kernels: AVX2
  parallelization: coarse-grained (auto), PTHREADS (auto)

WARNING: Running in FORCE mode: some safety checks are disabled!

[00:00:00] Reading alignment from file: /raid/home/hatang/final_thesis/data/dna/test/56/data.phy
[00:00:00] Loaded alignment with 7 taxa and 2277 sites

WARNING: Fully undetermined columns found: 5

NOTE: Reduced alignment (with duplicates and gap-only sites/taxa removed) 
NOTE: was saved to: /raid/home/hatang/final_thesis/precompute/56/56_infer.raxml.reduced.phy

Alignment comprises 1 partitions and 856 patterns

Partition 0: noname
Model: GTR{0.8172/0.9364/0.9024/0.7699/0.896/1}+FU{0.2833/0.2647/0.2381/0.2139}+IU{0.117}+G4m{1.405}
Alignment sites / patterns: 2272 / 856
Gaps: 17.49 %
Invariant sites: 52.38 %


NOTE: Binary MSA file created: precompute/56/56_infer.raxml.rba

Parallelization scheme autoconfig: 1 worker(s) x 8 thread(s)

[00:00:00] Loading user starting tree(s) from: /raid/home/hatang/final_thesis/data/dna/test/56/start.newick
Parallel reduction/worker buffer size: 1 KB  / 0 KB

[00:00:00] Data distribution: max. partitions/sites/weight per thread: 1 / 107 / 1712
[00:00:00] Data distribution: max. searches per worker: 1

Starting ML tree search with 1 distinct starting trees

[00:00:00 -10360.249983] Initial branch length optimization
[00:00:00 -10360.249928] Model parameter optimization (eps = 10.000000)
[00:00:00 -10360.249928] AUTODETECT spr round 1 (radius: 5)
[00:00:00 -10360.249928] SPR radius for FAST iterations: 5 (autodetect)
[00:00:00 -10360.249928] Model parameter optimization (eps = 3.000000)
[00:00:00 -10360.249928] FAST spr round 1 (radius: 5)
[00:00:00 -10360.249928] Model parameter optimization (eps = 1.000000)
[00:00:00 -10360.249928] SLOW spr round 1 (radius: 5)
[00:00:00 -10360.249928] Model parameter optimization (eps = 0.100000)

[00:00:00] ML tree search #1, logLikelihood: -10360.249928


Optimized model parameters:

   Partition 0: noname
   Rate heterogeneity: GAMMA (4 cats, mean),  alpha: 1.405000 (user),  weights&rates: (0.250000,0.210267) (0.250000,0.571940) (0.250000,1.044319) (0.250000,2.173474) 
   P-inv (user): 0.117000
   Base frequencies (user): 0.283300 0.264700 0.238100 0.213900 
   Substitution rates (user): 0.817200 0.936400 0.902400 0.769900 0.896000 1.000000 


Final LogLikelihood: -10360.249928

AIC score: 20742.499855 / AICc score: 20742.616669 / BIC score: 20805.512429
Free parameters (model + branch lengths): 11

Best ML tree saved to: /raid/home/hatang/final_thesis/precompute/56/56_infer.raxml.bestTree
Optimized model saved to: /raid/home/hatang/final_thesis/precompute/56/56_infer.raxml.bestModel

Execution log saved to: /raid/home/hatang/final_thesis/precompute/56/56_infer.raxml.log

Analysis started: 05-May-2026 08:40:44 / finished: 05-May-2026 08:40:44

Elapsed time: 0.047 seconds

