
RAxML-NG v. 1.2.2 released on 11.04.2024 by The Exelixis Lab.
Developed by: Alexey M. Kozlov and Alexandros Stamatakis.
Contributors: Diego Darriba, Tomas Flouri, Benoit Morel, Sarah Lutteropp, Ben Bettisworth, Julia Haag, Anastasis Togkousidis.
Latest version: https://github.com/amkozlov/raxml-ng
Questions/problems/suggestions? Please visit: https://groups.google.com/forum/#!forum/raxml

System: 13th Gen Intel(R) Core(TM) i5-13500H, 12 cores, 31 GB RAM (allocated: 8 physical cores)

RAxML-NG was called at 16-May-2026 12:08:06 as follows:

raxml-ng --search --msa /home/ha/Code/data/dna/test/304/data.phy --tree /home/ha/Code/data/dna/test/304/start.newick --model GTR{1.0667/0.9797/1.0368/0.9906/1.1106/1.0000}+I{9.641e-07}+G{1.019}+F{0.3123/0.2379/0.1858/0.2641} --prefix /home/ha/Code/data/precompute/304/304_infer --threads 1 --seed 42 --force perf_threads --redo

Analysis options:
  run mode: ML tree search
  start tree(s): user
  random seed: 42
  tip-inner: OFF
  pattern compression: ON
  per-rate scalers: OFF
  site repeats: ON
  logLH epsilon: general: 10.000000, brlen-triplet: 1000.000000
  fast spr radius: AUTO
  spr subtree cutoff: 1.000000
  fast CLV updates: ON
  branch lengths: proportional (ML estimate, algorithm: NR-FAST)
  SIMD kernels: AVX2
  parallelization: coarse-grained (auto), NONE/sequential

WARNING: Running in REDO mode: existing checkpoints are ignored, and all result files will be overwritten!

WARNING: Running in FORCE mode: some safety checks are disabled!

[00:00:00] Reading alignment from file: /home/ha/Code/data/dna/test/304/data.phy
[00:00:00] Loaded alignment with 20 taxa and 2648 sites

WARNING: Fully undetermined columns found: 16

NOTE: Reduced alignment (with duplicates and gap-only sites/taxa removed) 
NOTE: was saved to: /home/ha/Code/data/precompute/304/304_infer.raxml.reduced.phy

Alignment comprises 1 partitions and 1640 patterns

Partition 0: noname
Model: GTR{1.0667/0.9797/1.0368/0.9906/1.1106/1}+FU{0.3123/0.2379/0.1858/0.2641}+IU{9.641e-07}+G4m{1.019}
Alignment sites / patterns: 2632 / 1640
Gaps: 36.27 %
Invariant sites: 44.72 %


NOTE: Binary MSA file created: /home/ha/Code/data/precompute/304/304_infer.raxml.rba

Parallelization scheme autoconfig: 1 worker(s) x 1 thread(s)

[00:00:00] Loading user starting tree(s) from: /home/ha/Code/data/dna/test/304/start.newick
Parallel reduction/worker buffer size: 1 KB  / 0 KB

[00:00:00] Data distribution: max. partitions/sites/weight per thread: 1 / 1640 / 26240
[00:00:00] Data distribution: max. searches per worker: 1

Starting ML tree search with 1 distinct starting trees

[00:00:00 -21529.753218] Initial branch length optimization
[00:00:00 -21529.753158] Model parameter optimization (eps = 10.000000)
[00:00:00 -21529.753158] AUTODETECT spr round 1 (radius: 5)
[00:00:00 -21529.753158] SPR radius for FAST iterations: 5 (autodetect)
[00:00:00 -21529.753158] Model parameter optimization (eps = 3.000000)
[00:00:00 -21529.753158] FAST spr round 1 (radius: 5)
[00:00:00 -21529.753158] Model parameter optimization (eps = 1.000000)
[00:00:00 -21529.753158] SLOW spr round 1 (radius: 5)
[00:00:00 -21529.753158] SLOW spr round 2 (radius: 10)
[00:00:00 -21529.753158] SLOW spr round 3 (radius: 15)
[00:00:00 -21529.753158] SLOW spr round 4 (radius: 20)
[00:00:00 -21529.753158] Model parameter optimization (eps = 0.100000)

[00:00:00] ML tree search #1, logLikelihood: -21529.753158


Optimized model parameters:

   Partition 0: noname
   Rate heterogeneity: GAMMA (4 cats, mean),  alpha: 1.019000 (user),  weights&rates: (0.250000,0.140729) (0.250000,0.482389) (0.250000,1.003078) (0.250000,2.373803) 
   P-inv (user): 0.000001
   Base frequencies (user): 0.312269 0.237876 0.185781 0.264074 
   Substitution rates (user): 1.066700 0.979700 1.036800 0.990600 1.110600 1.000000 


Final LogLikelihood: -21529.753158

AIC score: 43133.506316 / AICc score: 43134.590356 / BIC score: 43350.899790
Free parameters (model + branch lengths): 37

WARNING: Best ML tree contains 1 near-zero branches!

Best ML tree with collapsed near-zero branches saved to: /home/ha/Code/data/precompute/304/304_infer.raxml.bestTreeCollapsed
Best ML tree saved to: /home/ha/Code/data/precompute/304/304_infer.raxml.bestTree
Optimized model saved to: /home/ha/Code/data/precompute/304/304_infer.raxml.bestModel

Execution log saved to: /home/ha/Code/data/precompute/304/304_infer.raxml.log

Analysis started: 16-May-2026 12:08:06 / finished: 16-May-2026 12:08:07

Elapsed time: 0.821 seconds

