IQ-TREE version 3.1.1 for Linux x86 64-bit built Apr  8 2026
Developed by Bui Quang Minh, Thomas Wong, Nhan Ly-Trong, Huaiyan Ren
Contributed by Lam-Tung Nguyen, Dominik Schrempf, Chris Bielow,
Olga Chernomor, Michael Woodhams, Diep Thi Hoang, Heiko Schmidt

Host:    IAD1-C632678DGX041 (AVX2, FMA3, 2015 GB RAM)
Command: iqtree3 -s /raid/home/hatang/final_thesis/data/dna/test/304/data.phy -t /raid/home/hatang/final_thesis/data/dna/test/304/start.newick -m GTR{1.0667,0.9797,1.0368,0.9906,1.1106}+F{0.3123,0.2379,0.1858,0.2641}+I{9.641e-07}+G4{1.019} --prefix precompute/304/304_infer --threads auto --redo
Seed:    270744 (Using SPRNG - Scalable Parallel Random Number Generator)
Time:    Tue May  5 17:44:23 2026
Kernel:  AVX+FMA - auto-detect threads (256 CPU cores detected)

Reading alignment file /raid/home/hatang/final_thesis/data/dna/test/304/data.phy ... Phylip format detected
Alignment most likely contains DNA/RNA sequences
Constructing alignment: done in 0.0246686 secs using 6315% CPU
WARNING: 16 sites contain only gaps or ambiguous characters.
Alignment has 20 sequences with 2648 columns, 1641 distinct patterns
1126 parsimony-informative, 329 singleton sites, 1193 constant sites
     Gap/Ambiguity  Composition  p-value
Analyzing sequences: done in 0.0182662 secs using 2.011e+04% CPU
   1  T2    37.27%    passed     65.28%
   2  T19   37.35%    passed     51.65%
   3  T7    36.56%    passed     94.06%
   4  T3    39.43%    passed     80.59%
   5  T4    39.73%    passed     75.14%
   6  T5    40.07%    passed     20.54%
   7  T10   43.13%    passed     82.10%
   8  T16   49.36%    passed     34.49%
   9  T12   44.11%    passed     56.64%
  10  T18   43.77%    passed     37.06%
  11  T6    36.10%    passed     84.07%
  12  T15   35.80%    passed    100.00%
  13  T8    33.65%    passed     89.88%
  14  T9    35.35%    passed     44.37%
  15  T13   36.93%    passed     96.33%
  16  T17   35.76%    passed     50.88%
  17  T11   33.99%    passed     98.73%
  18  T1    25.00%    passed     96.71%
  19  T14   25.04%    passed     92.45%
  20  T20   24.70%    passed     89.02%
****  TOTAL   36.65%  0 sequences failed composition chi2 test (p-value<5%; df=3)
Checking for duplicate sequences: done in 0.0117689 secs using 2.215e+04% CPU
Reading input tree file /raid/home/hatang/final_thesis/data/dna/test/304/start.newick ...
WARNING: Normalizing State frequencies so that sum of them equals to 1

NOTE: 4 MB RAM (0 GB) is required!
Measuring multi-threading efficiency up to 256 CPU cores
Increase to 10 rounds for branch lengths
6117 trees examined
Threads: 1 / Time: 256.017 sec / Speedup: 1.000 / Efficiency: 100% / LogL: -26618
Threads: 2 / Time: 216.267 sec / Speedup: 1.184 / Efficiency: 59% / LogL: -26618
Threads: 3 / Time: 205.033 sec / Speedup: 1.249 / Efficiency: 42% / LogL: -26618
Determining AUTO threadcount: done in 677.317 secs using 191% CPU
BEST NUMBER OF THREADS: 2

Estimate model parameters (epsilon = 0.100)
1. Initial log-likelihood: -21529.753
Optimal log-likelihood: -21529.753
Rate parameters:  A-C: 1.06670  A-G: 0.97970  A-T: 1.03680  C-G: 0.99060  C-T: 1.11060  G-T: 1.00000
Base frequencies:  A: 0.312  C: 0.238  G: 0.186  T: 0.264
Proportion of invariable sites: 0.000
Gamma shape alpha: 1.019
Parameters optimization took 1 rounds (0.006 sec)
Wrote distance file to... 

Do NNI search on 1 best initial trees
Finish initializing candidate tree set (1)
Current best tree score: -21529.753 / CPU time: 0.020
Number of iterations: 1
--------------------------------------------------------------------
|               OPTIMIZING CANDIDATE TREE SET                      |
--------------------------------------------------------------------
Iteration 10 / LogL: -21529.754 / Time: 0h:11m:18s
Iteration 20 / LogL: -21529.753 / Time: 0h:11m:19s
Iteration 30 / LogL: -21529.760 / Time: 0h:11m:20s (0h:27m:22s left)
Iteration 40 / LogL: -21529.753 / Time: 0h:11m:21s (0h:17m:28s left)
Iteration 50 / LogL: -21529.753 / Time: 0h:11m:22s (0h:11m:36s left)
Iteration 60 / LogL: -21529.756 / Time: 0h:11m:23s (0h:7m:43s left)
Iteration 70 / LogL: -21529.757 / Time: 0h:11m:24s (0h:4m:57s left)
Iteration 80 / LogL: -21529.754 / Time: 0h:11m:25s (0h:2m:53s left)
Iteration 90 / LogL: -21529.753 / Time: 0h:11m:26s (0h:1m:17s left)
Iteration 100 / LogL: -21529.753 / Time: 0h:11m:27s (0h:0m:0s left)
TREE SEARCH COMPLETED AFTER 101 ITERATIONS / Time: 0h:11m:27s

--------------------------------------------------------------------
|                    FINALIZING TREE SEARCH                        |
--------------------------------------------------------------------
Performs final model parameters optimization
Estimate model parameters (epsilon = 0.010)
1. Initial log-likelihood: -21529.753
Optimal log-likelihood: -21529.753
Rate parameters:  A-C: 1.06670  A-G: 0.97970  A-T: 1.03680  C-G: 0.99060  C-T: 1.11060  G-T: 1.00000
Base frequencies:  A: 0.312  C: 0.238  G: 0.186  T: 0.264
Proportion of invariable sites: 0.000
Gamma shape alpha: 1.019
Parameters optimization took 1 rounds (0.005 sec)
BEST SCORE FOUND : -21529.753
Total tree length: 3.492

Total number of iterations: 101
CPU time used for tree search: 20.065 sec (0h:0m:20s)
Wall-clock time used for tree search: 10.182 sec (0h:0m:10s)
Total CPU time used: 1318.237 sec (0h:21m:58s)
Total wall-clock time used: 687.531 sec (0h:11m:27s)

Analysis results written to: 
  IQ-TREE report:                precompute/304/304_infer.iqtree
  Maximum-likelihood tree:       precompute/304/304_infer.treefile
  Screen log file:               precompute/304/304_infer.log

Date and Time: Tue May  5 17:55:50 2026
