
RAxML-NG v. 1.2.2 released on 11.04.2024 by The Exelixis Lab.
Developed by: Alexey M. Kozlov and Alexandros Stamatakis.
Contributors: Diego Darriba, Tomas Flouri, Benoit Morel, Sarah Lutteropp, Ben Bettisworth, Julia Haag, Anastasis Togkousidis.
Latest version: https://github.com/amkozlov/raxml-ng
Questions/problems/suggestions? Please visit: https://groups.google.com/forum/#!forum/raxml

System: AMD EPYC 7742 64-Core Processor, 128 cores, 2015 GB RAM

RAxML-NG was called at 05-May-2026 00:55:28 as follows:

raxml-ng --search --msa /raid/home/hatang/final_thesis/data/dna/test/1/data.phy --tree /raid/home/hatang/final_thesis/data/dna/test/1/start.newick --model GTR{0.8229/0.7349/0.9946/0.7005/0.8354/1.0000}+I{9.817e-07}+G{1.117}+F{0.3796/0.1734/0.2266/0.2204} --prefix precompute/1/1_infer --threads auto --seed 42 --force perf_threads

Analysis options:
  run mode: ML tree search
  start tree(s): user
  random seed: 42
  tip-inner: OFF
  pattern compression: ON
  per-rate scalers: OFF
  site repeats: ON
  logLH epsilon: general: 10.000000, brlen-triplet: 1000.000000
  fast spr radius: AUTO
  spr subtree cutoff: 1.000000
  fast CLV updates: ON
  branch lengths: proportional (ML estimate, algorithm: NR-FAST)
  SIMD kernels: AVX2
  parallelization: coarse-grained (auto), PTHREADS (auto)

WARNING: Running in FORCE mode: some safety checks are disabled!

[00:00:00] Reading alignment from file: /raid/home/hatang/final_thesis/data/dna/test/1/data.phy
[00:00:00] Loaded alignment with 7 taxa and 549 sites

Alignment comprises 1 partitions and 241 patterns

Partition 0: noname
Model: GTR{0.8229/0.7349/0.9946/0.7005/0.8354/1}+FU{0.3796/0.1734/0.2266/0.2204}+IU{9.817e-07}+G4m{1.117}
Alignment sites / patterns: 549 / 241
Gaps: 12.39 %
Invariant sites: 53.01 %


NOTE: Binary MSA file created: precompute/1/1_infer.raxml.rba

Parallelization scheme autoconfig: 1 worker(s) x 4 thread(s)

[00:00:00] Loading user starting tree(s) from: /raid/home/hatang/final_thesis/data/dna/test/1/start.newick
Parallel reduction/worker buffer size: 1 KB  / 0 KB

[00:00:00] Data distribution: max. partitions/sites/weight per thread: 1 / 61 / 976
[00:00:00] Data distribution: max. searches per worker: 1

Starting ML tree search with 1 distinct starting trees

[00:00:00 -2371.428399] Initial branch length optimization
[00:00:00 -2371.428187] Model parameter optimization (eps = 10.000000)
[00:00:00 -2371.428187] AUTODETECT spr round 1 (radius: 5)
[00:00:00 -2371.428187] SPR radius for FAST iterations: 5 (autodetect)
[00:00:00 -2371.428187] Model parameter optimization (eps = 3.000000)
[00:00:00 -2371.428187] FAST spr round 1 (radius: 5)
[00:00:00 -2371.428187] Model parameter optimization (eps = 1.000000)
[00:00:00 -2371.428187] SLOW spr round 1 (radius: 5)
[00:00:00 -2371.428187] Model parameter optimization (eps = 0.100000)

[00:00:00] ML tree search #1, logLikelihood: -2371.428187


Optimized model parameters:

   Partition 0: noname
   Rate heterogeneity: GAMMA (4 cats, mean),  alpha: 1.117000 (user),  weights&rates: (0.250000,0.159690) (0.250000,0.509300) (0.250000,1.016971) (0.250000,2.314039) 
   P-inv (user): 0.000001
   Base frequencies (user): 0.379600 0.173400 0.226600 0.220400 
   Substitution rates (user): 0.822900 0.734900 0.994600 0.700500 0.835400 1.000000 


Final LogLikelihood: -2371.428187

AIC score: 4764.856373 / AICc score: 4765.347993 / BIC score: 4812.245456
Free parameters (model + branch lengths): 11

Best ML tree saved to: /raid/home/hatang/final_thesis/precompute/1/1_infer.raxml.bestTree
Optimized model saved to: /raid/home/hatang/final_thesis/precompute/1/1_infer.raxml.bestModel

Execution log saved to: /raid/home/hatang/final_thesis/precompute/1/1_infer.raxml.log

Analysis started: 05-May-2026 00:55:28 / finished: 05-May-2026 00:55:28

Elapsed time: 0.051 seconds

