IQ-TREE version 3.1.1 for Linux x86 64-bit built Apr  8 2026
Developed by Bui Quang Minh, Thomas Wong, Nhan Ly-Trong, Huaiyan Ren
Contributed by Lam-Tung Nguyen, Dominik Schrempf, Chris Bielow,
Olga Chernomor, Michael Woodhams, Diep Thi Hoang, Heiko Schmidt

Host:    IAD1-C632678DGX041 (AVX2, FMA3, 2015 GB RAM)
Command: iqtree3 -s /raid/home/hatang/final_thesis/data/dna/test/54/data.phy -t /raid/home/hatang/final_thesis/data/dna/test/54/start.newick -m GTR{1.0403,0.8343,0.9848,0.8886,1.0886}+F{0.3161,0.2366,0.1856,0.2616}+I{9.946e-07}+G4{0.9561} --prefix precompute/54/54_infer --threads auto --redo
Seed:    142749 (Using SPRNG - Scalable Parallel Random Number Generator)
Time:    Tue May  5 16:24:50 2026
Kernel:  AVX+FMA - auto-detect threads (256 CPU cores detected)

Reading alignment file /raid/home/hatang/final_thesis/data/dna/test/54/data.phy ... Phylip format detected
Alignment most likely contains DNA/RNA sequences
Constructing alignment: done in 0.0219049 secs using 7434% CPU
WARNING: 12 sites contain only gaps or ambiguous characters.
Alignment has 7 sequences with 2295 columns, 818 distinct patterns
545 parsimony-informative, 467 singleton sites, 1283 constant sites
    Gap/Ambiguity  Composition  p-value
Analyzing sequences: done in 0.0063003 secs using 1.525e+04% CPU
   1  T2   17.47%    passed     98.97%
   2  T7   19.74%    passed     22.85%
   3  T3   23.62%    passed     85.80%
   4  T4   24.66%    passed     94.45%
   5  T5   24.71%    passed     84.74%
   6  T1   16.60%    passed     79.56%
   7  T6   17.12%    passed     95.67%
****  TOTAL   20.56%  0 sequences failed composition chi2 test (p-value<5%; df=3)
Checking for duplicate sequences: done in 0.00633851 secs using 1.417e+04% CPU
Reading input tree file /raid/home/hatang/final_thesis/data/dna/test/54/start.newick ...
WARNING: Normalizing State frequencies so that sum of them equals to 1

NOTE: 0 MB RAM (0 GB) is required!
Measuring multi-threading efficiency up to 256 CPU cores
Increase to 10 rounds for branch lengths
63770 trees examined
Threads: 1 / Time: 256.001 sec / Speedup: 1.000 / Efficiency: 100% / LogL: -10559
Threads: 2 / Time: 237.930 sec / Speedup: 1.076 / Efficiency: 54% / LogL: -10559
Threads: 3 / Time: 222.226 sec / Speedup: 1.152 / Efficiency: 38% / LogL: -10559
Determining AUTO threadcount: done in 716.158 secs using 192.8% CPU
BEST NUMBER OF THREADS: 2

Estimate model parameters (epsilon = 0.100)
1. Initial log-likelihood: -9630.924
Optimal log-likelihood: -9630.924
Rate parameters:  A-C: 1.04030  A-G: 0.83430  A-T: 0.98480  C-G: 0.88860  C-T: 1.08860  G-T: 1.00000
Base frequencies:  A: 0.316  C: 0.237  G: 0.186  T: 0.262
Proportion of invariable sites: 0.000
Gamma shape alpha: 0.956
Parameters optimization took 1 rounds (0.001 sec)
Wrote distance file to... 

Do NNI search on 1 best initial trees
Finish initializing candidate tree set (1)
Current best tree score: -9630.924 / CPU time: 0.003
Number of iterations: 1
--------------------------------------------------------------------
|               OPTIMIZING CANDIDATE TREE SET                      |
--------------------------------------------------------------------
Iteration 10 / LogL: -9631.537 / Time: 0h:11m:56s
Iteration 20 / LogL: -9631.030 / Time: 0h:11m:56s
Iteration 30 / LogL: -9631.372 / Time: 0h:11m:56s (0h:28m:49s left)
Iteration 40 / LogL: -9630.946 / Time: 0h:11m:56s (0h:18m:22s left)
Iteration 50 / LogL: -9630.924 / Time: 0h:11m:56s (0h:12m:11s left)
Iteration 60 / LogL: -9630.932 / Time: 0h:11m:56s (0h:8m:5s left)
Iteration 70 / LogL: -9630.934 / Time: 0h:11m:56s (0h:5m:11s left)
Iteration 80 / LogL: -9630.924 / Time: 0h:11m:56s (0h:3m:1s left)
Iteration 90 / LogL: -9631.111 / Time: 0h:11m:56s (0h:1m:20s left)
Iteration 100 / LogL: -9631.565 / Time: 0h:11m:57s (0h:0m:0s left)
TREE SEARCH COMPLETED AFTER 101 ITERATIONS / Time: 0h:11m:57s

--------------------------------------------------------------------
|                    FINALIZING TREE SEARCH                        |
--------------------------------------------------------------------
Performs final model parameters optimization
Estimate model parameters (epsilon = 0.010)
1. Initial log-likelihood: -9630.924
Optimal log-likelihood: -9630.924
Rate parameters:  A-C: 1.04030  A-G: 0.83430  A-T: 0.98480  C-G: 0.88860  C-T: 1.08860  G-T: 1.00000
Base frequencies:  A: 0.316  C: 0.237  G: 0.186  T: 0.262
Proportion of invariable sites: 0.000
Gamma shape alpha: 0.956
Parameters optimization took 1 rounds (0.002 sec)
BEST SCORE FOUND : -9630.924
Total tree length: 1.196

Total number of iterations: 101
CPU time used for tree search: 1.660 sec (0h:0m:1s)
Wall-clock time used for tree search: 0.836 sec (0h:0m:0s)
Total CPU time used: 1385.747 sec (0h:23m:5s)
Total wall-clock time used: 717.023 sec (0h:11m:57s)

Analysis results written to: 
  IQ-TREE report:                precompute/54/54_infer.iqtree
  Maximum-likelihood tree:       precompute/54/54_infer.treefile
  Screen log file:               precompute/54/54_infer.log

Date and Time: Tue May  5 16:36:47 2026
