
RAxML-NG v. 1.2.2 released on 11.04.2024 by The Exelixis Lab.
Developed by: Alexey M. Kozlov and Alexandros Stamatakis.
Contributors: Diego Darriba, Tomas Flouri, Benoit Morel, Sarah Lutteropp, Ben Bettisworth, Julia Haag, Anastasis Togkousidis.
Latest version: https://github.com/amkozlov/raxml-ng
Questions/problems/suggestions? Please visit: https://groups.google.com/forum/#!forum/raxml

System: 13th Gen Intel(R) Core(TM) i5-13500H, 12 cores, 31 GB RAM (allocated: 8 physical cores)

RAxML-NG was called at 16-May-2026 12:06:14 as follows:

raxml-ng --search --msa /home/ha/Code/data/dna/test/54/data.phy --tree /home/ha/Code/data/dna/test/54/start.newick --model GTR{1.0403/0.8343/0.9848/0.8886/1.0886/1.0000}+I{9.946e-07}+G{0.9561}+F{0.3161/0.2366/0.1856/0.2616} --prefix /home/ha/Code/data/precompute/54/54_infer --threads 1 --seed 42 --force perf_threads --redo

Analysis options:
  run mode: ML tree search
  start tree(s): user
  random seed: 42
  tip-inner: OFF
  pattern compression: ON
  per-rate scalers: OFF
  site repeats: ON
  logLH epsilon: general: 10.000000, brlen-triplet: 1000.000000
  fast spr radius: AUTO
  spr subtree cutoff: 1.000000
  fast CLV updates: ON
  branch lengths: proportional (ML estimate, algorithm: NR-FAST)
  SIMD kernels: AVX2
  parallelization: coarse-grained (auto), NONE/sequential

WARNING: Running in REDO mode: existing checkpoints are ignored, and all result files will be overwritten!

WARNING: Running in FORCE mode: some safety checks are disabled!

[00:00:00] Reading alignment from file: /home/ha/Code/data/dna/test/54/data.phy
[00:00:00] Loaded alignment with 7 taxa and 2295 sites

WARNING: Fully undetermined columns found: 12

NOTE: Reduced alignment (with duplicates and gap-only sites/taxa removed) 
NOTE: was saved to: /home/ha/Code/data/precompute/54/54_infer.raxml.reduced.phy

Alignment comprises 1 partitions and 817 patterns

Partition 0: noname
Model: GTR{1.0403/0.8343/0.9848/0.8886/1.0886/1}+FU{0.3161/0.2366/0.1856/0.2616}+IU{9.946e-07}+G4m{0.9561}
Alignment sites / patterns: 2283 / 817
Gaps: 20.14 %
Invariant sites: 55.67 %


NOTE: Binary MSA file created: /home/ha/Code/data/precompute/54/54_infer.raxml.rba

Parallelization scheme autoconfig: 1 worker(s) x 1 thread(s)

[00:00:00] Loading user starting tree(s) from: /home/ha/Code/data/dna/test/54/start.newick
Parallel reduction/worker buffer size: 1 KB  / 0 KB

[00:00:00] Data distribution: max. partitions/sites/weight per thread: 1 / 817 / 13072
[00:00:00] Data distribution: max. searches per worker: 1

Starting ML tree search with 1 distinct starting trees

[00:00:00 -9630.923898] Initial branch length optimization
[00:00:00 -9630.923898] Model parameter optimization (eps = 10.000000)
[00:00:00 -9630.923898] AUTODETECT spr round 1 (radius: 5)
[00:00:00 -9630.923898] SPR radius for FAST iterations: 5 (autodetect)
[00:00:00 -9630.923898] Model parameter optimization (eps = 3.000000)
[00:00:00 -9630.923898] FAST spr round 1 (radius: 5)
[00:00:00 -9630.923898] Model parameter optimization (eps = 1.000000)
[00:00:00 -9630.923898] SLOW spr round 1 (radius: 5)
[00:00:00 -9630.923898] Model parameter optimization (eps = 0.100000)

[00:00:00] ML tree search #1, logLikelihood: -9630.923898


Optimized model parameters:

   Partition 0: noname
   Rate heterogeneity: GAMMA (4 cats, mean),  alpha: 0.956100 (user),  weights&rates: (0.250000,0.128114) (0.250000,0.463147) (0.250000,0.992327) (0.250000,2.416412) 
   P-inv (user): 0.000001
   Base frequencies (user): 0.316132 0.236624 0.185619 0.261626 
   Substitution rates (user): 1.040300 0.834300 0.984800 0.888600 1.088600 1.000000 


Final LogLikelihood: -9630.923898

AIC score: 19283.847795 / AICc score: 19283.964044 / BIC score: 19346.913498
Free parameters (model + branch lengths): 11

Best ML tree saved to: /home/ha/Code/data/precompute/54/54_infer.raxml.bestTree
Optimized model saved to: /home/ha/Code/data/precompute/54/54_infer.raxml.bestModel

Execution log saved to: /home/ha/Code/data/precompute/54/54_infer.raxml.log

Analysis started: 16-May-2026 12:06:14 / finished: 16-May-2026 12:06:14

Elapsed time: 0.118 seconds

