
RAxML-NG v. 1.2.2 released on 11.04.2024 by The Exelixis Lab.
Developed by: Alexey M. Kozlov and Alexandros Stamatakis.
Contributors: Diego Darriba, Tomas Flouri, Benoit Morel, Sarah Lutteropp, Ben Bettisworth, Julia Haag, Anastasis Togkousidis.
Latest version: https://github.com/amkozlov/raxml-ng
Questions/problems/suggestions? Please visit: https://groups.google.com/forum/#!forum/raxml

System: 13th Gen Intel(R) Core(TM) i5-13500H, 12 cores, 31 GB RAM (allocated: 8 physical cores)

RAxML-NG was called at 16-May-2026 12:11:49 as follows:

raxml-ng --search --msa /home/ha/Code/data/dna/test/424/data.phy --tree /home/ha/Code/data/dna/test/424/start.newick --model GTR{0.9610/0.9469/0.9673/0.9348/0.9124/1.0000}+I{9.889e-07}+G{0.9799}+F{0.333/0.1885/0.2115/0.2671} --prefix /home/ha/Code/data/precompute/424/424_infer --threads 1 --seed 42 --force perf_threads --redo

Analysis options:
  run mode: ML tree search
  start tree(s): user
  random seed: 42
  tip-inner: OFF
  pattern compression: ON
  per-rate scalers: OFF
  site repeats: ON
  logLH epsilon: general: 10.000000, brlen-triplet: 1000.000000
  fast spr radius: AUTO
  spr subtree cutoff: 1.000000
  fast CLV updates: ON
  branch lengths: proportional (ML estimate, algorithm: NR-FAST)
  SIMD kernels: AVX2
  parallelization: coarse-grained (auto), NONE/sequential

WARNING: Running in REDO mode: existing checkpoints are ignored, and all result files will be overwritten!

WARNING: Running in FORCE mode: some safety checks are disabled!

[00:00:00] Reading alignment from file: /home/ha/Code/data/dna/test/424/data.phy
[00:00:00] Loaded alignment with 20 taxa and 7032 sites

WARNING: Fully undetermined columns found: 93

NOTE: Reduced alignment (with duplicates and gap-only sites/taxa removed) 
NOTE: was saved to: /home/ha/Code/data/precompute/424/424_infer.raxml.reduced.phy

Alignment comprises 1 partitions and 4046 patterns

Partition 0: noname
Model: GTR{0.961/0.9469/0.9673/0.9348/0.9124/1}+FU{0.333/0.1885/0.2115/0.2671}+IU{9.889e-07}+G4m{0.9799}
Alignment sites / patterns: 6939 / 4046
Gaps: 39.67 %
Invariant sites: 45.65 %


NOTE: Binary MSA file created: /home/ha/Code/data/precompute/424/424_infer.raxml.rba

Parallelization scheme autoconfig: 1 worker(s) x 1 thread(s)

[00:00:00] Loading user starting tree(s) from: /home/ha/Code/data/dna/test/424/start.newick
Parallel reduction/worker buffer size: 1 KB  / 0 KB

[00:00:00] Data distribution: max. partitions/sites/weight per thread: 1 / 4046 / 64736
[00:00:00] Data distribution: max. searches per worker: 1

Starting ML tree search with 1 distinct starting trees

[00:00:00 -52811.736418] Initial branch length optimization
[00:00:00 -52811.736417] Model parameter optimization (eps = 10.000000)
[00:00:00 -52811.736417] AUTODETECT spr round 1 (radius: 5)
[00:00:00 -52811.736417] SPR radius for FAST iterations: 5 (autodetect)
[00:00:00 -52811.736417] Model parameter optimization (eps = 3.000000)
[00:00:00 -52811.736417] FAST spr round 1 (radius: 5)
[00:00:01 -52811.736417] Model parameter optimization (eps = 1.000000)
[00:00:01 -52811.736417] SLOW spr round 1 (radius: 5)
[00:00:03 -52811.736417] SLOW spr round 2 (radius: 10)
[00:00:04 -52811.736417] SLOW spr round 3 (radius: 15)
[00:00:04 -52811.736417] SLOW spr round 4 (radius: 20)
[00:00:04 -52811.736417] Model parameter optimization (eps = 0.100000)

[00:00:04] ML tree search #1, logLikelihood: -52811.736417


Optimized model parameters:

   Partition 0: noname
   Rate heterogeneity: GAMMA (4 cats, mean),  alpha: 0.979900 (user),  weights&rates: (0.250000,0.132926) (0.250000,0.470626) (0.250000,0.996588) (0.250000,2.399860) 
   P-inv (user): 0.000001
   Base frequencies (user): 0.332967 0.188481 0.211479 0.267073 
   Substitution rates (user): 0.961000 0.946900 0.967300 0.934800 0.912400 1.000000 


Final LogLikelihood: -52811.736417

AIC score: 105697.472834 / AICc score: 105697.880311 / BIC score: 105950.734613
Free parameters (model + branch lengths): 37

Best ML tree saved to: /home/ha/Code/data/precompute/424/424_infer.raxml.bestTree
Optimized model saved to: /home/ha/Code/data/precompute/424/424_infer.raxml.bestModel

Execution log saved to: /home/ha/Code/data/precompute/424/424_infer.raxml.log

Analysis started: 16-May-2026 12:11:49 / finished: 16-May-2026 12:11:53

Elapsed time: 4.344 seconds

