IQ-TREE version 3.1.1 for Linux x86 64-bit built Apr  8 2026
Developed by Bui Quang Minh, Thomas Wong, Nhan Ly-Trong, Huaiyan Ren
Contributed by Lam-Tung Nguyen, Dominik Schrempf, Chris Bielow,
Olga Chernomor, Michael Woodhams, Diep Thi Hoang, Heiko Schmidt

Host:    IAD1-C632678DGX041 (AVX2, FMA3, 2015 GB RAM)
Command: iqtree3 -s /raid/home/hatang/final_thesis/data/dna/test/297/data.phy -t /raid/home/hatang/final_thesis/data/dna/test/297/start.newick -m GTR{0.8283,0.9398,0.9400,0.9154,0.9333}+F{0.3457,0.1635,0.1843,0.3066}+I{0.09032}+G4{1.442} --prefix precompute/297/297_infer --threads auto --redo
Seed:    404649 (Using SPRNG - Scalable Parallel Random Number Generator)
Time:    Tue May  5 03:14:28 2026
Kernel:  AVX+FMA - auto-detect threads (256 CPU cores detected)

Reading alignment file /raid/home/hatang/final_thesis/data/dna/test/297/data.phy ... Phylip format detected
Alignment most likely contains DNA/RNA sequences
Constructing alignment: done in 0.013793 secs using 1.15e+04% CPU
WARNING: 3 sites contain only gaps or ambiguous characters.
Alignment has 20 sequences with 1395 columns, 1035 distinct patterns
656 parsimony-informative, 162 singleton sites, 577 constant sites
     Gap/Ambiguity  Composition  p-value
Analyzing sequences: done in 0.0121196 secs using 2.289e+04% CPU
   1  T2    33.05%    passed     85.66%
   2  T16   32.62%    passed     85.67%
   3  T3    31.90%    passed     83.74%
   4  T6    34.12%    passed     85.02%
   5  T17   38.85%    passed     42.36%
   6  T9    37.06%    passed     92.94%
   7  T10   38.21%    passed     54.13%
   8  T19   40.14%    passed     49.99%
   9  T11   37.92%    passed     60.13%
  10  T14   40.22%    passed     86.45%
  11  T20   40.79%    passed     99.97%
  12  T5    27.96%    passed     96.26%
  13  T18   27.60%    passed     82.03%
  14  T1    27.60%    passed     16.27%
  15  T4    26.88%    passed     79.89%
  16  T7    29.46%    passed     72.56%
  17  T13   30.39%    passed     95.96%
  18  T12   26.45%    passed     92.59%
  19  T8    29.53%    passed     90.32%
  20  T15   25.02%    passed     79.94%
****  TOTAL   32.79%  0 sequences failed composition chi2 test (p-value<5%; df=3)
Checking for duplicate sequences: done in 0.0121412 secs using 2.286e+04% CPU
Reading input tree file /raid/home/hatang/final_thesis/data/dna/test/297/start.newick ...
WARNING: Normalizing State frequencies so that sum of them equals to 1

NOTE: 2 MB RAM (0 GB) is required!
Measuring multi-threading efficiency up to 256 CPU cores
Increase to 10 rounds for branch lengths
9517 trees examined
Threads: 1 / Time: 256.012 sec / Speedup: 1.000 / Efficiency: 100% / LogL: -14007
Threads: 2 / Time: 312.749 sec / Speedup: 0.819 / Efficiency: 41% / LogL: -14007
Determining AUTO threadcount: done in 568.762 secs using 153.1% CPU
BEST NUMBER OF THREADS: 1

Estimate model parameters (epsilon = 0.100)
1. Initial log-likelihood: -11203.561
Optimal log-likelihood: -11203.561
Rate parameters:  A-C: 0.82830  A-G: 0.93980  A-T: 0.94000  C-G: 0.91540  C-T: 0.93330  G-T: 1.00000
Base frequencies:  A: 0.346  C: 0.163  G: 0.184  T: 0.307
Proportion of invariable sites: 0.090
Gamma shape alpha: 1.442
Parameters optimization took 1 rounds (0.005 sec)
Wrote distance file to... 

Do NNI search on 1 best initial trees
Finish initializing candidate tree set (1)
Current best tree score: -11203.561 / CPU time: 0.016
Number of iterations: 1
--------------------------------------------------------------------
|               OPTIMIZING CANDIDATE TREE SET                      |
--------------------------------------------------------------------
Iteration 10 / LogL: -11203.607 / Time: 0h:9m:29s
Iteration 20 / LogL: -11203.629 / Time: 0h:9m:29s
Iteration 30 / LogL: -11203.767 / Time: 0h:9m:30s (0h:22m:57s left)
Iteration 40 / LogL: -11203.589 / Time: 0h:9m:31s (0h:14m:38s left)
Iteration 50 / LogL: -11203.675 / Time: 0h:9m:31s (0h:9m:43s left)
Iteration 60 / LogL: -11203.622 / Time: 0h:9m:32s (0h:6m:28s left)
Iteration 70 / LogL: -11203.892 / Time: 0h:9m:32s (0h:4m:9s left)
Iteration 80 / LogL: -11203.600 / Time: 0h:9m:33s (0h:2m:25s left)
Iteration 90 / LogL: -11205.390 / Time: 0h:9m:34s (0h:1m:4s left)
Iteration 100 / LogL: -11203.615 / Time: 0h:9m:34s (0h:0m:0s left)
TREE SEARCH COMPLETED AFTER 101 ITERATIONS / Time: 0h:9m:34s

--------------------------------------------------------------------
|                    FINALIZING TREE SEARCH                        |
--------------------------------------------------------------------
Performs final model parameters optimization
Estimate model parameters (epsilon = 0.010)
1. Initial log-likelihood: -11203.561
Optimal log-likelihood: -11203.561
Rate parameters:  A-C: 0.82830  A-G: 0.93980  A-T: 0.94000  C-G: 0.91540  C-T: 0.93330  G-T: 1.00000
Base frequencies:  A: 0.346  C: 0.163  G: 0.184  T: 0.307
Proportion of invariable sites: 0.090
Gamma shape alpha: 1.442
Parameters optimization took 1 rounds (0.004 sec)
BEST SCORE FOUND : -11203.561
Total tree length: 3.185

Total number of iterations: 101
CPU time used for tree search: 6.097 sec (0h:0m:6s)
Wall-clock time used for tree search: 6.137 sec (0h:0m:6s)
Total CPU time used: 881.348 sec (0h:14m:41s)
Total wall-clock time used: 574.930 sec (0h:9m:34s)

Analysis results written to: 
  IQ-TREE report:                precompute/297/297_infer.iqtree
  Maximum-likelihood tree:       precompute/297/297_infer.treefile
  Screen log file:               precompute/297/297_infer.log

Date and Time: Tue May  5 03:24:03 2026
