
RAxML-NG v. 1.2.2 released on 11.04.2024 by The Exelixis Lab.
Developed by: Alexey M. Kozlov and Alexandros Stamatakis.
Contributors: Diego Darriba, Tomas Flouri, Benoit Morel, Sarah Lutteropp, Ben Bettisworth, Julia Haag, Anastasis Togkousidis.
Latest version: https://github.com/amkozlov/raxml-ng
Questions/problems/suggestions? Please visit: https://groups.google.com/forum/#!forum/raxml

System: AMD EPYC 7742 64-Core Processor, 128 cores, 2015 GB RAM

RAxML-NG was called at 05-May-2026 15:06:26 as follows:

raxml-ng --search --msa /raid/home/hatang/final_thesis/data/dna/test/152/data.phy --tree /raid/home/hatang/final_thesis/data/dna/test/152/start.newick --model GTR{1.3152/1.2993/1.3344/1.3091/1.7666/1.0000}+I{0.05027}+G{1.153}+F{0.2828/0.2551/0.2619/0.2002} --prefix precompute/152/152_infer --threads auto --seed 42 --force perf_threads

Analysis options:
  run mode: ML tree search
  start tree(s): user
  random seed: 42
  tip-inner: OFF
  pattern compression: ON
  per-rate scalers: OFF
  site repeats: ON
  logLH epsilon: general: 10.000000, brlen-triplet: 1000.000000
  fast spr radius: AUTO
  spr subtree cutoff: 1.000000
  fast CLV updates: ON
  branch lengths: proportional (ML estimate, algorithm: NR-FAST)
  SIMD kernels: AVX2
  parallelization: coarse-grained (auto), PTHREADS (auto)

WARNING: Running in FORCE mode: some safety checks are disabled!

[00:00:00] Reading alignment from file: /raid/home/hatang/final_thesis/data/dna/test/152/data.phy
[00:00:00] Loaded alignment with 12 taxa and 555 sites

WARNING: Fully undetermined columns found: 2

NOTE: Reduced alignment (with duplicates and gap-only sites/taxa removed) 
NOTE: was saved to: /raid/home/hatang/final_thesis/precompute/152/152_infer.raxml.reduced.phy

Alignment comprises 1 partitions and 333 patterns

Partition 0: noname
Model: GTR{1.3152/1.2993/1.3344/1.3091/1.7666/1}+FU{0.2828/0.2551/0.2619/0.2002}+IU{0.05027}+G4m{1.153}
Alignment sites / patterns: 553 / 333
Gaps: 15.24 %
Invariant sites: 45.03 %


NOTE: Binary MSA file created: precompute/152/152_infer.raxml.rba

Parallelization scheme autoconfig: 1 worker(s) x 5 thread(s)

[00:00:00] Loading user starting tree(s) from: /raid/home/hatang/final_thesis/data/dna/test/152/start.newick
Parallel reduction/worker buffer size: 1 KB  / 0 KB

[00:00:00] Data distribution: max. partitions/sites/weight per thread: 1 / 67 / 1072
[00:00:00] Data distribution: max. searches per worker: 1

Starting ML tree search with 1 distinct starting trees

[00:00:00 -3340.713460] Initial branch length optimization
[00:00:00 -3340.713429] Model parameter optimization (eps = 10.000000)
[00:00:00 -3340.713422] AUTODETECT spr round 1 (radius: 5)
[00:00:00 -3340.713421] SPR radius for FAST iterations: 5 (autodetect)
[00:00:00 -3340.713421] Model parameter optimization (eps = 3.000000)
[00:00:00 -3340.713421] FAST spr round 1 (radius: 5)
[00:00:00 -3340.713420] Model parameter optimization (eps = 1.000000)
[00:00:00 -3340.713420] SLOW spr round 1 (radius: 5)
[00:00:00 -3340.713420] SLOW spr round 2 (radius: 10)
[00:00:00 -3340.713420] Model parameter optimization (eps = 0.100000)

[00:00:00] ML tree search #1, logLikelihood: -3340.713420


Optimized model parameters:

   Partition 0: noname
   Rate heterogeneity: GAMMA (4 cats, mean),  alpha: 1.153000 (user),  weights&rates: (0.250000,0.166432) (0.250000,0.518359) (0.250000,1.021355) (0.250000,2.293853) 
   P-inv (user): 0.050270
   Base frequencies (user): 0.282800 0.255100 0.261900 0.200200 
   Substitution rates (user): 1.315200 1.299300 1.334400 1.309100 1.766600 1.000000 


Final LogLikelihood: -3340.713420

AIC score: 6723.426841 / AICc score: 6725.166954 / BIC score: 6814.049359
Free parameters (model + branch lengths): 21

Best ML tree saved to: /raid/home/hatang/final_thesis/precompute/152/152_infer.raxml.bestTree
Optimized model saved to: /raid/home/hatang/final_thesis/precompute/152/152_infer.raxml.bestModel

Execution log saved to: /raid/home/hatang/final_thesis/precompute/152/152_infer.raxml.log

Analysis started: 05-May-2026 15:06:26 / finished: 05-May-2026 15:06:26

Elapsed time: 0.065 seconds

