IQ-TREE version 3.1.1 for Linux x86 64-bit built Apr  8 2026
Developed by Bui Quang Minh, Thomas Wong, Nhan Ly-Trong, Huaiyan Ren
Contributed by Lam-Tung Nguyen, Dominik Schrempf, Chris Bielow,
Olga Chernomor, Michael Woodhams, Diep Thi Hoang, Heiko Schmidt

Host:    ha-ThinkPad-E14-Gen-5 (AVX2, FMA3, 31 GB RAM)
Command: iqtree3 -s /home/ha/Code/data/dna/test/354/data.phy -t /home/ha/Code/data/dna/test/354/start.newick -m GTR{1.0196,0.9665,1.0741,0.9744,1.0759}+F{0.2465,0.2151,0.3017,0.2367}+I{0.09576}+G4{1.389} --prefix /home/ha/Code/data/precompute/354/354_infer -T 1 --redo
Seed:    882052 (Using SPRNG - Scalable Parallel Random Number Generator)
Time:    Sat May 16 12:08:48 2026
Kernel:  AVX+FMA - 1 threads (16 CPU cores detected)

HINT: Use -nt option to specify number of threads because your CPU has 16 cores!
HINT: -nt AUTO will automatically determine the best number of threads to use.

Reading alignment file /home/ha/Code/data/dna/test/354/data.phy ... Phylip format detected
Alignment most likely contains DNA/RNA sequences
Constructing alignment: done in 0.000822752 secs using 6.199% CPU
WARNING: 13 sites contain only gaps or ambiguous characters.
Alignment has 15 sequences with 1220 columns, 818 distinct patterns
413 parsimony-informative, 258 singleton sites, 549 constant sites
     Gap/Ambiguity  Composition  p-value
Analyzing sequences: done in 3.5819e-05 secs using 97.71% CPU
   1  T2    23.61%    passed     89.71%
   2  T3    26.31%    passed     82.38%
   3  T13   25.82%    passed     78.72%
   4  T4    26.97%    passed     93.31%
   5  T8    30.00%    passed     99.36%
   6  T10   31.23%    passed     98.19%
   7  T5    32.87%    passed     87.67%
   8  T6    30.57%    passed     79.84%
   9  T7    25.74%    passed     56.47%
  10  T11   27.87%    passed     98.84%
  11  T15   26.48%    passed     94.80%
  12  T14   27.38%    passed     82.57%
  13  T9    26.15%    passed     79.90%
  14  T1    32.30%    passed     39.78%
  15  T12   18.85%    passed     89.37%
****  TOTAL   27.48%  0 sequences failed composition chi2 test (p-value<5%; df=3)
Checking for duplicate sequences: done in 6.0452e-05 secs using 99.25% CPU
Reading input tree file /home/ha/Code/data/dna/test/354/start.newick ...

NOTE: 1 MB RAM (0 GB) is required!
Estimate model parameters (epsilon = 0.100)
1. Initial log-likelihood: -8032.519
Optimal log-likelihood: -8032.519
Rate parameters:  A-C: 1.01960  A-G: 0.96650  A-T: 1.07410  C-G: 0.97440  C-T: 1.07590  G-T: 1.00000
Base frequencies:  A: 0.246  C: 0.215  G: 0.302  T: 0.237
Proportion of invariable sites: 0.096
Gamma shape alpha: 1.389
Parameters optimization took 1 rounds (0.005 sec)
Wrote distance file to... 

Do NNI search on 1 best initial trees
Finish initializing candidate tree set (1)
Current best tree score: -8032.519 / CPU time: 0.021
Number of iterations: 1
--------------------------------------------------------------------
|               OPTIMIZING CANDIDATE TREE SET                      |
--------------------------------------------------------------------
Iteration 10 / LogL: -8032.572 / Time: 0h:0m:0s
Iteration 20 / LogL: -8033.545 / Time: 0h:0m:0s
Iteration 30 / LogL: -8033.024 / Time: 0h:0m:0s (0h:0m:1s left)
Iteration 40 / LogL: -8032.561 / Time: 0h:0m:1s (0h:0m:1s left)
Iteration 50 / LogL: -8032.564 / Time: 0h:0m:1s (0h:0m:1s left)
Iteration 60 / LogL: -8032.776 / Time: 0h:0m:1s (0h:0m:1s left)
Iteration 70 / LogL: -8032.631 / Time: 0h:0m:1s (0h:0m:0s left)
Iteration 80 / LogL: -8032.763 / Time: 0h:0m:2s (0h:0m:0s left)
Iteration 90 / LogL: -8033.889 / Time: 0h:0m:2s (0h:0m:0s left)
Iteration 100 / LogL: -8032.723 / Time: 0h:0m:2s (0h:0m:0s left)
TREE SEARCH COMPLETED AFTER 101 ITERATIONS / Time: 0h:0m:2s

--------------------------------------------------------------------
|                    FINALIZING TREE SEARCH                        |
--------------------------------------------------------------------
Performs final model parameters optimization
Estimate model parameters (epsilon = 0.010)
1. Initial log-likelihood: -8032.519
Optimal log-likelihood: -8032.519
Rate parameters:  A-C: 1.01960  A-G: 0.96650  A-T: 1.07410  C-G: 0.97440  C-T: 1.07590  G-T: 1.00000
Base frequencies:  A: 0.246  C: 0.215  G: 0.302  T: 0.237
Proportion of invariable sites: 0.096
Gamma shape alpha: 1.389
Parameters optimization took 1 rounds (0.002 sec)
BEST SCORE FOUND : -8032.519
Total tree length: 2.209

Total number of iterations: 101
CPU time used for tree search: 2.440 sec (0h:0m:2s)
Wall-clock time used for tree search: 2.464 sec (0h:0m:2s)
Total CPU time used: 2.456 sec (0h:0m:2s)
Total wall-clock time used: 2.482 sec (0h:0m:2s)

Analysis results written to: 
  IQ-TREE report:                /home/ha/Code/data/precompute/354/354_infer.iqtree
  Maximum-likelihood tree:       /home/ha/Code/data/precompute/354/354_infer.treefile
  Screen log file:               /home/ha/Code/data/precompute/354/354_infer.log

Date and Time: Sat May 16 12:08:51 2026
