
RAxML-NG v. 1.2.2 released on 11.04.2024 by The Exelixis Lab.
Developed by: Alexey M. Kozlov and Alexandros Stamatakis.
Contributors: Diego Darriba, Tomas Flouri, Benoit Morel, Sarah Lutteropp, Ben Bettisworth, Julia Haag, Anastasis Togkousidis.
Latest version: https://github.com/amkozlov/raxml-ng
Questions/problems/suggestions? Please visit: https://groups.google.com/forum/#!forum/raxml

System: AMD EPYC 7742 64-Core Processor, 128 cores, 2015 GB RAM

RAxML-NG was called at 05-May-2026 04:09:00 as follows:

raxml-ng --search --msa /raid/home/hatang/final_thesis/data/dna/test/354/data.phy --tree /raid/home/hatang/final_thesis/data/dna/test/354/start.newick --model GTR{1.0196/0.9665/1.0741/0.9744/1.0759/1.0000}+I{0.09576}+G{1.389}+F{0.2465/0.2151/0.3017/0.2367} --prefix precompute/354/354_infer --threads auto --seed 42 --force perf_threads

Analysis options:
  run mode: ML tree search
  start tree(s): user
  random seed: 42
  tip-inner: OFF
  pattern compression: ON
  per-rate scalers: OFF
  site repeats: ON
  logLH epsilon: general: 10.000000, brlen-triplet: 1000.000000
  fast spr radius: AUTO
  spr subtree cutoff: 1.000000
  fast CLV updates: ON
  branch lengths: proportional (ML estimate, algorithm: NR-FAST)
  SIMD kernels: AVX2
  parallelization: coarse-grained (auto), PTHREADS (auto)

WARNING: Running in FORCE mode: some safety checks are disabled!

[00:00:00] Reading alignment from file: /raid/home/hatang/final_thesis/data/dna/test/354/data.phy
[00:00:00] Loaded alignment with 15 taxa and 1220 sites

WARNING: Fully undetermined columns found: 13

NOTE: Reduced alignment (with duplicates and gap-only sites/taxa removed) 
NOTE: was saved to: /raid/home/hatang/final_thesis/precompute/354/354_infer.raxml.reduced.phy

Alignment comprises 1 partitions and 817 patterns

Partition 0: noname
Model: GTR{1.0196/0.9665/1.0741/0.9744/1.0759/1}+FU{0.2465/0.2151/0.3017/0.2367}+IU{0.09576}+G4m{1.389}
Alignment sites / patterns: 1207 / 817
Gaps: 26.69 %
Invariant sites: 44.41 %


NOTE: Binary MSA file created: precompute/354/354_infer.raxml.rba

Parallelization scheme autoconfig: 1 worker(s) x 8 thread(s)

[00:00:00] Loading user starting tree(s) from: /raid/home/hatang/final_thesis/data/dna/test/354/start.newick
Parallel reduction/worker buffer size: 1 KB  / 0 KB

[00:00:00] Data distribution: max. partitions/sites/weight per thread: 1 / 103 / 1648
[00:00:00] Data distribution: max. searches per worker: 1

Starting ML tree search with 1 distinct starting trees

[00:00:00 -8032.518982] Initial branch length optimization
[00:00:00 -8032.518760] Model parameter optimization (eps = 10.000000)
[00:00:00 -8032.518759] AUTODETECT spr round 1 (radius: 5)
[00:00:00 -8032.518759] SPR radius for FAST iterations: 5 (autodetect)
[00:00:00 -8032.518759] Model parameter optimization (eps = 3.000000)
[00:00:00 -8032.518759] FAST spr round 1 (radius: 5)
[00:00:00 -8032.518759] Model parameter optimization (eps = 1.000000)
[00:00:00 -8032.518759] SLOW spr round 1 (radius: 5)
[00:00:00 -8032.518759] SLOW spr round 2 (radius: 10)
[00:00:00 -8032.518759] SLOW spr round 3 (radius: 15)
[00:00:00 -8032.518759] Model parameter optimization (eps = 0.100000)

[00:00:00] ML tree search #1, logLikelihood: -8032.518759


Optimized model parameters:

   Partition 0: noname
   Rate heterogeneity: GAMMA (4 cats, mean),  alpha: 1.389000 (user),  weights&rates: (0.250000,0.207655) (0.250000,0.568974) (0.250000,1.043179) (0.250000,2.180193) 
   P-inv (user): 0.095760
   Base frequencies (user): 0.246500 0.215100 0.301700 0.236700 
   Substitution rates (user): 1.019600 0.966500 1.074100 0.974400 1.075900 1.000000 


Final LogLikelihood: -8032.518759

AIC score: 16119.037519 / AICc score: 16120.319962 / BIC score: 16256.626636
Free parameters (model + branch lengths): 27

Best ML tree saved to: /raid/home/hatang/final_thesis/precompute/354/354_infer.raxml.bestTree
Optimized model saved to: /raid/home/hatang/final_thesis/precompute/354/354_infer.raxml.bestModel

Execution log saved to: /raid/home/hatang/final_thesis/precompute/354/354_infer.raxml.log

Analysis started: 05-May-2026 04:09:00 / finished: 05-May-2026 04:09:00

Elapsed time: 0.115 seconds

