
RAxML-NG v. 1.2.2 released on 11.04.2024 by The Exelixis Lab.
Developed by: Alexey M. Kozlov and Alexandros Stamatakis.
Contributors: Diego Darriba, Tomas Flouri, Benoit Morel, Sarah Lutteropp, Ben Bettisworth, Julia Haag, Anastasis Togkousidis.
Latest version: https://github.com/amkozlov/raxml-ng
Questions/problems/suggestions? Please visit: https://groups.google.com/forum/#!forum/raxml

System: AMD EPYC 7742 64-Core Processor, 128 cores, 2015 GB RAM

RAxML-NG was called at 05-May-2026 12:41:23 as follows:

raxml-ng --search --msa /raid/home/hatang/final_thesis/data/dna/test/212/data.phy --tree /raid/home/hatang/final_thesis/data/dna/test/212/start.newick --model GTR{1.1092/1.0887/1.0192/0.9487/0.9584/1.0000}+I{9.639e-07}+G{1.013}+F{0.3496/0.2095/0.1815/0.2594} --prefix precompute/212/212_infer --threads auto --seed 42 --force perf_threads

Analysis options:
  run mode: ML tree search
  start tree(s): user
  random seed: 42
  tip-inner: OFF
  pattern compression: ON
  per-rate scalers: OFF
  site repeats: ON
  logLH epsilon: general: 10.000000, brlen-triplet: 1000.000000
  fast spr radius: AUTO
  spr subtree cutoff: 1.000000
  fast CLV updates: ON
  branch lengths: proportional (ML estimate, algorithm: NR-FAST)
  SIMD kernels: AVX2
  parallelization: coarse-grained (auto), PTHREADS (auto)

WARNING: Running in FORCE mode: some safety checks are disabled!

[00:00:00] Reading alignment from file: /raid/home/hatang/final_thesis/data/dna/test/212/data.phy
[00:00:00] Loaded alignment with 12 taxa and 2317 sites

WARNING: Fully undetermined columns found: 6

NOTE: Reduced alignment (with duplicates and gap-only sites/taxa removed) 
NOTE: was saved to: /raid/home/hatang/final_thesis/precompute/212/212_infer.raxml.reduced.phy

Alignment comprises 1 partitions and 1345 patterns

Partition 0: noname
Model: GTR{1.1092/1.0887/1.0192/0.9487/0.9584/1}+FU{0.3496/0.2095/0.1815/0.2594}+IU{9.639e-07}+G4m{1.013}
Alignment sites / patterns: 2311 / 1345
Gaps: 19.16 %
Invariant sites: 40.68 %


NOTE: Binary MSA file created: precompute/212/212_infer.raxml.rba

Parallelization scheme autoconfig: 1 worker(s) x 9 thread(s)

[00:00:00] Loading user starting tree(s) from: /raid/home/hatang/final_thesis/data/dna/test/212/start.newick
Parallel reduction/worker buffer size: 1 KB  / 0 KB

[00:00:00] Data distribution: max. partitions/sites/weight per thread: 1 / 150 / 2400
[00:00:00] Data distribution: max. searches per worker: 1

Starting ML tree search with 1 distinct starting trees

[00:00:00 -15002.919879] Initial branch length optimization
[00:00:00 -15002.919879] Model parameter optimization (eps = 10.000000)
[00:00:00 -15002.919879] AUTODETECT spr round 1 (radius: 5)
[00:00:00 -15002.919879] SPR radius for FAST iterations: 5 (autodetect)
[00:00:00 -15002.919879] Model parameter optimization (eps = 3.000000)
[00:00:00 -15002.919879] FAST spr round 1 (radius: 5)
[00:00:00 -15002.919879] Model parameter optimization (eps = 1.000000)
[00:00:00 -15002.919879] SLOW spr round 1 (radius: 5)
[00:00:00 -15002.919879] SLOW spr round 2 (radius: 10)
[00:00:00 -15002.919879] Model parameter optimization (eps = 0.100000)

[00:00:00] ML tree search #1, logLikelihood: -15002.919879


Optimized model parameters:

   Partition 0: noname
   Rate heterogeneity: GAMMA (4 cats, mean),  alpha: 1.013000 (user),  weights&rates: (0.250000,0.139540) (0.250000,0.480625) (0.250000,1.002121) (0.250000,2.377714) 
   P-inv (user): 0.000001
   Base frequencies (user): 0.349600 0.209500 0.181500 0.259400 
   Substitution rates (user): 1.109200 1.088700 1.019200 0.948700 0.958400 1.000000 


Final LogLikelihood: -15002.919879

AIC score: 30047.839757 / AICc score: 30048.243427 / BIC score: 30168.493905
Free parameters (model + branch lengths): 21

Best ML tree saved to: /raid/home/hatang/final_thesis/precompute/212/212_infer.raxml.bestTree
Optimized model saved to: /raid/home/hatang/final_thesis/precompute/212/212_infer.raxml.bestModel

Execution log saved to: /raid/home/hatang/final_thesis/precompute/212/212_infer.raxml.log

Analysis started: 05-May-2026 12:41:23 / finished: 05-May-2026 12:41:23

Elapsed time: 0.110 seconds

