IQ-TREE version 3.1.1 for Linux x86 64-bit built Apr  8 2026
Developed by Bui Quang Minh, Thomas Wong, Nhan Ly-Trong, Huaiyan Ren
Contributed by Lam-Tung Nguyen, Dominik Schrempf, Chris Bielow,
Olga Chernomor, Michael Woodhams, Diep Thi Hoang, Heiko Schmidt

Host:    ha-ThinkPad-E14-Gen-5 (AVX2, FMA3, 31 GB RAM)
Command: iqtree3 -s /home/ha/Code/data/dna/test/212/data.phy -t /home/ha/Code/data/dna/test/212/start.newick -m GTR{1.1092,1.0887,1.0192,0.9487,0.9584}+F{0.3496,0.2095,0.1815,0.2594}+I{9.639e-07}+G4{1.013} --prefix /home/ha/Code/data/precompute/212/212_infer -T 1 --redo
Seed:    680832 (Using SPRNG - Scalable Parallel Random Number Generator)
Time:    Sat May 16 12:06:53 2026
Kernel:  AVX+FMA - 1 threads (16 CPU cores detected)

HINT: Use -nt option to specify number of threads because your CPU has 16 cores!
HINT: -nt AUTO will automatically determine the best number of threads to use.

Reading alignment file /home/ha/Code/data/dna/test/212/data.phy ... Phylip format detected
Alignment most likely contains DNA/RNA sequences
Constructing alignment: done in 0.000904363 secs using 80.06% CPU
WARNING: 6 sites contain only gaps or ambiguous characters.
Alignment has 12 sequences with 2317 columns, 1346 distinct patterns
970 parsimony-informative, 401 singleton sites, 946 constant sites
     Gap/Ambiguity  Composition  p-value
Analyzing sequences: done in 2.033e-05 secs using 98.38% CPU
   1  T1    13.85%    passed     91.81%
   2  T2    27.97%    passed     78.33%
   3  T7    17.70%    passed     44.75%
   4  T6    18.60%    passed     73.80%
   5  T12   18.52%    passed     86.64%
   6  T9    17.22%    passed     35.91%
   7  T4    15.32%    passed     90.79%
   8  T3    23.82%    passed     79.63%
   9  T10   23.95%    passed     43.65%
  10  T11   27.84%    passed     92.36%
  11  T8    13.85%    passed     81.73%
  12  T5    13.77%    passed     87.21%
****  TOTAL   19.37%  0 sequences failed composition chi2 test (p-value<5%; df=3)
Checking for duplicate sequences: done in 3.3694e-05 secs using 97.94% CPU
Reading input tree file /home/ha/Code/data/dna/test/212/start.newick ...

NOTE: 2 MB RAM (0 GB) is required!
Estimate model parameters (epsilon = 0.100)
1. Initial log-likelihood: -15002.920
Optimal log-likelihood: -15002.920
Rate parameters:  A-C: 1.10920  A-G: 1.08870  A-T: 1.01920  C-G: 0.94870  C-T: 0.95840  G-T: 1.00000
Base frequencies:  A: 0.350  C: 0.209  G: 0.181  T: 0.259
Proportion of invariable sites: 0.000
Gamma shape alpha: 1.013
Parameters optimization took 1 rounds (0.006 sec)
Wrote distance file to... 

Do NNI search on 1 best initial trees
Finish initializing candidate tree set (1)
Current best tree score: -15002.920 / CPU time: 0.020
Number of iterations: 1
--------------------------------------------------------------------
|               OPTIMIZING CANDIDATE TREE SET                      |
--------------------------------------------------------------------
Iteration 10 / LogL: -15004.168 / Time: 0h:0m:0s
Iteration 20 / LogL: -15006.643 / Time: 0h:0m:0s
Iteration 30 / LogL: -15007.415 / Time: 0h:0m:0s (0h:0m:1s left)
UPDATE BEST LOG-LIKELIHOOD: -15002.920
Iteration 40 / LogL: -15004.266 / Time: 0h:0m:1s (0h:0m:1s left)
Iteration 50 / LogL: -15004.472 / Time: 0h:0m:1s (0h:0m:1s left)
Iteration 60 / LogL: -15007.287 / Time: 0h:0m:1s (0h:0m:1s left)
Iteration 70 / LogL: -15005.020 / Time: 0h:0m:1s (0h:0m:0s left)
Iteration 80 / LogL: -15004.545 / Time: 0h:0m:2s (0h:0m:0s left)
Iteration 90 / LogL: -15004.068 / Time: 0h:0m:2s (0h:0m:0s left)
UPDATE BEST LOG-LIKELIHOOD: -15002.920
Iteration 100 / LogL: -15004.005 / Time: 0h:0m:2s (0h:0m:0s left)
TREE SEARCH COMPLETED AFTER 101 ITERATIONS / Time: 0h:0m:2s

--------------------------------------------------------------------
|                    FINALIZING TREE SEARCH                        |
--------------------------------------------------------------------
Performs final model parameters optimization
Estimate model parameters (epsilon = 0.010)
1. Initial log-likelihood: -15002.920
Optimal log-likelihood: -15002.920
Rate parameters:  A-C: 1.10920  A-G: 1.08870  A-T: 1.01920  C-G: 0.94870  C-T: 0.95840  G-T: 1.00000
Base frequencies:  A: 0.350  C: 0.209  G: 0.181  T: 0.259
Proportion of invariable sites: 0.000
Gamma shape alpha: 1.013
Parameters optimization took 1 rounds (0.004 sec)
BEST SCORE FOUND : -15002.920
Total tree length: 2.265

Total number of iterations: 101
CPU time used for tree search: 2.751 sec (0h:0m:2s)
Wall-clock time used for tree search: 2.763 sec (0h:0m:2s)
Total CPU time used: 2.766 sec (0h:0m:2s)
Total wall-clock time used: 2.779 sec (0h:0m:2s)

Analysis results written to: 
  IQ-TREE report:                /home/ha/Code/data/precompute/212/212_infer.iqtree
  Maximum-likelihood tree:       /home/ha/Code/data/precompute/212/212_infer.treefile
  Screen log file:               /home/ha/Code/data/precompute/212/212_infer.log

Date and Time: Sat May 16 12:06:56 2026
