
RAxML-NG v. 1.2.2 released on 11.04.2024 by The Exelixis Lab.
Developed by: Alexey M. Kozlov and Alexandros Stamatakis.
Contributors: Diego Darriba, Tomas Flouri, Benoit Morel, Sarah Lutteropp, Ben Bettisworth, Julia Haag, Anastasis Togkousidis.
Latest version: https://github.com/amkozlov/raxml-ng
Questions/problems/suggestions? Please visit: https://groups.google.com/forum/#!forum/raxml

System: AMD EPYC 7742 64-Core Processor, 128 cores, 2015 GB RAM

RAxML-NG was called at 05-May-2026 05:38:41 as follows:

raxml-ng --search --msa /raid/home/hatang/final_thesis/data/dna/test/398/data.phy --tree /raid/home/hatang/final_thesis/data/dna/test/398/start.newick --model GTR{1.0346/1.0072/0.9794/0.9594/1.0417/1.0000}+I{9.892e-07}+G{1.038}+F{0.2655/0.268/0.2228/0.2437} --prefix precompute/398/398_infer --threads auto --seed 42 --force perf_threads

Analysis options:
  run mode: ML tree search
  start tree(s): user
  random seed: 42
  tip-inner: OFF
  pattern compression: ON
  per-rate scalers: OFF
  site repeats: ON
  logLH epsilon: general: 10.000000, brlen-triplet: 1000.000000
  fast spr radius: AUTO
  spr subtree cutoff: 1.000000
  fast CLV updates: ON
  branch lengths: proportional (ML estimate, algorithm: NR-FAST)
  SIMD kernels: AVX2
  parallelization: coarse-grained (auto), PTHREADS (auto)

WARNING: Running in FORCE mode: some safety checks are disabled!

[00:00:00] Reading alignment from file: /raid/home/hatang/final_thesis/data/dna/test/398/data.phy
[00:00:00] Loaded alignment with 12 taxa and 5821 sites

WARNING: Fully undetermined columns found: 44

NOTE: Reduced alignment (with duplicates and gap-only sites/taxa removed) 
NOTE: was saved to: /raid/home/hatang/final_thesis/precompute/398/398_infer.raxml.reduced.phy

Alignment comprises 1 partitions and 2244 patterns

Partition 0: noname
Model: GTR{1.0346/1.0072/0.9794/0.9594/1.0417/1}+FU{0.2655/0.268/0.2228/0.2437}+IU{9.892e-07}+G4m{1.038}
Alignment sites / patterns: 5777 / 2244
Gaps: 19.80 %
Invariant sites: 50.63 %


NOTE: Binary MSA file created: precompute/398/398_infer.raxml.rba

Parallelization scheme autoconfig: 1 worker(s) x 8 thread(s)

[00:00:00] Loading user starting tree(s) from: /raid/home/hatang/final_thesis/data/dna/test/398/start.newick
Parallel reduction/worker buffer size: 1 KB  / 0 KB

[00:00:00] Data distribution: max. partitions/sites/weight per thread: 1 / 281 / 4496
[00:00:00] Data distribution: max. searches per worker: 1

Starting ML tree search with 1 distinct starting trees

[00:00:00 -30582.512910] Initial branch length optimization
[00:00:00 -30582.512909] Model parameter optimization (eps = 10.000000)
[00:00:00 -30582.512909] AUTODETECT spr round 1 (radius: 5)
[00:00:00 -30582.512909] SPR radius for FAST iterations: 5 (autodetect)
[00:00:00 -30582.512909] Model parameter optimization (eps = 3.000000)
[00:00:00 -30582.512909] FAST spr round 1 (radius: 5)
[00:00:00 -30582.512909] Model parameter optimization (eps = 1.000000)
[00:00:00 -30582.512909] SLOW spr round 1 (radius: 5)
[00:00:00 -30582.512909] SLOW spr round 2 (radius: 10)
[00:00:00 -30582.512909] Model parameter optimization (eps = 0.100000)

[00:00:00] ML tree search #1, logLikelihood: -30582.512909


Optimized model parameters:

   Partition 0: noname
   Rate heterogeneity: GAMMA (4 cats, mean),  alpha: 1.038000 (user),  weights&rates: (0.250000,0.144473) (0.250000,0.487883) (0.250000,1.006022) (0.250000,2.361622) 
   P-inv (user): 0.000001
   Base frequencies (user): 0.265500 0.268000 0.222800 0.243700 
   Substitution rates (user): 1.034600 1.007200 0.979400 0.959400 1.041700 1.000000 


Final LogLikelihood: -30582.512909

AIC score: 61207.025819 / AICc score: 61207.186375 / BIC score: 61346.920254
Free parameters (model + branch lengths): 21

Best ML tree saved to: /raid/home/hatang/final_thesis/precompute/398/398_infer.raxml.bestTree
Optimized model saved to: /raid/home/hatang/final_thesis/precompute/398/398_infer.raxml.bestModel

Execution log saved to: /raid/home/hatang/final_thesis/precompute/398/398_infer.raxml.log

Analysis started: 05-May-2026 05:38:41 / finished: 05-May-2026 05:38:41

Elapsed time: 0.144 seconds

