IQ-TREE version 3.1.1 for Linux x86 64-bit built Apr  8 2026
Developed by Bui Quang Minh, Thomas Wong, Nhan Ly-Trong, Huaiyan Ren
Contributed by Lam-Tung Nguyen, Dominik Schrempf, Chris Bielow,
Olga Chernomor, Michael Woodhams, Diep Thi Hoang, Heiko Schmidt

Host:    ha-ThinkPad-E14-Gen-5 (AVX2, FMA3, 31 GB RAM)
Command: iqtree3 -s /home/ha/Code/data/dna/test/398/data.phy -t /home/ha/Code/data/dna/test/398/start.newick -m GTR{1.0346,1.0072,0.9794,0.9594,1.0417}+F{0.2655,0.268,0.2228,0.2437}+I{9.892e-07}+G4{1.038} --prefix /home/ha/Code/data/precompute/398/398_infer -T 1 --redo
Seed:    305101 (Using SPRNG - Scalable Parallel Random Number Generator)
Time:    Sat May 16 12:09:39 2026
Kernel:  AVX+FMA - 1 threads (16 CPU cores detected)

HINT: Use -nt option to specify number of threads because your CPU has 16 cores!
HINT: -nt AUTO will automatically determine the best number of threads to use.

Reading alignment file /home/ha/Code/data/dna/test/398/data.phy ... Phylip format detected
Alignment most likely contains DNA/RNA sequences
Constructing alignment: done in 0.00464816 secs using 11.49% CPU
WARNING: 44 sites contain only gaps or ambiguous characters.
Alignment has 12 sequences with 5821 columns, 2245 distinct patterns
1973 parsimony-informative, 879 singleton sites, 2969 constant sites
     Gap/Ambiguity  Composition  p-value
Analyzing sequences: done in 8.3108e-05 secs using 97.46% CPU
   1  T1    16.78%    passed     92.00%
   2  T2    22.62%    passed     93.65%
   3  T8    21.04%    passed     95.20%
   4  T6    20.80%    passed     33.30%
   5  T5    20.60%    passed     47.96%
   6  T10   27.49%    passed     53.90%
   7  T11   24.17%    passed     53.23%
   8  T7    20.29%    passed     88.96%
   9  T12   21.77%    passed     83.05%
  10  T9    19.34%    passed     93.30%
  11  T4    15.84%    passed     95.03%
  12  T3    14.17%    passed     94.09%
****  TOTAL   20.41%  0 sequences failed composition chi2 test (p-value<5%; df=3)
Checking for duplicate sequences: done in 0.000110328 secs using 49.85% CPU
Reading input tree file /home/ha/Code/data/dna/test/398/start.newick ...

NOTE: 3 MB RAM (0 GB) is required!
Estimate model parameters (epsilon = 0.100)
1. Initial log-likelihood: -30582.513
Optimal log-likelihood: -30582.513
Rate parameters:  A-C: 1.03460  A-G: 1.00720  A-T: 0.97940  C-G: 0.95940  C-T: 1.04170  G-T: 1.00000
Base frequencies:  A: 0.266  C: 0.268  G: 0.223  T: 0.244
Proportion of invariable sites: 0.000
Gamma shape alpha: 1.038
Parameters optimization took 1 rounds (0.012 sec)
Wrote distance file to... 

Do NNI search on 1 best initial trees
Finish initializing candidate tree set (1)
Current best tree score: -30582.513 / CPU time: 0.031
Number of iterations: 1
--------------------------------------------------------------------
|               OPTIMIZING CANDIDATE TREE SET                      |
--------------------------------------------------------------------
Iteration 10 / LogL: -30583.704 / Time: 0h:0m:0s
Iteration 20 / LogL: -30599.660 / Time: 0h:0m:0s
Iteration 30 / LogL: -30582.634 / Time: 0h:0m:1s (0h:0m:3s left)
Iteration 40 / LogL: -30583.107 / Time: 0h:0m:1s (0h:0m:3s left)
Iteration 50 / LogL: -30582.602 / Time: 0h:0m:2s (0h:0m:2s left)
Iteration 60 / LogL: -30606.424 / Time: 0h:0m:2s (0h:0m:1s left)
Iteration 70 / LogL: -30621.350 / Time: 0h:0m:3s (0h:0m:1s left)
Iteration 80 / LogL: -30587.204 / Time: 0h:0m:3s (0h:0m:0s left)
Iteration 90 / LogL: -30582.775 / Time: 0h:0m:4s (0h:0m:0s left)
Iteration 100 / LogL: -30582.535 / Time: 0h:0m:5s (0h:0m:0s left)
TREE SEARCH COMPLETED AFTER 101 ITERATIONS / Time: 0h:0m:5s

--------------------------------------------------------------------
|                    FINALIZING TREE SEARCH                        |
--------------------------------------------------------------------
Performs final model parameters optimization
Estimate model parameters (epsilon = 0.010)
1. Initial log-likelihood: -30582.513
Optimal log-likelihood: -30582.513
Rate parameters:  A-C: 1.03460  A-G: 1.00720  A-T: 0.97940  C-G: 0.95940  C-T: 1.04170  G-T: 1.00000
Base frequencies:  A: 0.266  C: 0.268  G: 0.223  T: 0.244
Proportion of invariable sites: 0.000
Gamma shape alpha: 1.038
Parameters optimization took 1 rounds (0.004 sec)
BEST SCORE FOUND : -30582.513
Total tree length: 1.429

Total number of iterations: 101
CPU time used for tree search: 5.029 sec (0h:0m:5s)
Wall-clock time used for tree search: 5.065 sec (0h:0m:5s)
Total CPU time used: 5.051 sec (0h:0m:5s)
Total wall-clock time used: 5.090 sec (0h:0m:5s)

Analysis results written to: 
  IQ-TREE report:                /home/ha/Code/data/precompute/398/398_infer.iqtree
  Maximum-likelihood tree:       /home/ha/Code/data/precompute/398/398_infer.treefile
  Screen log file:               /home/ha/Code/data/precompute/398/398_infer.log

Date and Time: Sat May 16 12:09:44 2026
