
RAxML-NG v. 1.2.2 released on 11.04.2024 by The Exelixis Lab.
Developed by: Alexey M. Kozlov and Alexandros Stamatakis.
Contributors: Diego Darriba, Tomas Flouri, Benoit Morel, Sarah Lutteropp, Ben Bettisworth, Julia Haag, Anastasis Togkousidis.
Latest version: https://github.com/amkozlov/raxml-ng
Questions/problems/suggestions? Please visit: https://groups.google.com/forum/#!forum/raxml

System: 13th Gen Intel(R) Core(TM) i5-13500H, 12 cores, 31 GB RAM (allocated: 8 physical cores)

RAxML-NG was called at 16-May-2026 12:12:40 as follows:

raxml-ng --search --msa /home/ha/Code/data/dna/test/441/data.phy --tree /home/ha/Code/data/dna/test/441/start.newick --model GTR{1.0232/0.9464/1.1071/0.9642/0.9700/1.0000}+I{0.04471}+G{1.198}+F{0.3182/0.1982/0.2485/0.2352} --prefix /home/ha/Code/data/precompute/441/441_infer --threads 1 --seed 42 --force perf_threads --redo

Analysis options:
  run mode: ML tree search
  start tree(s): user
  random seed: 42
  tip-inner: OFF
  pattern compression: ON
  per-rate scalers: OFF
  site repeats: ON
  logLH epsilon: general: 10.000000, brlen-triplet: 1000.000000
  fast spr radius: AUTO
  spr subtree cutoff: 1.000000
  fast CLV updates: ON
  branch lengths: proportional (ML estimate, algorithm: NR-FAST)
  SIMD kernels: AVX2
  parallelization: coarse-grained (auto), NONE/sequential

WARNING: Running in REDO mode: existing checkpoints are ignored, and all result files will be overwritten!

WARNING: Running in FORCE mode: some safety checks are disabled!

[00:00:00] Reading alignment from file: /home/ha/Code/data/dna/test/441/data.phy
[00:00:00] Loaded alignment with 12 taxa and 5170 sites

WARNING: Fully undetermined columns found: 43

NOTE: Reduced alignment (with duplicates and gap-only sites/taxa removed) 
NOTE: was saved to: /home/ha/Code/data/precompute/441/441_infer.raxml.reduced.phy

Alignment comprises 1 partitions and 3102 patterns

Partition 0: noname
Model: GTR{1.0232/0.9464/1.1071/0.9642/0.97/1}+FU{0.3182/0.1982/0.2485/0.2352}+IU{0.04471}+G4m{1.198}
Alignment sites / patterns: 5127 / 3102
Gaps: 31.94 %
Invariant sites: 42.21 %


NOTE: Binary MSA file created: /home/ha/Code/data/precompute/441/441_infer.raxml.rba

Parallelization scheme autoconfig: 1 worker(s) x 1 thread(s)

[00:00:00] Loading user starting tree(s) from: /home/ha/Code/data/dna/test/441/start.newick
Parallel reduction/worker buffer size: 1 KB  / 0 KB

[00:00:00] Data distribution: max. partitions/sites/weight per thread: 1 / 3102 / 49632
[00:00:00] Data distribution: max. searches per worker: 1

Starting ML tree search with 1 distinct starting trees

[00:00:00 -33771.757847] Initial branch length optimization
[00:00:00 -33771.757830] Model parameter optimization (eps = 10.000000)
[00:00:00 -33771.757827] AUTODETECT spr round 1 (radius: 5)
[00:00:00 -33771.757827] SPR radius for FAST iterations: 5 (autodetect)
[00:00:00 -33771.757827] Model parameter optimization (eps = 3.000000)
[00:00:00 -33771.757827] FAST spr round 1 (radius: 5)
[00:00:00 -33771.757827] Model parameter optimization (eps = 1.000000)
[00:00:00 -33771.757827] SLOW spr round 1 (radius: 5)
[00:00:00 -33771.757827] SLOW spr round 2 (radius: 10)
[00:00:00 -33771.757827] Model parameter optimization (eps = 0.100000)

[00:00:00] ML tree search #1, logLikelihood: -33771.757827


Optimized model parameters:

   Partition 0: noname
   Rate heterogeneity: GAMMA (4 cats, mean),  alpha: 1.198000 (user),  weights&rates: (0.250000,0.174690) (0.250000,0.529128) (0.250000,1.026375) (0.250000,2.269807) 
   P-inv (user): 0.044710
   Base frequencies (user): 0.318168 0.198180 0.248475 0.235176 
   Substitution rates (user): 1.023200 0.946400 1.107100 0.964200 0.970000 1.000000 


Final LogLikelihood: -33771.757827

AIC score: 67585.515654 / AICc score: 67585.696653 / BIC score: 67722.903449
Free parameters (model + branch lengths): 21

Best ML tree saved to: /home/ha/Code/data/precompute/441/441_infer.raxml.bestTree
Optimized model saved to: /home/ha/Code/data/precompute/441/441_infer.raxml.bestModel

Execution log saved to: /home/ha/Code/data/precompute/441/441_infer.raxml.log

Analysis started: 16-May-2026 12:12:40 / finished: 16-May-2026 12:12:41

Elapsed time: 0.902 seconds

