IQ-TREE version 3.1.1 for Linux x86 64-bit built Apr  8 2026
Developed by Bui Quang Minh, Thomas Wong, Nhan Ly-Trong, Huaiyan Ren
Contributed by Lam-Tung Nguyen, Dominik Schrempf, Chris Bielow,
Olga Chernomor, Michael Woodhams, Diep Thi Hoang, Heiko Schmidt

Host:    ha-ThinkPad-E14-Gen-5 (AVX2, FMA3, 31 GB RAM)
Command: iqtree3 -s /home/ha/Code/data/dna/test/500/data.phy -t /home/ha/Code/data/dna/test/500/start.newick -m GTR{0.9601,0.9564,1.0317,0.9737,0.9744}+F{0.2313,0.1511,0.3984,0.2192}+I{1.033e-06}+G4{1.062} --prefix /home/ha/Code/data/precompute/500/500_infer -T 1 --redo
Seed:    682708 (Using SPRNG - Scalable Parallel Random Number Generator)
Time:    Sat May 16 12:14:22 2026
Kernel:  AVX+FMA - 1 threads (16 CPU cores detected)

HINT: Use -nt option to specify number of threads because your CPU has 16 cores!
HINT: -nt AUTO will automatically determine the best number of threads to use.

Reading alignment file /home/ha/Code/data/dna/test/500/data.phy ... Phylip format detected
Alignment most likely contains DNA/RNA sequences
Constructing alignment: done in 0.00402584 secs using 49.41% CPU
WARNING: 36 sites contain only gaps or ambiguous characters.
Alignment has 20 sequences with 4238 columns, 2389 distinct patterns
1639 parsimony-informative, 596 singleton sites, 2003 constant sites
     Gap/Ambiguity  Composition  p-value
Analyzing sequences: done in 0.000140673 secs using 98.81% CPU
   1  T2    50.14%    passed     75.97%
   2  T17   50.83%    passed     32.30%
   3  T7    48.54%    passed     52.20%
   4  T16   48.25%    passed     71.61%
   5  T6    47.76%    passed     99.60%
   6  T11   47.59%    passed     15.48%
   7  T3    52.81%    passed     78.78%
   8  T14   53.30%    passed      7.91%
   9  T10   49.60%    passed     87.89%
  10  T12   49.74%    passed     75.07%
  11  T9    49.15%    passed     64.30%
  12  T8    47.31%    passed     69.68%
  13  T5    46.51%    passed     46.19%
  14  T4    43.65%    passed     43.82%
  15  T13   40.40%    passed     67.80%
  16  T15   34.12%    passed     13.01%
  17  T20   32.99%    passed     73.80%
  18  T1    32.70%    passed     65.65%
  19  T18   29.21%    passed     21.53%
  20  T19   29.09%    passed     67.86%
WARNING: 4 sequences contain more than 50% gaps/ambiguity
****  TOTAL   44.18%  0 sequences failed composition chi2 test (p-value<5%; df=3)
Checking for duplicate sequences: done in 0.000199638 secs using 93.67% CPU
Reading input tree file /home/ha/Code/data/dna/test/500/start.newick ...

NOTE: 6 MB RAM (0 GB) is required!
Estimate model parameters (epsilon = 0.100)
1. Initial log-likelihood: -29881.501
Optimal log-likelihood: -29881.501
Rate parameters:  A-C: 0.96010  A-G: 0.95640  A-T: 1.03170  C-G: 0.97370  C-T: 0.97440  G-T: 1.00000
Base frequencies:  A: 0.231  C: 0.151  G: 0.398  T: 0.219
Proportion of invariable sites: 0.000
Gamma shape alpha: 1.062
Parameters optimization took 1 rounds (0.034 sec)
Wrote distance file to... 

Do NNI search on 1 best initial trees
Finish initializing candidate tree set (1)
Current best tree score: -29881.501 / CPU time: 0.073
Number of iterations: 1
--------------------------------------------------------------------
|               OPTIMIZING CANDIDATE TREE SET                      |
--------------------------------------------------------------------
Iteration 10 / LogL: -29881.536 / Time: 0h:0m:1s
Iteration 20 / LogL: -29881.508 / Time: 0h:0m:2s
Iteration 30 / LogL: -29881.501 / Time: 0h:0m:3s (0h:0m:9s left)
Iteration 40 / LogL: -29881.503 / Time: 0h:0m:5s (0h:0m:8s left)
Iteration 50 / LogL: -29881.985 / Time: 0h:0m:6s (0h:0m:6s left)
Iteration 60 / LogL: -29882.261 / Time: 0h:0m:7s (0h:0m:5s left)
Iteration 70 / LogL: -29881.501 / Time: 0h:0m:9s (0h:0m:3s left)
Iteration 80 / LogL: -29881.502 / Time: 0h:0m:10s (0h:0m:2s left)
Iteration 90 / LogL: -29881.504 / Time: 0h:0m:11s (0h:0m:1s left)
Iteration 100 / LogL: -29881.958 / Time: 0h:0m:12s (0h:0m:0s left)
TREE SEARCH COMPLETED AFTER 101 ITERATIONS / Time: 0h:0m:12s

--------------------------------------------------------------------
|                    FINALIZING TREE SEARCH                        |
--------------------------------------------------------------------
Performs final model parameters optimization
Estimate model parameters (epsilon = 0.010)
1. Initial log-likelihood: -29881.501
Optimal log-likelihood: -29881.501
Rate parameters:  A-C: 0.96010  A-G: 0.95640  A-T: 1.03170  C-G: 0.97370  C-T: 0.97440  G-T: 1.00000
Base frequencies:  A: 0.231  C: 0.151  G: 0.398  T: 0.219
Proportion of invariable sites: 0.000
Gamma shape alpha: 1.062
Parameters optimization took 1 rounds (0.007 sec)
BEST SCORE FOUND : -29881.501
Total tree length: 3.808

Total number of iterations: 101
CPU time used for tree search: 12.889 sec (0h:0m:12s)
Wall-clock time used for tree search: 12.941 sec (0h:0m:12s)
Total CPU time used: 12.935 sec (0h:0m:12s)
Total wall-clock time used: 12.996 sec (0h:0m:12s)

Analysis results written to: 
  IQ-TREE report:                /home/ha/Code/data/precompute/500/500_infer.iqtree
  Maximum-likelihood tree:       /home/ha/Code/data/precompute/500/500_infer.treefile
  Screen log file:               /home/ha/Code/data/precompute/500/500_infer.log

Date and Time: Sat May 16 12:14:35 2026
