
RAxML-NG v. 1.2.2 released on 11.04.2024 by The Exelixis Lab.
Developed by: Alexey M. Kozlov and Alexandros Stamatakis.
Contributors: Diego Darriba, Tomas Flouri, Benoit Morel, Sarah Lutteropp, Ben Bettisworth, Julia Haag, Anastasis Togkousidis.
Latest version: https://github.com/amkozlov/raxml-ng
Questions/problems/suggestions? Please visit: https://groups.google.com/forum/#!forum/raxml

System: 13th Gen Intel(R) Core(TM) i5-13500H, 12 cores, 31 GB RAM (allocated: 8 physical cores)

RAxML-NG was called at 16-May-2026 12:09:25 as follows:

raxml-ng --search --msa /home/ha/Code/data/dna/test/384/data.phy --tree /home/ha/Code/data/dna/test/384/start.newick --model GTR{1.0236/1.0631/1.0039/1.0160/1.0596/1.0000}+I{0.05157}+G{1.065}+F{0.2643/0.2545/0.2583/0.223} --prefix /home/ha/Code/data/precompute/384/384_infer --threads 1 --seed 42 --force perf_threads --redo

Analysis options:
  run mode: ML tree search
  start tree(s): user
  random seed: 42
  tip-inner: OFF
  pattern compression: ON
  per-rate scalers: OFF
  site repeats: ON
  logLH epsilon: general: 10.000000, brlen-triplet: 1000.000000
  fast spr radius: AUTO
  spr subtree cutoff: 1.000000
  fast CLV updates: ON
  branch lengths: proportional (ML estimate, algorithm: NR-FAST)
  SIMD kernels: AVX2
  parallelization: coarse-grained (auto), NONE/sequential

WARNING: Running in REDO mode: existing checkpoints are ignored, and all result files will be overwritten!

WARNING: Running in FORCE mode: some safety checks are disabled!

[00:00:00] Reading alignment from file: /home/ha/Code/data/dna/test/384/data.phy
[00:00:00] Loaded alignment with 12 taxa and 6338 sites

WARNING: Fully undetermined columns found: 78

NOTE: Reduced alignment (with duplicates and gap-only sites/taxa removed) 
NOTE: was saved to: /home/ha/Code/data/precompute/384/384_infer.raxml.reduced.phy

Alignment comprises 1 partitions and 3170 patterns

Partition 0: noname
Model: GTR{1.0236/1.0631/1.0039/1.016/1.0596/1}+FU{0.2643/0.2545/0.2583/0.223}+IU{0.05157}+G4m{1.065}
Alignment sites / patterns: 6260 / 3170
Gaps: 27.74 %
Invariant sites: 46.17 %


NOTE: Binary MSA file created: /home/ha/Code/data/precompute/384/384_infer.raxml.rba

Parallelization scheme autoconfig: 1 worker(s) x 1 thread(s)

[00:00:00] Loading user starting tree(s) from: /home/ha/Code/data/dna/test/384/start.newick
Parallel reduction/worker buffer size: 1 KB  / 0 KB

[00:00:00] Data distribution: max. partitions/sites/weight per thread: 1 / 3170 / 50720
[00:00:00] Data distribution: max. searches per worker: 1

Starting ML tree search with 1 distinct starting trees

[00:00:00 -37420.119198] Initial branch length optimization
[00:00:00 -37420.119194] Model parameter optimization (eps = 10.000000)
[00:00:00 -37420.119193] AUTODETECT spr round 1 (radius: 5)
[00:00:00 -37420.119193] SPR radius for FAST iterations: 5 (autodetect)
[00:00:00 -37420.119193] Model parameter optimization (eps = 3.000000)
[00:00:00 -37420.119193] FAST spr round 1 (radius: 5)
[00:00:00 -37420.119193] Model parameter optimization (eps = 1.000000)
[00:00:00 -37420.119193] SLOW spr round 1 (radius: 5)
[00:00:00 -37420.119193] SLOW spr round 2 (radius: 10)
[00:00:00 -37420.119193] Model parameter optimization (eps = 0.100000)

[00:00:00] ML tree search #1, logLikelihood: -37420.119193


Optimized model parameters:

   Partition 0: noname
   Rate heterogeneity: GAMMA (4 cats, mean),  alpha: 1.065000 (user),  weights&rates: (0.250000,0.149738) (0.250000,0.495454) (0.250000,1.009987) (0.250000,2.344821) 
   P-inv (user): 0.051570
   Base frequencies (user): 0.264274 0.254475 0.258274 0.222978 
   Substitution rates (user): 1.023600 1.063100 1.003900 1.016000 1.059600 1.000000 


Final LogLikelihood: -37420.119193

AIC score: 74882.238386 / AICc score: 74882.386510 / BIC score: 75023.819030
Free parameters (model + branch lengths): 21

Best ML tree saved to: /home/ha/Code/data/precompute/384/384_infer.raxml.bestTree
Optimized model saved to: /home/ha/Code/data/precompute/384/384_infer.raxml.bestModel

Execution log saved to: /home/ha/Code/data/precompute/384/384_infer.raxml.log

Analysis started: 16-May-2026 12:09:25 / finished: 16-May-2026 12:09:26

Elapsed time: 0.838 seconds

