IQ-TREE version 3.1.1 for Linux x86 64-bit built Apr  8 2026
Developed by Bui Quang Minh, Thomas Wong, Nhan Ly-Trong, Huaiyan Ren
Contributed by Lam-Tung Nguyen, Dominik Schrempf, Chris Bielow,
Olga Chernomor, Michael Woodhams, Diep Thi Hoang, Heiko Schmidt

Host:    IAD1-C632678DGX041 (AVX2, FMA3, 2015 GB RAM)
Command: iqtree3 -s /raid/home/hatang/final_thesis/data/dna/test/22/data.phy -t /raid/home/hatang/final_thesis/data/dna/test/22/start.newick -m GTR{0.9127,0.8241,0.8286,0.6019,0.7839}+F{0.3495,0.1415,0.2872,0.2218}+I{0.07103}+G4{1.224} --prefix precompute/22/22_infer --threads auto --redo
Seed:    289243 (Using SPRNG - Scalable Parallel Random Number Generator)
Time:    Tue May  5 00:12:33 2026
Kernel:  AVX+FMA - auto-detect threads (256 CPU cores detected)

Reading alignment file /raid/home/hatang/final_thesis/data/dna/test/22/data.phy ... Phylip format detected
Alignment most likely contains DNA/RNA sequences
Constructing alignment: done in 0.0053416 secs using 7158% CPU
WARNING: 3 sites contain only gaps or ambiguous characters.
Alignment has 7 sequences with 550 columns, 195 distinct patterns
117 parsimony-informative, 80 singleton sites, 353 constant sites
    Gap/Ambiguity  Composition  p-value
Analyzing sequences: done in 0.0118109 secs using 1.913e+04% CPU
   1  T2   11.27%    passed     99.43%
   2  T3   13.82%    passed     87.40%
   3  T6   19.27%    passed     56.27%
   4  T5   14.91%    passed     91.26%
   5  T7   14.18%    passed     86.84%
   6  T1   10.91%    passed     84.87%
   7  T4    9.09%    passed     99.56%
****  TOTAL   13.35%  0 sequences failed composition chi2 test (p-value<5%; df=3)
Checking for duplicate sequences: done in 0.00638553 secs using 1.74e+04% CPU
Reading input tree file /raid/home/hatang/final_thesis/data/dna/test/22/start.newick ...

NOTE: 0 MB RAM (0 GB) is required!
Measuring multi-threading efficiency up to 256 CPU cores
Increase to 10 rounds for branch lengths
242291 trees examined
Threads: 1 / Time: 256.001 sec / Speedup: 1.000 / Efficiency: 100% / LogL: -2202
Threads: 2 / Time: 391.557 sec / Speedup: 0.654 / Efficiency: 33% / LogL: -2202
Determining AUTO threadcount: done in 647.559 secs using 155.5% CPU
BEST NUMBER OF THREADS: 1

Estimate model parameters (epsilon = 0.100)
1. Initial log-likelihood: -1883.583
Optimal log-likelihood: -1883.583
Rate parameters:  A-C: 0.91270  A-G: 0.82410  A-T: 0.82860  C-G: 0.60190  C-T: 0.78390  G-T: 1.00000
Base frequencies:  A: 0.349  C: 0.141  G: 0.287  T: 0.222
Proportion of invariable sites: 0.071
Gamma shape alpha: 1.224
Parameters optimization took 1 rounds (0.000 sec)
Wrote distance file to... 

Do NNI search on 1 best initial trees
Finish initializing candidate tree set (1)
Current best tree score: -1883.583 / CPU time: 0.001
Number of iterations: 1
--------------------------------------------------------------------
|               OPTIMIZING CANDIDATE TREE SET                      |
--------------------------------------------------------------------
Iteration 10 / LogL: -1883.583 / Time: 0h:10m:47s
Iteration 20 / LogL: -1883.659 / Time: 0h:10m:47s
Iteration 30 / LogL: -1883.594 / Time: 0h:10m:47s (0h:26m:3s left)
Iteration 40 / LogL: -1883.597 / Time: 0h:10m:47s (0h:16m:36s left)
Iteration 50 / LogL: -1883.605 / Time: 0h:10m:47s (0h:11m:0s left)
Iteration 60 / LogL: -1884.263 / Time: 0h:10m:47s (0h:7m:19s left)
Iteration 70 / LogL: -1884.129 / Time: 0h:10m:47s (0h:4m:41s left)
UPDATE BEST LOG-LIKELIHOOD: -1883.583
Iteration 80 / LogL: -1883.672 / Time: 0h:10m:47s (0h:2m:43s left)
Iteration 90 / LogL: -1883.604 / Time: 0h:10m:47s (0h:1m:12s left)
Iteration 100 / LogL: -1883.583 / Time: 0h:10m:47s (0h:0m:0s left)
TREE SEARCH COMPLETED AFTER 101 ITERATIONS / Time: 0h:10m:47s

--------------------------------------------------------------------
|                    FINALIZING TREE SEARCH                        |
--------------------------------------------------------------------
Performs final model parameters optimization
Estimate model parameters (epsilon = 0.010)
1. Initial log-likelihood: -1883.583
Optimal log-likelihood: -1883.583
Rate parameters:  A-C: 0.91270  A-G: 0.82410  A-T: 0.82860  C-G: 0.60190  C-T: 0.78390  G-T: 1.00000
Base frequencies:  A: 0.349  C: 0.141  G: 0.287  T: 0.222
Proportion of invariable sites: 0.071
Gamma shape alpha: 1.224
Parameters optimization took 1 rounds (0.000 sec)
BEST SCORE FOUND : -1883.583
Total tree length: 0.692

Total number of iterations: 101
CPU time used for tree search: 0.257 sec (0h:0m:0s)
Wall-clock time used for tree search: 0.261 sec (0h:0m:0s)
Total CPU time used: 1009.812 sec (0h:16m:49s)
Total wall-clock time used: 647.860 sec (0h:10m:47s)

Analysis results written to: 
  IQ-TREE report:                precompute/22/22_infer.iqtree
  Maximum-likelihood tree:       precompute/22/22_infer.treefile
  Screen log file:               precompute/22/22_infer.log

Date and Time: Tue May  5 00:23:21 2026
