
RAxML-NG v. 1.2.2 released on 11.04.2024 by The Exelixis Lab.
Developed by: Alexey M. Kozlov and Alexandros Stamatakis.
Contributors: Diego Darriba, Tomas Flouri, Benoit Morel, Sarah Lutteropp, Ben Bettisworth, Julia Haag, Anastasis Togkousidis.
Latest version: https://github.com/amkozlov/raxml-ng
Questions/problems/suggestions? Please visit: https://groups.google.com/forum/#!forum/raxml

System: 13th Gen Intel(R) Core(TM) i5-13500H, 12 cores, 31 GB RAM (allocated: 8 physical cores)

RAxML-NG was called at 16-May-2026 12:06:10 as follows:

raxml-ng --search --msa /home/ha/Code/data/dna/test/22/data.phy --tree /home/ha/Code/data/dna/test/22/start.newick --model GTR{0.9127/0.8241/0.8286/0.6019/0.7839/1.0000}+I{0.07103}+G{1.224}+F{0.3495/0.1415/0.2872/0.2218} --prefix /home/ha/Code/data/precompute/22/22_infer --threads 1 --seed 42 --force perf_threads --redo

Analysis options:
  run mode: ML tree search
  start tree(s): user
  random seed: 42
  tip-inner: OFF
  pattern compression: ON
  per-rate scalers: OFF
  site repeats: ON
  logLH epsilon: general: 10.000000, brlen-triplet: 1000.000000
  fast spr radius: AUTO
  spr subtree cutoff: 1.000000
  fast CLV updates: ON
  branch lengths: proportional (ML estimate, algorithm: NR-FAST)
  SIMD kernels: AVX2
  parallelization: coarse-grained (auto), NONE/sequential

WARNING: Running in REDO mode: existing checkpoints are ignored, and all result files will be overwritten!

WARNING: Running in FORCE mode: some safety checks are disabled!

[00:00:00] Reading alignment from file: /home/ha/Code/data/dna/test/22/data.phy
[00:00:00] Loaded alignment with 7 taxa and 550 sites

WARNING: Fully undetermined columns found: 3

NOTE: Reduced alignment (with duplicates and gap-only sites/taxa removed) 
NOTE: was saved to: /home/ha/Code/data/precompute/22/22_infer.raxml.reduced.phy

Alignment comprises 1 partitions and 194 patterns

Partition 0: noname
Model: GTR{0.9127/0.8241/0.8286/0.6019/0.7839/1}+FU{0.3495/0.1415/0.2872/0.2218}+IU{0.07103}+G4m{1.224}
Alignment sites / patterns: 547 / 194
Gaps: 12.88 %
Invariant sites: 63.99 %


NOTE: Binary MSA file created: /home/ha/Code/data/precompute/22/22_infer.raxml.rba

Parallelization scheme autoconfig: 1 worker(s) x 1 thread(s)

[00:00:00] Loading user starting tree(s) from: /home/ha/Code/data/dna/test/22/start.newick
Parallel reduction/worker buffer size: 1 KB  / 0 KB

[00:00:00] Data distribution: max. partitions/sites/weight per thread: 1 / 194 / 3104
[00:00:00] Data distribution: max. searches per worker: 1

Starting ML tree search with 1 distinct starting trees

[00:00:00 -1883.583062] Initial branch length optimization
[00:00:00 -1883.583022] Model parameter optimization (eps = 10.000000)
[00:00:00 -1883.583022] AUTODETECT spr round 1 (radius: 5)
[00:00:00 -1883.583022] SPR radius for FAST iterations: 5 (autodetect)
[00:00:00 -1883.583022] Model parameter optimization (eps = 3.000000)
[00:00:00 -1883.583022] FAST spr round 1 (radius: 5)
[00:00:00 -1883.583022] Model parameter optimization (eps = 1.000000)
[00:00:00 -1883.583022] SLOW spr round 1 (radius: 5)
[00:00:00 -1883.583022] Model parameter optimization (eps = 0.100000)

[00:00:00] ML tree search #1, logLikelihood: -1883.583022


Optimized model parameters:

   Partition 0: noname
   Rate heterogeneity: GAMMA (4 cats, mean),  alpha: 1.224000 (user),  weights&rates: (0.250000,0.179375) (0.250000,0.535086) (0.250000,1.029065) (0.250000,2.256475) 
   P-inv (user): 0.071030
   Base frequencies (user): 0.349500 0.141500 0.287200 0.221800 
   Substitution rates (user): 0.912700 0.824100 0.828600 0.601900 0.783900 1.000000 


Final LogLikelihood: -1883.583022

AIC score: 3789.166044 / AICc score: 3789.659502 / BIC score: 3836.514981
Free parameters (model + branch lengths): 11

Best ML tree saved to: /home/ha/Code/data/precompute/22/22_infer.raxml.bestTree
Optimized model saved to: /home/ha/Code/data/precompute/22/22_infer.raxml.bestModel

Execution log saved to: /home/ha/Code/data/precompute/22/22_infer.raxml.log

Analysis started: 16-May-2026 12:06:10 / finished: 16-May-2026 12:06:10

Elapsed time: 0.015 seconds

